2026-04-25T03:13:50.0825671Z Current runner version: '2.333.1'
2026-04-25T03:13:50.0851234Z ##[group]Runner Image Provisioner
2026-04-25T03:13:50.0852150Z Hosted Compute Agent
2026-04-25T03:13:50.0852709Z Version: 20260213.493
2026-04-25T03:13:50.0853446Z Commit: 5c115507f6dd24b8de37d8bbe0bb4509d0cc0fa3
2026-04-25T03:13:50.0854119Z Build Date: 2026-02-13T00:28:41Z
2026-04-25T03:13:50.0854796Z Worker ID: {b731e61a-ef0a-4ce3-b584-2dc3a1229c45}
2026-04-25T03:13:50.0855499Z Azure Region: eastus
2026-04-25T03:13:50.0856071Z ##[endgroup]
2026-04-25T03:13:50.0857370Z ##[group]Operating System
2026-04-25T03:13:50.0858058Z Ubuntu
2026-04-25T03:13:50.0858518Z 24.04.4
2026-04-25T03:13:50.0858993Z LTS
2026-04-25T03:13:50.0859410Z ##[endgroup]
2026-04-25T03:13:50.0860155Z ##[group]Runner Image
2026-04-25T03:13:50.0860706Z Image: ubuntu-24.04
2026-04-25T03:13:50.0861164Z Version: 20260413.86.1
2026-04-25T03:13:50.0862615Z Included Software: https://github.com/actions/runner-images/blob/ubuntu24/20260413.86/images/ubuntu/Ubuntu2404-Readme.md
2026-04-25T03:13:50.0864143Z Image Release: https://github.com/actions/runner-images/releases/tag/ubuntu24%2F20260413.86
2026-04-25T03:13:50.0865058Z ##[endgroup]
2026-04-25T03:13:50.0866144Z ##[group]GITHUB_TOKEN Permissions
2026-04-25T03:13:50.0868314Z Contents: read
2026-04-25T03:13:50.0868901Z Metadata: read
2026-04-25T03:13:50.0869384Z Packages: read
2026-04-25T03:13:50.0869991Z ##[endgroup]
2026-04-25T03:13:50.0872177Z Secret source: Actions
2026-04-25T03:13:50.0873189Z Prepare workflow directory
2026-04-25T03:13:50.1191078Z Prepare all required actions
2026-04-25T03:13:50.1229174Z Getting action download info
2026-04-25T03:13:50.4320425Z Download action repository 'actions/checkout@v4' (SHA:34e114876b0b11c390a56381ad16ebd13914f8d5)
2026-04-25T03:13:50.5958147Z Download action repository 'actions/setup-java@v4' (SHA:c1e323688fd81a25caa38c78aa6df2d33d3e20d9)
2026-04-25T03:13:50.8896449Z Download action repository 'gradle/actions@v3' (SHA:d9c87d481d55275bb5441eef3fe0e46805f9ef70)
2026-04-25T03:13:51.5409415Z Complete job name: build
2026-04-25T03:13:51.6091098Z ##[group]Run actions/checkout@v4
2026-04-25T03:13:51.6092105Z with:
2026-04-25T03:13:51.6092525Z   repository: nezumikait-max/flashcard-app
2026-04-25T03:13:51.6093241Z   token: ***
2026-04-25T03:13:51.6093627Z   ssh-strict: true
2026-04-25T03:13:51.6094013Z   ssh-user: git
2026-04-25T03:13:51.6094411Z   persist-credentials: true
2026-04-25T03:13:51.6094839Z   clean: true
2026-04-25T03:13:51.6095240Z   sparse-checkout-cone-mode: true
2026-04-25T03:13:51.6095706Z   fetch-depth: 1
2026-04-25T03:13:51.6096088Z   fetch-tags: false
2026-04-25T03:13:51.6096497Z   show-progress: true
2026-04-25T03:13:51.6096895Z   lfs: false
2026-04-25T03:13:51.6097260Z   submodules: false
2026-04-25T03:13:51.6097660Z   set-safe-directory: true
2026-04-25T03:13:51.6098263Z ##[endgroup]
2026-04-25T03:13:51.7198302Z Syncing repository: nezumikait-max/flashcard-app
2026-04-25T03:13:51.7200073Z ##[group]Getting Git version info
2026-04-25T03:13:51.7200939Z Working directory is '/home/runner/work/flashcard-app/flashcard-app'
2026-04-25T03:13:51.7202170Z [command]/usr/bin/git version
2026-04-25T03:13:51.7283903Z git version 2.53.0
2026-04-25T03:13:51.7308733Z ##[endgroup]
2026-04-25T03:13:51.7333218Z Temporarily overriding HOME='/home/runner/work/_temp/28efbadd-181b-4032-b9fe-20e7ec950ee5' before making global git config changes
2026-04-25T03:13:51.7335474Z Adding repository directory to the temporary git global config as a safe directory
2026-04-25T03:13:51.7339645Z [command]/usr/bin/git config --global --add safe.directory /home/runner/work/flashcard-app/flashcard-app
2026-04-25T03:13:51.7373826Z Deleting the contents of '/home/runner/work/flashcard-app/flashcard-app'
2026-04-25T03:13:51.7377476Z ##[group]Initializing the repository
2026-04-25T03:13:51.7382355Z [command]/usr/bin/git init /home/runner/work/flashcard-app/flashcard-app
2026-04-25T03:13:51.7440690Z hint: Using 'master' as the name for the initial branch. This default branch name
2026-04-25T03:13:51.7442415Z hint: will change to "main" in Git 3.0. To configure the initial branch name
2026-04-25T03:13:51.7443609Z hint: to use in all of your new repositories, which will suppress this warning,
2026-04-25T03:13:51.7444313Z hint: call:
2026-04-25T03:13:51.7444668Z hint:
2026-04-25T03:13:51.7445409Z hint: 	git config --global init.defaultBranch <name>
2026-04-25T03:13:51.7445980Z hint:
2026-04-25T03:13:51.7446824Z hint: Names commonly chosen instead of 'master' are 'main', 'trunk' and
2026-04-25T03:13:51.7447893Z hint: 'development'. The just-created branch can be renamed via this command:
2026-04-25T03:13:51.7448561Z hint:
2026-04-25T03:13:51.7448938Z hint: 	git branch -m <name>
2026-04-25T03:13:51.7449359Z hint:
2026-04-25T03:13:51.7449927Z hint: Disable this message with "git config set advice.defaultBranchName false"
2026-04-25T03:13:51.7450915Z Initialized empty Git repository in /home/runner/work/flashcard-app/flashcard-app/.git/
2026-04-25T03:13:51.7453224Z [command]/usr/bin/git remote add origin https://github.com/nezumikait-max/flashcard-app
2026-04-25T03:13:51.7482687Z ##[endgroup]
2026-04-25T03:13:51.7483405Z ##[group]Disabling automatic garbage collection
2026-04-25T03:13:51.7486829Z [command]/usr/bin/git config --local gc.auto 0
2026-04-25T03:13:51.7523319Z ##[endgroup]
2026-04-25T03:13:51.7523965Z ##[group]Setting up auth
2026-04-25T03:13:51.7529915Z [command]/usr/bin/git config --local --name-only --get-regexp core\.sshCommand
2026-04-25T03:13:51.7559945Z [command]/usr/bin/git submodule foreach --recursive sh -c "git config --local --name-only --get-regexp 'core\.sshCommand' && git config --local --unset-all 'core.sshCommand' || :"
2026-04-25T03:13:51.7892239Z [command]/usr/bin/git config --local --name-only --get-regexp http\.https\:\/\/github\.com\/\.extraheader
2026-04-25T03:13:51.7924149Z [command]/usr/bin/git submodule foreach --recursive sh -c "git config --local --name-only --get-regexp 'http\.https\:\/\/github\.com\/\.extraheader' && git config --local --unset-all 'http.https://github.com/.extraheader' || :"
2026-04-25T03:13:51.8155388Z [command]/usr/bin/git config --local --name-only --get-regexp ^includeIf\.gitdir:
2026-04-25T03:13:51.8187073Z [command]/usr/bin/git submodule foreach --recursive git config --local --show-origin --name-only --get-regexp remote.origin.url
2026-04-25T03:13:51.8417789Z [command]/usr/bin/git config --local http.https://github.com/.extraheader AUTHORIZATION: basic ***
2026-04-25T03:13:51.8452306Z ##[endgroup]
2026-04-25T03:13:51.8459747Z ##[group]Fetching the repository
2026-04-25T03:13:51.8461175Z [command]/usr/bin/git -c protocol.version=2 fetch --no-tags --prune --no-recurse-submodules --depth=1 origin +3b5201f07601edd46f7a9a19be16f13487e89df7:refs/remotes/origin/main
2026-04-25T03:13:52.0039943Z From https://github.com/nezumikait-max/flashcard-app
2026-04-25T03:13:52.0077776Z  * [new ref]         3b5201f07601edd46f7a9a19be16f13487e89df7 -> origin/main
2026-04-25T03:13:52.0079762Z ##[endgroup]
2026-04-25T03:13:52.0080408Z ##[group]Determining the checkout info
2026-04-25T03:13:52.0081135Z ##[endgroup]
2026-04-25T03:13:52.0081956Z [command]/usr/bin/git sparse-checkout disable
2026-04-25T03:13:52.0115533Z [command]/usr/bin/git config --local --unset-all extensions.worktreeConfig
2026-04-25T03:13:52.0140511Z ##[group]Checking out the ref
2026-04-25T03:13:52.0144312Z [command]/usr/bin/git checkout --progress --force -B main refs/remotes/origin/main
2026-04-25T03:13:52.0207534Z Switched to a new branch 'main'
2026-04-25T03:13:52.0209431Z branch 'main' set up to track 'origin/main'.
2026-04-25T03:13:52.0216120Z ##[endgroup]
2026-04-25T03:13:52.0249088Z [command]/usr/bin/git log -1 --format=%H
2026-04-25T03:13:52.0273112Z 3b5201f07601edd46f7a9a19be16f13487e89df7
2026-04-25T03:13:52.0542990Z ##[group]Run actions/setup-java@v4
2026-04-25T03:13:52.0543501Z with:
2026-04-25T03:13:52.0543880Z   java-version: 17
2026-04-25T03:13:52.0544272Z   distribution: temurin
2026-04-25T03:13:52.0544676Z   java-package: jdk
2026-04-25T03:13:52.0545060Z   check-latest: false
2026-04-25T03:13:52.0545446Z   server-id: github
2026-04-25T03:13:52.0546052Z   server-username: GITHUB_ACTOR
2026-04-25T03:13:52.0546666Z   server-password: GITHUB_TOKEN
2026-04-25T03:13:52.0547130Z   overwrite-settings: true
2026-04-25T03:13:52.0547557Z   job-status: success
2026-04-25T03:13:52.0548164Z   token: ***
2026-04-25T03:13:52.0548664Z ##[endgroup]
2026-04-25T03:13:52.2519119Z ##[group]Installed distributions
2026-04-25T03:13:52.2791950Z Resolved Java 17.0.18+8 from tool-cache
2026-04-25T03:13:52.2792872Z Setting Java 17.0.18+8 as the default
2026-04-25T03:13:52.2862096Z Creating toolchains.xml for JDK version 17 from temurin
2026-04-25T03:13:52.2880942Z Writing to /home/runner/.m2/toolchains.xml
2026-04-25T03:13:52.2881852Z 
2026-04-25T03:13:52.2882148Z Java configuration:
2026-04-25T03:13:52.2882878Z   Distribution: temurin
2026-04-25T03:13:52.2883552Z   Version: 17.0.18+8
2026-04-25T03:13:52.2884469Z   Path: /opt/hostedtoolcache/Java_Temurin-Hotspot_jdk/17.0.18-8/x64
2026-04-25T03:13:52.2885231Z 
2026-04-25T03:13:52.2885974Z ##[endgroup]
2026-04-25T03:13:52.2901930Z Creating settings.xml with server-id: github
2026-04-25T03:13:52.2908169Z Writing to /home/runner/.m2/settings.xml
2026-04-25T03:13:52.3176188Z ##[group]Run gradle/actions/setup-gradle@v3
2026-04-25T03:13:52.3176713Z with:
2026-04-25T03:13:52.3177065Z   gradle-version: 8.11.1
2026-04-25T03:13:52.3177477Z   cache-disabled: false
2026-04-25T03:13:52.3177882Z   cache-read-only: false
2026-04-25T03:13:52.3178294Z   cache-write-only: false
2026-04-25T03:13:52.3178730Z   cache-overwrite-existing: false
2026-04-25T03:13:52.3179270Z   gradle-home-cache-includes: caches
notifications

2026-04-25T03:13:52.3179855Z   gradle-home-cache-cleanup: false
2026-04-25T03:13:52.3180328Z   add-job-summary: always
2026-04-25T03:13:52.3180787Z   add-job-summary-as-pr-comment: never
2026-04-25T03:13:52.3181291Z   dependency-graph: disabled
2026-04-25T03:13:52.3181924Z   dependency-graph-continue-on-failure: true
2026-04-25T03:13:52.3182459Z   build-scan-publish: false
2026-04-25T03:13:52.3182893Z   validate-wrappers: false
2026-04-25T03:13:52.3183344Z   generate-job-summary: true
2026-04-25T03:13:52.3183839Z   gradle-home-cache-strict-match: false
2026-04-25T03:13:52.3184331Z   workflow-job-context: null
2026-04-25T03:13:52.3184965Z   github-token: ***
2026-04-25T03:13:52.3185344Z env:
2026-04-25T03:13:52.3185853Z   JAVA_HOME: /opt/hostedtoolcache/Java_Temurin-Hotspot_jdk/17.0.18-8/x64
2026-04-25T03:13:52.3186720Z   JAVA_HOME_17_X64: /opt/hostedtoolcache/Java_Temurin-Hotspot_jdk/17.0.18-8/x64
2026-04-25T03:13:52.3187372Z ##[endgroup]
2026-04-25T03:13:53.3883889Z Merged default JDK locations into /home/runner/.m2/toolchains.xml
2026-04-25T03:13:53.3886093Z ##[group]Restore Gradle state from cache
2026-04-25T03:13:53.6963536Z ##[warning]Failed to restore gradle-home-v1|Linux|build[5df42585ae8f8da228c604b8b4e8707c]-3b5201f07601edd46f7a9a19be16f13487e89df7: Error: Cache service responded with 400
2026-04-25T03:13:53.7060669Z Gradle User Home cache not found. Will initialize empty.
2026-04-25T03:13:53.7062877Z ##[endgroup]
2026-04-25T03:13:53.7479310Z ##[group]Provision Gradle 8.11.1
2026-04-25T03:13:53.7936802Z ##[warning]Restore Gradle distribution 8.11.1 failed: Error: Cache service responded with 400
2026-04-25T03:13:53.7943482Z Gradle distribution 8.11.1 not found in cache. Will download.
2026-04-25T03:13:54.8093982Z Downloaded https://services.gradle.org/distributions/gradle-8.11.1-bin.zip to /home/runner/gradle-installations/downloads/gradle-8.11.1-bin.zip (size 136920070)
2026-04-25T03:13:54.8271453Z [command]/usr/bin/tar --posix -cf cache.tzst --exclude cache.tzst -P -C /home/runner/work/flashcard-app/flashcard-app --files-from manifest.txt --use-compress-program zstdmt
2026-04-25T03:13:55.0075407Z ##[warning]Save Gradle distribution 8.11.1 failed: Error: <h2>Our services aren't available right now</h2><p>We're working to restore all services as soon as possible. Please check back soon.</p>0cjHsaQAAAADhb0zve2V3S6iAQ8939LcfUEhMMzBFREdFMDExMgBFZGdl
2026-04-25T03:13:55.0094154Z [command]/usr/bin/unzip -o -q /home/runner/gradle-installations/downloads/gradle-8.11.1-bin.zip
2026-04-25T03:13:56.0875203Z Extracted Gradle 8.11.1 to /home/runner/gradle-installations/installs/gradle-8.11.1
2026-04-25T03:13:56.0876949Z Provisioned Gradle executable /home/runner/gradle-installations/installs/gradle-8.11.1/bin/gradle
2026-04-25T03:13:56.0878132Z ##[endgroup]
2026-04-25T03:13:56.1027766Z ##[group]Run gradle assembleDebug --stacktrace --info
2026-04-25T03:13:56.1028233Z [36;1mgradle assembleDebug --stacktrace --info[0m
2026-04-25T03:13:56.1055328Z shell: /usr/bin/bash -e {0}
2026-04-25T03:13:56.1055599Z env:
2026-04-25T03:13:56.1055909Z   JAVA_HOME: /opt/hostedtoolcache/Java_Temurin-Hotspot_jdk/17.0.18-8/x64
2026-04-25T03:13:56.1056385Z   JAVA_HOME_17_X64: /opt/hostedtoolcache/Java_Temurin-Hotspot_jdk/17.0.18-8/x64
2026-04-25T03:13:56.1056780Z   GRADLE_ACTION_ID: gradle/actions/setup-gradle
2026-04-25T03:13:56.1057063Z   GRADLE_BUILD_ACTION_SETUP_COMPLETED: true
2026-04-25T03:13:56.1057339Z   GRADLE_BUILD_ACTION_CACHE_RESTORED: true
2026-04-25T03:13:56.1057768Z   DEVELOCITY_INJECTION_INIT_SCRIPT_NAME: gradle-actions.inject-develocity.init.gradle
2026-04-25T03:13:56.1058248Z   DEVELOCITY_AUTO_INJECTION_CUSTOM_VALUE: gradle-actions
2026-04-25T03:13:56.1058556Z   GITHUB_DEPENDENCY_GRAPH_ENABLED: false
2026-04-25T03:13:56.1058797Z ##[endgroup]
2026-04-25T03:13:57.4481481Z Initialized native services in: /home/runner/.gradle/native
2026-04-25T03:13:57.4605324Z Initialized jansi services in: /home/runner/.gradle/native
2026-04-25T03:13:57.6093417Z 
2026-04-25T03:13:57.6094499Z Welcome to Gradle 8.11.1!
2026-04-25T03:13:57.6100918Z 
2026-04-25T03:13:57.6103923Z Here are the highlights of this release:
2026-04-25T03:13:57.6104921Z  - Parallel load and store for Configuration Cache
2026-04-25T03:13:57.6105863Z  - Java compilation errors at the end of the build output
2026-04-25T03:13:57.6106650Z  - Consolidated report for warnings and deprecations
2026-04-25T03:13:57.6107009Z 
2026-04-25T03:13:57.6107347Z For more details see https://docs.gradle.org/8.11.1/release-notes.html
2026-04-25T03:13:57.6107775Z 
2026-04-25T03:13:58.2080807Z Removing 0 daemon stop events from registry
2026-04-25T03:13:58.2081815Z Starting a Gradle Daemon (subsequent builds will be faster)
2026-04-25T03:13:58.2100819Z Starting process 'Gradle build daemon'. Working directory: /home/runner/.gradle/daemon/8.11.1 Command: /usr/lib/jvm/temurin-17-jdk-amd64/bin/java --add-opens=java.base/java.lang=ALL-UNNAMED --add-opens=java.base/java.lang.invoke=ALL-UNNAMED --add-opens=java.base/java.util=ALL-UNNAMED --add-opens=java.prefs/java.util.prefs=ALL-UNNAMED --add-exports=jdk.compiler/com.sun.tools.javac.api=ALL-UNNAMED --add-exports=jdk.compiler/com.sun.tools.javac.util=ALL-UNNAMED --add-opens=java.base/java.util=ALL-UNNAMED --add-opens=java.prefs/java.util.prefs=ALL-UNNAMED --add-opens=java.base/java.nio.charset=ALL-UNNAMED --add-opens=java.base/java.net=ALL-UNNAMED --add-opens=java.base/java.util.concurrent.atomic=ALL-UNNAMED --add-opens=java.xml/javax.xml.namespace=ALL-UNNAMED -Xmx3072m -Dfile.encoding=UTF-8 -Duser.country -Duser.language=en -Duser.variant -cp /home/runner/gradle-installations/installs/gradle-8.11.1/lib/gradle-daemon-main-8.11.1.jar -javaagent:/home/runner/gradle-installations/installs/gradle-8.11.1/lib/agents/gradle-instrumentation-agent-8.11.1.jar org.gradle.launcher.daemon.bootstrap.GradleDaemon 8.11.1
2026-04-25T03:13:58.3081916Z Successfully started process 'Gradle build daemon'
2026-04-25T03:13:59.5080851Z An attempt to start the daemon took 1.277 secs.
2026-04-25T03:13:59.7081113Z The client will now receive all logging from the daemon (pid: 2400). The daemon log file: /home/runner/.gradle/daemon/8.11.1/daemon-2400.out.log
2026-04-25T03:13:59.7082809Z Starting build in new daemon [memory: 3 GiB]
2026-04-25T03:14:00.0084905Z Using 4 worker leases.
2026-04-25T03:14:00.2085344Z Received JVM installation metadata from '/usr/lib/jvm/temurin-17-jdk-amd64': {JAVA_HOME=/usr/lib/jvm/temurin-17-jdk-amd64, JAVA_VERSION=17.0.18, JAVA_VENDOR=Eclipse Adoptium, RUNTIME_NAME=OpenJDK Runtime Environment, RUNTIME_VERSION=17.0.18+8, VM_NAME=OpenJDK 64-Bit Server VM, VM_VERSION=17.0.18+8, VM_VENDOR=Eclipse Adoptium, OS_ARCH=amd64}
2026-04-25T03:14:00.5086708Z Watching the file system is configured to be enabled if available
2026-04-25T03:14:00.6086801Z Now considering [/home/runner/work/flashcard-app/flashcard-app] as hierarchies to watch
2026-04-25T03:14:00.6114710Z File system watching is active
2026-04-25T03:14:01.0087385Z Caching disabled for Groovy DSL script compilation (cp_init) because:
2026-04-25T03:14:01.0088374Z   Build cache is disabled
2026-04-25T03:14:01.0094040Z   Not worth caching.
2026-04-25T03:14:01.0095440Z Compiling initialization script '/home/runner/.gradle/init.d/gradle-actions.build-result-capture.init.gradle' using SubsetScriptTransformer.
2026-04-25T03:14:03.1090839Z Caching disabled for Groovy DSL script compilation (init) because:
2026-04-25T03:14:03.1102852Z   Build cache is disabled
2026-04-25T03:14:03.1103419Z   Not worth caching.
2026-04-25T03:14:03.1104727Z Compiling initialization script '/home/runner/.gradle/init.d/gradle-actions.build-result-capture.init.gradle' using BuildScriptTransformer.
2026-04-25T03:14:03.9088170Z Caching disabled for Groovy DSL script compilation (cp_init) because:
2026-04-25T03:14:03.9089098Z   Build cache is disabled
2026-04-25T03:14:03.9089733Z   Not worth caching.
2026-04-25T03:14:03.9091036Z Compiling initialization script '/home/runner/.gradle/init.d/gradle-actions.github-dependency-graph.init.gradle' using SubsetScriptTransformer.
2026-04-25T03:14:04.1097867Z Caching disabled for Groovy DSL script compilation (init) because:
2026-04-25T03:14:04.1116715Z   Build cache is disabled
2026-04-25T03:14:04.1117712Z   Not worth caching.
2026-04-25T03:14:04.1119056Z Compiling initialization script '/home/runner/.gradle/init.d/gradle-actions.github-dependency-graph.init.gradle' using BuildScriptTransformer.
2026-04-25T03:14:04.2080991Z Caching disabled for Groovy DSL script compilation (cp_init) because:
2026-04-25T03:14:04.2098938Z   Build cache is disabled
2026-04-25T03:14:04.2099563Z   Not worth caching.
2026-04-25T03:14:04.2100881Z Compiling initialization script '/home/runner/.gradle/init.d/gradle-actions.inject-develocity.init.gradle' using SubsetScriptTransformer.
2026-04-25T03:14:05.0106114Z Caching disabled for Groovy DSL script compilation (init) because:
2026-04-25T03:14:05.0121935Z   Build cache is disabled
2026-04-25T03:14:05.0144304Z   Not worth caching.
2026-04-25T03:14:05.0172833Z Compiling initialization script '/home/runner/.gradle/init.d/gradle-actions.inject-develocity.init.gradle' using BuildScriptTransformer.
2026-04-25T03:14:05.3081074Z Starting Build
2026-04-25T03:14:05.4081340Z Generating /home/runner/.gradle/caches/8.11.1/generated-gradle-jars/gradle-api-8.11.1.jar
2026-04-25T03:14:13.7084053Z Cannot use Kotlin build script compile avoidance with /home/runner/.gradle/caches/8.11.1/generated-gradle-jars/gradle-api-8.11.1.jar: class org/gradle/internal/impldep/kotlinx/coroutines/scheduling/CoroutineScheduler: inline fun availableCpuPermits(): compile avoidance is not supported with public inline functions
2026-04-25T03:14:15.4114561Z Cannot use Kotlin build script compile avoidance with /home/runner/gradle-installations/installs/gradle-8.11.1/lib/gradle-kotlin-dsl-extensions-8.11.1.jar: class org/gradle/kotlin/dsl/GradleApiKotlinDslExtensions_1cbh1oqkvm762j10e96dawuh5Kt: inline fun domainObjectContainer(): compile avoidance is not supported with public inline functions
2026-04-25T03:14:15.4117941Z Cannot use Kotlin build script compile avoidance with /home/runner/gradle-installations/installs/gradle-8.11.1/lib/gradle-kotlin-dsl-8.11.1.jar: class org/gradle/kotlin/dsl/ArtifactHandlerScope: inline fun invoke(): compile avoidance is not supported with public inline functions
2026-04-25T03:14:15.4126191Z Caching disabled for Kotlin DSL script compilation (Settings/TopLevel/stage1) because:
2026-04-25T03:14:15.4127036Z   Build cache is disabled
2026-04-25T03:14:20.6109204Z Caching disabled for Kotlin DSL accessors for settings 'flashcard-app' because:
2026-04-25T03:14:20.6142128Z   Build cache is disabled
2026-04-25T03:14:20.6153771Z Caching disabled for Kotlin DSL script compilation (Settings/TopLevel/stage2) because:
2026-04-25T03:14:20.6154704Z   Build cache is disabled
2026-04-25T03:14:21.1081916Z Settings evaluated using settings file '/home/runner/work/flashcard-app/flashcard-app/settings.gradle.kts'.
2026-04-25T03:14:21.2110821Z Caching disabled for Groovy DSL script compilation (cp_dsl) because:
2026-04-25T03:14:21.2152922Z   Build cache is disabled
2026-04-25T03:14:21.2154021Z   Not worth caching.
2026-04-25T03:14:21.2182896Z Compiling script '/home/runner/.gradle/init.d/gradle-actions.build-result-capture-service.plugin.groovy' using SubsetScriptTransformer.
2026-04-25T03:14:21.3084746Z Caching disabled for Groovy DSL script compilation (dsl) because:
2026-04-25T03:14:21.3085825Z   Build cache is disabled
2026-04-25T03:14:21.3086465Z   Not worth caching.
2026-04-25T03:14:21.3087664Z Compiling script '/home/runner/.gradle/init.d/gradle-actions.build-result-capture-service.plugin.groovy' using BuildScriptTransformer.
2026-04-25T03:14:21.4081423Z Using local directory build cache for the root build (location = /home/runner/.gradle/caches/build-cache-1, remove unused entries = after 7 days).
2026-04-25T03:14:21.9080873Z Caching disabled for generation of dependency accessors for libs because:
2026-04-25T03:14:21.9082196Z   Not worth caching.
2026-04-25T03:14:22.8088216Z Projects loaded. Root project using build file '/home/runner/work/flashcard-app/flashcard-app/build.gradle.kts'.
2026-04-25T03:14:22.8097919Z Included projects: [root project 'FlashcardApp', project ':app']
2026-04-25T03:14:24.8080738Z 
2026-04-25T03:14:24.8096720Z > Configure project :
2026-04-25T03:14:24.8100974Z Evaluating root project 'FlashcardApp' using build file '/home/runner/work/flashcard-app/flashcard-app/build.gradle.kts'.
2026-04-25T03:14:24.8102771Z Build cache key for Kotlin DSL version catalog plugin accessors for classpath '1b1c2465666c2cb4b9effe8caf4d7f07' is 75ab9e59906683dfd1757bdcf25d1af2
2026-04-25T03:14:24.8104484Z Stored cache entry for Kotlin DSL version catalog plugin accessors for classpath '1b1c2465666c2cb4b9effe8caf4d7f07' with cache key 75ab9e59906683dfd1757bdcf25d1af2
2026-04-25T03:14:24.8106076Z Build cache key for Kotlin DSL plugin specs accessors for classpath '1b1c2465666c2cb4b9effe8caf4d7f07' is 03a441e74d7da6a5422863a8ceeeb4d7
2026-04-25T03:14:24.8107041Z Stored cache entry for Kotlin DSL plugin specs accessors for classpath '1b1c2465666c2cb4b9effe8caf4d7f07' with cache key 03a441e74d7da6a5422863a8ceeeb4d7
2026-04-25T03:14:24.8108054Z Build cache key for Kotlin DSL script compilation (Project/TopLevel/stage1) is b02aab4c530b3ba0ed99fb9fc0f95da9
2026-04-25T03:14:24.8109220Z Stored cache entry for Kotlin DSL script compilation (Project/TopLevel/stage1) with cache key b02aab4c530b3ba0ed99fb9fc0f95da9
2026-04-25T03:14:24.8111097Z Downloading https://dl.google.com/dl/android/maven2/com/android/application/com.android.application.gradle.plugin/8.9.1/com.android.application.gradle.plugin-8.9.1.pom to /home/runner/.gradle/.tmp/gradle_download860417071996416062bin
2026-04-25T03:14:24.8112936Z Resource missing. [HTTP HEAD: https://dl.google.com/dl/android/maven2/com/android/application/com.android.application.gradle.plugin/8.9.1/com.android.application.gradle.plugin-8.9.1.jar]
2026-04-25T03:14:24.8114462Z Resource missing. [HTTP GET: https://dl.google.com/dl/android/maven2/org/jetbrains/kotlin/android/org.jetbrains.kotlin.android.gradle.plugin/2.0.0/org.jetbrains.kotlin.android.gradle.plugin-2.0.0.pom]
2026-04-25T03:14:24.9080454Z Downloading https://repo.maven.apache.org/maven2/org/jetbrains/kotlin/android/org.jetbrains.kotlin.android.gradle.plugin/2.0.0/org.jetbrains.kotlin.android.gradle.plugin-2.0.0.pom to /home/runner/.gradle/.tmp/gradle_download3472053804116475390bin
2026-04-25T03:14:25.0098814Z Resource missing. [HTTP HEAD: https://repo.maven.apache.org/maven2/org/jetbrains/kotlin/android/org.jetbrains.kotlin.android.gradle.plugin/2.0.0/org.jetbrains.kotlin.android.gradle.plugin-2.0.0.jar]
2026-04-25T03:14:25.0102527Z Resource missing. [HTTP GET: https://dl.google.com/dl/android/maven2/org/jetbrains/kotlin/plugin/compose/org.jetbrains.kotlin.plugin.compose.gradle.plugin/2.0.0/org.jetbrains.kotlin.plugin.compose.gradle.plugin-2.0.0.pom]
2026-04-25T03:14:25.1082404Z Downloading https://repo.maven.apache.org/maven2/org/jetbrains/kotlin/plugin/compose/org.jetbrains.kotlin.plugin.compose.gradle.plugin/2.0.0/org.jetbrains.kotlin.plugin.compose.gradle.plugin-2.0.0.pom to /home/runner/.gradle/.tmp/gradle_download1042728527035046375bin
2026-04-25T03:14:25.1084865Z Resource missing. [HTTP HEAD: https://repo.maven.apache.org/maven2/org/jetbrains/kotlin/plugin/compose/org.jetbrains.kotlin.plugin.compose.gradle.plugin/2.0.0/org.jetbrains.kotlin.plugin.compose.gradle.plugin-2.0.0.jar]
2026-04-25T03:14:25.2081047Z Resource missing. [HTTP GET: https://dl.google.com/dl/android/maven2/com/google/devtools/ksp/com.google.devtools.ksp.gradle.plugin/2.0.0-1.0.24/com.google.devtools.ksp.gradle.plugin-2.0.0-1.0.24.pom]
2026-04-25T03:14:25.2083906Z Downloading https://repo.maven.apache.org/maven2/com/google/devtools/ksp/com.google.devtools.ksp.gradle.plugin/2.0.0-1.0.24/com.google.devtools.ksp.gradle.plugin-2.0.0-1.0.24.pom to /home/runner/.gradle/.tmp/gradle_download6827566604947590312bin
2026-04-25T03:14:25.2086216Z Resource missing. [HTTP HEAD: https://repo.maven.apache.org/maven2/com/google/devtools/ksp/com.google.devtools.ksp.gradle.plugin/2.0.0-1.0.24/com.google.devtools.ksp.gradle.plugin-2.0.0-1.0.24.jar]
2026-04-25T03:14:25.3080558Z Downloading https://dl.google.com/dl/android/maven2/com/android/tools/build/gradle/8.9.1/gradle-8.9.1.pom to /home/runner/.gradle/.tmp/gradle_download1059766648671093501bin
2026-04-25T03:14:25.3082361Z Downloading https://dl.google.com/dl/android/maven2/com/android/tools/build/gradle/8.9.1/gradle-8.9.1.module to /home/runner/.gradle/.tmp/gradle_download18312722588079354900bin
2026-04-25T03:14:25.4080493Z Resource missing. [HTTP GET: https://dl.google.com/dl/android/maven2/org/jetbrains/kotlin/kotlin-gradle-plugin/2.0.0/kotlin-gradle-plugin-2.0.0.pom]
2026-04-25T03:14:25.4083110Z Downloading https://repo.maven.apache.org/maven2/org/jetbrains/kotlin/kotlin-gradle-plugin/2.0.0/kotlin-gradle-plugin-2.0.0.pom to /home/runner/.gradle/.tmp/gradle_download867974602242769932bin
2026-04-25T03:14:25.5093885Z Resource missing. [HTTP GET: https://dl.google.com/dl/android/maven2/org/jetbrains/kotlin/kotlin-gradle-plugins-bom/2.0.0/kotlin-gradle-plugins-bom-2.0.0.pom]
2026-04-25T03:14:25.5113513Z Downloading https://repo.maven.apache.org/maven2/org/jetbrains/kotlin/kotlin-gradle-plugins-bom/2.0.0/kotlin-gradle-plugins-bom-2.0.0.pom to /home/runner/.gradle/.tmp/gradle_download16719382627116885231bin
2026-04-25T03:14:25.5143195Z Downloading https://repo.maven.apache.org/maven2/org/jetbrains/kotlin/kotlin-gradle-plugins-bom/2.0.0/kotlin-gradle-plugins-bom-2.0.0.module to /home/runner/.gradle/.tmp/gradle_download713876082566419687bin
2026-04-25T03:14:25.5145540Z Downloading https://repo.maven.apache.org/maven2/org/jetbrains/kotlin/kotlin-gradle-plugin/2.0.0/kotlin-gradle-plugin-2.0.0.module to /home/runner/.gradle/.tmp/gradle_download2032658152007659866bin
2026-04-25T03:14:25.6082996Z Resource missing. [HTTP GET: https://dl.google.com/dl/android/maven2/org/jetbrains/kotlin/compose-compiler-gradle-plugin/2.0.0/compose-compiler-gradle-plugin-2.0.0.pom]
2026-04-25T03:14:25.6085677Z Downloading https://repo.maven.apache.org/maven2/org/jetbrains/kotlin/compose-compiler-gradle-plugin/2.0.0/compose-compiler-gradle-plugin-2.0.0.pom to /home/runner/.gradle/.tmp/gradle_download11062107444776972445bin
2026-04-25T03:14:25.7081313Z Downloading https://repo.maven.apache.org/maven2/org/jetbrains/kotlin/compose-compiler-gradle-plugin/2.0.0/compose-compiler-gradle-plugin-2.0.0.module to /home/runner/.gradle/.tmp/gradle_download14070630033134844067bin
2026-04-25T03:14:25.7083082Z Resource missing. [HTTP GET: https://dl.google.com/dl/android/maven2/com/google/devtools/ksp/symbol-processing-gradle-plugin/2.0.0-1.0.24/symbol-processing-gradle-plugin-2.0.0-1.0.24.pom]
2026-04-25T03:14:25.8085487Z Downloading https://repo.maven.apache.org/maven2/com/google/devtools/ksp/symbol-processing-gradle-plugin/2.0.0-1.0.24/symbol-processing-gradle-plugin-2.0.0-1.0.24.pom to /home/runner/.gradle/.tmp/gradle_download3834440000295937337bin
2026-04-25T03:14:25.8088860Z Downloading https://repo.maven.apache.org/maven2/com/google/devtools/ksp/symbol-processing-gradle-plugin/2.0.0-1.0.24/symbol-processing-gradle-plugin-2.0.0-1.0.24.module to /home/runner/.gradle/.tmp/gradle_download6206008175568582624bin
2026-04-25T03:14:25.8091780Z Downloading https://dl.google.com/dl/android/maven2/com/android/tools/sdklib/31.9.1/sdklib-31.9.1.pom to /home/runner/.gradle/.tmp/gradle_download11292488480274974077bin
2026-04-25T03:14:25.8094207Z Downloading https://dl.google.com/dl/android/maven2/com/android/tools/build/gradle-settings-api/8.9.1/gradle-settings-api-8.9.1.pom to /home/runner/.gradle/.tmp/gradle_download9356763922817533347bin
2026-04-25T03:14:25.9093075Z Downloading https://dl.google.com/dl/android/maven2/com/android/tools/repository/31.9.1/repository-31.9.1.pom to /home/runner/.gradle/.tmp/gradle_download1122202581805946362bin
2026-04-25T03:14:25.9107740Z Downloading https://dl.google.com/dl/android/maven2/com/android/tools/ddms/ddmlib/31.9.1/ddmlib-31.9.1.pom to /home/runner/.gradle/.tmp/gradle_download2548295470795505003bin
2026-04-25T03:14:25.9128371Z Downloading https://dl.google.com/dl/android/maven2/com/android/tools/sdk-common/31.9.1/sdk-common-31.9.1.pom to /home/runner/.gradle/.tmp/gradle_download1665015058588210702bin
2026-04-25T03:14:25.9130555Z Downloading https://dl.google.com/dl/android/maven2/com/android/tools/build/gradle-settings-api/8.9.1/gradle-settings-api-8.9.1.module to /home/runner/.gradle/.tmp/gradle_download5586576140072091134bin
2026-04-25T03:14:25.9138633Z Downloading https://dl.google.com/dl/android/maven2/com/android/tools/build/aapt2-proto/8.9.1-12782657/aapt2-proto-8.9.1-12782657.pom to /home/runner/.gradle/.tmp/gradle_download7325927507921326922bin
2026-04-25T03:14:25.9141026Z Downloading https://dl.google.com/dl/android/maven2/com/android/tools/analytics-library/crash/31.9.1/crash-31.9.1.pom to /home/runner/.gradle/.tmp/gradle_download7141923456701011475bin
2026-04-25T03:14:25.9143570Z Downloading https://dl.google.com/dl/android/maven2/com/android/tools/build/aaptcompiler/8.9.1/aaptcompiler-8.9.1.pom to /home/runner/.gradle/.tmp/gradle_download9490991244656554966bin
2026-04-25T03:14:26.0094547Z Downloading https://dl.google.com/dl/android/maven2/com/android/tools/analytics-library/shared/31.9.1/shared-31.9.1.pom to /home/runner/.gradle/.tmp/gradle_download12177583815089533399bin
2026-04-25T03:14:26.0096867Z Downloading https://dl.google.com/dl/android/maven2/com/android/tools/build/aaptcompiler/8.9.1/aaptcompiler-8.9.1.module to /home/runner/.gradle/.tmp/gradle_download4963674874470630213bin
2026-04-25T03:14:26.0099927Z Downloading https://dl.google.com/dl/android/maven2/com/android/tools/build/aapt2-proto/8.9.1-12782657/aapt2-proto-8.9.1-12782657.module to /home/runner/.gradle/.tmp/gradle_download9470463173785464823bin
2026-04-25T03:14:26.0102510Z Downloading https://dl.google.com/dl/android/maven2/androidx/databinding/databinding-common/8.9.1/databinding-common-8.9.1.pom to /home/runner/.gradle/.tmp/gradle_download288659064932663979bin
2026-04-25T03:14:26.0104794Z Downloading https://dl.google.com/dl/android/maven2/com/android/tools/lint/lint-model/31.9.1/lint-model-31.9.1.pom to /home/runner/.gradle/.tmp/gradle_download9015721751431276797bin
2026-04-25T03:14:26.0106802Z Downloading https://dl.google.com/dl/android/maven2/com/android/databinding/baseLibrary/8.9.1/baseLibrary-8.9.1.pom to /home/runner/.gradle/.tmp/gradle_download475026155060024495bin
2026-04-25T03:14:26.0108988Z Downloading https://dl.google.com/dl/android/maven2/com/android/tools/lint/lint-typedef-remover/31.9.1/lint-typedef-remover-31.9.1.pom to /home/runner/.gradle/.tmp/gradle_download2877498262417965452bin
2026-04-25T03:14:26.0112000Z Downloading https://dl.google.com/dl/android/maven2/androidx/databinding/databinding-compiler-common/8.9.1/databinding-compiler-common-8.9.1.pom to /home/runner/.gradle/.tmp/gradle_download4895642450382433310bin
2026-04-25T03:14:26.0114469Z Downloading https://dl.google.com/dl/android/maven2/com/android/tools/layoutlib/layoutlib-api/31.9.1/layoutlib-api-31.9.1.pom to /home/runner/.gradle/.tmp/gradle_download9182348498341847708bin
2026-04-25T03:14:26.1085509Z Downloading https://dl.google.com/dl/android/maven2/com/android/tools/utp/android-device-provider-gradle-proto/31.9.1/android-device-provider-gradle-proto-31.9.1.pom to /home/runner/.gradle/.tmp/gradle_download7761709785766949965bin
2026-04-25T03:14:26.1111952Z Downloading https://dl.google.com/dl/android/maven2/com/android/tools/build/builder-test-api/8.9.1/builder-test-api-8.9.1.pom to /home/runner/.gradle/.tmp/gradle_download16760809525102049544bin
2026-04-25T03:14:26.1125031Z Downloading https://dl.google.com/dl/android/maven2/com/android/tools/utp/android-device-provider-profile-proto/31.9.1/android-device-provider-profile-proto-31.9.1.pom to /home/runner/.gradle/.tmp/gradle_download15596283539766664006bin
2026-04-25T03:14:26.1128013Z Downloading https://dl.google.com/dl/android/maven2/com/android/tools/build/builder-test-api/8.9.1/builder-test-api-8.9.1.module to /home/runner/.gradle/.tmp/gradle_download4378987867149532394bin
2026-04-25T03:14:26.1130844Z Downloading https://dl.google.com/dl/android/maven2/com/android/tools/utp/android-test-plugin-host-coverage-proto/31.9.1/android-test-plugin-host-coverage-proto-31.9.1.pom to /home/runner/.gradle/.tmp/gradle_download17783324290475104794bin
2026-04-25T03:14:26.1134385Z Downloading https://dl.google.com/dl/android/maven2/com/android/tools/utp/android-test-plugin-host-emulator-control-proto/31.9.1/android-test-plugin-host-emulator-control-proto-31.9.1.pom to /home/runner/.gradle/.tmp/gradle_download1091001467458614730bin
2026-04-25T03:14:26.1137663Z Downloading https://dl.google.com/dl/android/maven2/com/android/tools/utp/android-test-plugin-host-logcat-proto/31.9.1/android-test-plugin-host-logcat-proto-31.9.1.pom to /home/runner/.gradle/.tmp/gradle_download17265492953352667960bin
2026-04-25T03:14:26.1140748Z Downloading https://dl.google.com/dl/android/maven2/com/android/tools/utp/android-device-provider-ddmlib-proto/31.9.1/android-device-provider-ddmlib-proto-31.9.1.pom to /home/runner/.gradle/.tmp/gradle_download1190093743416594544bin
2026-04-25T03:14:26.2081351Z Downloading https://dl.google.com/dl/android/maven2/com/android/tools/utp/android-test-plugin-host-apk-installer-proto/31.9.1/android-test-plugin-host-apk-installer-proto-31.9.1.pom to /home/runner/.gradle/.tmp/gradle_download4034923691481126755bin
2026-04-25T03:14:26.2084468Z Downloading https://dl.google.com/dl/android/maven2/com/android/tools/utp/android-test-plugin-host-retention-proto/31.9.1/android-test-plugin-host-retention-proto-31.9.1.pom to /home/runner/.gradle/.tmp/gradle_download3271451100790202176bin
2026-04-25T03:14:26.2087607Z Downloading https://dl.google.com/dl/android/maven2/com/android/tools/utp/android-test-plugin-host-additional-test-output-proto/31.9.1/android-test-plugin-host-additional-test-output-proto-31.9.1.pom to /home/runner/.gradle/.tmp/gradle_download8322172254624387226bin
2026-04-25T03:14:26.2090586Z Downloading https://dl.google.com/dl/android/maven2/com/android/tools/build/transform-api/2.0.0-deprecated-use-gradle-api/transform-api-2.0.0-deprecated-use-gradle-api.pom to /home/runner/.gradle/.tmp/gradle_download5390560503724801605bin
2026-04-25T03:14:26.2092949Z Resource missing. [HTTP GET: https://dl.google.com/dl/android/maven2/org/jetbrains/kotlin/kotlin-stdlib-jdk8/2.1.0/kotlin-stdlib-jdk8-2.1.0.pom]
2026-04-25T03:14:26.2094403Z Resource missing. [HTTP GET: https://dl.google.com/dl/android/maven2/org/apache/httpcomponents/httpmime/4.5.6/httpmime-4.5.6.pom]
2026-04-25T03:14:26.2095667Z Downloading https://repo.maven.apache.org/maven2/org/jetbrains/kotlin/kotlin-stdlib-jdk8/2.1.0/kotlin-stdlib-jdk8-2.1.0.pom to /home/runner/.gradle/.tmp/gradle_download9044742035224680264bin
2026-04-25T03:14:26.2097044Z Resource missing. [HTTP GET: https://dl.google.com/dl/android/maven2/commons-io/commons-io/2.16.1/commons-io-2.16.1.pom]
2026-04-25T03:14:26.2098147Z Downloading https://repo.maven.apache.org/maven2/org/apache/httpcomponents/httpmime/4.5.6/httpmime-4.5.6.pom to /home/runner/.gradle/.tmp/gradle_download6234002107696074195bin
2026-04-25T03:14:26.2099254Z Downloading https://repo.maven.apache.org/maven2/commons-io/commons-io/2.16.1/commons-io-2.16.1.pom to /home/runner/.gradle/.tmp/gradle_download5491242140325642934bin
2026-04-25T03:14:26.2100664Z Downloading https://dl.google.com/dl/android/maven2/com/android/tools/utp/android-test-plugin-result-listener-gradle-proto/31.9.1/android-test-plugin-result-listener-gradle-proto-31.9.1.pom to /home/runner/.gradle/.tmp/gradle_download16927576524996365037bin
2026-04-25T03:14:26.2102276Z Resource missing. [HTTP GET: https://dl.google.com/dl/android/maven2/org/ow2/asm/asm/9.7/asm-9.7.pom]
2026-04-25T03:14:26.2103426Z Downloading https://repo.maven.apache.org/maven2/org/ow2/asm/asm/9.7/asm-9.7.pom to /home/runner/.gradle/.tmp/gradle_download3096722073730995064bin
2026-04-25T03:14:26.2104412Z Resource missing. [HTTP GET: https://dl.google.com/dl/android/maven2/org/apache/httpcomponents/httpcomponents-client/4.5.6/httpcomponents-client-4.5.6.pom]
2026-04-25T03:14:26.2105363Z Resource missing. [HTTP GET: https://dl.google.com/dl/android/maven2/org/apache/commons/commons-parent/69/commons-parent-69.pom]
2026-04-25T03:14:26.3093309Z Resource missing. [HTTP GET: https://dl.google.com/dl/android/maven2/org/ow2/asm/asm-analysis/9.7/asm-analysis-9.7.pom]
2026-04-25T03:14:26.3103048Z Downloading https://repo.maven.apache.org/maven2/org/apache/httpcomponents/httpcomponents-client/4.5.6/httpcomponents-client-4.5.6.pom to /home/runner/.gradle/.tmp/gradle_download5780769614068624224bin
2026-04-25T03:14:26.3104689Z Resource missing. [HTTP GET: https://dl.google.com/dl/android/maven2/org/ow2/ow2/1.5.1/ow2-1.5.1.pom]
2026-04-25T03:14:26.3119261Z Downloading https://repo.maven.apache.org/maven2/org/apache/commons/commons-parent/69/commons-parent-69.pom to /home/runner/.gradle/.tmp/gradle_download8430445655646663788bin
2026-04-25T03:14:26.3132948Z Downloading https://repo.maven.apache.org/maven2/org/ow2/ow2/1.5.1/ow2-1.5.1.pom to /home/runner/.gradle/.tmp/gradle_download11586187422135499456bin
2026-04-25T03:14:26.3162853Z Downloading https://repo.maven.apache.org/maven2/org/ow2/asm/asm-analysis/9.7/asm-analysis-9.7.pom to /home/runner/.gradle/.tmp/gradle_download12827652197061055475bin
2026-04-25T03:14:26.3173310Z Resource missing. [HTTP GET: https://dl.google.com/dl/android/maven2/org/apache/httpcomponents/httpcomponents-parent/10/httpcomponents-parent-10.pom]
2026-04-25T03:14:26.3175275Z Resource missing. [HTTP GET: https://dl.google.com/dl/android/maven2/org/apache/apache/31/apache-31.pom]
2026-04-25T03:14:26.3177355Z Downloading https://repo.maven.apache.org/maven2/org/apache/httpcomponents/httpcomponents-parent/10/httpcomponents-parent-10.pom to /home/runner/.gradle/.tmp/gradle_download13019983643357975971bin
2026-04-25T03:14:26.3179418Z Resource missing. [HTTP GET: https://dl.google.com/dl/android/maven2/org/ow2/asm/asm-commons/9.7/asm-commons-9.7.pom]
2026-04-25T03:14:26.3181083Z Downloading https://repo.maven.apache.org/maven2/org/apache/apache/31/apache-31.pom to /home/runner/.gradle/.tmp/gradle_download8891631092836344016bin
2026-04-25T03:14:26.3183328Z Resource missing. [HTTP GET: https://dl.google.com/dl/android/maven2/org/apache/apache/18/apache-18.pom]
2026-04-25T03:14:26.3187264Z Downloading https://repo.maven.apache.org/maven2/org/ow2/asm/asm-commons/9.7/asm-commons-9.7.pom to /home/runner/.gradle/.tmp/gradle_download11739773409451648996bin
2026-04-25T03:14:26.3189036Z Resource missing. [HTTP GET: https://dl.google.com/dl/android/maven2/org/ow2/asm/asm-util/9.7/asm-util-9.7.pom]
2026-04-25T03:14:26.3190584Z Downloading https://repo.maven.apache.org/maven2/org/apache/apache/18/apache-18.pom to /home/runner/.gradle/.tmp/gradle_download11976297005163261292bin
2026-04-25T03:14:26.4080880Z Resource missing. [HTTP GET: https://dl.google.com/dl/android/maven2/org/junit/junit-bom/5.10.2/junit-bom-5.10.2.pom]
2026-04-25T03:14:26.4090510Z Resource missing. [HTTP GET: https://dl.google.com/dl/android/maven2/org/bouncycastle/bcpkix-jdk18on/1.79/bcpkix-jdk18on-1.79.pom]
2026-04-25T03:14:26.4095247Z Downloading https://repo.maven.apache.org/maven2/org/ow2/asm/asm-util/9.7/asm-util-9.7.pom to /home/runner/.gradle/.tmp/gradle_download14542083577820451081bin
2026-04-25T03:14:26.4097310Z Downloading https://repo.maven.apache.org/maven2/org/junit/junit-bom/5.10.2/junit-bom-5.10.2.pom to /home/runner/.gradle/.tmp/gradle_download14844158085280126867bin
2026-04-25T03:14:26.4099443Z Downloading https://repo.maven.apache.org/maven2/org/bouncycastle/bcpkix-jdk18on/1.79/bcpkix-jdk18on-1.79.pom to /home/runner/.gradle/.tmp/gradle_download16135845920110809064bin
2026-04-25T03:14:26.4101467Z Resource missing. [HTTP GET: https://dl.google.com/dl/android/maven2/org/glassfish/jaxb/jaxb-runtime/2.3.2/jaxb-runtime-2.3.2.pom]
2026-04-25T03:14:26.4103290Z Resource missing. [HTTP GET: https://dl.google.com/dl/android/maven2/net/sf/jopt-simple/jopt-simple/4.9/jopt-simple-4.9.pom]
2026-04-25T03:14:26.4105552Z Downloading https://repo.maven.apache.org/maven2/org/junit/junit-bom/5.10.2/junit-bom-5.10.2.module to /home/runner/.gradle/.tmp/gradle_download5542793351229440326bin
2026-04-25T03:14:26.4107741Z Downloading https://dl.google.com/dl/android/maven2/com/android/tools/build/bundletool/1.17.2/bundletool-1.17.2.pom to /home/runner/.gradle/.tmp/gradle_download492280265668820214bin
2026-04-25T03:14:26.4110108Z Downloading https://repo.maven.apache.org/maven2/org/glassfish/jaxb/jaxb-runtime/2.3.2/jaxb-runtime-2.3.2.pom to /home/runner/.gradle/.tmp/gradle_download6303543000217669313bin
2026-04-25T03:14:26.4112498Z Downloading https://repo.maven.apache.org/maven2/net/sf/jopt-simple/jopt-simple/4.9/jopt-simple-4.9.pom to /home/runner/.gradle/.tmp/gradle_download12428048697770537538bin
2026-04-25T03:14:26.4114594Z Resource missing. [HTTP GET: https://dl.google.com/dl/android/maven2/com/sun/xml/bind/mvn/jaxb-runtime-parent/2.3.2/jaxb-runtime-parent-2.3.2.pom]
2026-04-25T03:14:26.4116295Z Resource missing. [HTTP GET: https://dl.google.com/dl/android/maven2/org/sonatype/oss/oss-parent/7/oss-parent-7.pom]
2026-04-25T03:14:26.4118602Z Downloading https://dl.google.com/dl/android/maven2/com/android/tools/build/jetifier/jetifier-processor/1.0.0-beta10/jetifier-processor-1.0.0-beta10.pom to /home/runner/.gradle/.tmp/gradle_download8327481823333128297bin
2026-04-25T03:14:26.5081494Z Downloading https://repo.maven.apache.org/maven2/com/sun/xml/bind/mvn/jaxb-runtime-parent/2.3.2/jaxb-runtime-parent-2.3.2.pom to /home/runner/.gradle/.tmp/gradle_download12957642823652092704bin
2026-04-25T03:14:26.5084208Z Downloading https://repo.maven.apache.org/maven2/org/sonatype/oss/oss-parent/7/oss-parent-7.pom to /home/runner/.gradle/.tmp/gradle_download8843831084833871278bin
2026-04-25T03:14:26.5086449Z Downloading https://dl.google.com/dl/android/maven2/com/android/tools/build/jetifier/jetifier-core/1.0.0-beta10/jetifier-core-1.0.0-beta10.pom to /home/runner/.gradle/.tmp/gradle_download13903520638341294569bin
2026-04-25T03:14:26.5089021Z Downloading https://dl.google.com/dl/android/maven2/com/android/tools/build/jetifier/jetifier-processor/1.0.0-beta10/jetifier-processor-1.0.0-beta10.module to /home/runner/.gradle/.tmp/gradle_download16602409438832850687bin
2026-04-25T03:14:26.5090984Z Resource missing. [HTTP GET: https://dl.google.com/dl/android/maven2/com/sun/xml/bind/mvn/jaxb-parent/2.3.2/jaxb-parent-2.3.2.pom]
2026-04-25T03:14:26.5092554Z Resource missing. [HTTP GET: https://dl.google.com/dl/android/maven2/com/squareup/javapoet/1.10.0/javapoet-1.10.0.pom]
2026-04-25T03:14:26.5093715Z Resource missing. [HTTP GET: https://dl.google.com/dl/android/maven2/com/google/protobuf/protobuf-java/3.22.3/protobuf-java-3.22.3.pom]
2026-04-25T03:14:26.5094774Z Downloading https://repo.maven.apache.org/maven2/com/sun/xml/bind/mvn/jaxb-parent/2.3.2/jaxb-parent-2.3.2.pom to /home/runner/.gradle/.tmp/gradle_download11505739817343303092bin
2026-04-25T03:14:26.5096501Z Downloading https://repo.maven.apache.org/maven2/com/squareup/javapoet/1.10.0/javapoet-1.10.0.pom to /home/runner/.gradle/.tmp/gradle_download7366913984074500078bin
2026-04-25T03:14:26.5097587Z Downloading https://repo.maven.apache.org/maven2/com/google/protobuf/protobuf-java/3.22.3/protobuf-java-3.22.3.pom to /home/runner/.gradle/.tmp/gradle_download5107101988230452045bin
2026-04-25T03:14:26.5098640Z Resource missing. [HTTP GET: https://dl.google.com/dl/android/maven2/com/google/protobuf/protobuf-java-util/3.22.3/protobuf-java-util-3.22.3.pom]
2026-04-25T03:14:26.5100203Z Resource missing. [HTTP GET: https://dl.google.com/dl/android/maven2/com/sun/xml/bind/jaxb-bom-ext/2.3.2/jaxb-bom-ext-2.3.2.pom]
2026-04-25T03:14:26.5101699Z Resource missing. [HTTP GET: https://dl.google.com/dl/android/maven2/com/google/protobuf/protobuf-parent/3.22.3/protobuf-parent-3.22.3.pom]
2026-04-25T03:14:26.6097261Z Downloading https://repo.maven.apache.org/maven2/com/google/protobuf/protobuf-java-util/3.22.3/protobuf-java-util-3.22.3.pom to /home/runner/.gradle/.tmp/gradle_download17089360969869622296bin
2026-04-25T03:14:26.6145501Z Downloading https://repo.maven.apache.org/maven2/com/sun/xml/bind/jaxb-bom-ext/2.3.2/jaxb-bom-ext-2.3.2.pom to /home/runner/.gradle/.tmp/gradle_download15416190947699456118bin
2026-04-25T03:14:26.6160673Z Downloading https://repo.maven.apache.org/maven2/com/google/protobuf/protobuf-parent/3.22.3/protobuf-parent-3.22.3.pom to /home/runner/.gradle/.tmp/gradle_download1277706534956534080bin
2026-04-25T03:14:26.6180948Z Resource missing. [HTTP GET: https://dl.google.com/dl/android/maven2/org/glassfish/jaxb/jaxb-bom/2.3.2/jaxb-bom-2.3.2.pom]
2026-04-25T03:14:26.6222826Z Resource missing. [HTTP GET: https://dl.google.com/dl/android/maven2/com/google/protobuf/protobuf-bom/3.22.3/protobuf-bom-3.22.3.pom]
2026-04-25T03:14:26.6238752Z Downloading https://dl.google.com/dl/android/maven2/com/android/tools/build/jetifier/jetifier-core/1.0.0-beta10/jetifier-core-1.0.0-beta10.module to /home/runner/.gradle/.tmp/gradle_download6971877285929587039bin
2026-04-25T03:14:26.6247824Z Downloading https://repo.maven.apache.org/maven2/org/glassfish/jaxb/jaxb-bom/2.3.2/jaxb-bom-2.3.2.pom to /home/runner/.gradle/.tmp/gradle_download763080531525536930bin
2026-04-25T03:14:26.6272954Z Downloading https://repo.maven.apache.org/maven2/com/google/protobuf/protobuf-bom/3.22.3/protobuf-bom-3.22.3.pom to /home/runner/.gradle/.tmp/gradle_download10539863089760782438bin
2026-04-25T03:14:26.6293124Z Resource missing. [HTTP GET: https://dl.google.com/dl/android/maven2/com/google/code/gson/gson/2.10.1/gson-2.10.1.pom]
2026-04-25T03:14:26.6319882Z Resource missing. [HTTP GET: https://dl.google.com/dl/android/maven2/org/eclipse/ee4j/project/1.0.5/project-1.0.5.pom]
2026-04-25T03:14:26.6322059Z Downloading https://repo.maven.apache.org/maven2/com/google/code/gson/gson/2.10.1/gson-2.10.1.pom to /home/runner/.gradle/.tmp/gradle_download13260859945392846772bin
2026-04-25T03:14:26.6324434Z Resource missing. [HTTP GET: https://dl.google.com/dl/android/maven2/io/grpc/grpc-netty/1.57.0/grpc-netty-1.57.0.pom]
2026-04-25T03:14:26.6352994Z Downloading https://repo.maven.apache.org/maven2/org/eclipse/ee4j/project/1.0.5/project-1.0.5.pom to /home/runner/.gradle/.tmp/gradle_download14843252972786022803bin
2026-04-25T03:14:26.6382612Z Resource missing. [HTTP GET: https://dl.google.com/dl/android/maven2/io/grpc/grpc-core/1.57.0/grpc-core-1.57.0.pom]
2026-04-25T03:14:26.7083525Z Resource missing. [HTTP GET: https://dl.google.com/dl/android/maven2/com/google/code/gson/gson-parent/2.10.1/gson-parent-2.10.1.pom]
2026-04-25T03:14:26.7085210Z Downloading https://repo.maven.apache.org/maven2/io/grpc/grpc-netty/1.57.0/grpc-netty-1.57.0.pom to /home/runner/.gradle/.tmp/gradle_download13958024123718250233bin
2026-04-25T03:14:26.7087422Z Downloading https://repo.maven.apache.org/maven2/com/google/code/gson/gson-parent/2.10.1/gson-parent-2.10.1.pom to /home/runner/.gradle/.tmp/gradle_download15917838388136373815bin
2026-04-25T03:14:26.7090154Z Downloading https://repo.maven.apache.org/maven2/io/grpc/grpc-core/1.57.0/grpc-core-1.57.0.pom to /home/runner/.gradle/.tmp/gradle_download18374691674060033944bin
2026-04-25T03:14:26.7092532Z Resource missing. [HTTP GET: https://dl.google.com/dl/android/maven2/io/grpc/grpc-protobuf/1.57.0/grpc-protobuf-1.57.0.pom]
2026-04-25T03:14:26.7093721Z Resource missing. [HTTP GET: https://dl.google.com/dl/android/maven2/io/grpc/grpc-stub/1.57.0/grpc-stub-1.57.0.pom]
2026-04-25T03:14:26.7094851Z Resource missing. [HTTP GET: https://dl.google.com/dl/android/maven2/com/google/crypto/tink/tink/1.7.0/tink-1.7.0.pom]
2026-04-25T03:14:26.7096328Z Downloading https://repo.maven.apache.org/maven2/io/grpc/grpc-protobuf/1.57.0/grpc-protobuf-1.57.0.pom to /home/runner/.gradle/.tmp/gradle_download17661548956678732262bin
2026-04-25T03:14:26.7098059Z Downloading https://repo.maven.apache.org/maven2/io/grpc/grpc-stub/1.57.0/grpc-stub-1.57.0.pom to /home/runner/.gradle/.tmp/gradle_download16340858186317916140bin
2026-04-25T03:14:26.7099965Z Downloading https://dl.google.com/dl/android/maven2/com/google/testing/platform/core-proto/0.0.9-alpha03/core-proto-0.0.9-alpha03.pom to /home/runner/.gradle/.tmp/gradle_download12279652443944865506bin
2026-04-25T03:14:26.7103395Z Downloading https://repo.maven.apache.org/maven2/com/google/crypto/tink/tink/1.7.0/tink-1.7.0.pom to /home/runner/.gradle/.tmp/gradle_download881554254811426039bin
2026-04-25T03:14:26.7105110Z Resource missing. [HTTP GET: https://dl.google.com/dl/android/maven2/com/google/flatbuffers/flatbuffers-java/1.12.0/flatbuffers-java-1.12.0.pom]
2026-04-25T03:14:26.7106736Z Resource missing. [HTTP GET: https://dl.google.com/dl/android/maven2/org/tensorflow/tensorflow-lite-metadata/0.2.0/tensorflow-lite-metadata-0.2.0.pom]
2026-04-25T03:14:26.8081299Z Downloading https://dl.google.com/dl/android/maven2/com/android/tools/build/builder/8.9.1/builder-8.9.1.pom to /home/runner/.gradle/.tmp/gradle_download15820137637077611795bin
2026-04-25T03:14:26.8084392Z Downloading https://repo.maven.apache.org/maven2/com/google/flatbuffers/flatbuffers-java/1.12.0/flatbuffers-java-1.12.0.pom to /home/runner/.gradle/.tmp/gradle_download3468905306679540332bin
2026-04-25T03:14:26.8086873Z Downloading https://repo.maven.apache.org/maven2/org/tensorflow/tensorflow-lite-metadata/0.2.0/tensorflow-lite-metadata-0.2.0.pom to /home/runner/.gradle/.tmp/gradle_download7621508250496740466bin
2026-04-25T03:14:26.8089328Z Downloading https://dl.google.com/dl/android/maven2/com/android/tools/build/builder-model/8.9.1/builder-model-8.9.1.pom to /home/runner/.gradle/.tmp/gradle_download11137573944581492530bin
2026-04-25T03:14:26.8094101Z Downloading https://dl.google.com/dl/android/maven2/com/android/tools/build/builder-model/8.9.1/builder-model-8.9.1.module to /home/runner/.gradle/.tmp/gradle_download17365047460561342085bin
2026-04-25T03:14:26.8102997Z Downloading https://dl.google.com/dl/android/maven2/com/android/tools/build/builder/8.9.1/builder-8.9.1.module to /home/runner/.gradle/.tmp/gradle_download17398940013364822032bin
2026-04-25T03:14:26.8108984Z Downloading https://dl.google.com/dl/android/maven2/com/android/tools/build/gradle-api/8.9.1/gradle-api-8.9.1.pom to /home/runner/.gradle/.tmp/gradle_download13192163215207874135bin
2026-04-25T03:14:26.9081105Z Downloading https://dl.google.com/dl/android/maven2/com/android/tools/build/gradle-api/8.9.1/gradle-api-8.9.1.module to /home/runner/.gradle/.tmp/gradle_download906824059213472881bin
2026-04-25T03:14:26.9087124Z Resource missing. [HTTP GET: https://dl.google.com/dl/android/maven2/org/jetbrains/kotlin/kotlin-gradle-plugin-model/2.0.0/kotlin-gradle-plugin-model-2.0.0.pom]
2026-04-25T03:14:26.9089211Z Resource missing. [HTTP GET: https://dl.google.com/dl/android/maven2/org/jetbrains/kotlin/kotlin-gradle-plugin-api/2.0.0/kotlin-gradle-plugin-api-2.0.0.pom]
2026-04-25T03:14:26.9091473Z Downloading https://repo.maven.apache.org/maven2/org/jetbrains/kotlin/kotlin-gradle-plugin-model/2.0.0/kotlin-gradle-plugin-model-2.0.0.pom to /home/runner/.gradle/.tmp/gradle_download14857984285554944326bin
2026-04-25T03:14:26.9095277Z Downloading https://repo.maven.apache.org/maven2/org/jetbrains/kotlin/kotlin-gradle-plugin-api/2.0.0/kotlin-gradle-plugin-api-2.0.0.pom to /home/runner/.gradle/.tmp/gradle_download13514663064186377080bin
2026-04-25T03:14:26.9107285Z Resource missing. [HTTP GET: https://dl.google.com/dl/android/maven2/org/jetbrains/kotlin/kotlin-gradle-plugin-idea/2.0.0/kotlin-gradle-plugin-idea-2.0.0.pom]
2026-04-25T03:14:26.9109540Z Resource missing. [HTTP GET: https://dl.google.com/dl/android/maven2/org/jetbrains/kotlin/kotlin-gradle-plugin-idea-proto/2.0.0/kotlin-gradle-plugin-idea-proto-2.0.0.pom]
2026-04-25T03:14:26.9112252Z Downloading https://repo.maven.apache.org/maven2/org/jetbrains/kotlin/kotlin-gradle-plugin-model/2.0.0/kotlin-gradle-plugin-model-2.0.0.module to /home/runner/.gradle/.tmp/gradle_download301673631541517654bin
2026-04-25T03:14:26.9114978Z Downloading https://repo.maven.apache.org/maven2/org/jetbrains/kotlin/kotlin-gradle-plugin-api/2.0.0/kotlin-gradle-plugin-api-2.0.0.module to /home/runner/.gradle/.tmp/gradle_download9464038053373581518bin
2026-04-25T03:14:26.9117658Z Downloading https://repo.maven.apache.org/maven2/org/jetbrains/kotlin/kotlin-gradle-plugin-idea/2.0.0/kotlin-gradle-plugin-idea-2.0.0.pom to /home/runner/.gradle/.tmp/gradle_download16688930254197632338bin
2026-04-25T03:14:27.0080969Z Downloading https://repo.maven.apache.org/maven2/org/jetbrains/kotlin/kotlin-gradle-plugin-idea-proto/2.0.0/kotlin-gradle-plugin-idea-proto-2.0.0.pom to /home/runner/.gradle/.tmp/gradle_download5523333141023889722bin
2026-04-25T03:14:27.0083203Z Downloading https://repo.maven.apache.org/maven2/org/jetbrains/kotlin/kotlin-gradle-plugin-idea/2.0.0/kotlin-gradle-plugin-idea-2.0.0.module to /home/runner/.gradle/.tmp/gradle_download7179094359162691183bin
2026-04-25T03:14:27.0084436Z Resource missing. [HTTP GET: https://dl.google.com/dl/android/maven2/org/jetbrains/kotlin/kotlin-build-statistics/2.0.0/kotlin-build-statistics-2.0.0.pom]
2026-04-25T03:14:27.0085482Z Resource missing. [HTTP GET: https://dl.google.com/dl/android/maven2/org/jetbrains/kotlin/kotlin-compiler-runner/2.0.0/kotlin-compiler-runner-2.0.0.pom]
2026-04-25T03:14:27.0086527Z Resource missing. [HTTP GET: https://dl.google.com/dl/android/maven2/org/jetbrains/kotlin/kotlin-klib-commonizer-api/2.0.0/kotlin-klib-commonizer-api-2.0.0.pom]
2026-04-25T03:14:27.0087574Z Resource missing. [HTTP GET: https://dl.google.com/dl/android/maven2/org/jetbrains/kotlin/kotlin-build-tools-api/2.0.0/kotlin-build-tools-api-2.0.0.pom]
2026-04-25T03:14:27.0088718Z Downloading https://repo.maven.apache.org/maven2/org/jetbrains/kotlin/kotlin-compiler-runner/2.0.0/kotlin-compiler-runner-2.0.0.pom to /home/runner/.gradle/.tmp/gradle_download15737550434977492253bin
2026-04-25T03:14:27.0090016Z Downloading https://repo.maven.apache.org/maven2/org/jetbrains/kotlin/kotlin-build-statistics/2.0.0/kotlin-build-statistics-2.0.0.pom to /home/runner/.gradle/.tmp/gradle_download989763644287674922bin
2026-04-25T03:14:27.0091350Z Downloading https://repo.maven.apache.org/maven2/org/jetbrains/kotlin/kotlin-klib-commonizer-api/2.0.0/kotlin-klib-commonizer-api-2.0.0.pom to /home/runner/.gradle/.tmp/gradle_download10428390102860369875bin
2026-04-25T03:14:27.0092848Z Downloading https://repo.maven.apache.org/maven2/org/jetbrains/kotlin/kotlin-build-tools-api/2.0.0/kotlin-build-tools-api-2.0.0.pom to /home/runner/.gradle/.tmp/gradle_download13917893554560541908bin
2026-04-25T03:14:27.0094796Z Resource missing. [HTTP GET: https://dl.google.com/dl/android/maven2/org/jetbrains/kotlin/kotlin-compiler-embeddable/2.0.0/kotlin-compiler-embeddable-2.0.0.pom]
2026-04-25T03:14:27.0096992Z Downloading https://repo.maven.apache.org/maven2/org/jetbrains/kotlin/kotlin-compiler-embeddable/2.0.0/kotlin-compiler-embeddable-2.0.0.pom to /home/runner/.gradle/.tmp/gradle_download12150786420650355484bin
2026-04-25T03:14:27.1080422Z Resource missing. [HTTP GET: https://dl.google.com/dl/android/maven2/org/jetbrains/kotlin/kotlin-util-klib/2.0.0/kotlin-util-klib-2.0.0.pom]
2026-04-25T03:14:27.1082947Z Downloading https://repo.maven.apache.org/maven2/org/jetbrains/kotlin/kotlin-util-klib/2.0.0/kotlin-util-klib-2.0.0.pom to /home/runner/.gradle/.tmp/gradle_download470565955553232112bin
2026-04-25T03:14:27.1084318Z Resource missing. [HTTP GET: https://dl.google.com/dl/android/maven2/com/google/devtools/ksp/symbol-processing-api/2.0.0-1.0.24/symbol-processing-api-2.0.0-1.0.24.pom]
2026-04-25T03:14:27.1085550Z Resource missing. [HTTP GET: https://dl.google.com/dl/android/maven2/com/google/devtools/ksp/symbol-processing-common-deps/2.0.0-1.0.24/symbol-processing-common-deps-2.0.0-1.0.24.pom]
2026-04-25T03:14:27.2080809Z Downloading https://repo.maven.apache.org/maven2/com/google/devtools/ksp/symbol-processing-api/2.0.0-1.0.24/symbol-processing-api-2.0.0-1.0.24.pom to /home/runner/.gradle/.tmp/gradle_download5821332524678484840bin
2026-04-25T03:14:27.2083530Z Downloading https://repo.maven.apache.org/maven2/com/google/devtools/ksp/symbol-processing-common-deps/2.0.0-1.0.24/symbol-processing-common-deps-2.0.0-1.0.24.pom to /home/runner/.gradle/.tmp/gradle_download11329089648369261845bin
2026-04-25T03:14:27.2086243Z Downloading https://repo.maven.apache.org/maven2/com/google/devtools/ksp/symbol-processing-common-deps/2.0.0-1.0.24/symbol-processing-common-deps-2.0.0-1.0.24.module to /home/runner/.gradle/.tmp/gradle_download1816295249610445498bin
2026-04-25T03:14:27.2087709Z Downloading https://repo.maven.apache.org/maven2/com/google/devtools/ksp/symbol-processing-api/2.0.0-1.0.24/symbol-processing-api-2.0.0-1.0.24.module to /home/runner/.gradle/.tmp/gradle_download4561885003981153650bin
2026-04-25T03:14:27.2088921Z Resource missing. [HTTP GET: https://dl.google.com/dl/android/maven2/com/google/protobuf/protobuf-java/3.24.4/protobuf-java-3.24.4.pom]
2026-04-25T03:14:27.2089986Z Downloading https://repo.maven.apache.org/maven2/com/google/protobuf/protobuf-java/3.24.4/protobuf-java-3.24.4.pom to /home/runner/.gradle/.tmp/gradle_download1352950164570870148bin
2026-04-25T03:14:27.2091021Z Resource missing. [HTTP GET: https://dl.google.com/dl/android/maven2/com/google/protobuf/protobuf-parent/3.24.4/protobuf-parent-3.24.4.pom]
2026-04-25T03:14:27.2092344Z Downloading https://repo.maven.apache.org/maven2/com/google/protobuf/protobuf-parent/3.24.4/protobuf-parent-3.24.4.pom to /home/runner/.gradle/.tmp/gradle_download11722685759329891526bin
2026-04-25T03:14:27.3080751Z Resource missing. [HTTP GET: https://dl.google.com/dl/android/maven2/com/google/protobuf/protobuf-bom/3.24.4/protobuf-bom-3.24.4.pom]
2026-04-25T03:14:27.3082777Z Downloading https://repo.maven.apache.org/maven2/com/google/protobuf/protobuf-bom/3.24.4/protobuf-bom-3.24.4.pom to /home/runner/.gradle/.tmp/gradle_download4275703055426013229bin
2026-04-25T03:14:27.3084461Z Resource missing. [HTTP GET: https://dl.google.com/dl/android/maven2/javax/inject/javax.inject/1/javax.inject-1.pom]
2026-04-25T03:14:27.3085701Z Resource missing. [HTTP GET: https://dl.google.com/dl/android/maven2/net/sf/kxml/kxml2/2.3.0/kxml2-2.3.0.pom]
2026-04-25T03:14:27.3086959Z Resource missing. [HTTP GET: https://dl.google.com/dl/android/maven2/com/google/guava/guava/32.0.1-jre/guava-32.0.1-jre.pom]
2026-04-25T03:14:27.3088568Z Downloading https://dl.google.com/dl/android/maven2/com/android/tools/common/31.9.1/common-31.9.1.pom to /home/runner/.gradle/.tmp/gradle_download5659614233108489305bin
2026-04-25T03:14:27.3090329Z Downloading https://repo.maven.apache.org/maven2/net/sf/kxml/kxml2/2.3.0/kxml2-2.3.0.pom to /home/runner/.gradle/.tmp/gradle_download14200220785940332508bin
2026-04-25T03:14:27.3092302Z Downloading https://repo.maven.apache.org/maven2/com/google/guava/guava/32.0.1-jre/guava-32.0.1-jre.pom to /home/runner/.gradle/.tmp/gradle_download1633467556564862062bin
2026-04-25T03:14:27.3094143Z Downloading https://repo.maven.apache.org/maven2/javax/inject/javax.inject/1/javax.inject-1.pom to /home/runner/.gradle/.tmp/gradle_download12771334211618184376bin
2026-04-25T03:14:27.3096143Z Resource missing. [HTTP GET: https://dl.google.com/dl/android/maven2/org/bouncycastle/bcprov-jdk18on/1.79/bcprov-jdk18on-1.79.pom]
2026-04-25T03:14:27.3097828Z Resource missing. [HTTP GET: https://dl.google.com/dl/android/maven2/com/google/guava/guava-parent/32.0.1-jre/guava-parent-32.0.1-jre.pom]
2026-04-25T03:14:27.3099636Z Downloading https://repo.maven.apache.org/maven2/org/bouncycastle/bcprov-jdk18on/1.79/bcprov-jdk18on-1.79.pom to /home/runner/.gradle/.tmp/gradle_download15701423897478286148bin
2026-04-25T03:14:27.4081473Z Downloading https://repo.maven.apache.org/maven2/com/google/guava/guava-parent/32.0.1-jre/guava-parent-32.0.1-jre.pom to /home/runner/.gradle/.tmp/gradle_download3507745475286086385bin
2026-04-25T03:14:27.4083735Z Resource missing. [HTTP GET: https://dl.google.com/dl/android/maven2/org/jetbrains/kotlin/kotlin-reflect/2.0.20/kotlin-reflect-2.0.20.pom]
2026-04-25T03:14:27.4085770Z Downloading https://repo.maven.apache.org/maven2/org/jetbrains/kotlin/kotlin-reflect/2.0.20/kotlin-reflect-2.0.20.pom to /home/runner/.gradle/.tmp/gradle_download606153126133341148bin
2026-04-25T03:14:27.4087774Z Resource missing. [HTTP GET: https://dl.google.com/dl/android/maven2/org/apache/commons/commons-compress/1.21/commons-compress-1.21.pom]
2026-04-25T03:14:27.4089441Z Resource missing. [HTTP GET: https://dl.google.com/dl/android/maven2/org/apache/httpcomponents/httpcore/4.4.16/httpcore-4.4.16.pom]
2026-04-25T03:14:27.4091273Z Downloading https://dl.google.com/dl/android/maven2/com/android/tools/dvlib/31.9.1/dvlib-31.9.1.pom to /home/runner/.gradle/.tmp/gradle_download7740663735337354334bin
2026-04-25T03:14:27.5083677Z Downloading https://repo.maven.apache.org/maven2/org/apache/httpcomponents/httpcore/4.4.16/httpcore-4.4.16.pom to /home/runner/.gradle/.tmp/gradle_download9380876112437298101bin
2026-04-25T03:14:27.5109523Z Downloading https://repo.maven.apache.org/maven2/org/apache/commons/commons-compress/1.21/commons-compress-1.21.pom to /home/runner/.gradle/.tmp/gradle_download5084692419310789567bin
2026-04-25T03:14:27.5112087Z Resource missing. [HTTP GET: https://dl.google.com/dl/android/maven2/org/apache/httpcomponents/httpcomponents-core/4.4.16/httpcomponents-core-4.4.16.pom]
2026-04-25T03:14:27.5113863Z Resource missing. [HTTP GET: https://dl.google.com/dl/android/maven2/org/apache/commons/commons-parent/52/commons-parent-52.pom]
2026-04-25T03:14:27.5116072Z Downloading https://repo.maven.apache.org/maven2/org/apache/httpcomponents/httpcomponents-core/4.4.16/httpcomponents-core-4.4.16.pom to /home/runner/.gradle/.tmp/gradle_download7522490359608177804bin
2026-04-25T03:14:27.5118251Z Downloading https://repo.maven.apache.org/maven2/org/apache/commons/commons-parent/52/commons-parent-52.pom to /home/runner/.gradle/.tmp/gradle_download16455756258816480113bin
2026-04-25T03:14:27.5120095Z Resource missing. [HTTP GET: https://dl.google.com/dl/android/maven2/org/apache/httpcomponents/httpcomponents-parent/11/httpcomponents-parent-11.pom]
2026-04-25T03:14:27.5122319Z Downloading https://repo.maven.apache.org/maven2/org/apache/httpcomponents/httpcomponents-parent/11/httpcomponents-parent-11.pom to /home/runner/.gradle/.tmp/gradle_download4261780185066530368bin
2026-04-25T03:14:27.5124088Z Resource missing. [HTTP GET: https://dl.google.com/dl/android/maven2/org/apache/apache/23/apache-23.pom]
2026-04-25T03:14:27.5125436Z Downloading https://repo.maven.apache.org/maven2/org/apache/apache/23/apache-23.pom to /home/runner/.gradle/.tmp/gradle_download8931566892765012372bin
2026-04-25T03:14:27.5126774Z Resource missing. [HTTP GET: https://dl.google.com/dl/android/maven2/org/apache/apache/21/apache-21.pom]
2026-04-25T03:14:27.6088485Z Downloading https://repo.maven.apache.org/maven2/org/apache/apache/21/apache-21.pom to /home/runner/.gradle/.tmp/gradle_download14515373257676179339bin
2026-04-25T03:14:27.6089883Z Resource missing. [HTTP GET: https://dl.google.com/dl/android/maven2/com/google/jimfs/jimfs/1.1/jimfs-1.1.pom]
2026-04-25T03:14:27.6091102Z Resource missing. [HTTP GET: https://dl.google.com/dl/android/maven2/com/sun/activation/javax.activation/1.2.0/javax.activation-1.2.0.pom]
2026-04-25T03:14:27.6093472Z Downloading https://repo.maven.apache.org/maven2/com/sun/activation/javax.activation/1.2.0/javax.activation-1.2.0.pom to /home/runner/.gradle/.tmp/gradle_download7315511219811351390bin
2026-04-25T03:14:27.6095287Z Downloading https://repo.maven.apache.org/maven2/com/google/jimfs/jimfs/1.1/jimfs-1.1.pom to /home/runner/.gradle/.tmp/gradle_download17523704463885512599bin
2026-04-25T03:14:27.6096567Z Resource missing. [HTTP GET: https://dl.google.com/dl/android/maven2/com/sun/activation/all/1.2.0/all-1.2.0.pom]
2026-04-25T03:14:27.6097674Z Resource missing. [HTTP GET: https://dl.google.com/dl/android/maven2/com/google/jimfs/jimfs-parent/1.1/jimfs-parent-1.1.pom]
2026-04-25T03:14:27.7079807Z Downloading https://repo.maven.apache.org/maven2/com/google/jimfs/jimfs-parent/1.1/jimfs-parent-1.1.pom to /home/runner/.gradle/.tmp/gradle_download1973524580651704460bin
2026-04-25T03:14:27.7081057Z Downloading https://repo.maven.apache.org/maven2/com/sun/activation/all/1.2.0/all-1.2.0.pom to /home/runner/.gradle/.tmp/gradle_download11731177676104064412bin
2026-04-25T03:14:27.7082118Z Resource missing. [HTTP GET: https://dl.google.com/dl/android/maven2/net/java/jvnet-parent/1/jvnet-parent-1.pom]
2026-04-25T03:14:27.7083037Z Downloading https://repo.maven.apache.org/maven2/net/java/jvnet-parent/1/jvnet-parent-1.pom to /home/runner/.gradle/.tmp/gradle_download4928341489735323030bin
2026-04-25T03:14:27.7083919Z Resource missing. [HTTP GET: https://dl.google.com/dl/android/maven2/org/jetbrains/annotations/13.0/annotations-13.0.pom]
2026-04-25T03:14:27.7084828Z Downloading https://repo.maven.apache.org/maven2/org/jetbrains/annotations/13.0/annotations-13.0.pom to /home/runner/.gradle/.tmp/gradle_download12869626368928028101bin
2026-04-25T03:14:27.8080728Z Downloading https://dl.google.com/dl/android/maven2/com/android/tools/annotations/31.9.1/annotations-31.9.1.pom to /home/runner/.gradle/.tmp/gradle_download5116594875157314628bin
2026-04-25T03:14:27.8082506Z Resource missing. [HTTP GET: https://dl.google.com/dl/android/maven2/org/apache/httpcomponents/httpclient/4.5.14/httpclient-4.5.14.pom]
2026-04-25T03:14:27.8083611Z Downloading https://repo.maven.apache.org/maven2/org/apache/httpcomponents/httpclient/4.5.14/httpclient-4.5.14.pom to /home/runner/.gradle/.tmp/gradle_download16622444469589999134bin
2026-04-25T03:14:27.8084762Z Resource missing. [HTTP GET: https://dl.google.com/dl/android/maven2/org/apache/httpcomponents/httpcomponents-client/4.5.14/httpcomponents-client-4.5.14.pom]
2026-04-25T03:14:27.8085954Z Downloading https://repo.maven.apache.org/maven2/org/apache/httpcomponents/httpcomponents-client/4.5.14/httpcomponents-client-4.5.14.pom to /home/runner/.gradle/.tmp/gradle_download489726431268248110bin
2026-04-25T03:14:27.9080349Z Downloading https://dl.google.com/dl/android/maven2/com/android/tools/analytics-library/protos/31.9.1/protos-31.9.1.pom to /home/runner/.gradle/.tmp/gradle_download1878277221488540237bin
2026-04-25T03:14:27.9081960Z Resource missing. [HTTP GET: https://dl.google.com/dl/android/maven2/net/java/dev/jna/jna-platform/5.6.0/jna-platform-5.6.0.pom]
2026-04-25T03:14:27.9083034Z Downloading https://repo.maven.apache.org/maven2/net/java/dev/jna/jna-platform/5.6.0/jna-platform-5.6.0.pom to /home/runner/.gradle/.tmp/gradle_download7046780615660897716bin
2026-04-25T03:14:27.9084141Z Resource missing. [HTTP GET: https://dl.google.com/dl/android/maven2/com/googlecode/juniversalchardet/juniversalchardet/1.0.3/juniversalchardet-1.0.3.pom]
2026-04-25T03:14:27.9085343Z Downloading https://repo.maven.apache.org/maven2/com/googlecode/juniversalchardet/juniversalchardet/1.0.3/juniversalchardet-1.0.3.pom to /home/runner/.gradle/.tmp/gradle_download16207041007209290966bin
2026-04-25T03:14:27.9086398Z Resource missing. [HTTP GET: https://dl.google.com/dl/android/maven2/io/grpc/grpc-core/1.57.2/grpc-core-1.57.2.pom]
2026-04-25T03:14:28.0080102Z Downloading https://repo.maven.apache.org/maven2/io/grpc/grpc-core/1.57.2/grpc-core-1.57.2.pom to /home/runner/.gradle/.tmp/gradle_download15392451339478814678bin
2026-04-25T03:14:28.0082281Z Resource missing. [HTTP GET: https://dl.google.com/dl/android/maven2/io/grpc/grpc-netty/1.57.2/grpc-netty-1.57.2.pom]
2026-04-25T03:14:28.0083734Z Downloading https://repo.maven.apache.org/maven2/io/grpc/grpc-netty/1.57.2/grpc-netty-1.57.2.pom to /home/runner/.gradle/.tmp/gradle_download13969633107796109508bin
2026-04-25T03:14:28.0084688Z Resource missing. [HTTP GET: https://dl.google.com/dl/android/maven2/io/grpc/grpc-protobuf/1.57.2/grpc-protobuf-1.57.2.pom]
2026-04-25T03:14:28.0085684Z Downloading https://repo.maven.apache.org/maven2/io/grpc/grpc-protobuf/1.57.2/grpc-protobuf-1.57.2.pom to /home/runner/.gradle/.tmp/gradle_download15753903231332579909bin
2026-04-25T03:14:28.1079600Z Resource missing. [HTTP GET: https://dl.google.com/dl/android/maven2/io/grpc/grpc-stub/1.57.2/grpc-stub-1.57.2.pom]
2026-04-25T03:14:28.1080963Z Downloading https://repo.maven.apache.org/maven2/io/grpc/grpc-stub/1.57.2/grpc-stub-1.57.2.pom to /home/runner/.gradle/.tmp/gradle_download9478398379679212772bin
2026-04-25T03:14:28.1082511Z Resource missing. [HTTP GET: https://dl.google.com/dl/android/maven2/javax/annotation/javax.annotation-api/1.3.2/javax.annotation-api-1.3.2.pom]
2026-04-25T03:14:28.1083664Z Downloading https://repo.maven.apache.org/maven2/javax/annotation/javax.annotation-api/1.3.2/javax.annotation-api-1.3.2.pom to /home/runner/.gradle/.tmp/gradle_download11657960329465931564bin
2026-04-25T03:14:28.1084853Z Resource missing. [HTTP GET: https://dl.google.com/dl/android/maven2/net/java/jvnet-parent/3/jvnet-parent-3.pom]
2026-04-25T03:14:28.2079734Z Downloading https://repo.maven.apache.org/maven2/net/java/jvnet-parent/3/jvnet-parent-3.pom to /home/runner/.gradle/.tmp/gradle_download10609419543760741170bin
2026-04-25T03:14:28.2081539Z Resource missing. [HTTP GET: https://dl.google.com/dl/android/maven2/org/jetbrains/kotlin/kotlin-stdlib-jdk7/2.1.0/kotlin-stdlib-jdk7-2.1.0.pom]
2026-04-25T03:14:28.2083664Z Downloading https://repo.maven.apache.org/maven2/org/jetbrains/kotlin/kotlin-stdlib-jdk7/2.1.0/kotlin-stdlib-jdk7-2.1.0.pom to /home/runner/.gradle/.tmp/gradle_download6136292468266085304bin
2026-04-25T03:14:28.2085515Z Resource missing. [HTTP GET: https://dl.google.com/dl/android/maven2/org/jetbrains/kotlin/kotlin-stdlib/2.0.20/kotlin-stdlib-2.0.20.pom]
2026-04-25T03:14:28.2087280Z Downloading https://repo.maven.apache.org/maven2/org/jetbrains/kotlin/kotlin-stdlib/2.0.20/kotlin-stdlib-2.0.20.pom to /home/runner/.gradle/.tmp/gradle_download14727650472589756059bin
2026-04-25T03:14:28.3080627Z Downloading https://repo.maven.apache.org/maven2/org/jetbrains/kotlin/kotlin-stdlib/2.0.20/kotlin-stdlib-2.0.20.module to /home/runner/.gradle/.tmp/gradle_download7261432607828435993bin
2026-04-25T03:14:28.3082606Z Resource missing. [HTTP GET: https://dl.google.com/dl/android/maven2/org/ow2/asm/asm-tree/9.7/asm-tree-9.7.pom]
2026-04-25T03:14:28.3084113Z Downloading https://repo.maven.apache.org/maven2/org/ow2/asm/asm-tree/9.7/asm-tree-9.7.pom to /home/runner/.gradle/.tmp/gradle_download8917883221073703088bin
2026-04-25T03:14:28.3085754Z Resource missing. [HTTP GET: https://dl.google.com/dl/android/maven2/org/bouncycastle/bcutil-jdk18on/1.79/bcutil-jdk18on-1.79.pom]
2026-04-25T03:14:28.3087494Z Downloading https://repo.maven.apache.org/maven2/org/bouncycastle/bcutil-jdk18on/1.79/bcutil-jdk18on-1.79.pom to /home/runner/.gradle/.tmp/gradle_download2073959162162071067bin
2026-04-25T03:14:28.4083445Z Resource missing. [HTTP GET: https://dl.google.com/dl/android/maven2/jakarta/xml/bind/jakarta.xml.bind-api/2.3.2/jakarta.xml.bind-api-2.3.2.pom]
2026-04-25T03:14:28.4085315Z Resource missing. [HTTP GET: https://dl.google.com/dl/android/maven2/org/jvnet/staxex/stax-ex/1.8.1/stax-ex-1.8.1.pom]
2026-04-25T03:14:28.4086619Z Resource missing. [HTTP GET: https://dl.google.com/dl/android/maven2/org/glassfish/jaxb/txw2/2.3.2/txw2-2.3.2.pom]
2026-04-25T03:14:28.4088001Z Resource missing. [HTTP GET: https://dl.google.com/dl/android/maven2/com/sun/istack/istack-commons-runtime/3.0.8/istack-commons-runtime-3.0.8.pom]
2026-04-25T03:14:28.4090167Z Downloading https://repo.maven.apache.org/maven2/jakarta/xml/bind/jakarta.xml.bind-api/2.3.2/jakarta.xml.bind-api-2.3.2.pom to /home/runner/.gradle/.tmp/gradle_download18281082018240725204bin
2026-04-25T03:14:28.4092554Z Downloading https://repo.maven.apache.org/maven2/org/glassfish/jaxb/txw2/2.3.2/txw2-2.3.2.pom to /home/runner/.gradle/.tmp/gradle_download6958623614231794302bin
2026-04-25T03:14:28.4094397Z Downloading https://repo.maven.apache.org/maven2/org/jvnet/staxex/stax-ex/1.8.1/stax-ex-1.8.1.pom to /home/runner/.gradle/.tmp/gradle_download14099752264517727126bin
2026-04-25T03:14:28.4096571Z Downloading https://repo.maven.apache.org/maven2/com/sun/istack/istack-commons-runtime/3.0.8/istack-commons-runtime-3.0.8.pom to /home/runner/.gradle/.tmp/gradle_download13053926522455506795bin
2026-04-25T03:14:28.4098663Z Resource missing. [HTTP GET: https://dl.google.com/dl/android/maven2/jakarta/xml/bind/jakarta.xml.bind-api-parent/2.3.2/jakarta.xml.bind-api-parent-2.3.2.pom]
2026-04-25T03:14:28.4100447Z Resource missing. [HTTP GET: https://dl.google.com/dl/android/maven2/com/sun/xml/bind/mvn/jaxb-txw-parent/2.3.2/jaxb-txw-parent-2.3.2.pom]
2026-04-25T03:14:28.4102108Z Resource missing. [HTTP GET: https://dl.google.com/dl/android/maven2/com/sun/istack/istack-commons/3.0.8/istack-commons-3.0.8.pom]
2026-04-25T03:14:28.4103621Z Resource missing. [HTTP GET: https://dl.google.com/dl/android/maven2/com/sun/xml/fastinfoset/FastInfoset/1.2.16/FastInfoset-1.2.16.pom]
2026-04-25T03:14:28.4105644Z Downloading https://repo.maven.apache.org/maven2/jakarta/xml/bind/jakarta.xml.bind-api-parent/2.3.2/jakarta.xml.bind-api-parent-2.3.2.pom to /home/runner/.gradle/.tmp/gradle_download9964133007760094186bin
2026-04-25T03:14:28.4107850Z Downloading https://repo.maven.apache.org/maven2/com/sun/istack/istack-commons/3.0.8/istack-commons-3.0.8.pom to /home/runner/.gradle/.tmp/gradle_download9899706073354919461bin
2026-04-25T03:14:28.4109931Z Downloading https://repo.maven.apache.org/maven2/com/sun/xml/fastinfoset/FastInfoset/1.2.16/FastInfoset-1.2.16.pom to /home/runner/.gradle/.tmp/gradle_download12655283740086510114bin
2026-04-25T03:14:28.4112629Z Downloading https://repo.maven.apache.org/maven2/com/sun/xml/bind/mvn/jaxb-txw-parent/2.3.2/jaxb-txw-parent-2.3.2.pom to /home/runner/.gradle/.tmp/gradle_download5274276736740914080bin
2026-04-25T03:14:28.4114600Z Resource missing. [HTTP GET: https://dl.google.com/dl/android/maven2/jakarta/activation/jakarta.activation-api/1.2.1/jakarta.activation-api-1.2.1.pom]
2026-04-25T03:14:28.5080685Z Resource missing. [HTTP GET: https://dl.google.com/dl/android/maven2/com/sun/xml/fastinfoset/fastinfoset-project/1.2.16/fastinfoset-project-1.2.16.pom]
2026-04-25T03:14:28.5082571Z Downloading https://repo.maven.apache.org/maven2/jakarta/activation/jakarta.activation-api/1.2.1/jakarta.activation-api-1.2.1.pom to /home/runner/.gradle/.tmp/gradle_download6267784115667530465bin
2026-04-25T03:14:28.5083988Z Downloading https://repo.maven.apache.org/maven2/com/sun/xml/fastinfoset/fastinfoset-project/1.2.16/fastinfoset-project-1.2.16.pom to /home/runner/.gradle/.tmp/gradle_download14852064257200958440bin
2026-04-25T03:14:28.5085009Z Resource missing. [HTTP GET: https://dl.google.com/dl/android/maven2/com/sun/activation/all/1.2.1/all-1.2.1.pom]
2026-04-25T03:14:28.5085883Z Downloading https://repo.maven.apache.org/maven2/com/sun/activation/all/1.2.1/all-1.2.1.pom to /home/runner/.gradle/.tmp/gradle_download6005268820629032025bin
2026-04-25T03:14:28.5086792Z Resource missing. [HTTP GET: https://dl.google.com/dl/android/maven2/org/eclipse/ee4j/project/1.0.2/project-1.0.2.pom]
2026-04-25T03:14:28.6084105Z Downloading https://repo.maven.apache.org/maven2/org/eclipse/ee4j/project/1.0.2/project-1.0.2.pom to /home/runner/.gradle/.tmp/gradle_download3203968042590181312bin
2026-04-25T03:14:28.6086329Z Resource missing. [HTTP GET: https://dl.google.com/dl/android/maven2/com/google/auto/value/auto-value-annotations/1.6.2/auto-value-annotations-1.6.2.pom]
2026-04-25T03:14:28.6088723Z Resource missing. [HTTP GET: https://dl.google.com/dl/android/maven2/org/bitbucket/b_c/jose4j/0.9.5/jose4j-0.9.5.pom]
2026-04-25T03:14:28.6090524Z Resource missing. [HTTP GET: https://dl.google.com/dl/android/maven2/com/google/dagger/dagger/2.28.3/dagger-2.28.3.pom]
2026-04-25T03:14:28.6092552Z Resource missing. [HTTP GET: https://dl.google.com/dl/android/maven2/com/google/errorprone/error_prone_annotations/2.3.1/error_prone_annotations-2.3.1.pom]
2026-04-25T03:14:28.6094579Z Downloading https://repo.maven.apache.org/maven2/com/google/dagger/dagger/2.28.3/dagger-2.28.3.pom to /home/runner/.gradle/.tmp/gradle_download13857222099095921925bin
2026-04-25T03:14:28.6097083Z Downloading https://repo.maven.apache.org/maven2/com/google/errorprone/error_prone_annotations/2.3.1/error_prone_annotations-2.3.1.pom to /home/runner/.gradle/.tmp/gradle_download392750817418443283bin
2026-04-25T03:14:28.6099542Z Downloading https://repo.maven.apache.org/maven2/com/google/auto/value/auto-value-annotations/1.6.2/auto-value-annotations-1.6.2.pom to /home/runner/.gradle/.tmp/gradle_download11771390512807538402bin
2026-04-25T03:14:28.6101821Z Downloading https://repo.maven.apache.org/maven2/org/bitbucket/b_c/jose4j/0.9.5/jose4j-0.9.5.pom to /home/runner/.gradle/.tmp/gradle_download447044080622727393bin
2026-04-25T03:14:28.6103552Z Resource missing. [HTTP GET: https://dl.google.com/dl/android/maven2/com/google/auto/value/auto-value-parent/1.6.2/auto-value-parent-1.6.2.pom]
2026-04-25T03:14:28.6105327Z Resource missing. [HTTP GET: https://dl.google.com/dl/android/maven2/com/google/errorprone/error_prone_parent/2.3.1/error_prone_parent-2.3.1.pom]
2026-04-25T03:14:28.6106908Z Resource missing. [HTTP GET: https://dl.google.com/dl/android/maven2/org/slf4j/slf4j-api/1.7.30/slf4j-api-1.7.30.pom]
2026-04-25T03:14:28.6109660Z Downloading https://repo.maven.apache.org/maven2/com/google/errorprone/error_prone_parent/2.3.1/error_prone_parent-2.3.1.pom to /home/runner/.gradle/.tmp/gradle_download10680305525715661968bin
2026-04-25T03:14:28.6112228Z Downloading https://repo.maven.apache.org/maven2/com/google/auto/value/auto-value-parent/1.6.2/auto-value-parent-1.6.2.pom to /home/runner/.gradle/.tmp/gradle_download9729472644134747936bin
2026-04-25T03:14:28.6114393Z Downloading https://repo.maven.apache.org/maven2/org/slf4j/slf4j-api/1.7.30/slf4j-api-1.7.30.pom to /home/runner/.gradle/.tmp/gradle_download14305007725324671389bin
2026-04-25T03:14:28.7079556Z Resource missing. [HTTP GET: https://dl.google.com/dl/android/maven2/com/google/auto/auto-parent/6/auto-parent-6.pom]
2026-04-25T03:14:28.7081355Z Resource missing. [HTTP GET: https://dl.google.com/dl/android/maven2/org/slf4j/slf4j-parent/1.7.30/slf4j-parent-1.7.30.pom]
2026-04-25T03:14:28.7083559Z Downloading https://repo.maven.apache.org/maven2/com/google/auto/auto-parent/6/auto-parent-6.pom to /home/runner/.gradle/.tmp/gradle_download1921434944066493349bin
2026-04-25T03:14:28.7085776Z Downloading https://repo.maven.apache.org/maven2/org/slf4j/slf4j-parent/1.7.30/slf4j-parent-1.7.30.pom to /home/runner/.gradle/.tmp/gradle_download9706873895815160061bin
2026-04-25T03:14:28.7087628Z Resource missing. [HTTP GET: https://dl.google.com/dl/android/maven2/org/jdom/jdom2/2.0.6/jdom2-2.0.6.pom]
2026-04-25T03:14:28.7089292Z Downloading https://repo.maven.apache.org/maven2/org/jdom/jdom2/2.0.6/jdom2-2.0.6.pom to /home/runner/.gradle/.tmp/gradle_download5386459512921935081bin
2026-04-25T03:14:28.8080585Z Resource missing. [HTTP GET: https://dl.google.com/dl/android/maven2/com/google/errorprone/error_prone_annotations/2.11.0/error_prone_annotations-2.11.0.pom]
2026-04-25T03:14:28.8084023Z Downloading https://repo.maven.apache.org/maven2/com/google/errorprone/error_prone_annotations/2.11.0/error_prone_annotations-2.11.0.pom to /home/runner/.gradle/.tmp/gradle_download14949173373333663011bin
2026-04-25T03:14:28.8086108Z Resource missing. [HTTP GET: https://dl.google.com/dl/android/maven2/com/google/errorprone/error_prone_parent/2.11.0/error_prone_parent-2.11.0.pom]
2026-04-25T03:14:28.8088573Z Downloading https://repo.maven.apache.org/maven2/com/google/errorprone/error_prone_parent/2.11.0/error_prone_parent-2.11.0.pom to /home/runner/.gradle/.tmp/gradle_download10762496277477769731bin
2026-04-25T03:14:28.9080609Z Resource missing. [HTTP GET: https://dl.google.com/dl/android/maven2/com/google/code/findbugs/jsr305/3.0.2/jsr305-3.0.2.pom]
2026-04-25T03:14:28.9084037Z Resource missing. [HTTP GET: https://dl.google.com/dl/android/maven2/com/google/j2objc/j2objc-annotations/1.3/j2objc-annotations-1.3.pom]
2026-04-25T03:14:28.9086108Z Downloading https://repo.maven.apache.org/maven2/com/google/code/findbugs/jsr305/3.0.2/jsr305-3.0.2.pom to /home/runner/.gradle/.tmp/gradle_download4047044364606457415bin
2026-04-25T03:14:28.9088226Z Downloading https://repo.maven.apache.org/maven2/com/google/j2objc/j2objc-annotations/1.3/j2objc-annotations-1.3.pom to /home/runner/.gradle/.tmp/gradle_download4595530106021861801bin
2026-04-25T03:14:28.9090572Z Resource missing. [HTTP GET: https://dl.google.com/dl/android/maven2/org/checkerframework/checker-qual/2.5.8/checker-qual-2.5.8.pom]
2026-04-25T03:14:28.9092803Z Downloading https://repo.maven.apache.org/maven2/org/checkerframework/checker-qual/2.5.8/checker-qual-2.5.8.pom to /home/runner/.gradle/.tmp/gradle_download13154252632621077624bin
2026-04-25T03:14:29.0080673Z Downloading https://dl.google.com/dl/android/maven2/com/android/tools/analytics-library/tracker/31.9.1/tracker-31.9.1.pom to /home/runner/.gradle/.tmp/gradle_download4668220972934776564bin
2026-04-25T03:14:29.0083333Z Downloading https://dl.google.com/dl/android/maven2/com/android/zipflinger/8.9.1/zipflinger-8.9.1.pom to /home/runner/.gradle/.tmp/gradle_download1583378686692279818bin
2026-04-25T03:14:29.0085373Z Downloading https://dl.google.com/dl/android/maven2/com/android/tools/build/manifest-merger/31.9.1/manifest-merger-31.9.1.pom to /home/runner/.gradle/.tmp/gradle_download14774806368829585769bin
2026-04-25T03:14:29.0087627Z Downloading https://dl.google.com/dl/android/maven2/com/android/tools/build/manifest-merger/31.9.1/manifest-merger-31.9.1.module to /home/runner/.gradle/.tmp/gradle_download11464728965519535314bin
2026-04-25T03:14:29.0089751Z Downloading https://dl.google.com/dl/android/maven2/com/android/tools/build/apksig/8.9.1/apksig-8.9.1.pom to /home/runner/.gradle/.tmp/gradle_download5201736440927683855bin
2026-04-25T03:14:29.0091383Z Resource missing. [HTTP GET: https://dl.google.com/dl/android/maven2/com/squareup/javawriter/2.5.0/javawriter-2.5.0.pom]
2026-04-25T03:14:29.0093224Z Downloading https://dl.google.com/dl/android/maven2/com/android/signflinger/8.9.1/signflinger-8.9.1.pom to /home/runner/.gradle/.tmp/gradle_download478730147621914758bin
2026-04-25T03:14:29.0095124Z Downloading https://repo.maven.apache.org/maven2/com/squareup/javawriter/2.5.0/javawriter-2.5.0.pom to /home/runner/.gradle/.tmp/gradle_download279758465615773189bin
2026-04-25T03:14:29.0097036Z Downloading https://dl.google.com/dl/android/maven2/com/android/tools/build/apkzlib/8.9.1/apkzlib-8.9.1.pom to /home/runner/.gradle/.tmp/gradle_download6251633518275339721bin
2026-04-25T03:14:29.1080814Z Resource missing. [HTTP GET: https://dl.google.com/dl/android/maven2/org/jetbrains/kotlin/kotlin-native-utils/2.0.0/kotlin-native-utils-2.0.0.pom]
2026-04-25T03:14:29.1082984Z Downloading https://repo.maven.apache.org/maven2/org/jetbrains/kotlin/kotlin-native-utils/2.0.0/kotlin-native-utils-2.0.0.pom to /home/runner/.gradle/.tmp/gradle_download8696754313428592493bin
2026-04-25T03:14:29.1084862Z Resource missing. [HTTP GET: https://dl.google.com/dl/android/maven2/org/jetbrains/kotlin/kotlin-gradle-plugin-annotations/2.0.0/kotlin-gradle-plugin-annotations-2.0.0.pom]
2026-04-25T03:14:29.1085951Z Resource missing. [HTTP GET: https://dl.google.com/dl/android/maven2/org/jetbrains/kotlin/kotlin-tooling-core/2.0.0/kotlin-tooling-core-2.0.0.pom]
2026-04-25T03:14:29.1087193Z Downloading https://repo.maven.apache.org/maven2/org/jetbrains/kotlin/kotlin-gradle-plugin-annotations/2.0.0/kotlin-gradle-plugin-annotations-2.0.0.pom to /home/runner/.gradle/.tmp/gradle_download9585017702464565965bin
2026-04-25T03:14:29.1088858Z Downloading https://repo.maven.apache.org/maven2/org/jetbrains/kotlin/kotlin-tooling-core/2.0.0/kotlin-tooling-core-2.0.0.pom to /home/runner/.gradle/.tmp/gradle_download8204881501353642285bin
2026-04-25T03:14:29.1090199Z Resource missing. [HTTP GET: https://dl.google.com/dl/android/maven2/org/jetbrains/kotlinx/kotlinx-coroutines-core-jvm/1.5.0/kotlinx-coroutines-core-jvm-1.5.0.pom]
2026-04-25T03:14:29.2080546Z Downloading https://repo.maven.apache.org/maven2/org/jetbrains/kotlinx/kotlinx-coroutines-core-jvm/1.5.0/kotlinx-coroutines-core-jvm-1.5.0.pom to /home/runner/.gradle/.tmp/gradle_download7862566157141543622bin
2026-04-25T03:14:29.2082067Z Resource missing. [HTTP GET: https://dl.google.com/dl/android/maven2/org/jetbrains/kotlin/kotlin-daemon-client/2.0.0/kotlin-daemon-client-2.0.0.pom]
2026-04-25T03:14:29.2083324Z Downloading https://repo.maven.apache.org/maven2/org/jetbrains/kotlinx/kotlinx-coroutines-core-jvm/1.5.0/kotlinx-coroutines-core-jvm-1.5.0.module to /home/runner/.gradle/.tmp/gradle_download11477686707167703655bin
2026-04-25T03:14:29.2084711Z Downloading https://repo.maven.apache.org/maven2/org/jetbrains/kotlin/kotlin-daemon-client/2.0.0/kotlin-daemon-client-2.0.0.pom to /home/runner/.gradle/.tmp/gradle_download1133695077727171940bin
2026-04-25T03:14:29.2085796Z Resource missing. [HTTP GET: https://dl.google.com/dl/android/maven2/org/jetbrains/kotlin/kotlin-util-io/2.0.0/kotlin-util-io-2.0.0.pom]
2026-04-25T03:14:29.3079784Z Downloading https://repo.maven.apache.org/maven2/org/jetbrains/kotlin/kotlin-util-io/2.0.0/kotlin-util-io-2.0.0.pom to /home/runner/.gradle/.tmp/gradle_download17478901304515512316bin
2026-04-25T03:14:29.3080998Z Resource missing. [HTTP GET: https://dl.google.com/dl/android/maven2/org/jetbrains/intellij/deps/trove4j/1.0.20200330/trove4j-1.0.20200330.pom]
2026-04-25T03:14:29.3082281Z Downloading https://repo.maven.apache.org/maven2/org/jetbrains/intellij/deps/trove4j/1.0.20200330/trove4j-1.0.20200330.pom to /home/runner/.gradle/.tmp/gradle_download9185420460298539710bin
2026-04-25T03:14:29.3083465Z Resource missing. [HTTP GET: https://dl.google.com/dl/android/maven2/org/jetbrains/kotlin/kotlin-daemon-embeddable/2.0.0/kotlin-daemon-embeddable-2.0.0.pom]
2026-04-25T03:14:29.3084867Z Downloading https://repo.maven.apache.org/maven2/org/jetbrains/kotlin/kotlin-daemon-embeddable/2.0.0/kotlin-daemon-embeddable-2.0.0.pom to /home/runner/.gradle/.tmp/gradle_download12514190510246574682bin
2026-04-25T03:14:29.3086461Z Resource missing. [HTTP GET: https://dl.google.com/dl/android/maven2/org/checkerframework/checker-qual/3.33.0/checker-qual-3.33.0.pom]
2026-04-25T03:14:29.4079255Z Downloading https://repo.maven.apache.org/maven2/org/checkerframework/checker-qual/3.33.0/checker-qual-3.33.0.pom to /home/runner/.gradle/.tmp/gradle_download2655320635878801925bin
2026-04-25T03:14:29.4080593Z Downloading https://repo.maven.apache.org/maven2/org/checkerframework/checker-qual/3.33.0/checker-qual-3.33.0.module to /home/runner/.gradle/.tmp/gradle_download10516561951637924816bin
2026-04-25T03:14:29.4082025Z Resource missing. [HTTP GET: https://dl.google.com/dl/android/maven2/com/google/errorprone/error_prone_annotations/2.18.0/error_prone_annotations-2.18.0.pom]
2026-04-25T03:14:29.4083239Z Downloading https://repo.maven.apache.org/maven2/com/google/errorprone/error_prone_annotations/2.18.0/error_prone_annotations-2.18.0.pom to /home/runner/.gradle/.tmp/gradle_download6739501645569045533bin
2026-04-25T03:14:29.4084366Z Resource missing. [HTTP GET: https://dl.google.com/dl/android/maven2/com/google/errorprone/error_prone_parent/2.18.0/error_prone_parent-2.18.0.pom]
2026-04-25T03:14:29.4085453Z Downloading https://repo.maven.apache.org/maven2/com/google/errorprone/error_prone_parent/2.18.0/error_prone_parent-2.18.0.pom to /home/runner/.gradle/.tmp/gradle_download2860735921410509004bin
2026-04-25T03:14:29.5079603Z Resource missing. [HTTP GET: https://dl.google.com/dl/android/maven2/com/google/j2objc/j2objc-annotations/2.8/j2objc-annotations-2.8.pom]
2026-04-25T03:14:29.5081228Z Downloading https://repo.maven.apache.org/maven2/com/google/j2objc/j2objc-annotations/2.8/j2objc-annotations-2.8.pom to /home/runner/.gradle/.tmp/gradle_download3747169556825377246bin
2026-04-25T03:14:29.5083195Z Resource missing. [HTTP GET: https://dl.google.com/dl/android/maven2/org/sonatype/oss/oss-parent/9/oss-parent-9.pom]
2026-04-25T03:14:29.5084725Z Downloading https://repo.maven.apache.org/maven2/org/sonatype/oss/oss-parent/9/oss-parent-9.pom to /home/runner/.gradle/.tmp/gradle_download13254821532256869477bin
2026-04-25T03:14:29.5086299Z Resource missing. [HTTP GET: https://dl.google.com/dl/android/maven2/com/google/guava/failureaccess/1.0.1/failureaccess-1.0.1.pom]
2026-04-25T03:14:29.5087502Z Resource missing. [HTTP GET: https://dl.google.com/dl/android/maven2/com/google/guava/listenablefuture/9999.0-empty-to-avoid-conflict-with-guava/listenablefuture-9999.0-empty-to-avoid-conflict-with-guava.pom]
2026-04-25T03:14:29.5088896Z Downloading https://repo.maven.apache.org/maven2/com/google/guava/failureaccess/1.0.1/failureaccess-1.0.1.pom to /home/runner/.gradle/.tmp/gradle_download597301929915012860bin
2026-04-25T03:14:29.5090362Z Downloading https://repo.maven.apache.org/maven2/com/google/guava/listenablefuture/9999.0-empty-to-avoid-conflict-with-guava/listenablefuture-9999.0-empty-to-avoid-conflict-with-guava.pom to /home/runner/.gradle/.tmp/gradle_download15378488995242840937bin
2026-04-25T03:14:29.6079811Z Resource missing. [HTTP GET: https://dl.google.com/dl/android/maven2/com/google/guava/guava-parent/26.0-android/guava-parent-26.0-android.pom]
2026-04-25T03:14:29.6081302Z Downloading https://repo.maven.apache.org/maven2/com/google/guava/guava-parent/26.0-android/guava-parent-26.0-android.pom to /home/runner/.gradle/.tmp/gradle_download13243704628767807366bin
2026-04-25T03:14:29.6082673Z Resource missing. [HTTP GET: https://dl.google.com/dl/android/maven2/commons-logging/commons-logging/1.2/commons-logging-1.2.pom]
2026-04-25T03:14:29.6083580Z Resource missing. [HTTP GET: https://dl.google.com/dl/android/maven2/commons-codec/commons-codec/1.11/commons-codec-1.11.pom]
2026-04-25T03:14:29.6084574Z Downloading https://repo.maven.apache.org/maven2/commons-logging/commons-logging/1.2/commons-logging-1.2.pom to /home/runner/.gradle/.tmp/gradle_download11953928893807044569bin
2026-04-25T03:14:29.6085712Z Downloading https://repo.maven.apache.org/maven2/commons-codec/commons-codec/1.11/commons-codec-1.11.pom to /home/runner/.gradle/.tmp/gradle_download17976210155994482106bin
2026-04-25T03:14:29.6086677Z Resource missing. [HTTP GET: https://dl.google.com/dl/android/maven2/org/apache/commons/commons-parent/34/commons-parent-34.pom]
2026-04-25T03:14:29.6087478Z Resource missing. [HTTP GET: https://dl.google.com/dl/android/maven2/org/apache/commons/commons-parent/42/commons-parent-42.pom]
2026-04-25T03:14:29.7080063Z Downloading https://repo.maven.apache.org/maven2/org/apache/commons/commons-parent/34/commons-parent-34.pom to /home/runner/.gradle/.tmp/gradle_download4963974948446443892bin
2026-04-25T03:14:29.7081388Z Downloading https://repo.maven.apache.org/maven2/org/apache/commons/commons-parent/42/commons-parent-42.pom to /home/runner/.gradle/.tmp/gradle_download12192068721236336325bin
2026-04-25T03:14:29.7082731Z Resource missing. [HTTP GET: https://dl.google.com/dl/android/maven2/org/apache/apache/13/apache-13.pom]
2026-04-25T03:14:29.7083954Z Downloading https://repo.maven.apache.org/maven2/org/apache/apache/13/apache-13.pom to /home/runner/.gradle/.tmp/gradle_download10265009542783365733bin
2026-04-25T03:14:29.8079887Z Resource missing. [HTTP GET: https://dl.google.com/dl/android/maven2/net/java/dev/jna/jna/5.6.0/jna-5.6.0.pom]
2026-04-25T03:14:29.8081875Z Downloading https://repo.maven.apache.org/maven2/net/java/dev/jna/jna/5.6.0/jna-5.6.0.pom to /home/runner/.gradle/.tmp/gradle_download16367017954793458354bin
2026-04-25T03:14:29.8083706Z Resource missing. [HTTP GET: https://dl.google.com/dl/android/maven2/com/google/android/annotations/4.1.1.4/annotations-4.1.1.4.pom]
2026-04-25T03:14:29.8085921Z Resource missing. [HTTP GET: https://dl.google.com/dl/android/maven2/org/codehaus/mojo/animal-sniffer-annotations/1.23/animal-sniffer-annotations-1.23.pom]
2026-04-25T03:14:29.8087902Z Resource missing. [HTTP GET: https://dl.google.com/dl/android/maven2/io/grpc/grpc-api/1.57.2/grpc-api-1.57.2.pom]
2026-04-25T03:14:29.8089540Z Resource missing. [HTTP GET: https://dl.google.com/dl/android/maven2/io/perfmark/perfmark-api/0.26.0/perfmark-api-0.26.0.pom]
2026-04-25T03:14:29.8091532Z Downloading https://repo.maven.apache.org/maven2/com/google/android/annotations/4.1.1.4/annotations-4.1.1.4.pom to /home/runner/.gradle/.tmp/gradle_download15171761874551388564bin
2026-04-25T03:14:29.8093817Z Downloading https://repo.maven.apache.org/maven2/io/grpc/grpc-api/1.57.2/grpc-api-1.57.2.pom to /home/runner/.gradle/.tmp/gradle_download6808689821914186840bin
2026-04-25T03:14:29.8095800Z Downloading https://repo.maven.apache.org/maven2/io/perfmark/perfmark-api/0.26.0/perfmark-api-0.26.0.pom to /home/runner/.gradle/.tmp/gradle_download1936238174506923230bin
2026-04-25T03:14:29.8098164Z Downloading https://repo.maven.apache.org/maven2/org/codehaus/mojo/animal-sniffer-annotations/1.23/animal-sniffer-annotations-1.23.pom to /home/runner/.gradle/.tmp/gradle_download1730007312527458432bin
2026-04-25T03:14:29.8100237Z Resource missing. [HTTP GET: https://dl.google.com/dl/android/maven2/io/grpc/grpc-context/1.57.2/grpc-context-1.57.2.pom]
2026-04-25T03:14:29.8102272Z Downloading https://repo.maven.apache.org/maven2/io/perfmark/perfmark-api/0.26.0/perfmark-api-0.26.0.module to /home/runner/.gradle/.tmp/gradle_download15543672783560427677bin
2026-04-25T03:14:29.8104387Z Resource missing. [HTTP GET: https://dl.google.com/dl/android/maven2/org/codehaus/mojo/animal-sniffer-parent/1.23/animal-sniffer-parent-1.23.pom]
2026-04-25T03:14:29.9079696Z Downloading https://repo.maven.apache.org/maven2/io/grpc/grpc-context/1.57.2/grpc-context-1.57.2.pom to /home/runner/.gradle/.tmp/gradle_download8722906733567355104bin
2026-04-25T03:14:29.9082052Z Downloading https://repo.maven.apache.org/maven2/org/codehaus/mojo/animal-sniffer-parent/1.23/animal-sniffer-parent-1.23.pom to /home/runner/.gradle/.tmp/gradle_download1754423940361720539bin
2026-04-25T03:14:29.9083767Z Resource missing. [HTTP GET: https://dl.google.com/dl/android/maven2/org/codehaus/mojo/mojo-parent/74/mojo-parent-74.pom]
2026-04-25T03:14:29.9084742Z Downloading https://repo.maven.apache.org/maven2/org/codehaus/mojo/mojo-parent/74/mojo-parent-74.pom to /home/runner/.gradle/.tmp/gradle_download15003852993222004757bin
2026-04-25T03:14:29.9085702Z Resource missing. [HTTP GET: https://dl.google.com/dl/android/maven2/org/junit/junit-bom/5.9.2/junit-bom-5.9.2.pom]
2026-04-25T03:14:29.9086602Z Downloading https://repo.maven.apache.org/maven2/org/junit/junit-bom/5.9.2/junit-bom-5.9.2.pom to /home/runner/.gradle/.tmp/gradle_download17137102624925466733bin
2026-04-25T03:14:29.9087619Z Downloading https://repo.maven.apache.org/maven2/org/junit/junit-bom/5.9.2/junit-bom-5.9.2.module to /home/runner/.gradle/.tmp/gradle_download14615350381058456949bin
2026-04-25T03:14:30.0079955Z Resource missing. [HTTP GET: https://dl.google.com/dl/android/maven2/io/netty/netty-handler-proxy/4.1.93.Final/netty-handler-proxy-4.1.93.Final.pom]
2026-04-25T03:14:30.0081482Z Resource missing. [HTTP GET: https://dl.google.com/dl/android/maven2/io/netty/netty-transport-native-unix-common/4.1.93.Final/netty-transport-native-unix-common-4.1.93.Final.pom]
2026-04-25T03:14:30.0082868Z Resource missing. [HTTP GET: https://dl.google.com/dl/android/maven2/io/netty/netty-codec-http2/4.1.93.Final/netty-codec-http2-4.1.93.Final.pom]
2026-04-25T03:14:30.0084202Z Downloading https://repo.maven.apache.org/maven2/io/netty/netty-handler-proxy/4.1.93.Final/netty-handler-proxy-4.1.93.Final.pom to /home/runner/.gradle/.tmp/gradle_download11516819055515320743bin
2026-04-25T03:14:30.0085614Z Downloading https://repo.maven.apache.org/maven2/io/netty/netty-transport-native-unix-common/4.1.93.Final/netty-transport-native-unix-common-4.1.93.Final.pom to /home/runner/.gradle/.tmp/gradle_download6962691428899114411bin
2026-04-25T03:14:30.0087372Z Downloading https://repo.maven.apache.org/maven2/io/netty/netty-codec-http2/4.1.93.Final/netty-codec-http2-4.1.93.Final.pom to /home/runner/.gradle/.tmp/gradle_download13362627667026709506bin
2026-04-25T03:14:30.0088426Z Resource missing. [HTTP GET: https://dl.google.com/dl/android/maven2/io/netty/netty-parent/4.1.93.Final/netty-parent-4.1.93.Final.pom]
2026-04-25T03:14:30.0089438Z Downloading https://repo.maven.apache.org/maven2/io/netty/netty-parent/4.1.93.Final/netty-parent-4.1.93.Final.pom to /home/runner/.gradle/.tmp/gradle_download4263525847853047512bin
2026-04-25T03:14:30.1081436Z Resource missing. [HTTP GET: https://dl.google.com/dl/android/maven2/io/grpc/grpc-protobuf-lite/1.57.2/grpc-protobuf-lite-1.57.2.pom]
2026-04-25T03:14:30.1083475Z Resource missing. [HTTP GET: https://dl.google.com/dl/android/maven2/com/google/api/grpc/proto-google-common-protos/2.17.0/proto-google-common-protos-2.17.0.pom]
2026-04-25T03:14:30.1092013Z Downloading https://repo.maven.apache.org/maven2/io/grpc/grpc-protobuf-lite/1.57.2/grpc-protobuf-lite-1.57.2.pom to /home/runner/.gradle/.tmp/gradle_download9659659428981072550bin
2026-04-25T03:14:30.1094395Z Downloading https://repo.maven.apache.org/maven2/com/google/api/grpc/proto-google-common-protos/2.17.0/proto-google-common-protos-2.17.0.pom to /home/runner/.gradle/.tmp/gradle_download1309604723365983699bin
2026-04-25T03:14:30.1096683Z Resource missing. [HTTP GET: https://dl.google.com/dl/android/maven2/io/netty/netty-buffer/4.1.93.Final/netty-buffer-4.1.93.Final.pom]
2026-04-25T03:14:30.1098452Z Resource missing. [HTTP GET: https://dl.google.com/dl/android/maven2/io/netty/netty-codec/4.1.93.Final/netty-codec-4.1.93.Final.pom]
2026-04-25T03:14:30.1100158Z Resource missing. [HTTP GET: https://dl.google.com/dl/android/maven2/io/netty/netty-common/4.1.93.Final/netty-common-4.1.93.Final.pom]
2026-04-25T03:14:30.1102115Z Resource missing. [HTTP GET: https://dl.google.com/dl/android/maven2/io/netty/netty-transport/4.1.93.Final/netty-transport-4.1.93.Final.pom]
2026-04-25T03:14:30.1104148Z Downloading https://repo.maven.apache.org/maven2/io/netty/netty-buffer/4.1.93.Final/netty-buffer-4.1.93.Final.pom to /home/runner/.gradle/.tmp/gradle_download18074584695578449239bin
2026-04-25T03:14:30.1106376Z Downloading https://repo.maven.apache.org/maven2/io/netty/netty-common/4.1.93.Final/netty-common-4.1.93.Final.pom to /home/runner/.gradle/.tmp/gradle_download17221800745538774478bin
2026-04-25T03:14:30.1108625Z Downloading https://repo.maven.apache.org/maven2/io/netty/netty-transport/4.1.93.Final/netty-transport-4.1.93.Final.pom to /home/runner/.gradle/.tmp/gradle_download6516283662808649134bin
2026-04-25T03:14:30.1110817Z Downloading https://repo.maven.apache.org/maven2/io/netty/netty-codec/4.1.93.Final/netty-codec-4.1.93.Final.pom to /home/runner/.gradle/.tmp/gradle_download17385641367812364492bin
2026-04-25T03:14:30.2095438Z Resource missing. [HTTP GET: https://dl.google.com/dl/android/maven2/io/netty/netty-handler/4.1.93.Final/netty-handler-4.1.93.Final.pom]
2026-04-25T03:14:30.2098243Z Resource missing. [HTTP GET: https://dl.google.com/dl/android/maven2/io/netty/netty-codec-http/4.1.93.Final/netty-codec-http-4.1.93.Final.pom]
2026-04-25T03:14:30.2100244Z Downloading https://repo.maven.apache.org/maven2/io/netty/netty-handler/4.1.93.Final/netty-handler-4.1.93.Final.pom to /home/runner/.gradle/.tmp/gradle_download14897591588046503920bin
2026-04-25T03:14:30.2102601Z Downloading https://repo.maven.apache.org/maven2/io/netty/netty-codec-http/4.1.93.Final/netty-codec-http-4.1.93.Final.pom to /home/runner/.gradle/.tmp/gradle_download17440221133073211675bin
2026-04-25T03:14:30.2104550Z Resource missing. [HTTP GET: https://dl.google.com/dl/android/maven2/io/netty/netty-codec-socks/4.1.93.Final/netty-codec-socks-4.1.93.Final.pom]
2026-04-25T03:14:30.2106478Z Downloading https://repo.maven.apache.org/maven2/io/netty/netty-codec-socks/4.1.93.Final/netty-codec-socks-4.1.93.Final.pom to /home/runner/.gradle/.tmp/gradle_download14568143698073610267bin
2026-04-25T03:14:30.3079981Z Resource missing. [HTTP GET: https://dl.google.com/dl/android/maven2/io/netty/netty-resolver/4.1.93.Final/netty-resolver-4.1.93.Final.pom]
2026-04-25T03:14:30.3083876Z Downloading https://repo.maven.apache.org/maven2/io/netty/netty-resolver/4.1.93.Final/netty-resolver-4.1.93.Final.pom to /home/runner/.gradle/.tmp/gradle_download5246766197375562744bin
2026-04-25T03:14:30.3086278Z Downloading https://dl.google.com/dl/android/maven2/com/android/tools/lint/lint-model/31.9.1/lint-model-31.9.1.jar to /home/runner/.gradle/.tmp/gradle_download14425818765188867902bin
2026-04-25T03:14:30.3088824Z Downloading https://dl.google.com/dl/android/maven2/com/android/tools/build/gradle-settings-api/8.9.1/gradle-settings-api-8.9.1.jar to /home/runner/.gradle/.tmp/gradle_download5710983723616985329bin
2026-04-25T03:14:30.4113539Z Downloading https://dl.google.com/dl/android/maven2/com/android/tools/build/builder/8.9.1/builder-8.9.1.jar to /home/runner/.gradle/.tmp/gradle_download12575399718820529306bin
2026-04-25T03:14:30.4116099Z Downloading https://dl.google.com/dl/android/maven2/com/android/tools/build/manifest-merger/31.9.1/manifest-merger-31.9.1.jar to /home/runner/.gradle/.tmp/gradle_download2010945261068732889bin
2026-04-25T03:14:30.4143094Z Downloading https://dl.google.com/dl/android/maven2/com/android/tools/build/gradle/8.9.1/gradle-8.9.1.jar to /home/runner/.gradle/.tmp/gradle_download16219790153588243407bin
2026-04-25T03:14:30.4173209Z Downloading https://dl.google.com/dl/android/maven2/com/android/tools/sdk-common/31.9.1/sdk-common-31.9.1.jar to /home/runner/.gradle/.tmp/gradle_download1089657268929433042bin
2026-04-25T03:14:30.4202959Z Downloading https://dl.google.com/dl/android/maven2/com/android/tools/sdklib/31.9.1/sdklib-31.9.1.jar to /home/runner/.gradle/.tmp/gradle_download7139382123245265008bin
2026-04-25T03:14:30.5226724Z Downloading https://dl.google.com/dl/android/maven2/com/android/tools/repository/31.9.1/repository-31.9.1.jar to /home/runner/.gradle/.tmp/gradle_download14750599431230234371bin
2026-04-25T03:14:30.6113624Z Downloading https://dl.google.com/dl/android/maven2/com/android/tools/build/aaptcompiler/8.9.1/aaptcompiler-8.9.1.jar to /home/runner/.gradle/.tmp/gradle_download5408860164876341241bin
2026-04-25T03:14:30.7113634Z Downloading https://dl.google.com/dl/android/maven2/com/android/tools/analytics-library/tracker/31.9.1/tracker-31.9.1.jar to /home/runner/.gradle/.tmp/gradle_download3449689904019048887bin
2026-04-25T03:14:30.7115832Z Downloading https://dl.google.com/dl/android/maven2/com/android/tools/analytics-library/shared/31.9.1/shared-31.9.1.jar to /home/runner/.gradle/.tmp/gradle_download12541277795545798259bin
2026-04-25T03:14:30.7118084Z Downloading https://dl.google.com/dl/android/maven2/androidx/databinding/databinding-compiler-common/8.9.1/databinding-compiler-common-8.9.1.jar to /home/runner/.gradle/.tmp/gradle_download55847373014436801bin
2026-04-25T03:14:30.7120965Z Downloading https://dl.google.com/dl/android/maven2/com/android/tools/utp/android-test-plugin-host-emulator-control-proto/31.9.1/android-test-plugin-host-emulator-control-proto-31.9.1.jar to /home/runner/.gradle/.tmp/gradle_download13643206581274313355bin
2026-04-25T03:14:30.8151880Z Downloading https://dl.google.com/dl/android/maven2/com/android/tools/utp/android-test-plugin-host-retention-proto/31.9.1/android-test-plugin-host-retention-proto-31.9.1.jar to /home/runner/.gradle/.tmp/gradle_download11345289311527020912bin
2026-04-25T03:14:30.8154593Z Downloading https://dl.google.com/dl/android/maven2/com/android/tools/build/builder-model/8.9.1/builder-model-8.9.1.jar to /home/runner/.gradle/.tmp/gradle_download4509402109568990452bin
2026-04-25T03:14:30.9092082Z Downloading https://dl.google.com/dl/android/maven2/com/android/tools/build/builder-test-api/8.9.1/builder-test-api-8.9.1.jar to /home/runner/.gradle/.tmp/gradle_download17067043176585206062bin
2026-04-25T03:14:30.9101775Z Downloading https://dl.google.com/dl/android/maven2/com/android/tools/build/gradle-api/8.9.1/gradle-api-8.9.1.jar to /home/runner/.gradle/.tmp/gradle_download2485799836912433396bin
2026-04-25T03:14:30.9104421Z Downloading https://dl.google.com/dl/android/maven2/com/android/tools/ddms/ddmlib/31.9.1/ddmlib-31.9.1.jar to /home/runner/.gradle/.tmp/gradle_download570547870156758128bin
2026-04-25T03:14:30.9106747Z Downloading https://dl.google.com/dl/android/maven2/com/android/tools/layoutlib/layoutlib-api/31.9.1/layoutlib-api-31.9.1.jar to /home/runner/.gradle/.tmp/gradle_download14423768014456831210bin
2026-04-25T03:14:30.9109008Z Downloading https://dl.google.com/dl/android/maven2/com/android/tools/dvlib/31.9.1/dvlib-31.9.1.jar to /home/runner/.gradle/.tmp/gradle_download157023956187380076bin
2026-04-25T03:14:31.0087206Z Downloading https://dl.google.com/dl/android/maven2/com/android/tools/build/jetifier/jetifier-processor/1.0.0-beta10/jetifier-processor-1.0.0-beta10.jar to /home/runner/.gradle/.tmp/gradle_download9744876972524078103bin
2026-04-25T03:14:31.0090758Z Downloading https://repo.maven.apache.org/maven2/org/jetbrains/kotlin/kotlin-stdlib-jdk8/2.1.0/kotlin-stdlib-jdk8-2.1.0.jar to /home/runner/.gradle/.tmp/gradle_download5882319724810284204bin
2026-04-25T03:14:31.0093431Z Downloading https://dl.google.com/dl/android/maven2/com/android/tools/common/31.9.1/common-31.9.1.jar to /home/runner/.gradle/.tmp/gradle_download8673268546334180277bin
2026-04-25T03:14:31.0096438Z Downloading https://repo.maven.apache.org/maven2/com/google/devtools/ksp/symbol-processing-gradle-plugin/2.0.0-1.0.24/symbol-processing-gradle-plugin-2.0.0-1.0.24.jar to /home/runner/.gradle/.tmp/gradle_download6963868988446551673bin
2026-04-25T03:14:31.0099387Z Downloading https://repo.maven.apache.org/maven2/com/google/devtools/ksp/symbol-processing-api/2.0.0-1.0.24/symbol-processing-api-2.0.0-1.0.24.jar to /home/runner/.gradle/.tmp/gradle_download10584870227906216574bin
2026-04-25T03:14:31.0102099Z Downloading https://dl.google.com/dl/android/maven2/com/android/tools/build/jetifier/jetifier-core/1.0.0-beta10/jetifier-core-1.0.0-beta10.jar to /home/runner/.gradle/.tmp/gradle_download424154025004092838bin
2026-04-25T03:14:31.1082038Z Downloading https://repo.maven.apache.org/maven2/com/google/devtools/ksp/symbol-processing-common-deps/2.0.0-1.0.24/symbol-processing-common-deps-2.0.0-1.0.24.jar to /home/runner/.gradle/.tmp/gradle_download1930342366037649583bin
2026-04-25T03:14:31.1088015Z Downloading https://repo.maven.apache.org/maven2/org/jetbrains/kotlin/kotlin-reflect/2.0.20/kotlin-reflect-2.0.20.jar to /home/runner/.gradle/.tmp/gradle_download3552665390370861383bin
2026-04-25T03:14:31.1090438Z Downloading https://repo.maven.apache.org/maven2/org/jetbrains/kotlin/kotlin-stdlib-jdk7/2.1.0/kotlin-stdlib-jdk7-2.1.0.jar to /home/runner/.gradle/.tmp/gradle_download3246567953846349051bin
2026-04-25T03:14:31.1092969Z Downloading https://repo.maven.apache.org/maven2/org/jetbrains/kotlin/kotlin-stdlib/2.0.20/kotlin-stdlib-2.0.20.jar to /home/runner/.gradle/.tmp/gradle_download13100130062317689520bin
2026-04-25T03:14:31.1095136Z Downloading https://repo.maven.apache.org/maven2/org/jetbrains/annotations/13.0/annotations-13.0.jar to /home/runner/.gradle/.tmp/gradle_download16643519415254472985bin
2026-04-25T03:14:31.1097528Z Downloading https://repo.maven.apache.org/maven2/org/jetbrains/kotlin/kotlin-gradle-plugin-api/2.0.0/kotlin-gradle-plugin-api-2.0.0.jar to /home/runner/.gradle/.tmp/gradle_download6367303043152009013bin
2026-04-25T03:14:31.1100161Z Downloading https://repo.maven.apache.org/maven2/org/jetbrains/kotlin/kotlin-gradle-plugin-model/2.0.0/kotlin-gradle-plugin-model-2.0.0.jar to /home/runner/.gradle/.tmp/gradle_download862763925480127052bin
2026-04-25T03:14:31.1103548Z Downloading https://repo.maven.apache.org/maven2/org/jetbrains/kotlin/kotlin-gradle-plugin-api/2.0.0/kotlin-gradle-plugin-api-2.0.0-gradle85.jar to /home/runner/.gradle/.tmp/gradle_download10198050233314699378bin
2026-04-25T03:14:31.2080828Z Downloading https://repo.maven.apache.org/maven2/org/jetbrains/kotlin/compose-compiler-gradle-plugin/2.0.0/compose-compiler-gradle-plugin-2.0.0-gradle85.jar to /home/runner/.gradle/.tmp/gradle_download11048949340674710242bin
2026-04-25T03:14:31.2085179Z Downloading https://repo.maven.apache.org/maven2/org/jetbrains/kotlin/kotlin-gradle-plugin/2.0.0/kotlin-gradle-plugin-2.0.0-gradle85.jar to /home/runner/.gradle/.tmp/gradle_download4251063134903704157bin
2026-04-25T03:14:31.2087700Z Downloading https://dl.google.com/dl/android/maven2/com/android/tools/build/aapt2-proto/8.9.1-12782657/aapt2-proto-8.9.1-12782657.jar to /home/runner/.gradle/.tmp/gradle_download859321473333373869bin
2026-04-25T03:14:31.2090084Z Downloading https://dl.google.com/dl/android/maven2/com/android/tools/analytics-library/crash/31.9.1/crash-31.9.1.jar to /home/runner/.gradle/.tmp/gradle_download16044678926478070267bin
2026-04-25T03:14:31.3085966Z Downloading https://dl.google.com/dl/android/maven2/com/android/tools/build/bundletool/1.17.2/bundletool-1.17.2.jar to /home/runner/.gradle/.tmp/gradle_download17754070440822240594bin
2026-04-25T03:14:31.3089037Z Downloading https://dl.google.com/dl/android/maven2/com/android/databinding/baseLibrary/8.9.1/baseLibrary-8.9.1.jar to /home/runner/.gradle/.tmp/gradle_download17487218548405641300bin
2026-04-25T03:14:31.3091205Z Downloading https://dl.google.com/dl/android/maven2/androidx/databinding/databinding-common/8.9.1/databinding-common-8.9.1.jar to /home/runner/.gradle/.tmp/gradle_download4709068188971510679bin
2026-04-25T03:14:31.3094227Z Downloading https://dl.google.com/dl/android/maven2/com/android/tools/utp/android-device-provider-ddmlib-proto/31.9.1/android-device-provider-ddmlib-proto-31.9.1.jar to /home/runner/.gradle/.tmp/gradle_download17156231031743940564bin
2026-04-25T03:14:31.3097369Z Downloading https://dl.google.com/dl/android/maven2/com/android/tools/utp/android-device-provider-gradle-proto/31.9.1/android-device-provider-gradle-proto-31.9.1.jar to /home/runner/.gradle/.tmp/gradle_download8074123997636332565bin
2026-04-25T03:14:31.3099994Z Downloading https://dl.google.com/dl/android/maven2/com/android/tools/lint/lint-typedef-remover/31.9.1/lint-typedef-remover-31.9.1.jar to /home/runner/.gradle/.tmp/gradle_download11949984587632850288bin
2026-04-25T03:14:31.3103020Z Downloading https://dl.google.com/dl/android/maven2/com/android/tools/utp/android-test-plugin-host-additional-test-output-proto/31.9.1/android-test-plugin-host-additional-test-output-proto-31.9.1.jar to /home/runner/.gradle/.tmp/gradle_download2528837386540542328bin
2026-04-25T03:14:31.3107655Z Downloading https://dl.google.com/dl/android/maven2/com/android/tools/utp/android-device-provider-profile-proto/31.9.1/android-device-provider-profile-proto-31.9.1.jar to /home/runner/.gradle/.tmp/gradle_download7152605850131154630bin
2026-04-25T03:14:31.3110791Z Downloading https://dl.google.com/dl/android/maven2/com/android/tools/utp/android-test-plugin-host-logcat-proto/31.9.1/android-test-plugin-host-logcat-proto-31.9.1.jar to /home/runner/.gradle/.tmp/gradle_download15661477879539324298bin
2026-04-25T03:14:31.3114914Z Downloading https://dl.google.com/dl/android/maven2/com/android/tools/utp/android-test-plugin-host-coverage-proto/31.9.1/android-test-plugin-host-coverage-proto-31.9.1.jar to /home/runner/.gradle/.tmp/gradle_download9781391527054980323bin
2026-04-25T03:14:31.3146733Z Downloading https://dl.google.com/dl/android/maven2/com/android/tools/utp/android-test-plugin-host-apk-installer-proto/31.9.1/android-test-plugin-host-apk-installer-proto-31.9.1.jar to /home/runner/.gradle/.tmp/gradle_download17772806093422170366bin
2026-04-25T03:14:31.4116618Z Downloading https://repo.maven.apache.org/maven2/org/apache/httpcomponents/httpmime/4.5.6/httpmime-4.5.6.jar to /home/runner/.gradle/.tmp/gradle_download17390088267182890747bin
2026-04-25T03:14:31.4153103Z Downloading https://dl.google.com/dl/android/maven2/com/android/tools/build/transform-api/2.0.0-deprecated-use-gradle-api/transform-api-2.0.0-deprecated-use-gradle-api.jar to /home/runner/.gradle/.tmp/gradle_download10066878907684051474bin
2026-04-25T03:14:31.4179973Z Downloading https://repo.maven.apache.org/maven2/org/ow2/asm/asm-commons/9.7/asm-commons-9.7.jar to /home/runner/.gradle/.tmp/gradle_download16118984793848295069bin
2026-04-25T03:14:31.4202985Z Downloading https://repo.maven.apache.org/maven2/commons-io/commons-io/2.16.1/commons-io-2.16.1.jar to /home/runner/.gradle/.tmp/gradle_download4547459326657448285bin
2026-04-25T03:14:31.4205486Z Downloading https://dl.google.com/dl/android/maven2/com/android/tools/utp/android-test-plugin-result-listener-gradle-proto/31.9.1/android-test-plugin-result-listener-gradle-proto-31.9.1.jar to /home/runner/.gradle/.tmp/gradle_download16947821209451390264bin
2026-04-25T03:14:31.4207210Z Downloading https://repo.maven.apache.org/maven2/org/ow2/asm/asm-util/9.7/asm-util-9.7.jar to /home/runner/.gradle/.tmp/gradle_download15502346366811510600bin
2026-04-25T03:14:31.4208273Z Downloading https://repo.maven.apache.org/maven2/org/ow2/asm/asm-analysis/9.7/asm-analysis-9.7.jar to /home/runner/.gradle/.tmp/gradle_download2846285758725173022bin
2026-04-25T03:14:31.4209325Z Downloading https://repo.maven.apache.org/maven2/org/ow2/asm/asm-tree/9.7/asm-tree-9.7.jar to /home/runner/.gradle/.tmp/gradle_download11726712463173010064bin
2026-04-25T03:14:31.4210257Z Downloading https://repo.maven.apache.org/maven2/org/ow2/asm/asm/9.7/asm-9.7.jar to /home/runner/.gradle/.tmp/gradle_download14388582046337153807bin
2026-04-25T03:14:31.4211256Z Downloading https://dl.google.com/dl/android/maven2/com/android/tools/build/apkzlib/8.9.1/apkzlib-8.9.1.jar to /home/runner/.gradle/.tmp/gradle_download16520712779850774375bin
2026-04-25T03:14:31.4213240Z Downloading https://repo.maven.apache.org/maven2/org/bouncycastle/bcpkix-jdk18on/1.79/bcpkix-jdk18on-1.79.jar to /home/runner/.gradle/.tmp/gradle_download5730819813552938989bin
2026-04-25T03:14:31.5083466Z Downloading https://repo.maven.apache.org/maven2/org/glassfish/jaxb/jaxb-runtime/2.3.2/jaxb-runtime-2.3.2.jar to /home/runner/.gradle/.tmp/gradle_download15604195565151200092bin
2026-04-25T03:14:31.5089906Z Downloading https://repo.maven.apache.org/maven2/net/sf/jopt-simple/jopt-simple/4.9/jopt-simple-4.9.jar to /home/runner/.gradle/.tmp/gradle_download12191926774262287288bin
2026-04-25T03:14:31.5091783Z Downloading https://repo.maven.apache.org/maven2/com/squareup/javapoet/1.10.0/javapoet-1.10.0.jar to /home/runner/.gradle/.tmp/gradle_download9659932496625112767bin
2026-04-25T03:14:31.5093776Z Downloading https://repo.maven.apache.org/maven2/com/google/protobuf/protobuf-java-util/3.22.3/protobuf-java-util-3.22.3.jar to /home/runner/.gradle/.tmp/gradle_download12355820515895953868bin
2026-04-25T03:14:31.5095431Z Downloading https://repo.maven.apache.org/maven2/com/google/crypto/tink/tink/1.7.0/tink-1.7.0.jar to /home/runner/.gradle/.tmp/gradle_download17516964301258022991bin
2026-04-25T03:14:31.5096791Z Downloading https://dl.google.com/dl/android/maven2/com/android/tools/analytics-library/protos/31.9.1/protos-31.9.1.jar to /home/runner/.gradle/.tmp/gradle_download852105088286678360bin
2026-04-25T03:14:31.5098235Z Downloading https://dl.google.com/dl/android/maven2/com/google/testing/platform/core-proto/0.0.9-alpha03/core-proto-0.0.9-alpha03.jar to /home/runner/.gradle/.tmp/gradle_download2838364305551862165bin
2026-04-25T03:14:31.5099402Z Downloading https://repo.maven.apache.org/maven2/io/grpc/grpc-protobuf/1.57.2/grpc-protobuf-1.57.2.jar to /home/runner/.gradle/.tmp/gradle_download3389135642372566576bin
2026-04-25T03:14:31.6103586Z Downloading https://repo.maven.apache.org/maven2/com/google/protobuf/protobuf-java/3.24.4/protobuf-java-3.24.4.jar to /home/runner/.gradle/.tmp/gradle_download441128249998932549bin
2026-04-25T03:14:31.6123687Z Downloading https://repo.maven.apache.org/maven2/com/google/api/grpc/proto-google-common-protos/2.17.0/proto-google-common-protos-2.17.0.jar to /home/runner/.gradle/.tmp/gradle_download5435933541320875232bin
2026-04-25T03:14:31.6139200Z Downloading https://repo.maven.apache.org/maven2/org/jetbrains/kotlin/kotlin-build-statistics/2.0.0/kotlin-build-statistics-2.0.0.jar to /home/runner/.gradle/.tmp/gradle_download7304580983380292604bin
2026-04-25T03:14:31.6162660Z Downloading https://repo.maven.apache.org/maven2/io/grpc/grpc-netty/1.57.2/grpc-netty-1.57.2.jar to /home/runner/.gradle/.tmp/gradle_download8609983872487815950bin
2026-04-25T03:14:31.6164932Z Downloading https://repo.maven.apache.org/maven2/io/grpc/grpc-core/1.57.2/grpc-core-1.57.2.jar to /home/runner/.gradle/.tmp/gradle_download18100492394157692602bin
2026-04-25T03:14:31.6166826Z Downloading https://repo.maven.apache.org/maven2/com/google/code/gson/gson/2.10.1/gson-2.10.1.jar to /home/runner/.gradle/.tmp/gradle_download7284504511664646777bin
2026-04-25T03:14:31.6168680Z Downloading https://repo.maven.apache.org/maven2/io/grpc/grpc-stub/1.57.2/grpc-stub-1.57.2.jar to /home/runner/.gradle/.tmp/gradle_download13182638140676424535bin
2026-04-25T03:14:31.6170789Z Downloading https://repo.maven.apache.org/maven2/com/google/flatbuffers/flatbuffers-java/1.12.0/flatbuffers-java-1.12.0.jar to /home/runner/.gradle/.tmp/gradle_download463770528375937624bin
2026-04-25T03:14:31.6174159Z Downloading https://repo.maven.apache.org/maven2/org/tensorflow/tensorflow-lite-metadata/0.2.0/tensorflow-lite-metadata-0.2.0.jar to /home/runner/.gradle/.tmp/gradle_download17054793243578840844bin
2026-04-25T03:14:31.6177408Z Downloading https://repo.maven.apache.org/maven2/org/jetbrains/kotlin/kotlin-gradle-plugin-idea-proto/2.0.0/kotlin-gradle-plugin-idea-proto-2.0.0.jar to /home/runner/.gradle/.tmp/gradle_download16427716997872354324bin
2026-04-25T03:14:31.7104255Z Downloading https://repo.maven.apache.org/maven2/org/jetbrains/kotlin/kotlin-gradle-plugin-idea/2.0.0/kotlin-gradle-plugin-idea-2.0.0.jar to /home/runner/.gradle/.tmp/gradle_download11632462465943667392bin
2026-04-25T03:14:31.7133507Z Downloading https://repo.maven.apache.org/maven2/org/jetbrains/kotlin/kotlin-klib-commonizer-api/2.0.0/kotlin-klib-commonizer-api-2.0.0.jar to /home/runner/.gradle/.tmp/gradle_download15380423017196109351bin
2026-04-25T03:14:31.7160627Z Downloading https://repo.maven.apache.org/maven2/org/jetbrains/kotlin/kotlin-build-tools-api/2.0.0/kotlin-build-tools-api-2.0.0.jar to /home/runner/.gradle/.tmp/gradle_download4237513486710462372bin
2026-04-25T03:14:31.7211419Z Downloading https://repo.maven.apache.org/maven2/org/jetbrains/kotlin/kotlin-compiler-runner/2.0.0/kotlin-compiler-runner-2.0.0.jar to /home/runner/.gradle/.tmp/gradle_download15633223527748446666bin
2026-04-25T03:14:31.7221253Z Downloading https://repo.maven.apache.org/maven2/org/jetbrains/kotlin/kotlin-native-utils/2.0.0/kotlin-native-utils-2.0.0.jar to /home/runner/.gradle/.tmp/gradle_download2694443442958775568bin
2026-04-25T03:14:31.7249488Z Downloading https://repo.maven.apache.org/maven2/org/jetbrains/kotlin/kotlin-util-klib/2.0.0/kotlin-util-klib-2.0.0.jar to /home/runner/.gradle/.tmp/gradle_download2072930921249952477bin
2026-04-25T03:14:31.7282895Z Downloading https://repo.maven.apache.org/maven2/com/google/jimfs/jimfs/1.1/jimfs-1.1.jar to /home/runner/.gradle/.tmp/gradle_download9610046656098236678bin
2026-04-25T03:14:31.7305295Z Downloading https://repo.maven.apache.org/maven2/org/jetbrains/kotlin/kotlin-compiler-embeddable/2.0.0/kotlin-compiler-embeddable-2.0.0.jar to /home/runner/.gradle/.tmp/gradle_download5142391501354098550bin
2026-04-25T03:14:31.7323178Z Downloading https://repo.maven.apache.org/maven2/io/grpc/grpc-context/1.57.2/grpc-context-1.57.2.jar to /home/runner/.gradle/.tmp/gradle_download8206783123436801462bin
2026-04-25T03:14:31.7325305Z Downloading https://repo.maven.apache.org/maven2/io/grpc/grpc-protobuf-lite/1.57.2/grpc-protobuf-lite-1.57.2.jar to /home/runner/.gradle/.tmp/gradle_download12127509206878063911bin
2026-04-25T03:14:31.7327351Z Downloading https://repo.maven.apache.org/maven2/io/grpc/grpc-api/1.57.2/grpc-api-1.57.2.jar to /home/runner/.gradle/.tmp/gradle_download11462153697335339572bin
2026-04-25T03:14:31.8114055Z Downloading https://repo.maven.apache.org/maven2/com/google/guava/guava/32.0.1-jre/guava-32.0.1-jre.jar to /home/runner/.gradle/.tmp/gradle_download9407577088737883704bin
2026-04-25T03:14:31.8141189Z Downloading https://repo.maven.apache.org/maven2/com/google/dagger/dagger/2.28.3/dagger-2.28.3.jar to /home/runner/.gradle/.tmp/gradle_download5109471584461722493bin
2026-04-25T03:14:31.8153269Z Downloading https://repo.maven.apache.org/maven2/net/sf/kxml/kxml2/2.3.0/kxml2-2.3.0.jar to /home/runner/.gradle/.tmp/gradle_download5649577624151436695bin
2026-04-25T03:14:31.8176510Z Downloading https://repo.maven.apache.org/maven2/javax/inject/javax.inject/1/javax.inject-1.jar to /home/runner/.gradle/.tmp/gradle_download3178641545443803639bin
2026-04-25T03:14:31.8223069Z Downloading https://repo.maven.apache.org/maven2/org/bouncycastle/bcutil-jdk18on/1.79/bcutil-jdk18on-1.79.jar to /home/runner/.gradle/.tmp/gradle_download41157111226618977bin
2026-04-25T03:14:31.8233043Z Downloading https://repo.maven.apache.org/maven2/org/bouncycastle/bcprov-jdk18on/1.79/bcprov-jdk18on-1.79.jar to /home/runner/.gradle/.tmp/gradle_download9842769674168191667bin
2026-04-25T03:14:31.8263357Z Downloading https://repo.maven.apache.org/maven2/org/apache/commons/commons-compress/1.21/commons-compress-1.21.jar to /home/runner/.gradle/.tmp/gradle_download14443327894855043569bin
2026-04-25T03:14:31.8292854Z Downloading https://repo.maven.apache.org/maven2/org/apache/httpcomponents/httpclient/4.5.14/httpclient-4.5.14.jar to /home/runner/.gradle/.tmp/gradle_download4749980419794643936bin
2026-04-25T03:14:31.8342308Z Downloading https://repo.maven.apache.org/maven2/org/apache/httpcomponents/httpcore/4.4.16/httpcore-4.4.16.jar to /home/runner/.gradle/.tmp/gradle_download10095412146802500585bin
2026-04-25T03:14:31.8348773Z Downloading https://repo.maven.apache.org/maven2/com/sun/activation/javax.activation/1.2.0/javax.activation-1.2.0.jar to /home/runner/.gradle/.tmp/gradle_download6682238127671741381bin
2026-04-25T03:14:31.9082452Z Downloading https://dl.google.com/dl/android/maven2/com/android/zipflinger/8.9.1/zipflinger-8.9.1.jar to /home/runner/.gradle/.tmp/gradle_download2208824041805228458bin
2026-04-25T03:14:31.9084460Z Downloading https://repo.maven.apache.org/maven2/net/java/dev/jna/jna-platform/5.6.0/jna-platform-5.6.0.jar to /home/runner/.gradle/.tmp/gradle_download1089896565173314960bin
2026-04-25T03:14:31.9086416Z Downloading https://dl.google.com/dl/android/maven2/com/android/tools/annotations/31.9.1/annotations-31.9.1.jar to /home/runner/.gradle/.tmp/gradle_download4681884562931915942bin
2026-04-25T03:14:31.9088304Z Downloading https://dl.google.com/dl/android/maven2/com/android/signflinger/8.9.1/signflinger-8.9.1.jar to /home/runner/.gradle/.tmp/gradle_download12955688259058034450bin
2026-04-25T03:14:31.9090360Z Downloading https://repo.maven.apache.org/maven2/com/googlecode/juniversalchardet/juniversalchardet/1.0.3/juniversalchardet-1.0.3.jar to /home/runner/.gradle/.tmp/gradle_download13872778141016567483bin
2026-04-25T03:14:31.9092791Z Downloading https://repo.maven.apache.org/maven2/javax/annotation/javax.annotation-api/1.3.2/javax.annotation-api-1.3.2.jar to /home/runner/.gradle/.tmp/gradle_download10114063198568017523bin
2026-04-25T03:14:31.9094717Z Downloading https://repo.maven.apache.org/maven2/org/jvnet/staxex/stax-ex/1.8.1/stax-ex-1.8.1.jar to /home/runner/.gradle/.tmp/gradle_download14179164415079724793bin
2026-04-25T03:14:31.9096614Z Downloading https://repo.maven.apache.org/maven2/jakarta/xml/bind/jakarta.xml.bind-api/2.3.2/jakarta.xml.bind-api-2.3.2.jar to /home/runner/.gradle/.tmp/gradle_download5466534577116392275bin
2026-04-25T03:14:31.9098470Z Downloading https://repo.maven.apache.org/maven2/org/glassfish/jaxb/txw2/2.3.2/txw2-2.3.2.jar to /home/runner/.gradle/.tmp/gradle_download10169518096509245078bin
2026-04-25T03:14:31.9100369Z Downloading https://repo.maven.apache.org/maven2/com/sun/istack/istack-commons-runtime/3.0.8/istack-commons-runtime-3.0.8.jar to /home/runner/.gradle/.tmp/gradle_download11260225168126460931bin
2026-04-25T03:14:31.9102573Z Downloading https://repo.maven.apache.org/maven2/com/sun/xml/fastinfoset/FastInfoset/1.2.16/FastInfoset-1.2.16.jar to /home/runner/.gradle/.tmp/gradle_download1761031383356711399bin
2026-04-25T03:14:32.0080073Z Downloading https://repo.maven.apache.org/maven2/com/google/errorprone/error_prone_annotations/2.18.0/error_prone_annotations-2.18.0.jar to /home/runner/.gradle/.tmp/gradle_download2310286454980858985bin
2026-04-25T03:14:32.0081965Z Downloading https://repo.maven.apache.org/maven2/jakarta/activation/jakarta.activation-api/1.2.1/jakarta.activation-api-1.2.1.jar to /home/runner/.gradle/.tmp/gradle_download2777418973394007192bin
2026-04-25T03:14:32.0083350Z Downloading https://repo.maven.apache.org/maven2/com/google/auto/value/auto-value-annotations/1.6.2/auto-value-annotations-1.6.2.jar to /home/runner/.gradle/.tmp/gradle_download64211081773155215bin
2026-04-25T03:14:32.0084536Z Downloading https://repo.maven.apache.org/maven2/org/bitbucket/b_c/jose4j/0.9.5/jose4j-0.9.5.jar to /home/runner/.gradle/.tmp/gradle_download10294700133925689984bin
2026-04-25T03:14:32.0085508Z Downloading https://repo.maven.apache.org/maven2/org/jdom/jdom2/2.0.6/jdom2-2.0.6.jar to /home/runner/.gradle/.tmp/gradle_download9115296738127560409bin
2026-04-25T03:14:32.0086490Z Downloading https://repo.maven.apache.org/maven2/com/google/code/findbugs/jsr305/3.0.2/jsr305-3.0.2.jar to /home/runner/.gradle/.tmp/gradle_download16733421337089562290bin
2026-04-25T03:14:32.0087506Z Downloading https://repo.maven.apache.org/maven2/org/slf4j/slf4j-api/1.7.30/slf4j-api-1.7.30.jar to /home/runner/.gradle/.tmp/gradle_download10825025431791879918bin
2026-04-25T03:14:32.0088568Z Downloading https://repo.maven.apache.org/maven2/com/google/j2objc/j2objc-annotations/2.8/j2objc-annotations-2.8.jar to /home/runner/.gradle/.tmp/gradle_download17636953046225645894bin
2026-04-25T03:14:32.1080339Z Downloading https://repo.maven.apache.org/maven2/org/checkerframework/checker-qual/3.33.0/checker-qual-3.33.0.jar to /home/runner/.gradle/.tmp/gradle_download12504565466859850340bin
2026-04-25T03:14:32.1082957Z Downloading https://dl.google.com/dl/android/maven2/com/android/tools/build/apksig/8.9.1/apksig-8.9.1.jar to /home/runner/.gradle/.tmp/gradle_download13853353205085684297bin
2026-04-25T03:14:32.1085118Z Downloading https://repo.maven.apache.org/maven2/org/jetbrains/kotlin/kotlin-gradle-plugin-annotations/2.0.0/kotlin-gradle-plugin-annotations-2.0.0.jar to /home/runner/.gradle/.tmp/gradle_download15890764843644822970bin
2026-04-25T03:14:32.1087162Z Downloading https://repo.maven.apache.org/maven2/com/squareup/javawriter/2.5.0/javawriter-2.5.0.jar to /home/runner/.gradle/.tmp/gradle_download11146926099634578833bin
2026-04-25T03:14:32.1089008Z Downloading https://repo.maven.apache.org/maven2/org/jetbrains/kotlin/kotlin-tooling-core/2.0.0/kotlin-tooling-core-2.0.0.jar to /home/runner/.gradle/.tmp/gradle_download16460938533971157277bin
2026-04-25T03:14:32.1090925Z Downloading https://repo.maven.apache.org/maven2/org/jetbrains/kotlinx/kotlinx-coroutines-core-jvm/1.5.0/kotlinx-coroutines-core-jvm-1.5.0.jar to /home/runner/.gradle/.tmp/gradle_download4491947039131310369bin
2026-04-25T03:14:32.1092554Z Downloading https://repo.maven.apache.org/maven2/org/jetbrains/kotlin/kotlin-daemon-client/2.0.0/kotlin-daemon-client-2.0.0.jar to /home/runner/.gradle/.tmp/gradle_download4159949875780092282bin
2026-04-25T03:14:32.1093783Z Downloading https://repo.maven.apache.org/maven2/org/jetbrains/kotlin/kotlin-util-io/2.0.0/kotlin-util-io-2.0.0.jar to /home/runner/.gradle/.tmp/gradle_download14361330960037358690bin
2026-04-25T03:14:32.1095111Z Downloading https://repo.maven.apache.org/maven2/org/jetbrains/kotlin/kotlin-daemon-embeddable/2.0.0/kotlin-daemon-embeddable-2.0.0.jar to /home/runner/.gradle/.tmp/gradle_download16994423802945835596bin
2026-04-25T03:14:32.1096390Z Downloading https://repo.maven.apache.org/maven2/org/jetbrains/intellij/deps/trove4j/1.0.20200330/trove4j-1.0.20200330.jar to /home/runner/.gradle/.tmp/gradle_download11518327833182763552bin
2026-04-25T03:14:32.1097565Z Downloading https://repo.maven.apache.org/maven2/com/google/guava/failureaccess/1.0.1/failureaccess-1.0.1.jar to /home/runner/.gradle/.tmp/gradle_download14433310584240797828bin
2026-04-25T03:14:32.1099541Z Downloading https://repo.maven.apache.org/maven2/com/google/guava/listenablefuture/9999.0-empty-to-avoid-conflict-with-guava/listenablefuture-9999.0-empty-to-avoid-conflict-with-guava.jar to /home/runner/.gradle/.tmp/gradle_download17750271040814211546bin
2026-04-25T03:14:32.1101423Z Downloading https://repo.maven.apache.org/maven2/commons-logging/commons-logging/1.2/commons-logging-1.2.jar to /home/runner/.gradle/.tmp/gradle_download17977919172039257602bin
2026-04-25T03:14:32.1102786Z Downloading https://repo.maven.apache.org/maven2/commons-codec/commons-codec/1.11/commons-codec-1.11.jar to /home/runner/.gradle/.tmp/gradle_download18422471706222878924bin
2026-04-25T03:14:32.1103802Z Downloading https://repo.maven.apache.org/maven2/net/java/dev/jna/jna/5.6.0/jna-5.6.0.jar to /home/runner/.gradle/.tmp/gradle_download11187823703921837729bin
2026-04-25T03:14:32.1104934Z Downloading https://repo.maven.apache.org/maven2/org/codehaus/mojo/animal-sniffer-annotations/1.23/animal-sniffer-annotations-1.23.jar to /home/runner/.gradle/.tmp/gradle_download17004087138273651782bin
2026-04-25T03:14:32.1106170Z Downloading https://repo.maven.apache.org/maven2/com/google/android/annotations/4.1.1.4/annotations-4.1.1.4.jar to /home/runner/.gradle/.tmp/gradle_download14095647779599582525bin
2026-04-25T03:14:32.2080063Z Downloading https://repo.maven.apache.org/maven2/io/perfmark/perfmark-api/0.26.0/perfmark-api-0.26.0.jar to /home/runner/.gradle/.tmp/gradle_download12373829972305576545bin
2026-04-25T03:14:32.2081977Z Downloading https://repo.maven.apache.org/maven2/io/netty/netty-handler-proxy/4.1.93.Final/netty-handler-proxy-4.1.93.Final.jar to /home/runner/.gradle/.tmp/gradle_download2431491751949705478bin
2026-04-25T03:14:32.2083302Z Downloading https://repo.maven.apache.org/maven2/io/netty/netty-codec-http/4.1.93.Final/netty-codec-http-4.1.93.Final.jar to /home/runner/.gradle/.tmp/gradle_download11863574747631290024bin
2026-04-25T03:14:32.2084541Z Downloading https://repo.maven.apache.org/maven2/io/netty/netty-codec-http2/4.1.93.Final/netty-codec-http2-4.1.93.Final.jar to /home/runner/.gradle/.tmp/gradle_download16313929628959290961bin
2026-04-25T03:14:32.2085754Z Downloading https://repo.maven.apache.org/maven2/io/netty/netty-handler/4.1.93.Final/netty-handler-4.1.93.Final.jar to /home/runner/.gradle/.tmp/gradle_download3457014525988363458bin
2026-04-25T03:14:32.2087072Z Downloading https://repo.maven.apache.org/maven2/io/netty/netty-transport-native-unix-common/4.1.93.Final/netty-transport-native-unix-common-4.1.93.Final.jar to /home/runner/.gradle/.tmp/gradle_download13234976294504681019bin
2026-04-25T03:14:32.2088428Z Downloading https://repo.maven.apache.org/maven2/io/netty/netty-codec-socks/4.1.93.Final/netty-codec-socks-4.1.93.Final.jar to /home/runner/.gradle/.tmp/gradle_download8065908707922174919bin
2026-04-25T03:14:32.2089559Z Downloading https://repo.maven.apache.org/maven2/io/netty/netty-codec/4.1.93.Final/netty-codec-4.1.93.Final.jar to /home/runner/.gradle/.tmp/gradle_download2955094554335866536bin
2026-04-25T03:14:32.2090672Z Downloading https://repo.maven.apache.org/maven2/io/netty/netty-buffer/4.1.93.Final/netty-buffer-4.1.93.Final.jar to /home/runner/.gradle/.tmp/gradle_download6778085274845836486bin
2026-04-25T03:14:32.2091995Z Downloading https://repo.maven.apache.org/maven2/io/netty/netty-transport/4.1.93.Final/netty-transport-4.1.93.Final.jar to /home/runner/.gradle/.tmp/gradle_download3181274627157587426bin
2026-04-25T03:14:32.2093192Z Downloading https://repo.maven.apache.org/maven2/io/netty/netty-resolver/4.1.93.Final/netty-resolver-4.1.93.Final.jar to /home/runner/.gradle/.tmp/gradle_download15787991866483393155bin
2026-04-25T03:14:32.2094307Z Downloading https://repo.maven.apache.org/maven2/io/netty/netty-common/4.1.93.Final/netty-common-4.1.93.Final.jar to /home/runner/.gradle/.tmp/gradle_download12685215514349568362bin
2026-04-25T03:14:32.2095212Z Transforming gradle-8.9.1.jar (com.android.tools.build:gradle:8.9.1) with InstrumentationAnalysisTransform
2026-04-25T03:14:32.3089223Z Transforming gradle-settings-api-8.9.1.jar (com.android.tools.build:gradle-settings-api:8.9.1) with InstrumentationAnalysisTransform
2026-04-25T03:14:32.3093789Z Transforming lint-model-31.9.1.jar (com.android.tools.lint:lint-model:31.9.1) with InstrumentationAnalysisTransform
2026-04-25T03:14:32.3095196Z Transforming builder-8.9.1.jar (com.android.tools.build:builder:8.9.1) with InstrumentationAnalysisTransform
2026-04-25T03:14:32.3097119Z Caching disabled for InstrumentationAnalysisTransform: /home/runner/.gradle/caches/modules-2/files-2.1/com.android.tools.build/gradle/8.9.1/4e50fe7802406421df7b7165d5a8bcbb2762ff0f/gradle-8.9.1.jar because:
2026-04-25T03:14:32.3098552Z   Caching not enabled.
2026-04-25T03:14:32.3100011Z Caching disabled for InstrumentationAnalysisTransform: /home/runner/.gradle/caches/modules-2/files-2.1/com.android.tools.lint/lint-model/31.9.1/1e15e71bfecaf8d7cbc2dd29762280df16378ee8/lint-model-31.9.1.jar because:
2026-04-25T03:14:32.3101753Z   Caching not enabled.
2026-04-25T03:14:32.3103388Z Caching disabled for InstrumentationAnalysisTransform: /home/runner/.gradle/caches/modules-2/files-2.1/com.android.tools.build/gradle-settings-api/8.9.1/6438456029f4f606fde6e7e0019d2fb02d263601/gradle-settings-api-8.9.1.jar because:
2026-04-25T03:14:32.3105029Z   Caching not enabled.
2026-04-25T03:14:32.3105988Z Transforming manifest-merger-31.9.1.jar (com.android.tools.build:manifest-merger:31.9.1) with InstrumentationAnalysisTransform
2026-04-25T03:14:32.3107436Z Transforming sdk-common-31.9.1.jar (com.android.tools:sdk-common:31.9.1) with InstrumentationAnalysisTransform
2026-04-25T03:14:32.3108710Z Transforming sdklib-31.9.1.jar (com.android.tools:sdklib:31.9.1) with InstrumentationAnalysisTransform
2026-04-25T03:14:32.3110613Z Caching disabled for InstrumentationAnalysisTransform: /home/runner/.gradle/caches/modules-2/files-2.1/com.android.tools.build/builder/8.9.1/5dfef4d0bb66f0f2df305d0dbfe1dc014c2ceca4/builder-8.9.1.jar because:
2026-04-25T03:14:32.3112235Z   Caching not enabled.
2026-04-25T03:14:32.3113697Z Caching disabled for InstrumentationAnalysisTransform: /home/runner/.gradle/caches/modules-2/files-2.1/com.android.tools.build/manifest-merger/31.9.1/2bdbfcb2117fe7e47dc8eb01eb1911618c2d2e91/manifest-merger-31.9.1.jar because:
2026-04-25T03:14:32.3115370Z   Caching not enabled.
2026-04-25T03:14:32.3116192Z Transforming repository-31.9.1.jar (com.android.tools:repository:31.9.1) with InstrumentationAnalysisTransform
2026-04-25T03:14:32.3117577Z Transforming aaptcompiler-8.9.1.jar (com.android.tools.build:aaptcompiler:8.9.1) with InstrumentationAnalysisTransform
2026-04-25T03:14:32.3119054Z Transforming tracker-31.9.1.jar (com.android.tools.analytics-library:tracker:31.9.1) with InstrumentationAnalysisTransform
2026-04-25T03:14:32.3120512Z Transforming shared-31.9.1.jar (com.android.tools.analytics-library:shared:31.9.1) with InstrumentationAnalysisTransform
2026-04-25T03:14:32.3122298Z Transforming databinding-compiler-common-8.9.1.jar (androidx.databinding:databinding-compiler-common:8.9.1) with InstrumentationAnalysisTransform
2026-04-25T03:14:32.3124525Z Transforming android-test-plugin-host-emulator-control-proto-31.9.1.jar (com.android.tools.utp:android-test-plugin-host-emulator-control-proto:31.9.1) with InstrumentationAnalysisTransform
2026-04-25T03:14:32.3126906Z Transforming android-test-plugin-host-retention-proto-31.9.1.jar (com.android.tools.utp:android-test-plugin-host-retention-proto:31.9.1) with InstrumentationAnalysisTransform
2026-04-25T03:14:32.3128814Z Transforming builder-model-8.9.1.jar (com.android.tools.build:builder-model:8.9.1) with InstrumentationAnalysisTransform
2026-04-25T03:14:32.3130227Z Transforming gradle-api-8.9.1.jar (com.android.tools.build:gradle-api:8.9.1) with InstrumentationAnalysisTransform
2026-04-25T03:14:32.4093089Z Transforming builder-test-api-8.9.1.jar (com.android.tools.build:builder-test-api:8.9.1) with InstrumentationAnalysisTransform
2026-04-25T03:14:32.4122419Z Transforming ddmlib-31.9.1.jar (com.android.tools.ddms:ddmlib:31.9.1) with InstrumentationAnalysisTransform
2026-04-25T03:14:32.4153287Z Caching disabled for InstrumentationAnalysisTransform: /home/runner/.gradle/caches/modules-2/files-2.1/com.android.tools/sdk-common/31.9.1/f8319636e0f0fb7fb345ceb68985619f7482488/sdk-common-31.9.1.jar because:
2026-04-25T03:14:32.4181952Z   Caching not enabled.
2026-04-25T03:14:32.4212690Z Transforming layoutlib-api-31.9.1.jar (com.android.tools.layoutlib:layoutlib-api:31.9.1) with InstrumentationAnalysisTransform
2026-04-25T03:14:32.4242331Z Transforming dvlib-31.9.1.jar (com.android.tools:dvlib:31.9.1) with InstrumentationAnalysisTransform
2026-04-25T03:14:32.4272306Z Transforming common-31.9.1.jar (com.android.tools:common:31.9.1) with InstrumentationAnalysisTransform
2026-04-25T03:14:32.4302494Z Transforming kotlin-stdlib-jdk8-2.1.0.jar (org.jetbrains.kotlin:kotlin-stdlib-jdk8:2.1.0) with InstrumentationAnalysisTransform
2026-04-25T03:14:32.4332753Z Transforming jetifier-processor-1.0.0-beta10.jar (com.android.tools.build.jetifier:jetifier-processor:1.0.0-beta10) with InstrumentationAnalysisTransform
2026-04-25T03:14:32.4362632Z Transforming jetifier-core-1.0.0-beta10.jar (com.android.tools.build.jetifier:jetifier-core:1.0.0-beta10) with InstrumentationAnalysisTransform
2026-04-25T03:14:32.4392926Z Transforming symbol-processing-gradle-plugin-2.0.0-1.0.24.jar (com.google.devtools.ksp:symbol-processing-gradle-plugin:2.0.0-1.0.24) with InstrumentationAnalysisTransform
2026-04-25T03:14:32.4422644Z Transforming symbol-processing-api-2.0.0-1.0.24.jar (com.google.devtools.ksp:symbol-processing-api:2.0.0-1.0.24) with InstrumentationAnalysisTransform
2026-04-25T03:14:32.4452739Z Transforming symbol-processing-common-deps-2.0.0-1.0.24.jar (com.google.devtools.ksp:symbol-processing-common-deps:2.0.0-1.0.24) with InstrumentationAnalysisTransform
2026-04-25T03:14:32.4482442Z Transforming kotlin-reflect-2.0.20.jar (org.jetbrains.kotlin:kotlin-reflect:2.0.20) with InstrumentationAnalysisTransform
2026-04-25T03:14:32.4512479Z Transforming kotlin-stdlib-jdk7-2.1.0.jar (org.jetbrains.kotlin:kotlin-stdlib-jdk7:2.1.0) with InstrumentationAnalysisTransform
2026-04-25T03:14:32.4542430Z Transforming kotlin-stdlib-2.0.20.jar (org.jetbrains.kotlin:kotlin-stdlib:2.0.20) with InstrumentationAnalysisTransform
2026-04-25T03:14:32.4572392Z Transforming annotations-13.0.jar (org.jetbrains:annotations:13.0) with InstrumentationAnalysisTransform
2026-04-25T03:14:32.4602620Z Transforming kotlin-gradle-plugin-model-2.0.0.jar (org.jetbrains.kotlin:kotlin-gradle-plugin-model:2.0.0) with InstrumentationAnalysisTransform
2026-04-25T03:14:32.4632670Z Transforming kotlin-gradle-plugin-api-2.0.0.jar (org.jetbrains.kotlin:kotlin-gradle-plugin-api:2.0.0) with InstrumentationAnalysisTransform
2026-04-25T03:14:32.4662614Z Transforming kotlin-gradle-plugin-api-2.0.0-gradle85.jar (org.jetbrains.kotlin:kotlin-gradle-plugin-api:2.0.0) with InstrumentationAnalysisTransform
2026-04-25T03:14:32.4692878Z Transforming compose-compiler-gradle-plugin-2.0.0-gradle85.jar (org.jetbrains.kotlin:compose-compiler-gradle-plugin:2.0.0) with InstrumentationAnalysisTransform
2026-04-25T03:14:32.4722726Z Transforming kotlin-gradle-plugin-2.0.0-gradle85.jar (org.jetbrains.kotlin:kotlin-gradle-plugin:2.0.0) with InstrumentationAnalysisTransform
2026-04-25T03:14:32.5107719Z Transforming bundletool-1.17.2.jar (com.android.tools.build:bundletool:1.17.2) with InstrumentationAnalysisTransform
2026-04-25T03:14:32.5134125Z Caching disabled for InstrumentationAnalysisTransform: /home/runner/.gradle/caches/modules-2/files-2.1/com.android.tools/sdklib/31.9.1/5e11b0da826bf6b997b99ee15cfd02e4eafc00eb/sdklib-31.9.1.jar because:
2026-04-25T03:14:32.5184242Z   Caching not enabled.
2026-04-25T03:14:32.5208777Z Transforming aapt2-proto-8.9.1-12782657.jar (com.android.tools.build:aapt2-proto:8.9.1-12782657) with InstrumentationAnalysisTransform
2026-04-25T03:14:32.5243347Z Caching disabled for InstrumentationAnalysisTransform: /home/runner/.gradle/caches/modules-2/files-2.1/com.android.tools/repository/31.9.1/a084a1c70a6041dc1bcf1e9ea76e9e8a519d6986/repository-31.9.1.jar because:
2026-04-25T03:14:32.5271972Z   Caching not enabled.
2026-04-25T03:14:32.5302504Z Transforming crash-31.9.1.jar (com.android.tools.analytics-library:crash:31.9.1) with InstrumentationAnalysisTransform
2026-04-25T03:14:32.5327111Z Transforming lint-typedef-remover-31.9.1.jar (com.android.tools.lint:lint-typedef-remover:31.9.1) with InstrumentationAnalysisTransform
2026-04-25T03:14:32.5360887Z Transforming databinding-common-8.9.1.jar (androidx.databinding:databinding-common:8.9.1) with InstrumentationAnalysisTransform
2026-04-25T03:14:32.5392738Z Transforming baseLibrary-8.9.1.jar (com.android.databinding:baseLibrary:8.9.1) with InstrumentationAnalysisTransform
2026-04-25T03:14:32.5403149Z Transforming android-device-provider-ddmlib-proto-31.9.1.jar (com.android.tools.utp:android-device-provider-ddmlib-proto:31.9.1) with InstrumentationAnalysisTransform
2026-04-25T03:14:32.5433002Z Transforming android-device-provider-gradle-proto-31.9.1.jar (com.android.tools.utp:android-device-provider-gradle-proto:31.9.1) with InstrumentationAnalysisTransform
2026-04-25T03:14:32.5442602Z Transforming android-device-provider-profile-proto-31.9.1.jar (com.android.tools.utp:android-device-provider-profile-proto:31.9.1) with InstrumentationAnalysisTransform
2026-04-25T03:14:32.5470498Z Transforming android-test-plugin-host-additional-test-output-proto-31.9.1.jar (com.android.tools.utp:android-test-plugin-host-additional-test-output-proto:31.9.1) with InstrumentationAnalysisTransform
2026-04-25T03:14:32.5503061Z Transforming android-test-plugin-host-coverage-proto-31.9.1.jar (com.android.tools.utp:android-test-plugin-host-coverage-proto:31.9.1) with InstrumentationAnalysisTransform
2026-04-25T03:14:32.5523226Z Transforming android-test-plugin-host-logcat-proto-31.9.1.jar (com.android.tools.utp:android-test-plugin-host-logcat-proto:31.9.1) with InstrumentationAnalysisTransform
2026-04-25T03:14:32.5562981Z Transforming android-test-plugin-host-apk-installer-proto-31.9.1.jar (com.android.tools.utp:android-test-plugin-host-apk-installer-proto:31.9.1) with InstrumentationAnalysisTransform
2026-04-25T03:14:32.5565562Z Transforming android-test-plugin-result-listener-gradle-proto-31.9.1.jar (com.android.tools.utp:android-test-plugin-result-listener-gradle-proto:31.9.1) with InstrumentationAnalysisTransform
2026-04-25T03:14:32.5592946Z Transforming transform-api-2.0.0-deprecated-use-gradle-api.jar (com.android.tools.build:transform-api:2.0.0-deprecated-use-gradle-api) with InstrumentationAnalysisTransform
2026-04-25T03:14:32.6102959Z Transforming httpmime-4.5.6.jar (org.apache.httpcomponents:httpmime:4.5.6) with InstrumentationAnalysisTransform
2026-04-25T03:14:32.6104266Z Transforming commons-io-2.16.1.jar (commons-io:commons-io:2.16.1) with InstrumentationAnalysisTransform
2026-04-25T03:14:32.6105334Z Transforming asm-commons-9.7.jar (org.ow2.asm:asm-commons:9.7) with InstrumentationAnalysisTransform
2026-04-25T03:14:32.6106355Z Transforming asm-util-9.7.jar (org.ow2.asm:asm-util:9.7) with InstrumentationAnalysisTransform
2026-04-25T03:14:32.6107428Z Transforming asm-analysis-9.7.jar (org.ow2.asm:asm-analysis:9.7) with InstrumentationAnalysisTransform
2026-04-25T03:14:32.6108477Z Transforming asm-tree-9.7.jar (org.ow2.asm:asm-tree:9.7) with InstrumentationAnalysisTransform
2026-04-25T03:14:32.6110303Z Caching disabled for InstrumentationAnalysisTransform: /home/runner/.gradle/caches/modules-2/files-2.1/com.android.tools.build/aaptcompiler/8.9.1/da1418d8116c4d7debe1d79cc8b5f8e0c0fe34ec/aaptcompiler-8.9.1.jar because:
2026-04-25T03:14:32.6111985Z   Caching not enabled.
2026-04-25T03:14:32.6112572Z Transforming asm-9.7.jar (org.ow2.asm:asm:9.7) with InstrumentationAnalysisTransform
2026-04-25T03:14:32.6132578Z Transforming apkzlib-8.9.1.jar (com.android.tools.build:apkzlib:8.9.1) with InstrumentationAnalysisTransform
2026-04-25T03:14:32.6142490Z Transforming bcpkix-jdk18on-1.79.jar (org.bouncycastle:bcpkix-jdk18on:1.79) with InstrumentationAnalysisTransform
2026-04-25T03:14:32.6190617Z Transforming jaxb-runtime-2.3.2.jar (org.glassfish.jaxb:jaxb-runtime:2.3.2) with InstrumentationAnalysisTransform
2026-04-25T03:14:32.6202427Z Transforming jopt-simple-4.9.jar (net.sf.jopt-simple:jopt-simple:4.9) with InstrumentationAnalysisTransform
2026-04-25T03:14:32.6232712Z Transforming javapoet-1.10.0.jar (com.squareup:javapoet:1.10.0) with InstrumentationAnalysisTransform
2026-04-25T03:14:32.6236977Z Transforming protobuf-java-util-3.22.3.jar (com.google.protobuf:protobuf-java-util:3.22.3) with InstrumentationAnalysisTransform
2026-04-25T03:14:32.6238752Z Transforming tink-1.7.0.jar (com.google.crypto.tink:tink:1.7.0) with InstrumentationAnalysisTransform
2026-04-25T03:14:32.6263905Z Transforming core-proto-0.0.9-alpha03.jar (com.google.testing.platform:core-proto:0.0.9-alpha03) with InstrumentationAnalysisTransform
2026-04-25T03:14:32.6293272Z Caching disabled for InstrumentationAnalysisTransform: /home/runner/.gradle/caches/modules-2/files-2.1/com.android.tools.analytics-library/tracker/31.9.1/8db43757c05256c2e392f21917204e7d520d6c6d/tracker-31.9.1.jar because:
2026-04-25T03:14:32.6322173Z   Caching not enabled.
2026-04-25T03:14:32.6342528Z Transforming protos-31.9.1.jar (com.android.tools.analytics-library:protos:31.9.1) with InstrumentationAnalysisTransform
2026-04-25T03:14:32.6353301Z Caching disabled for InstrumentationAnalysisTransform: /home/runner/.gradle/caches/modules-2/files-2.1/com.android.tools.analytics-library/shared/31.9.1/733c85c132439499432c2a272e0f594961ceb4c4/shared-31.9.1.jar because:
2026-04-25T03:14:32.6382071Z   Caching not enabled.
2026-04-25T03:14:32.6413275Z Caching disabled for InstrumentationAnalysisTransform: /home/runner/.gradle/caches/modules-2/files-2.1/androidx.databinding/databinding-compiler-common/8.9.1/29427444695aae18a3380b333370097e5666c63d/databinding-compiler-common-8.9.1.jar because:
2026-04-25T03:14:32.6415342Z   Caching not enabled.
2026-04-25T03:14:32.6447546Z Transforming grpc-protobuf-1.57.2.jar (io.grpc:grpc-protobuf:1.57.2) with InstrumentationAnalysisTransform
2026-04-25T03:14:32.6472801Z Transforming proto-google-common-protos-2.17.0.jar (com.google.api.grpc:proto-google-common-protos:2.17.0) with InstrumentationAnalysisTransform
2026-04-25T03:14:32.7106061Z Transforming protobuf-java-3.24.4.jar (com.google.protobuf:protobuf-java:3.24.4) with InstrumentationAnalysisTransform
2026-04-25T03:14:32.7122189Z Transforming kotlin-build-statistics-2.0.0.jar (org.jetbrains.kotlin:kotlin-build-statistics:2.0.0) with InstrumentationAnalysisTransform
2026-04-25T03:14:32.7138232Z Transforming grpc-netty-1.57.2.jar (io.grpc:grpc-netty:1.57.2) with InstrumentationAnalysisTransform
2026-04-25T03:14:32.7162541Z Transforming grpc-core-1.57.2.jar (io.grpc:grpc-core:1.57.2) with InstrumentationAnalysisTransform
2026-04-25T03:14:32.7192364Z Transforming gson-2.10.1.jar (com.google.code.gson:gson:2.10.1) with InstrumentationAnalysisTransform
2026-04-25T03:14:32.7212754Z Transforming grpc-stub-1.57.2.jar (io.grpc:grpc-stub:1.57.2) with InstrumentationAnalysisTransform
2026-04-25T03:14:32.7222702Z Transforming tensorflow-lite-metadata-0.2.0.jar (org.tensorflow:tensorflow-lite-metadata:0.2.0) with InstrumentationAnalysisTransform
2026-04-25T03:14:32.7252774Z Transforming flatbuffers-java-1.12.0.jar (com.google.flatbuffers:flatbuffers-java:1.12.0) with InstrumentationAnalysisTransform
2026-04-25T03:14:32.7282849Z Transforming kotlin-gradle-plugin-idea-proto-2.0.0.jar (org.jetbrains.kotlin:kotlin-gradle-plugin-idea-proto:2.0.0) with InstrumentationAnalysisTransform
2026-04-25T03:14:32.7302864Z Transforming kotlin-gradle-plugin-idea-2.0.0.jar (org.jetbrains.kotlin:kotlin-gradle-plugin-idea:2.0.0) with InstrumentationAnalysisTransform
2026-04-25T03:14:32.7312757Z Transforming kotlin-klib-commonizer-api-2.0.0.jar (org.jetbrains.kotlin:kotlin-klib-commonizer-api:2.0.0) with InstrumentationAnalysisTransform
2026-04-25T03:14:32.7342666Z Transforming kotlin-build-tools-api-2.0.0.jar (org.jetbrains.kotlin:kotlin-build-tools-api:2.0.0) with InstrumentationAnalysisTransform
2026-04-25T03:14:32.7362641Z Transforming kotlin-compiler-runner-2.0.0.jar (org.jetbrains.kotlin:kotlin-compiler-runner:2.0.0) with InstrumentationAnalysisTransform
2026-04-25T03:14:32.7392960Z Transforming kotlin-native-utils-2.0.0.jar (org.jetbrains.kotlin:kotlin-native-utils:2.0.0) with InstrumentationAnalysisTransform
2026-04-25T03:14:32.7403881Z Caching disabled for InstrumentationAnalysisTransform: /home/runner/.gradle/caches/modules-2/files-2.1/com.android.tools.utp/android-test-plugin-host-emulator-control-proto/31.9.1/9ad66b4b96af8d226c9d899030d9acdd101d03ed/android-test-plugin-host-emulator-control-proto-31.9.1.jar because:
2026-04-25T03:14:32.7432046Z   Caching not enabled.
2026-04-25T03:14:32.7450999Z Transforming kotlin-util-klib-2.0.0.jar (org.jetbrains.kotlin:kotlin-util-klib:2.0.0) with InstrumentationAnalysisTransform
2026-04-25T03:14:32.7471353Z Transforming kotlin-compiler-embeddable-2.0.0.jar (org.jetbrains.kotlin:kotlin-compiler-embeddable:2.0.0) with InstrumentationAnalysisTransform
2026-04-25T03:14:32.8080830Z Caching disabled for InstrumentationAnalysisTransform: /home/runner/.gradle/caches/modules-2/files-2.1/com.android.tools.utp/android-test-plugin-host-retention-proto/31.9.1/9aa2714292d85c565ea129d9d6e3254c4a3de37b/android-test-plugin-host-retention-proto-31.9.1.jar because:
2026-04-25T03:14:32.8084445Z   Caching not enabled.
2026-04-25T03:14:32.8085971Z Caching disabled for InstrumentationAnalysisTransform: /home/runner/.gradle/caches/modules-2/files-2.1/com.android.tools.build/builder-model/8.9.1/a749b3ff28c2bf555e7168f0f2ded564ac07dd4/builder-model-8.9.1.jar because:
2026-04-25T03:14:32.8087526Z   Caching not enabled.
2026-04-25T03:14:32.8089052Z Caching disabled for InstrumentationAnalysisTransform: /home/runner/.gradle/caches/modules-2/files-2.1/com.android.tools.build/gradle-api/8.9.1/cb1f5854bebf3b56c02cd747c7530d73c098ff99/gradle-api-8.9.1.jar because:
2026-04-25T03:14:32.8090661Z   Caching not enabled.
2026-04-25T03:14:32.8092372Z Caching disabled for InstrumentationAnalysisTransform: /home/runner/.gradle/caches/modules-2/files-2.1/com.android.tools.build/builder-test-api/8.9.1/a8b165aaca91a3b1d7b861123887e87e078c9511/builder-test-api-8.9.1.jar because:
2026-04-25T03:14:32.8094010Z   Caching not enabled.
2026-04-25T03:14:32.8095480Z Caching disabled for InstrumentationAnalysisTransform: /home/runner/.gradle/caches/modules-2/files-2.1/com.android.tools.ddms/ddmlib/31.9.1/b54fce74dc77c81deb2c128c8155a8e278b54ed0/ddmlib-31.9.1.jar because:
2026-04-25T03:14:32.8096866Z   Caching not enabled.
2026-04-25T03:14:32.9083460Z Transforming jimfs-1.1.jar (com.google.jimfs:jimfs:1.1) with InstrumentationAnalysisTransform
2026-04-25T03:14:32.9112719Z Transforming grpc-context-1.57.2.jar (io.grpc:grpc-context:1.57.2) with InstrumentationAnalysisTransform
2026-04-25T03:14:32.9143245Z Caching disabled for InstrumentationAnalysisTransform: /home/runner/.gradle/caches/modules-2/files-2.1/com.android.tools.layoutlib/layoutlib-api/31.9.1/a8d6069382f69d0c8460704a3b55d622c519c7d3/layoutlib-api-31.9.1.jar because:
2026-04-25T03:14:32.9144828Z   Caching not enabled.
2026-04-25T03:14:32.9145646Z Transforming grpc-protobuf-lite-1.57.2.jar (io.grpc:grpc-protobuf-lite:1.57.2) with InstrumentationAnalysisTransform
2026-04-25T03:14:32.9147484Z Caching disabled for InstrumentationAnalysisTransform: /home/runner/.gradle/caches/modules-2/files-2.1/com.android.tools/dvlib/31.9.1/6079cc9f2fa5f5104b20779ca98faa1c495bb7f1/dvlib-31.9.1.jar because:
2026-04-25T03:14:32.9148801Z   Caching not enabled.
2026-04-25T03:14:32.9149409Z Transforming grpc-api-1.57.2.jar (io.grpc:grpc-api:1.57.2) with InstrumentationAnalysisTransform
2026-04-25T03:14:32.9150490Z Transforming guava-32.0.1-jre.jar (com.google.guava:guava:32.0.1-jre) with InstrumentationAnalysisTransform
2026-04-25T03:14:32.9151841Z Transforming dagger-2.28.3.jar (com.google.dagger:dagger:2.28.3) with InstrumentationAnalysisTransform
2026-04-25T03:14:32.9152996Z Transforming javax.inject-1.jar (javax.inject:javax.inject:1) with InstrumentationAnalysisTransform
2026-04-25T03:14:32.9154318Z Transforming kxml2-2.3.0.jar (net.sf.kxml:kxml2:2.3.0) with InstrumentationAnalysisTransform
2026-04-25T03:14:32.9156382Z Caching disabled for InstrumentationAnalysisTransform: /home/runner/.gradle/caches/modules-2/files-2.1/org.jetbrains.kotlin/kotlin-stdlib-jdk8/2.1.0/c4a51be16c840b969ed706bc25d5836b099d188a/kotlin-stdlib-jdk8-2.1.0.jar because:
2026-04-25T03:14:32.9157980Z   Caching not enabled.
2026-04-25T03:14:32.9159270Z Caching disabled for InstrumentationAnalysisTransform: /home/runner/.gradle/caches/modules-2/files-2.1/com.android.tools/common/31.9.1/62aafb25bd2550ba593d3ebcc564666e4798a9a1/common-31.9.1.jar because:
2026-04-25T03:14:32.9160647Z   Caching not enabled.
2026-04-25T03:14:32.9161415Z Transforming bcutil-jdk18on-1.79.jar (org.bouncycastle:bcutil-jdk18on:1.79) with InstrumentationAnalysisTransform
2026-04-25T03:14:32.9163799Z Caching disabled for InstrumentationAnalysisTransform: /home/runner/.gradle/caches/modules-2/files-2.1/com.android.tools.build.jetifier/jetifier-processor/1.0.0-beta10/946c39eb0c052ff4f60a8939648a8b99af20d604/jetifier-processor-1.0.0-beta10.jar because:
2026-04-25T03:14:32.9165530Z   Caching not enabled.
2026-04-25T03:14:32.9166283Z Transforming bcprov-jdk18on-1.79.jar (org.bouncycastle:bcprov-jdk18on:1.79) with InstrumentationAnalysisTransform
2026-04-25T03:14:32.9168574Z Caching disabled for InstrumentationAnalysisTransform: /home/runner/.gradle/caches/modules-2/files-2.1/com.google.devtools.ksp/symbol-processing-gradle-plugin/2.0.0-1.0.24/493aa542d5adf94579b6ee51f569409d805cdadf/symbol-processing-gradle-plugin-2.0.0-1.0.24.jar because:
2026-04-25T03:14:32.9170410Z   Caching not enabled.
2026-04-25T03:14:32.9202281Z Caching disabled for InstrumentationAnalysisTransform: /home/runner/.gradle/caches/modules-2/files-2.1/com.android.tools.build.jetifier/jetifier-core/1.0.0-beta10/6e621022a9c95af12a7004d6b55805bbd1126837/jetifier-core-1.0.0-beta10.jar because:
2026-04-25T03:14:32.9204048Z   Caching not enabled.
2026-04-25T03:14:32.9205750Z Caching disabled for InstrumentationAnalysisTransform: /home/runner/.gradle/caches/modules-2/files-2.1/com.google.devtools.ksp/symbol-processing-api/2.0.0-1.0.24/a41a342193058c0ef2bdc968421ea447c8bb1991/symbol-processing-api-2.0.0-1.0.24.jar because:
2026-04-25T03:14:32.9207467Z   Caching not enabled.
2026-04-25T03:14:32.9209244Z Caching disabled for InstrumentationAnalysisTransform: /home/runner/.gradle/caches/modules-2/files-2.1/com.google.devtools.ksp/symbol-processing-common-deps/2.0.0-1.0.24/ef7553d12ff3bca51b17b23295d0c222f20994c2/symbol-processing-common-deps-2.0.0-1.0.24.jar because:
2026-04-25T03:14:32.9211075Z   Caching not enabled.
2026-04-25T03:14:32.9242131Z Transforming commons-compress-1.21.jar (org.apache.commons:commons-compress:1.21) with InstrumentationAnalysisTransform
2026-04-25T03:14:32.9244202Z Caching disabled for InstrumentationAnalysisTransform: /home/runner/.gradle/caches/modules-2/files-2.1/org.jetbrains.kotlin/kotlin-reflect/2.0.20/580c610641d75b6448825cbe455a1ded220e148b/kotlin-reflect-2.0.20.jar because:
2026-04-25T03:14:32.9245682Z   Caching not enabled.
2026-04-25T03:14:32.9246479Z Transforming httpclient-4.5.14.jar (org.apache.httpcomponents:httpclient:4.5.14) with InstrumentationAnalysisTransform
2026-04-25T03:14:32.9247775Z Transforming httpcore-4.4.16.jar (org.apache.httpcomponents:httpcore:4.4.16) with InstrumentationAnalysisTransform
2026-04-25T03:14:32.9249081Z Transforming javax.activation-1.2.0.jar (com.sun.activation:javax.activation:1.2.0) with InstrumentationAnalysisTransform
2026-04-25T03:14:32.9250323Z Transforming signflinger-8.9.1.jar (com.android:signflinger:8.9.1) with InstrumentationAnalysisTransform
2026-04-25T03:14:32.9251426Z Transforming zipflinger-8.9.1.jar (com.android:zipflinger:8.9.1) with InstrumentationAnalysisTransform
2026-04-25T03:14:32.9253456Z Caching disabled for InstrumentationAnalysisTransform: /home/runner/.gradle/caches/modules-2/files-2.1/org.jetbrains.kotlin/kotlin-stdlib/2.0.20/7388d355f7cceb002cd387ccb7ab3850e4e0a07f/kotlin-stdlib-2.0.20.jar because:
2026-04-25T03:14:32.9255035Z   Caching not enabled.
2026-04-25T03:14:32.9256361Z Caching disabled for InstrumentationAnalysisTransform: /home/runner/.gradle/caches/modules-2/files-2.1/org.jetbrains.kotlin/kotlin-stdlib-jdk7/2.1.0/d77bee6c7bc849e7b9bf4b83e94e8fd1dfc0ea8a/kotlin-stdlib-jdk7-2.1.0.jar because:
2026-04-25T03:14:32.9257979Z   Caching not enabled.
2026-04-25T03:14:32.9258694Z Transforming annotations-31.9.1.jar (com.android.tools:annotations:31.9.1) with InstrumentationAnalysisTransform
2026-04-25T03:14:32.9259950Z Transforming jna-platform-5.6.0.jar (net.java.dev.jna:jna-platform:5.6.0) with InstrumentationAnalysisTransform
2026-04-25T03:14:32.9262010Z Caching disabled for InstrumentationAnalysisTransform: /home/runner/.gradle/caches/modules-2/files-2.1/org.jetbrains/annotations/13.0/919f0dfe192fb4e063e7dacadee7f8bb9a2672a9/annotations-13.0.jar because:
2026-04-25T03:14:32.9263447Z   Caching not enabled.
2026-04-25T03:14:32.9264405Z Transforming juniversalchardet-1.0.3.jar (com.googlecode.juniversalchardet:juniversalchardet:1.0.3) with InstrumentationAnalysisTransform
2026-04-25T03:14:32.9265974Z Transforming javax.annotation-api-1.3.2.jar (javax.annotation:javax.annotation-api:1.3.2) with InstrumentationAnalysisTransform
2026-04-25T03:14:32.9267265Z Transforming stax-ex-1.8.1.jar (org.jvnet.staxex:stax-ex:1.8.1) with InstrumentationAnalysisTransform
2026-04-25T03:14:32.9268536Z Transforming jakarta.xml.bind-api-2.3.2.jar (jakarta.xml.bind:jakarta.xml.bind-api:2.3.2) with InstrumentationAnalysisTransform
2026-04-25T03:14:32.9269772Z Transforming txw2-2.3.2.jar (org.glassfish.jaxb:txw2:2.3.2) with InstrumentationAnalysisTransform
2026-04-25T03:14:32.9271036Z Transforming istack-commons-runtime-3.0.8.jar (com.sun.istack:istack-commons-runtime:3.0.8) with InstrumentationAnalysisTransform
2026-04-25T03:14:32.9302832Z Transforming FastInfoset-1.2.16.jar (com.sun.xml.fastinfoset:FastInfoset:1.2.16) with InstrumentationAnalysisTransform
2026-04-25T03:14:33.0123391Z Transforming jakarta.activation-api-1.2.1.jar (jakarta.activation:jakarta.activation-api:1.2.1) with InstrumentationAnalysisTransform
2026-04-25T03:14:33.0213728Z Caching disabled for InstrumentationAnalysisTransform: /home/runner/.gradle/caches/modules-2/files-2.1/org.jetbrains.kotlin/kotlin-gradle-plugin-model/2.0.0/3dba7d4ff1b25d86d56074671a2024859e8c7541/kotlin-gradle-plugin-model-2.0.0.jar because:
2026-04-25T03:14:33.0215480Z   Caching not enabled.
2026-04-25T03:14:33.0216352Z Transforming auto-value-annotations-1.6.2.jar (com.google.auto.value:auto-value-annotations:1.6.2) with InstrumentationAnalysisTransform
2026-04-25T03:14:33.0217863Z Transforming error_prone_annotations-2.18.0.jar (com.google.errorprone:error_prone_annotations:2.18.0) with InstrumentationAnalysisTransform
2026-04-25T03:14:33.0219137Z Transforming jose4j-0.9.5.jar (org.bitbucket.b_c:jose4j:0.9.5) with InstrumentationAnalysisTransform
2026-04-25T03:14:33.0220162Z Transforming slf4j-api-1.7.30.jar (org.slf4j:slf4j-api:1.7.30) with InstrumentationAnalysisTransform
2026-04-25T03:14:33.0221133Z Transforming jdom2-2.0.6.jar (org.jdom:jdom2:2.0.6) with InstrumentationAnalysisTransform
2026-04-25T03:14:33.0222354Z Transforming jsr305-3.0.2.jar (com.google.code.findbugs:jsr305:3.0.2) with InstrumentationAnalysisTransform
2026-04-25T03:14:33.0223601Z Transforming j2objc-annotations-2.8.jar (com.google.j2objc:j2objc-annotations:2.8) with InstrumentationAnalysisTransform
2026-04-25T03:14:33.0224923Z Transforming checker-qual-3.33.0.jar (org.checkerframework:checker-qual:3.33.0) with InstrumentationAnalysisTransform
2026-04-25T03:14:33.0227004Z Caching disabled for InstrumentationAnalysisTransform: /home/runner/.gradle/caches/modules-2/files-2.1/org.jetbrains.kotlin/kotlin-gradle-plugin-api/2.0.0/2862373ec25875028a85c3bc3d48f94239ff30af/kotlin-gradle-plugin-api-2.0.0.jar because:
2026-04-25T03:14:33.0228609Z   Caching not enabled.
2026-04-25T03:14:33.0229256Z Transforming apksig-8.9.1.jar (com.android.tools.build:apksig:8.9.1) with InstrumentationAnalysisTransform
2026-04-25T03:14:33.0230714Z Transforming javawriter-2.5.0.jar (com.squareup:javawriter:2.5.0) with InstrumentationAnalysisTransform
2026-04-25T03:14:33.0232358Z Transforming kotlin-gradle-plugin-annotations-2.0.0.jar (org.jetbrains.kotlin:kotlin-gradle-plugin-annotations:2.0.0) with InstrumentationAnalysisTransform
2026-04-25T03:14:33.0234256Z Transforming kotlin-tooling-core-2.0.0.jar (org.jetbrains.kotlin:kotlin-tooling-core:2.0.0) with InstrumentationAnalysisTransform
2026-04-25T03:14:33.0235750Z Transforming kotlin-daemon-client-2.0.0.jar (org.jetbrains.kotlin:kotlin-daemon-client:2.0.0) with InstrumentationAnalysisTransform
2026-04-25T03:14:33.0237378Z Transforming kotlinx-coroutines-core-jvm-1.5.0.jar (org.jetbrains.kotlinx:kotlinx-coroutines-core-jvm:1.5.0) with InstrumentationAnalysisTransform
2026-04-25T03:14:33.0238898Z Transforming kotlin-util-io-2.0.0.jar (org.jetbrains.kotlin:kotlin-util-io:2.0.0) with InstrumentationAnalysisTransform
2026-04-25T03:14:33.0240383Z Transforming kotlin-daemon-embeddable-2.0.0.jar (org.jetbrains.kotlin:kotlin-daemon-embeddable:2.0.0) with InstrumentationAnalysisTransform
2026-04-25T03:14:33.0266826Z Transforming trove4j-1.0.20200330.jar (org.jetbrains.intellij.deps:trove4j:1.0.20200330) with InstrumentationAnalysisTransform
2026-04-25T03:14:33.0268183Z Transforming failureaccess-1.0.1.jar (com.google.guava:failureaccess:1.0.1) with InstrumentationAnalysisTransform
2026-04-25T03:14:33.0269904Z Transforming listenablefuture-9999.0-empty-to-avoid-conflict-with-guava.jar (com.google.guava:listenablefuture:9999.0-empty-to-avoid-conflict-with-guava) with InstrumentationAnalysisTransform
2026-04-25T03:14:33.0271977Z Transforming commons-logging-1.2.jar (commons-logging:commons-logging:1.2) with InstrumentationAnalysisTransform
2026-04-25T03:14:33.0273246Z Transforming commons-codec-1.11.jar (commons-codec:commons-codec:1.11) with InstrumentationAnalysisTransform
2026-04-25T03:14:33.0275443Z Caching disabled for InstrumentationAnalysisTransform: /home/runner/.gradle/caches/modules-2/files-2.1/org.jetbrains.kotlin/kotlin-gradle-plugin-api/2.0.0/2862373ec25875028a85c3bc3d48f94239ff30af/kotlin-gradle-plugin-api-2.0.0-gradle85.jar because:
2026-04-25T03:14:33.0277120Z   Caching not enabled.
2026-04-25T03:14:33.0277727Z Transforming jna-5.6.0.jar (net.java.dev.jna:jna:5.6.0) with InstrumentationAnalysisTransform
2026-04-25T03:14:33.0279035Z Transforming annotations-4.1.1.4.jar (com.google.android:annotations:4.1.1.4) with InstrumentationAnalysisTransform
2026-04-25T03:14:33.0280448Z Transforming animal-sniffer-annotations-1.23.jar (org.codehaus.mojo:animal-sniffer-annotations:1.23) with InstrumentationAnalysisTransform
2026-04-25T03:14:33.0282047Z Transforming perfmark-api-0.26.0.jar (io.perfmark:perfmark-api:0.26.0) with InstrumentationAnalysisTransform
2026-04-25T03:14:33.0283310Z Transforming netty-codec-http2-4.1.93.Final.jar (io.netty:netty-codec-http2:4.1.93.Final) with InstrumentationAnalysisTransform
2026-04-25T03:14:33.0284711Z Transforming netty-handler-proxy-4.1.93.Final.jar (io.netty:netty-handler-proxy:4.1.93.Final) with InstrumentationAnalysisTransform
2026-04-25T03:14:33.0286097Z Transforming netty-codec-http-4.1.93.Final.jar (io.netty:netty-codec-http:4.1.93.Final) with InstrumentationAnalysisTransform
2026-04-25T03:14:33.0287427Z Transforming netty-handler-4.1.93.Final.jar (io.netty:netty-handler:4.1.93.Final) with InstrumentationAnalysisTransform
2026-04-25T03:14:33.0288938Z Transforming netty-transport-native-unix-common-4.1.93.Final.jar (io.netty:netty-transport-native-unix-common:4.1.93.Final) with InstrumentationAnalysisTransform
2026-04-25T03:14:33.0290551Z Transforming netty-codec-socks-4.1.93.Final.jar (io.netty:netty-codec-socks:4.1.93.Final) with InstrumentationAnalysisTransform
2026-04-25T03:14:33.0322236Z Transforming netty-codec-4.1.93.Final.jar (io.netty:netty-codec:4.1.93.Final) with InstrumentationAnalysisTransform
2026-04-25T03:14:33.0323663Z Transforming netty-transport-4.1.93.Final.jar (io.netty:netty-transport:4.1.93.Final) with InstrumentationAnalysisTransform
2026-04-25T03:14:33.0326307Z Caching disabled for InstrumentationAnalysisTransform: /home/runner/.gradle/caches/modules-2/files-2.1/org.jetbrains.kotlin/compose-compiler-gradle-plugin/2.0.0/881b16fb6222dea1cf30a65accd60fedde5434ad/compose-compiler-gradle-plugin-2.0.0-gradle85.jar because:
2026-04-25T03:14:33.0328372Z   Caching not enabled.
2026-04-25T03:14:33.0329143Z Transforming netty-buffer-4.1.93.Final.jar (io.netty:netty-buffer:4.1.93.Final) with InstrumentationAnalysisTransform
2026-04-25T03:14:33.0330470Z Transforming netty-resolver-4.1.93.Final.jar (io.netty:netty-resolver:4.1.93.Final) with InstrumentationAnalysisTransform
2026-04-25T03:14:33.0331960Z Transforming netty-common-4.1.93.Final.jar (io.netty:netty-common:4.1.93.Final) with InstrumentationAnalysisTransform
2026-04-25T03:14:33.0333934Z Caching disabled for InstrumentationAnalysisTransform: /home/runner/.gradle/caches/modules-2/files-2.1/org.jetbrains.kotlin/kotlin-gradle-plugin/2.0.0/5c20cbfbc72e5fbecec18e540de7e5fa59205d63/kotlin-gradle-plugin-2.0.0-gradle85.jar because:
2026-04-25T03:14:33.0335528Z   Caching not enabled.
2026-04-25T03:14:33.0336841Z Caching disabled for InstrumentationAnalysisTransform: /home/runner/.gradle/caches/modules-2/files-2.1/com.android.tools.build/bundletool/1.17.2/e046c6f96d6b2c19afe9b3300eaef9762c3b6103/bundletool-1.17.2.jar because:
2026-04-25T03:14:33.0338219Z   Caching not enabled.
2026-04-25T03:14:33.0339608Z Caching disabled for InstrumentationAnalysisTransform: /home/runner/.gradle/caches/modules-2/files-2.1/com.android.tools.build/aapt2-proto/8.9.1-12782657/884e5b6ec676bb8070490caca7637fd40ec1c041/aapt2-proto-8.9.1-12782657.jar because:
2026-04-25T03:14:33.0341108Z   Caching not enabled.
2026-04-25T03:14:33.1097892Z Caching disabled for InstrumentationAnalysisTransform: /home/runner/.gradle/caches/modules-2/files-2.1/com.android.tools.analytics-library/crash/31.9.1/80c9f1f06e8d48d60fa91f4db811cf863e13c67f/crash-31.9.1.jar because:
2026-04-25T03:14:33.1122250Z   Caching not enabled.
2026-04-25T03:14:33.1153316Z Caching disabled for InstrumentationAnalysisTransform: /home/runner/.gradle/caches/modules-2/files-2.1/com.android.tools.lint/lint-typedef-remover/31.9.1/bc9756d95080ee30b518adf2c02d70dea0930feb/lint-typedef-remover-31.9.1.jar because:
2026-04-25T03:14:33.1182003Z   Caching not enabled.
2026-04-25T03:14:33.1194176Z Caching disabled for InstrumentationAnalysisTransform: /home/runner/.gradle/caches/modules-2/files-2.1/androidx.databinding/databinding-common/8.9.1/2be3530b78477835e69dce953b17adc1dbc5c6fa/databinding-common-8.9.1.jar because:
2026-04-25T03:14:33.1212132Z   Caching not enabled.
2026-04-25T03:14:33.1243150Z Caching disabled for InstrumentationAnalysisTransform: /home/runner/.gradle/caches/modules-2/files-2.1/com.android.databinding/baseLibrary/8.9.1/7e7399239e52d4069896277615e005add7ae8e5a/baseLibrary-8.9.1.jar because:
2026-04-25T03:14:33.1272079Z   Caching not enabled.
2026-04-25T03:14:33.1274175Z Caching disabled for InstrumentationAnalysisTransform: /home/runner/.gradle/caches/modules-2/files-2.1/com.android.tools.utp/android-device-provider-ddmlib-proto/31.9.1/9f96225642b573079e5544a619b18b815b3dc70f/android-device-provider-ddmlib-proto-31.9.1.jar because:
2026-04-25T03:14:33.1302012Z   Caching not enabled.
2026-04-25T03:14:33.1333312Z Caching disabled for InstrumentationAnalysisTransform: /home/runner/.gradle/caches/modules-2/files-2.1/com.android.tools.utp/android-device-provider-gradle-proto/31.9.1/4df62b23d15680598277666a1a60676f1402397c/android-device-provider-gradle-proto-31.9.1.jar because:
2026-04-25T03:14:33.1342015Z   Caching not enabled.
2026-04-25T03:14:33.1384606Z Caching disabled for InstrumentationAnalysisTransform: /home/runner/.gradle/caches/modules-2/files-2.1/com.android.tools.utp/android-device-provider-profile-proto/31.9.1/7823ffdbacbe3e46ce243d459f946467b7126135/android-device-provider-profile-proto-31.9.1.jar because:
2026-04-25T03:14:33.1392102Z   Caching not enabled.
2026-04-25T03:14:33.1418558Z Caching disabled for InstrumentationAnalysisTransform: /home/runner/.gradle/caches/modules-2/files-2.1/com.android.tools.utp/android-test-plugin-host-additional-test-output-proto/31.9.1/fe467239b47e0709ba9bf1e2e9fccaabc6cabc22/android-test-plugin-host-additional-test-output-proto-31.9.1.jar because:
2026-04-25T03:14:33.1452082Z   Caching not enabled.
2026-04-25T03:14:33.1503821Z Caching disabled for InstrumentationAnalysisTransform: /home/runner/.gradle/caches/modules-2/files-2.1/com.android.tools.utp/android-test-plugin-host-coverage-proto/31.9.1/1ee63a78550acb6f922531668f4eb83dddf45e/android-test-plugin-host-coverage-proto-31.9.1.jar because:
2026-04-25T03:14:33.1505811Z   Caching not enabled.
2026-04-25T03:14:33.1523621Z Caching disabled for InstrumentationAnalysisTransform: /home/runner/.gradle/caches/modules-2/files-2.1/com.android.tools.utp/android-test-plugin-host-logcat-proto/31.9.1/2b1de9f172f374f9d8a0f60d0d7d556df7c30d14/android-test-plugin-host-logcat-proto-31.9.1.jar because:
2026-04-25T03:14:33.1552001Z   Caching not enabled.
2026-04-25T03:14:33.1563652Z Caching disabled for InstrumentationAnalysisTransform: /home/runner/.gradle/caches/modules-2/files-2.1/com.android.tools.utp/android-test-plugin-host-apk-installer-proto/31.9.1/26ca8c55cbdcb572ba3fa282b50286e6d84ec8d2/android-test-plugin-host-apk-installer-proto-31.9.1.jar because:
2026-04-25T03:14:33.1582103Z   Caching not enabled.
2026-04-25T03:14:33.1613767Z Caching disabled for InstrumentationAnalysisTransform: /home/runner/.gradle/caches/modules-2/files-2.1/com.android.tools.utp/android-test-plugin-result-listener-gradle-proto/31.9.1/dbbef067ddf95379b587f6aa2baa93d3eb3342eb/android-test-plugin-result-listener-gradle-proto-31.9.1.jar because:
2026-04-25T03:14:33.1641918Z   Caching not enabled.
2026-04-25T03:14:33.1653352Z Caching disabled for InstrumentationAnalysisTransform: /home/runner/.gradle/caches/modules-2/files-2.1/com.android.tools.build/transform-api/2.0.0-deprecated-use-gradle-api/47f6c56527c42425742fa9b56ffd3fd80763fe03/transform-api-2.0.0-deprecated-use-gradle-api.jar because:
2026-04-25T03:14:33.1672058Z   Caching not enabled.
2026-04-25T03:14:33.1703200Z Caching disabled for InstrumentationAnalysisTransform: /home/runner/.gradle/caches/modules-2/files-2.1/org.apache.httpcomponents/httpmime/4.5.6/164343da11db817e81e24e0d9869527e069850c9/httpmime-4.5.6.jar because:
2026-04-25T03:14:33.1731918Z   Caching not enabled.
2026-04-25T03:14:33.1743028Z Caching disabled for InstrumentationAnalysisTransform: /home/runner/.gradle/caches/modules-2/files-2.1/commons-io/commons-io/2.16.1/377d592e740dc77124e0901291dbfaa6810a200e/commons-io-2.16.1.jar because:
2026-04-25T03:14:33.1762119Z   Caching not enabled.
2026-04-25T03:14:33.1793039Z Caching disabled for InstrumentationAnalysisTransform: /home/runner/.gradle/caches/modules-2/files-2.1/org.ow2.asm/asm-commons/9.7/e86dda4696d3c185fcc95d8d311904e7ce38a53f/asm-commons-9.7.jar because:
2026-04-25T03:14:33.1802176Z   Caching not enabled.
2026-04-25T03:14:33.1823169Z Caching disabled for InstrumentationAnalysisTransform: /home/runner/.gradle/caches/modules-2/files-2.1/org.ow2.asm/asm-util/9.7/c0655519f24d92af2202cb681cd7c1569df6ead6/asm-util-9.7.jar because:
2026-04-25T03:14:33.1851988Z   Caching not enabled.
2026-04-25T03:14:33.2093478Z Caching disabled for InstrumentationAnalysisTransform: /home/runner/.gradle/caches/modules-2/files-2.1/org.ow2.asm/asm-analysis/9.7/e4a258b7eb96107106c0599f0061cfc1832fe07a/asm-analysis-9.7.jar because:
2026-04-25T03:14:33.2103335Z   Caching not enabled.
2026-04-25T03:14:33.2153192Z Caching disabled for InstrumentationAnalysisTransform: /home/runner/.gradle/caches/modules-2/files-2.1/org.ow2.asm/asm-tree/9.7/e446a17b175bfb733b87c5c2560ccb4e57d69f1a/asm-tree-9.7.jar because:
2026-04-25T03:14:33.2154773Z   Caching not enabled.
2026-04-25T03:14:33.2183016Z Caching disabled for InstrumentationAnalysisTransform: /home/runner/.gradle/caches/modules-2/files-2.1/org.ow2.asm/asm/9.7/73d7b3086e14beb604ced229c302feff6449723/asm-9.7.jar because:
2026-04-25T03:14:33.2192002Z   Caching not enabled.
2026-04-25T03:14:33.2223008Z Caching disabled for InstrumentationAnalysisTransform: /home/runner/.gradle/caches/modules-2/files-2.1/com.android.tools.build/apkzlib/8.9.1/d656b52facbb301b8bdc1e40a5ae008bcf335fe9/apkzlib-8.9.1.jar because:
2026-04-25T03:14:33.2252113Z   Caching not enabled.
2026-04-25T03:14:33.2273495Z Caching disabled for InstrumentationAnalysisTransform: /home/runner/.gradle/caches/modules-2/files-2.1/org.bouncycastle/bcpkix-jdk18on/1.79/7693cec3b8779b74b35466dcaeeaac7409872954/bcpkix-jdk18on-1.79.jar because:
2026-04-25T03:14:33.2282164Z   Caching not enabled.
2026-04-25T03:14:33.2313072Z Caching disabled for InstrumentationAnalysisTransform: /home/runner/.gradle/caches/modules-2/files-2.1/org.glassfish.jaxb/jaxb-runtime/2.3.2/5528bc882ea499a09d720b42af11785c4fc6be2a/jaxb-runtime-2.3.2.jar because:
2026-04-25T03:14:33.2341951Z   Caching not enabled.
2026-04-25T03:14:33.2363254Z Caching disabled for InstrumentationAnalysisTransform: /home/runner/.gradle/caches/modules-2/files-2.1/net.sf.jopt-simple/jopt-simple/4.9/ee9e9eaa0a35360dcfeac129ff4923215fd65904/jopt-simple-4.9.jar because:
2026-04-25T03:14:33.2372004Z   Caching not enabled.
2026-04-25T03:14:33.2402969Z Caching disabled for InstrumentationAnalysisTransform: /home/runner/.gradle/caches/modules-2/files-2.1/com.squareup/javapoet/1.10.0/712c178d35185d8261295913c9f2a7d6867a6007/javapoet-1.10.0.jar because:
2026-04-25T03:14:33.2431943Z   Caching not enabled.
2026-04-25T03:14:33.3080999Z Caching disabled for InstrumentationAnalysisTransform: /home/runner/.gradle/caches/modules-2/files-2.1/com.google.protobuf/protobuf-java-util/3.22.3/749cd4fe8ab52f37bc186193802ba19f5b284647/protobuf-java-util-3.22.3.jar because:
2026-04-25T03:14:33.3132167Z   Caching not enabled.
2026-04-25T03:14:33.3133566Z Caching disabled for InstrumentationAnalysisTransform: /home/runner/.gradle/caches/modules-2/files-2.1/com.google.crypto.tink/tink/1.7.0/668b57f109d32349b2870448f06ae6f202713edc/tink-1.7.0.jar because:
2026-04-25T03:14:33.3135005Z   Caching not enabled.
2026-04-25T03:14:33.3136557Z Caching disabled for InstrumentationAnalysisTransform: /home/runner/.gradle/caches/modules-2/files-2.1/com.google.testing.platform/core-proto/0.0.9-alpha03/a0de640d69d847081f087c45dda7e9b3754fe350/core-proto-0.0.9-alpha03.jar because:
2026-04-25T03:14:33.3138227Z   Caching not enabled.
2026-04-25T03:14:33.4106129Z Caching disabled for InstrumentationAnalysisTransform: /home/runner/.gradle/caches/modules-2/files-2.1/com.android.tools.analytics-library/protos/31.9.1/f36992315dc346c7e8c550870d2142746c721026/protos-31.9.1.jar because:
2026-04-25T03:14:33.4152082Z   Caching not enabled.
2026-04-25T03:14:33.4193224Z Caching disabled for InstrumentationAnalysisTransform: /home/runner/.gradle/caches/modules-2/files-2.1/io.grpc/grpc-protobuf/1.57.2/a8354b878571970c518994b95627dc527270bfc4/grpc-protobuf-1.57.2.jar because:
2026-04-25T03:14:33.4242030Z   Caching not enabled.
2026-04-25T03:14:33.4283492Z Caching disabled for InstrumentationAnalysisTransform: /home/runner/.gradle/caches/modules-2/files-2.1/com.google.api.grpc/proto-google-common-protos/2.17.0/7edf1e3aa96dc3861f7a8f24556c714e9c5b292/proto-google-common-protos-2.17.0.jar because:
2026-04-25T03:14:33.4311915Z   Caching not enabled.
2026-04-25T03:14:33.5080316Z Caching disabled for InstrumentationAnalysisTransform: /home/runner/.gradle/caches/modules-2/files-2.1/com.google.protobuf/protobuf-java/3.24.4/a773e5a3845e6baa5c4ede5532c426ebe6c53330/protobuf-java-3.24.4.jar because:
2026-04-25T03:14:33.5092099Z   Caching not enabled.
2026-04-25T03:14:33.5113404Z Caching disabled for InstrumentationAnalysisTransform: /home/runner/.gradle/caches/modules-2/files-2.1/org.jetbrains.kotlin/kotlin-build-statistics/2.0.0/2be95e0156211605154ef4745b39894a79bcca13/kotlin-build-statistics-2.0.0.jar because:
2026-04-25T03:14:33.5142036Z   Caching not enabled.
2026-04-25T03:14:33.5164658Z Caching disabled for InstrumentationAnalysisTransform: /home/runner/.gradle/caches/modules-2/files-2.1/io.grpc/grpc-netty/1.57.2/7b0b62141991e8f81917b8536a1aed8091be5627/grpc-netty-1.57.2.jar because:
2026-04-25T03:14:33.5182200Z   Caching not enabled.
2026-04-25T03:14:33.5203221Z Caching disabled for InstrumentationAnalysisTransform: /home/runner/.gradle/caches/modules-2/files-2.1/io.grpc/grpc-core/1.57.2/2e04aac0fe659243f4ed5dbe4c2839e88408dffc/grpc-core-1.57.2.jar because:
2026-04-25T03:14:33.5232042Z   Caching not enabled.
2026-04-25T03:14:33.5256931Z Caching disabled for InstrumentationAnalysisTransform: /home/runner/.gradle/caches/modules-2/files-2.1/com.google.code.gson/gson/2.10.1/b3add478d4382b78ea20b1671390a858002feb6c/gson-2.10.1.jar because:
2026-04-25T03:14:33.5282090Z   Caching not enabled.
2026-04-25T03:14:33.5283377Z Caching disabled for InstrumentationAnalysisTransform: /home/runner/.gradle/caches/modules-2/files-2.1/io.grpc/grpc-stub/1.57.2/df47b4eb69fb36940689649400c8e9cbf7c3dc2c/grpc-stub-1.57.2.jar because:
2026-04-25T03:14:33.5284679Z   Caching not enabled.
2026-04-25T03:14:33.5286252Z Caching disabled for InstrumentationAnalysisTransform: /home/runner/.gradle/caches/modules-2/files-2.1/org.tensorflow/tensorflow-lite-metadata/0.2.0/7dbe8f75ae5c0ef7093c43c3ac8b560bbc7ea4b6/tensorflow-lite-metadata-0.2.0.jar because:
2026-04-25T03:14:33.5287898Z   Caching not enabled.
2026-04-25T03:14:33.5289292Z Caching disabled for InstrumentationAnalysisTransform: /home/runner/.gradle/caches/modules-2/files-2.1/com.google.flatbuffers/flatbuffers-java/1.12.0/8201cc7b511177a37071249e891f2f2fea4b32e9/flatbuffers-java-1.12.0.jar because:
2026-04-25T03:14:33.5290795Z   Caching not enabled.
2026-04-25T03:14:33.5292452Z Caching disabled for InstrumentationAnalysisTransform: /home/runner/.gradle/caches/modules-2/files-2.1/org.jetbrains.kotlin/kotlin-gradle-plugin-idea/2.0.0/dc54973fe68b0bb9b816bd04ef39648ca29526a6/kotlin-gradle-plugin-idea-2.0.0.jar because:
2026-04-25T03:14:33.5294067Z   Caching not enabled.
2026-04-25T03:14:33.5295678Z Caching disabled for InstrumentationAnalysisTransform: /home/runner/.gradle/caches/modules-2/files-2.1/org.jetbrains.kotlin/kotlin-gradle-plugin-idea-proto/2.0.0/f46941fcffe42b93dd9ec103253789290c029d25/kotlin-gradle-plugin-idea-proto-2.0.0.jar because:
2026-04-25T03:14:33.5297370Z   Caching not enabled.
2026-04-25T03:14:33.6095505Z Caching disabled for InstrumentationAnalysisTransform: /home/runner/.gradle/caches/modules-2/files-2.1/org.jetbrains.kotlin/kotlin-klib-commonizer-api/2.0.0/326c87c1dcc9f0c3fcd3e86389a0ff4c0ce85da9/kotlin-klib-commonizer-api-2.0.0.jar because:
2026-04-25T03:14:33.6132044Z   Caching not enabled.
2026-04-25T03:14:33.6133801Z Caching disabled for InstrumentationAnalysisTransform: /home/runner/.gradle/caches/modules-2/files-2.1/org.jetbrains.kotlin/kotlin-build-tools-api/2.0.0/a45f2366a6e32563fc9259d35409a373287be17e/kotlin-build-tools-api-2.0.0.jar because:
2026-04-25T03:14:33.6162055Z   Caching not enabled.
2026-04-25T03:14:33.6191409Z Caching disabled for InstrumentationAnalysisTransform: /home/runner/.gradle/caches/modules-2/files-2.1/org.jetbrains.kotlin/kotlin-compiler-runner/2.0.0/f5f0c82e836512e35de2ca710d553bec447b7718/kotlin-compiler-runner-2.0.0.jar because:
2026-04-25T03:14:33.6212277Z   Caching not enabled.
2026-04-25T03:14:33.6243376Z Caching disabled for InstrumentationAnalysisTransform: /home/runner/.gradle/caches/modules-2/files-2.1/org.jetbrains.kotlin/kotlin-native-utils/2.0.0/39f2424147119236d6357382a4596c5104206223/kotlin-native-utils-2.0.0.jar because:
2026-04-25T03:14:33.6273400Z   Caching not enabled.
2026-04-25T03:14:33.6275136Z Caching disabled for InstrumentationAnalysisTransform: /home/runner/.gradle/caches/modules-2/files-2.1/org.jetbrains.kotlin/kotlin-util-klib/2.0.0/46dc3eecb38a50482064a141d457e25f66c74751/kotlin-util-klib-2.0.0.jar because:
2026-04-25T03:14:33.6285782Z   Caching not enabled.
2026-04-25T03:14:33.6288085Z Caching disabled for InstrumentationAnalysisTransform: /home/runner/.gradle/caches/modules-2/files-2.1/org.jetbrains.kotlin/kotlin-compiler-embeddable/2.0.0/1de310de3446414381282ffc46c3ed3919a4d1da/kotlin-compiler-embeddable-2.0.0.jar because:
2026-04-25T03:14:33.6292852Z   Caching not enabled.
2026-04-25T03:14:33.6345559Z Caching disabled for InstrumentationAnalysisTransform: /home/runner/.gradle/caches/modules-2/files-2.1/com.google.jimfs/jimfs/1.1/8fbd0579dc68aba6186935cc1bee21d2f3e7ec1c/jimfs-1.1.jar because:
2026-04-25T03:14:33.6401897Z   Caching not enabled.
2026-04-25T03:14:33.6438019Z Caching disabled for InstrumentationAnalysisTransform: /home/runner/.gradle/caches/modules-2/files-2.1/io.grpc/grpc-context/1.57.2/d2aa34eebfec2ce045873f410a7dd76437465509/grpc-context-1.57.2.jar because:
2026-04-25T03:14:33.6492045Z   Caching not enabled.
2026-04-25T03:14:33.6523210Z Caching disabled for InstrumentationAnalysisTransform: /home/runner/.gradle/caches/modules-2/files-2.1/io.grpc/grpc-protobuf-lite/1.57.2/14d8e0cab40bf2f661e07b8d0dcc4192d4e9e85a/grpc-protobuf-lite-1.57.2.jar because:
2026-04-25T03:14:33.6562208Z   Caching not enabled.
2026-04-25T03:14:33.6583163Z Caching disabled for InstrumentationAnalysisTransform: /home/runner/.gradle/caches/modules-2/files-2.1/io.grpc/grpc-api/1.57.2/c71a006b81ddae7bc4b7cb1d2da78c1b173761f4/grpc-api-1.57.2.jar because:
2026-04-25T03:14:33.6642097Z   Caching not enabled.
2026-04-25T03:14:33.7080345Z Caching disabled for InstrumentationAnalysisTransform: /home/runner/.gradle/caches/modules-2/files-2.1/com.google.guava/guava/32.0.1-jre/6e5d51a72d142f2d40a57dfb897188b36a95b489/guava-32.0.1-jre.jar because:
2026-04-25T03:14:33.7092600Z   Caching not enabled.
2026-04-25T03:14:33.7096290Z Caching disabled for InstrumentationAnalysisTransform: /home/runner/.gradle/caches/modules-2/files-2.1/com.google.dagger/dagger/2.28.3/10d83810ef9e19714116ed518896c90c6606d633/dagger-2.28.3.jar because:
2026-04-25T03:14:33.7097879Z   Caching not enabled.
2026-04-25T03:14:33.7099326Z Caching disabled for InstrumentationAnalysisTransform: /home/runner/.gradle/caches/modules-2/files-2.1/javax.inject/javax.inject/1/6975da39a7040257bd51d21a231b76c915872d38/javax.inject-1.jar because:
2026-04-25T03:14:33.7100748Z   Caching not enabled.
2026-04-25T03:14:33.7102241Z Caching disabled for InstrumentationAnalysisTransform: /home/runner/.gradle/caches/modules-2/files-2.1/net.sf.kxml/kxml2/2.3.0/ccbc77a5fd907ef863c29f3596c6f54ffa4e9442/kxml2-2.3.0.jar because:
2026-04-25T03:14:33.7103649Z   Caching not enabled.
2026-04-25T03:14:33.7105022Z Caching disabled for InstrumentationAnalysisTransform: /home/runner/.gradle/caches/modules-2/files-2.1/org.bouncycastle/bcutil-jdk18on/1.79/ecfc5aef97cc7676ea0de5c53c407b9f533f0ad5/bcutil-jdk18on-1.79.jar because:
2026-04-25T03:14:33.7106503Z   Caching not enabled.
2026-04-25T03:14:33.7107966Z Caching disabled for InstrumentationAnalysisTransform: /home/runner/.gradle/caches/modules-2/files-2.1/org.bouncycastle/bcprov-jdk18on/1.79/4d8e2732bcee15f1db93df266c3f5b70ce5cac21/bcprov-jdk18on-1.79.jar because:
2026-04-25T03:14:33.7109755Z   Caching not enabled.
2026-04-25T03:14:33.7111134Z Caching disabled for InstrumentationAnalysisTransform: /home/runner/.gradle/caches/modules-2/files-2.1/org.apache.commons/commons-compress/1.21/4ec95b60d4e86b5c95a0e919cb172a0af98011ef/commons-compress-1.21.jar because:
2026-04-25T03:14:33.7112961Z   Caching not enabled.
2026-04-25T03:14:33.7114503Z Caching disabled for InstrumentationAnalysisTransform: /home/runner/.gradle/caches/modules-2/files-2.1/org.apache.httpcomponents/httpclient/4.5.14/1194890e6f56ec29177673f2f12d0b8e627dec98/httpclient-4.5.14.jar because:
2026-04-25T03:14:33.7116173Z   Caching not enabled.
2026-04-25T03:14:33.8143299Z Caching disabled for InstrumentationAnalysisTransform: /home/runner/.gradle/caches/modules-2/files-2.1/org.apache.httpcomponents/httpcore/4.4.16/51cf043c87253c9f58b539c9f7e44c8894223850/httpcore-4.4.16.jar because:
2026-04-25T03:14:33.8172296Z   Caching not enabled.
2026-04-25T03:14:33.8195255Z Caching disabled for InstrumentationAnalysisTransform: /home/runner/.gradle/caches/modules-2/files-2.1/com.sun.activation/javax.activation/1.2.0/bf744c1e2776ed1de3c55c8dac1057ec331ef744/javax.activation-1.2.0.jar because:
2026-04-25T03:14:33.8234782Z   Caching not enabled.
2026-04-25T03:14:33.8243063Z Caching disabled for InstrumentationAnalysisTransform: /home/runner/.gradle/caches/modules-2/files-2.1/com.android/signflinger/8.9.1/13f035dd8e7e470ff8f3216a0b46333187f26df5/signflinger-8.9.1.jar because:
2026-04-25T03:14:33.8272405Z   Caching not enabled.
2026-04-25T03:14:33.8303299Z Caching disabled for InstrumentationAnalysisTransform: /home/runner/.gradle/caches/modules-2/files-2.1/com.android/zipflinger/8.9.1/de8e3267995699af356740cf562cbedb485f5763/zipflinger-8.9.1.jar because:
2026-04-25T03:14:33.8322161Z   Caching not enabled.
2026-04-25T03:14:33.8333195Z Caching disabled for InstrumentationAnalysisTransform: /home/runner/.gradle/caches/modules-2/files-2.1/com.android.tools/annotations/31.9.1/1946e7f75bc1615b4abfc0f83899934dfcbdf1fc/annotations-31.9.1.jar because:
2026-04-25T03:14:33.8362026Z   Caching not enabled.
2026-04-25T03:14:33.8393116Z Caching disabled for InstrumentationAnalysisTransform: /home/runner/.gradle/caches/modules-2/files-2.1/net.java.dev.jna/jna-platform/5.6.0/d18424ffb8bbfd036d71bcaab9b546858f2ef986/jna-platform-5.6.0.jar because:
2026-04-25T03:14:33.8402833Z   Caching not enabled.
2026-04-25T03:14:33.8413572Z Caching disabled for InstrumentationAnalysisTransform: /home/runner/.gradle/caches/modules-2/files-2.1/com.googlecode.juniversalchardet/juniversalchardet/1.0.3/cd49678784c46aa8789c060538e0154013bb421b/juniversalchardet-1.0.3.jar because:
2026-04-25T03:14:33.8442075Z   Caching not enabled.
2026-04-25T03:14:33.8462442Z Caching disabled for InstrumentationAnalysisTransform: /home/runner/.gradle/caches/modules-2/files-2.1/javax.annotation/javax.annotation-api/1.3.2/934c04d3cfef185a8008e7bf34331b79730a9d43/javax.annotation-api-1.3.2.jar because:
2026-04-25T03:14:33.8465285Z   Caching not enabled.
2026-04-25T03:14:33.8492363Z Caching disabled for InstrumentationAnalysisTransform: /home/runner/.gradle/caches/modules-2/files-2.1/org.jvnet.staxex/stax-ex/1.8.1/78011e483a21102fb4858f3e8f269a677e50aa23/stax-ex-1.8.1.jar because:
2026-04-25T03:14:33.8522180Z   Caching not enabled.
2026-04-25T03:14:33.8553355Z Caching disabled for InstrumentationAnalysisTransform: /home/runner/.gradle/caches/modules-2/files-2.1/jakarta.xml.bind/jakarta.xml.bind-api/2.3.2/8d49996a4338670764d7ca4b85a1c4ccf7fe665d/jakarta.xml.bind-api-2.3.2.jar because:
2026-04-25T03:14:33.8555016Z   Caching not enabled.
2026-04-25T03:14:33.8582951Z Caching disabled for InstrumentationAnalysisTransform: /home/runner/.gradle/caches/modules-2/files-2.1/org.glassfish.jaxb/txw2/2.3.2/ce5be7da2e442c25ec14c766cb60cb802741727b/txw2-2.3.2.jar because:
2026-04-25T03:14:33.8611966Z   Caching not enabled.
2026-04-25T03:14:33.8613496Z Caching disabled for InstrumentationAnalysisTransform: /home/runner/.gradle/caches/modules-2/files-2.1/com.sun.istack/istack-commons-runtime/3.0.8/d6a97364045aa6b99bf2d3c566a3f98599c2d296/istack-commons-runtime-3.0.8.jar because:
2026-04-25T03:14:33.8615097Z   Caching not enabled.
2026-04-25T03:14:33.8616510Z Caching disabled for InstrumentationAnalysisTransform: /home/runner/.gradle/caches/modules-2/files-2.1/com.sun.xml.fastinfoset/FastInfoset/1.2.16/4eb6a0adad553bf759ffe86927df6f3b848c8bea/FastInfoset-1.2.16.jar because:
2026-04-25T03:14:33.8618009Z   Caching not enabled.
2026-04-25T03:14:33.8619579Z Caching disabled for InstrumentationAnalysisTransform: /home/runner/.gradle/caches/modules-2/files-2.1/jakarta.activation/jakarta.activation-api/1.2.1/562a587face36ec7eff2db7f2fc95425c6602bc1/jakarta.activation-api-1.2.1.jar because:
2026-04-25T03:14:33.8621162Z   Caching not enabled.
2026-04-25T03:14:33.8622837Z Caching disabled for InstrumentationAnalysisTransform: /home/runner/.gradle/caches/modules-2/files-2.1/com.google.auto.value/auto-value-annotations/1.6.2/ed193d86e0af90cc2342aedbe73c5d86b03fa09b/auto-value-annotations-1.6.2.jar because:
2026-04-25T03:14:33.8624417Z   Caching not enabled.
2026-04-25T03:14:33.9134007Z Caching disabled for InstrumentationAnalysisTransform: /home/runner/.gradle/caches/modules-2/files-2.1/com.google.errorprone/error_prone_annotations/2.18.0/89b684257096f548fa39a7df9fdaa409d4d4df91/error_prone_annotations-2.18.0.jar because:
2026-04-25T03:14:33.9142006Z   Caching not enabled.
2026-04-25T03:14:33.9192956Z Caching disabled for InstrumentationAnalysisTransform: /home/runner/.gradle/caches/modules-2/files-2.1/org.bitbucket.b_c/jose4j/0.9.5/e4ca26802488e6f16e24558d74ac8775a955fdd3/jose4j-0.9.5.jar because:
2026-04-25T03:14:33.9194358Z   Caching not enabled.
2026-04-25T03:14:33.9223399Z Caching disabled for InstrumentationAnalysisTransform: /home/runner/.gradle/caches/modules-2/files-2.1/org.slf4j/slf4j-api/1.7.30/b5a4b6d16ab13e34a88fae84c35cd5d68cac922c/slf4j-api-1.7.30.jar because:
2026-04-25T03:14:33.9237815Z   Caching not enabled.
2026-04-25T03:14:33.9272967Z Caching disabled for InstrumentationAnalysisTransform: /home/runner/.gradle/caches/modules-2/files-2.1/org.jdom/jdom2/2.0.6/6f14738ec2e9dd0011e343717fa624a10f8aab64/jdom2-2.0.6.jar because:
2026-04-25T03:14:33.9302082Z   Caching not enabled.
2026-04-25T03:14:33.9336134Z Caching disabled for InstrumentationAnalysisTransform: /home/runner/.gradle/caches/modules-2/files-2.1/com.google.code.findbugs/jsr305/3.0.2/25ea2e8b0c338a877313bd4672d3fe056ea78f0d/jsr305-3.0.2.jar because:
2026-04-25T03:14:33.9342085Z   Caching not enabled.
2026-04-25T03:14:33.9373251Z Caching disabled for InstrumentationAnalysisTransform: /home/runner/.gradle/caches/modules-2/files-2.1/com.google.j2objc/j2objc-annotations/2.8/c85270e307e7b822f1086b93689124b89768e273/j2objc-annotations-2.8.jar because:
2026-04-25T03:14:33.9398894Z   Caching not enabled.
2026-04-25T03:14:33.9423260Z Caching disabled for InstrumentationAnalysisTransform: /home/runner/.gradle/caches/modules-2/files-2.1/org.checkerframework/checker-qual/3.33.0/de2b60b62da487644fc11f734e73c8b0b431238f/checker-qual-3.33.0.jar because:
2026-04-25T03:14:33.9452226Z   Caching not enabled.
2026-04-25T03:14:33.9481964Z Caching disabled for InstrumentationAnalysisTransform: /home/runner/.gradle/caches/modules-2/files-2.1/com.android.tools.build/apksig/8.9.1/f005788487574c7d6ba23dea63bf8cb3a4f164a6/apksig-8.9.1.jar because:
2026-04-25T03:14:33.9486410Z   Caching not enabled.
2026-04-25T03:14:33.9488194Z Caching disabled for InstrumentationAnalysisTransform: /home/runner/.gradle/caches/modules-2/files-2.1/com.squareup/javawriter/2.5.0/81241ff7078ef14f42ea2a8995fa09c096256e6b/javawriter-2.5.0.jar because:
2026-04-25T03:14:33.9493128Z   Caching not enabled.
2026-04-25T03:14:33.9496930Z Caching disabled for InstrumentationAnalysisTransform: /home/runner/.gradle/caches/modules-2/files-2.1/org.jetbrains.kotlin/kotlin-gradle-plugin-annotations/2.0.0/4d00ed44eb30a888234724ba8ff46e1ed5c1546d/kotlin-gradle-plugin-annotations-2.0.0.jar because:
2026-04-25T03:14:33.9533633Z   Caching not enabled.
2026-04-25T03:14:33.9563117Z Caching disabled for InstrumentationAnalysisTransform: /home/runner/.gradle/caches/modules-2/files-2.1/org.jetbrains.kotlin/kotlin-tooling-core/2.0.0/1ac0c3686d77f70bc5981872121d812dc8182935/kotlin-tooling-core-2.0.0.jar because:
2026-04-25T03:14:33.9582147Z   Caching not enabled.
2026-04-25T03:14:33.9613243Z Caching disabled for InstrumentationAnalysisTransform: /home/runner/.gradle/caches/modules-2/files-2.1/org.jetbrains.kotlin/kotlin-daemon-client/2.0.0/42b189ff60bee1f674bf4bd806014cd8a519b73f/kotlin-daemon-client-2.0.0.jar because:
2026-04-25T03:14:33.9614892Z   Caching not enabled.
2026-04-25T03:14:34.0086877Z Caching disabled for InstrumentationAnalysisTransform: /home/runner/.gradle/caches/modules-2/files-2.1/org.jetbrains.kotlinx/kotlinx-coroutines-core-jvm/1.5.0/d8cebccdcddd029022aa8646a5a953ff88b13ac8/kotlinx-coroutines-core-jvm-1.5.0.jar because:
2026-04-25T03:14:34.0102227Z   Caching not enabled.
2026-04-25T03:14:34.0133074Z Caching disabled for InstrumentationAnalysisTransform: /home/runner/.gradle/caches/modules-2/files-2.1/org.jetbrains.kotlin/kotlin-util-io/2.0.0/b99cf9311bece174111296392b11c662b5fc1949/kotlin-util-io-2.0.0.jar because:
2026-04-25T03:14:34.0162022Z   Caching not enabled.
2026-04-25T03:14:34.0193180Z Caching disabled for InstrumentationAnalysisTransform: /home/runner/.gradle/caches/modules-2/files-2.1/org.jetbrains.kotlin/kotlin-daemon-embeddable/2.0.0/b39c612768614c4428c96ee9c65477181fffe9d/kotlin-daemon-embeddable-2.0.0.jar because:
2026-04-25T03:14:34.0195464Z   Caching not enabled.
2026-04-25T03:14:34.0219040Z Caching disabled for InstrumentationAnalysisTransform: /home/runner/.gradle/caches/modules-2/files-2.1/org.jetbrains.intellij.deps/trove4j/1.0.20200330/3afb14d5f9ceb459d724e907a21145e8ff394f02/trove4j-1.0.20200330.jar because:
2026-04-25T03:14:34.0219975Z   Caching not enabled.
2026-04-25T03:14:34.0220978Z Caching disabled for InstrumentationAnalysisTransform: /home/runner/.gradle/caches/modules-2/files-2.1/com.google.guava/failureaccess/1.0.1/1dcf1de382a0bf95a3d8b0849546c88bac1292c9/failureaccess-1.0.1.jar because:
2026-04-25T03:14:34.0223982Z   Caching not enabled.
2026-04-25T03:14:34.0225788Z Caching disabled for InstrumentationAnalysisTransform: /home/runner/.gradle/caches/modules-2/files-2.1/com.google.guava/listenablefuture/9999.0-empty-to-avoid-conflict-with-guava/b421526c5f297295adef1c886e5246c39d4ac629/listenablefuture-9999.0-empty-to-avoid-conflict-with-guava.jar because:
2026-04-25T03:14:34.0227651Z   Caching not enabled.
2026-04-25T03:14:34.0229033Z Caching disabled for InstrumentationAnalysisTransform: /home/runner/.gradle/caches/modules-2/files-2.1/commons-logging/commons-logging/1.2/4bfc12adfe4842bf07b657f0369c4cb522955686/commons-logging-1.2.jar because:
2026-04-25T03:14:34.0230394Z   Caching not enabled.
2026-04-25T03:14:34.0231729Z Caching disabled for InstrumentationAnalysisTransform: /home/runner/.gradle/caches/modules-2/files-2.1/commons-codec/commons-codec/1.11/3acb4705652e16236558f0f4f2192cc33c3bd189/commons-codec-1.11.jar because:
2026-04-25T03:14:34.0260721Z   Caching not enabled.
2026-04-25T03:14:34.0262408Z Caching disabled for InstrumentationAnalysisTransform: /home/runner/.gradle/caches/modules-2/files-2.1/net.java.dev.jna/jna/5.6.0/330f2244e9030119ab3030fc3fededc86713d9cc/jna-5.6.0.jar because:
2026-04-25T03:14:34.0267644Z   Caching not enabled.
2026-04-25T03:14:34.1085365Z Caching disabled for InstrumentationAnalysisTransform: /home/runner/.gradle/caches/modules-2/files-2.1/com.google.android/annotations/4.1.1.4/a1678ba907bf92691d879fef34e1a187038f9259/annotations-4.1.1.4.jar because:
2026-04-25T03:14:34.1112379Z   Caching not enabled.
2026-04-25T03:14:34.1124108Z Caching disabled for InstrumentationAnalysisTransform: /home/runner/.gradle/caches/modules-2/files-2.1/org.codehaus.mojo/animal-sniffer-annotations/1.23/3c0daebd5f0e1ce72cc50c818321ac957aeb5d70/animal-sniffer-annotations-1.23.jar because:
2026-04-25T03:14:34.1126141Z   Caching not enabled.
2026-04-25T03:14:34.1127719Z Caching disabled for InstrumentationAnalysisTransform: /home/runner/.gradle/caches/modules-2/files-2.1/io.perfmark/perfmark-api/0.26.0/ef65452adaf20bf7d12ef55913aba24037b82738/perfmark-api-0.26.0.jar because:
2026-04-25T03:14:34.1129355Z   Caching not enabled.
2026-04-25T03:14:34.1131020Z Caching disabled for InstrumentationAnalysisTransform: /home/runner/.gradle/caches/modules-2/files-2.1/io.netty/netty-codec-http2/4.1.93.Final/f1625b43bde13ec057da0d2fe381ded2547a70e/netty-codec-http2-4.1.93.Final.jar because:
2026-04-25T03:14:34.1132993Z   Caching not enabled.
2026-04-25T03:14:34.1134685Z Caching disabled for InstrumentationAnalysisTransform: /home/runner/.gradle/caches/modules-2/files-2.1/io.netty/netty-handler-proxy/4.1.93.Final/c165c1efe1b9c0cc22546a057b530611a088768b/netty-handler-proxy-4.1.93.Final.jar because:
2026-04-25T03:14:34.1136475Z   Caching not enabled.
2026-04-25T03:14:34.1138155Z Caching disabled for InstrumentationAnalysisTransform: /home/runner/.gradle/caches/modules-2/files-2.1/io.netty/netty-codec-http/4.1.93.Final/36acf0c94d03eb6ecef78a749a32cbb7dc0c57b4/netty-codec-http-4.1.93.Final.jar because:
2026-04-25T03:14:34.1139871Z   Caching not enabled.
2026-04-25T03:14:34.1141474Z Caching disabled for InstrumentationAnalysisTransform: /home/runner/.gradle/caches/modules-2/files-2.1/io.netty/netty-handler/4.1.93.Final/10f7ed9d8e1bfcba416074c70e5388be96116bfc/netty-handler-4.1.93.Final.jar because:
2026-04-25T03:14:34.1143309Z   Caching not enabled.
2026-04-25T03:14:34.1145574Z Caching disabled for InstrumentationAnalysisTransform: /home/runner/.gradle/caches/modules-2/files-2.1/io.netty/netty-transport-native-unix-common/4.1.93.Final/f4fb8b4c8da539091f43abcbb9f0389e48807eea/netty-transport-native-unix-common-4.1.93.Final.jar because:
2026-04-25T03:14:34.1147772Z   Caching not enabled.
2026-04-25T03:14:34.1149492Z Caching disabled for InstrumentationAnalysisTransform: /home/runner/.gradle/caches/modules-2/files-2.1/io.netty/netty-codec-socks/4.1.93.Final/81ca78969afc60073e47c3b7b361cc3839392c73/netty-codec-socks-4.1.93.Final.jar because:
2026-04-25T03:14:34.1151260Z   Caching not enabled.
2026-04-25T03:14:34.1152986Z Caching disabled for InstrumentationAnalysisTransform: /home/runner/.gradle/caches/modules-2/files-2.1/io.netty/netty-codec/4.1.93.Final/503badb458b6586632be8d1f81aa4e5ab99a80fc/netty-codec-4.1.93.Final.jar because:
2026-04-25T03:14:34.1154608Z   Caching not enabled.
2026-04-25T03:14:34.1156201Z Caching disabled for InstrumentationAnalysisTransform: /home/runner/.gradle/caches/modules-2/files-2.1/io.netty/netty-transport/4.1.93.Final/1a0894915c8027ce83b4d6a811c4e765955efd15/netty-transport-4.1.93.Final.jar because:
2026-04-25T03:14:34.1157845Z   Caching not enabled.
2026-04-25T03:14:34.1159340Z Caching disabled for InstrumentationAnalysisTransform: /home/runner/.gradle/caches/modules-2/files-2.1/io.netty/netty-buffer/4.1.93.Final/87fac21f4ef95157866b07b48e3c707a2f13c581/netty-buffer-4.1.93.Final.jar because:
2026-04-25T03:14:34.1161009Z   Caching not enabled.
2026-04-25T03:14:34.1162867Z Caching disabled for InstrumentationAnalysisTransform: /home/runner/.gradle/caches/modules-2/files-2.1/io.netty/netty-resolver/4.1.93.Final/3860e99075f9e078364ed38f6d6fc8825b7a168a/netty-resolver-4.1.93.Final.jar because:
2026-04-25T03:14:34.1164596Z   Caching not enabled.
2026-04-25T03:14:34.1166176Z Caching disabled for InstrumentationAnalysisTransform: /home/runner/.gradle/caches/modules-2/files-2.1/io.netty/netty-common/4.1.93.Final/1cfc49b91b0d3ddb30c9f7d8467e5d02ae8babdf/netty-common-4.1.93.Final.jar because:
2026-04-25T03:14:34.1167857Z   Caching not enabled.
2026-04-25T03:14:34.8100710Z Transforming gradle-8.9.1.jar (com.android.tools.build:gradle:8.9.1) with InstrumentationAnalysisTransform
2026-04-25T03:14:34.8113197Z Transforming gradle-8.9.1.jar (com.android.tools.build:gradle:8.9.1) with MergeInstrumentationAnalysisTransform
2026-04-25T03:14:34.8114760Z Transforming gradle-settings-api-8.9.1.jar (com.android.tools.build:gradle-settings-api:8.9.1) with InstrumentationAnalysisTransform
2026-04-25T03:14:34.8118401Z Transforming gradle-settings-api-8.9.1.jar (com.android.tools.build:gradle-settings-api:8.9.1) with MergeInstrumentationAnalysisTransform
2026-04-25T03:14:34.8120401Z Transforming lint-model-31.9.1.jar (com.android.tools.lint:lint-model:31.9.1) with InstrumentationAnalysisTransform
2026-04-25T03:14:34.8123274Z Transforming lint-model-31.9.1.jar (com.android.tools.lint:lint-model:31.9.1) with MergeInstrumentationAnalysisTransform
2026-04-25T03:14:34.8124969Z Transforming builder-8.9.1.jar (com.android.tools.build:builder:8.9.1) with InstrumentationAnalysisTransform
2026-04-25T03:14:34.8126321Z Transforming builder-8.9.1.jar (com.android.tools.build:builder:8.9.1) with MergeInstrumentationAnalysisTransform
2026-04-25T03:14:34.8127811Z Transforming manifest-merger-31.9.1.jar (com.android.tools.build:manifest-merger:31.9.1) with InstrumentationAnalysisTransform
2026-04-25T03:14:34.8129445Z Transforming manifest-merger-31.9.1.jar (com.android.tools.build:manifest-merger:31.9.1) with MergeInstrumentationAnalysisTransform
2026-04-25T03:14:34.8130940Z Transforming sdk-common-31.9.1.jar (com.android.tools:sdk-common:31.9.1) with InstrumentationAnalysisTransform
2026-04-25T03:14:34.8132646Z Transforming sdk-common-31.9.1.jar (com.android.tools:sdk-common:31.9.1) with MergeInstrumentationAnalysisTransform
2026-04-25T03:14:34.8134017Z Transforming sdklib-31.9.1.jar (com.android.tools:sdklib:31.9.1) with InstrumentationAnalysisTransform
2026-04-25T03:14:34.8135996Z Caching disabled for MergeInstrumentationAnalysisTransform: /home/runner/.gradle/caches/8.11.1/transforms/4b069aae39cdab5f3079a722dcd118b1/transformed/.gradle-instrumented-classpath.marker because:
2026-04-25T03:14:34.8137338Z   Caching not enabled.
2026-04-25T03:14:34.8138230Z Transforming sdklib-31.9.1.jar (com.android.tools:sdklib:31.9.1) with MergeInstrumentationAnalysisTransform
2026-04-25T03:14:34.8139332Z Transforming repository-31.9.1.jar (com.android.tools:repository:31.9.1) with InstrumentationAnalysisTransform
2026-04-25T03:14:34.8140549Z Transforming repository-31.9.1.jar (com.android.tools:repository:31.9.1) with MergeInstrumentationAnalysisTransform
2026-04-25T03:14:34.8142075Z Transforming aaptcompiler-8.9.1.jar (com.android.tools.build:aaptcompiler:8.9.1) with InstrumentationAnalysisTransform
2026-04-25T03:14:34.8143487Z Transforming aaptcompiler-8.9.1.jar (com.android.tools.build:aaptcompiler:8.9.1) with MergeInstrumentationAnalysisTransform
2026-04-25T03:14:34.8144883Z Transforming tracker-31.9.1.jar (com.android.tools.analytics-library:tracker:31.9.1) with InstrumentationAnalysisTransform
2026-04-25T03:14:34.8146312Z Transforming tracker-31.9.1.jar (com.android.tools.analytics-library:tracker:31.9.1) with MergeInstrumentationAnalysisTransform
2026-04-25T03:14:34.8147768Z Transforming shared-31.9.1.jar (com.android.tools.analytics-library:shared:31.9.1) with InstrumentationAnalysisTransform
2026-04-25T03:14:34.8149236Z Transforming shared-31.9.1.jar (com.android.tools.analytics-library:shared:31.9.1) with MergeInstrumentationAnalysisTransform
2026-04-25T03:14:34.8150906Z Transforming databinding-compiler-common-8.9.1.jar (androidx.databinding:databinding-compiler-common:8.9.1) with InstrumentationAnalysisTransform
2026-04-25T03:14:34.8152925Z Transforming databinding-compiler-common-8.9.1.jar (androidx.databinding:databinding-compiler-common:8.9.1) with MergeInstrumentationAnalysisTransform
2026-04-25T03:14:34.8155078Z Transforming android-test-plugin-host-emulator-control-proto-31.9.1.jar (com.android.tools.utp:android-test-plugin-host-emulator-control-proto:31.9.1) with InstrumentationAnalysisTransform
2026-04-25T03:14:34.8157550Z Transforming android-test-plugin-host-emulator-control-proto-31.9.1.jar (com.android.tools.utp:android-test-plugin-host-emulator-control-proto:31.9.1) with MergeInstrumentationAnalysisTransform
2026-04-25T03:14:34.8159882Z Transforming android-test-plugin-host-retention-proto-31.9.1.jar (com.android.tools.utp:android-test-plugin-host-retention-proto:31.9.1) with InstrumentationAnalysisTransform
2026-04-25T03:14:34.8162185Z Transforming android-test-plugin-host-retention-proto-31.9.1.jar (com.android.tools.utp:android-test-plugin-host-retention-proto:31.9.1) with MergeInstrumentationAnalysisTransform
2026-04-25T03:14:34.8163877Z Transforming builder-model-8.9.1.jar (com.android.tools.build:builder-model:8.9.1) with InstrumentationAnalysisTransform
2026-04-25T03:14:34.8165259Z Transforming builder-model-8.9.1.jar (com.android.tools.build:builder-model:8.9.1) with MergeInstrumentationAnalysisTransform
2026-04-25T03:14:34.8166616Z Transforming gradle-api-8.9.1.jar (com.android.tools.build:gradle-api:8.9.1) with InstrumentationAnalysisTransform
2026-04-25T03:14:34.8167885Z Transforming gradle-api-8.9.1.jar (com.android.tools.build:gradle-api:8.9.1) with MergeInstrumentationAnalysisTransform
2026-04-25T03:14:34.8169230Z Transforming builder-test-api-8.9.1.jar (com.android.tools.build:builder-test-api:8.9.1) with InstrumentationAnalysisTransform
2026-04-25T03:14:34.8170590Z Transforming builder-test-api-8.9.1.jar (com.android.tools.build:builder-test-api:8.9.1) with MergeInstrumentationAnalysisTransform
2026-04-25T03:14:34.8172056Z Transforming ddmlib-31.9.1.jar (com.android.tools.ddms:ddmlib:31.9.1) with InstrumentationAnalysisTransform
2026-04-25T03:14:34.8173247Z Transforming ddmlib-31.9.1.jar (com.android.tools.ddms:ddmlib:31.9.1) with MergeInstrumentationAnalysisTransform
2026-04-25T03:14:34.8174593Z Transforming layoutlib-api-31.9.1.jar (com.android.tools.layoutlib:layoutlib-api:31.9.1) with InstrumentationAnalysisTransform
2026-04-25T03:14:34.8176369Z Transforming layoutlib-api-31.9.1.jar (com.android.tools.layoutlib:layoutlib-api:31.9.1) with MergeInstrumentationAnalysisTransform
2026-04-25T03:14:34.8177857Z Transforming dvlib-31.9.1.jar (com.android.tools:dvlib:31.9.1) with InstrumentationAnalysisTransform
2026-04-25T03:14:34.8178955Z Transforming dvlib-31.9.1.jar (com.android.tools:dvlib:31.9.1) with MergeInstrumentationAnalysisTransform
2026-04-25T03:14:34.8180016Z Transforming common-31.9.1.jar (com.android.tools:common:31.9.1) with InstrumentationAnalysisTransform
2026-04-25T03:14:34.8181120Z Transforming common-31.9.1.jar (com.android.tools:common:31.9.1) with MergeInstrumentationAnalysisTransform
2026-04-25T03:14:34.8182679Z Transforming kotlin-stdlib-jdk8-2.1.0.jar (org.jetbrains.kotlin:kotlin-stdlib-jdk8:2.1.0) with InstrumentationAnalysisTransform
2026-04-25T03:14:34.8184161Z Transforming kotlin-stdlib-jdk8-2.1.0.jar (org.jetbrains.kotlin:kotlin-stdlib-jdk8:2.1.0) with MergeInstrumentationAnalysisTransform
2026-04-25T03:14:34.8185775Z Transforming jetifier-processor-1.0.0-beta10.jar (com.android.tools.build.jetifier:jetifier-processor:1.0.0-beta10) with InstrumentationAnalysisTransform
2026-04-25T03:14:34.8187597Z Transforming jetifier-processor-1.0.0-beta10.jar (com.android.tools.build.jetifier:jetifier-processor:1.0.0-beta10) with MergeInstrumentationAnalysisTransform
2026-04-25T03:14:34.8189293Z Transforming jetifier-core-1.0.0-beta10.jar (com.android.tools.build.jetifier:jetifier-core:1.0.0-beta10) with InstrumentationAnalysisTransform
2026-04-25T03:14:34.8190911Z Transforming jetifier-core-1.0.0-beta10.jar (com.android.tools.build.jetifier:jetifier-core:1.0.0-beta10) with MergeInstrumentationAnalysisTransform
2026-04-25T03:14:34.8192945Z Transforming symbol-processing-gradle-plugin-2.0.0-1.0.24.jar (com.google.devtools.ksp:symbol-processing-gradle-plugin:2.0.0-1.0.24) with InstrumentationAnalysisTransform
2026-04-25T03:14:34.8194997Z Transforming symbol-processing-gradle-plugin-2.0.0-1.0.24.jar (com.google.devtools.ksp:symbol-processing-gradle-plugin:2.0.0-1.0.24) with MergeInstrumentationAnalysisTransform
2026-04-25T03:14:34.8196895Z Transforming symbol-processing-api-2.0.0-1.0.24.jar (com.google.devtools.ksp:symbol-processing-api:2.0.0-1.0.24) with InstrumentationAnalysisTransform
2026-04-25T03:14:34.8198631Z Transforming symbol-processing-api-2.0.0-1.0.24.jar (com.google.devtools.ksp:symbol-processing-api:2.0.0-1.0.24) with MergeInstrumentationAnalysisTransform
2026-04-25T03:14:34.8200488Z Transforming symbol-processing-common-deps-2.0.0-1.0.24.jar (com.google.devtools.ksp:symbol-processing-common-deps:2.0.0-1.0.24) with InstrumentationAnalysisTransform
2026-04-25T03:14:34.8202598Z Transforming symbol-processing-common-deps-2.0.0-1.0.24.jar (com.google.devtools.ksp:symbol-processing-common-deps:2.0.0-1.0.24) with MergeInstrumentationAnalysisTransform
2026-04-25T03:14:34.8204279Z Transforming kotlin-reflect-2.0.20.jar (org.jetbrains.kotlin:kotlin-reflect:2.0.20) with InstrumentationAnalysisTransform
2026-04-25T03:14:34.8205698Z Transforming kotlin-reflect-2.0.20.jar (org.jetbrains.kotlin:kotlin-reflect:2.0.20) with MergeInstrumentationAnalysisTransform
2026-04-25T03:14:34.8207165Z Transforming kotlin-stdlib-jdk7-2.1.0.jar (org.jetbrains.kotlin:kotlin-stdlib-jdk7:2.1.0) with InstrumentationAnalysisTransform
2026-04-25T03:14:34.8208647Z Transforming kotlin-stdlib-jdk7-2.1.0.jar (org.jetbrains.kotlin:kotlin-stdlib-jdk7:2.1.0) with MergeInstrumentationAnalysisTransform
2026-04-25T03:14:34.8210048Z Transforming kotlin-stdlib-2.0.20.jar (org.jetbrains.kotlin:kotlin-stdlib:2.0.20) with InstrumentationAnalysisTransform
2026-04-25T03:14:34.8211409Z Transforming kotlin-stdlib-2.0.20.jar (org.jetbrains.kotlin:kotlin-stdlib:2.0.20) with MergeInstrumentationAnalysisTransform
2026-04-25T03:14:34.8212775Z Transforming annotations-13.0.jar (org.jetbrains:annotations:13.0) with InstrumentationAnalysisTransform
2026-04-25T03:14:34.8213949Z Transforming annotations-13.0.jar (org.jetbrains:annotations:13.0) with MergeInstrumentationAnalysisTransform
2026-04-25T03:14:34.8215653Z Transforming kotlin-gradle-plugin-model-2.0.0.jar (org.jetbrains.kotlin:kotlin-gradle-plugin-model:2.0.0) with InstrumentationAnalysisTransform
2026-04-25T03:14:34.8217567Z Transforming kotlin-gradle-plugin-model-2.0.0.jar (org.jetbrains.kotlin:kotlin-gradle-plugin-model:2.0.0) with MergeInstrumentationAnalysisTransform
2026-04-25T03:14:34.8219269Z Transforming kotlin-gradle-plugin-api-2.0.0.jar (org.jetbrains.kotlin:kotlin-gradle-plugin-api:2.0.0) with InstrumentationAnalysisTransform
2026-04-25T03:14:34.8220943Z Transforming kotlin-gradle-plugin-api-2.0.0.jar (org.jetbrains.kotlin:kotlin-gradle-plugin-api:2.0.0) with MergeInstrumentationAnalysisTransform
2026-04-25T03:14:34.8222814Z Transforming kotlin-gradle-plugin-api-2.0.0-gradle85.jar (org.jetbrains.kotlin:kotlin-gradle-plugin-api:2.0.0) with InstrumentationAnalysisTransform
2026-04-25T03:14:34.8224522Z Transforming kotlin-gradle-plugin-api-2.0.0-gradle85.jar (org.jetbrains.kotlin:kotlin-gradle-plugin-api:2.0.0) with MergeInstrumentationAnalysisTransform
2026-04-25T03:14:34.8226301Z Transforming compose-compiler-gradle-plugin-2.0.0-gradle85.jar (org.jetbrains.kotlin:compose-compiler-gradle-plugin:2.0.0) with InstrumentationAnalysisTransform
2026-04-25T03:14:34.8228279Z Transforming compose-compiler-gradle-plugin-2.0.0-gradle85.jar (org.jetbrains.kotlin:compose-compiler-gradle-plugin:2.0.0) with MergeInstrumentationAnalysisTransform
2026-04-25T03:14:34.8230154Z Transforming kotlin-gradle-plugin-2.0.0-gradle85.jar (org.jetbrains.kotlin:kotlin-gradle-plugin:2.0.0) with InstrumentationAnalysisTransform
2026-04-25T03:14:34.8231947Z Transforming kotlin-gradle-plugin-2.0.0-gradle85.jar (org.jetbrains.kotlin:kotlin-gradle-plugin:2.0.0) with MergeInstrumentationAnalysisTransform
2026-04-25T03:14:34.8233395Z Transforming bundletool-1.17.2.jar (com.android.tools.build:bundletool:1.17.2) with InstrumentationAnalysisTransform
2026-04-25T03:14:34.8234694Z Transforming bundletool-1.17.2.jar (com.android.tools.build:bundletool:1.17.2) with MergeInstrumentationAnalysisTransform
2026-04-25T03:14:34.8236073Z Transforming aapt2-proto-8.9.1-12782657.jar (com.android.tools.build:aapt2-proto:8.9.1-12782657) with InstrumentationAnalysisTransform
2026-04-25T03:14:34.8237559Z Transforming aapt2-proto-8.9.1-12782657.jar (com.android.tools.build:aapt2-proto:8.9.1-12782657) with MergeInstrumentationAnalysisTransform
2026-04-25T03:14:34.8238975Z Transforming crash-31.9.1.jar (com.android.tools.analytics-library:crash:31.9.1) with InstrumentationAnalysisTransform
2026-04-25T03:14:34.8240821Z Caching disabled for MergeInstrumentationAnalysisTransform: /home/runner/.gradle/caches/8.11.1/transforms/9714f9b438bc8914df5e0596542e9123/transformed/analysis/instrumentation-hierarchy.bin because:
2026-04-25T03:14:34.8242382Z   Caching not enabled.
2026-04-25T03:14:34.8243196Z Transforming crash-31.9.1.jar (com.android.tools.analytics-library:crash:31.9.1) with MergeInstrumentationAnalysisTransform
2026-04-25T03:14:34.8244655Z Transforming lint-typedef-remover-31.9.1.jar (com.android.tools.lint:lint-typedef-remover:31.9.1) with InstrumentationAnalysisTransform
2026-04-25T03:14:34.8246217Z Transforming lint-typedef-remover-31.9.1.jar (com.android.tools.lint:lint-typedef-remover:31.9.1) with MergeInstrumentationAnalysisTransform
2026-04-25T03:14:34.8247736Z Transforming databinding-common-8.9.1.jar (androidx.databinding:databinding-common:8.9.1) with InstrumentationAnalysisTransform
2026-04-25T03:14:34.8249231Z Transforming databinding-common-8.9.1.jar (androidx.databinding:databinding-common:8.9.1) with MergeInstrumentationAnalysisTransform
2026-04-25T03:14:34.8250707Z Transforming baseLibrary-8.9.1.jar (com.android.databinding:baseLibrary:8.9.1) with InstrumentationAnalysisTransform
2026-04-25T03:14:34.8252196Z Transforming baseLibrary-8.9.1.jar (com.android.databinding:baseLibrary:8.9.1) with MergeInstrumentationAnalysisTransform
2026-04-25T03:14:34.8253895Z Transforming android-device-provider-ddmlib-proto-31.9.1.jar (com.android.tools.utp:android-device-provider-ddmlib-proto:31.9.1) with InstrumentationAnalysisTransform
2026-04-25T03:14:34.8256267Z Transforming android-device-provider-ddmlib-proto-31.9.1.jar (com.android.tools.utp:android-device-provider-ddmlib-proto:31.9.1) with MergeInstrumentationAnalysisTransform
2026-04-25T03:14:34.8258509Z Transforming android-device-provider-gradle-proto-31.9.1.jar (com.android.tools.utp:android-device-provider-gradle-proto:31.9.1) with InstrumentationAnalysisTransform
2026-04-25T03:14:34.8260511Z Transforming android-device-provider-gradle-proto-31.9.1.jar (com.android.tools.utp:android-device-provider-gradle-proto:31.9.1) with MergeInstrumentationAnalysisTransform
2026-04-25T03:14:34.8262676Z Transforming android-device-provider-profile-proto-31.9.1.jar (com.android.tools.utp:android-device-provider-profile-proto:31.9.1) with InstrumentationAnalysisTransform
2026-04-25T03:14:34.8264708Z Transforming android-device-provider-profile-proto-31.9.1.jar (com.android.tools.utp:android-device-provider-profile-proto:31.9.1) with MergeInstrumentationAnalysisTransform
2026-04-25T03:14:34.8267040Z Transforming android-test-plugin-host-additional-test-output-proto-31.9.1.jar (com.android.tools.utp:android-test-plugin-host-additional-test-output-proto:31.9.1) with InstrumentationAnalysisTransform
2026-04-25T03:14:34.8269603Z Transforming android-test-plugin-host-additional-test-output-proto-31.9.1.jar (com.android.tools.utp:android-test-plugin-host-additional-test-output-proto:31.9.1) with MergeInstrumentationAnalysisTransform
2026-04-25T03:14:34.8272343Z Caching disabled for MergeInstrumentationAnalysisTransform: /home/runner/.gradle/caches/8.11.1/transforms/b53251bbd07ad04b9bff2b056314dbca/transformed/analysis/instrumentation-hierarchy.bin because:
2026-04-25T03:14:34.8273725Z   Caching not enabled.
2026-04-25T03:14:34.8274924Z Transforming android-test-plugin-host-coverage-proto-31.9.1.jar (com.android.tools.utp:android-test-plugin-host-coverage-proto:31.9.1) with InstrumentationAnalysisTransform
2026-04-25T03:14:34.8277049Z Transforming android-test-plugin-host-coverage-proto-31.9.1.jar (com.android.tools.utp:android-test-plugin-host-coverage-proto:31.9.1) with MergeInstrumentationAnalysisTransform
2026-04-25T03:14:34.8279166Z Transforming android-test-plugin-host-logcat-proto-31.9.1.jar (com.android.tools.utp:android-test-plugin-host-logcat-proto:31.9.1) with InstrumentationAnalysisTransform
2026-04-25T03:14:34.8281330Z Caching disabled for MergeInstrumentationAnalysisTransform: /home/runner/.gradle/caches/8.11.1/transforms/4b069aae39cdab5f3079a722dcd118b1/transformed/analysis/instrumentation-hierarchy.bin because:
2026-04-25T03:14:34.8282936Z   Caching not enabled.
2026-04-25T03:14:34.8284088Z Transforming android-test-plugin-host-logcat-proto-31.9.1.jar (com.android.tools.utp:android-test-plugin-host-logcat-proto:31.9.1) with MergeInstrumentationAnalysisTransform
2026-04-25T03:14:34.8286317Z Transforming android-test-plugin-host-apk-installer-proto-31.9.1.jar (com.android.tools.utp:android-test-plugin-host-apk-installer-proto:31.9.1) with InstrumentationAnalysisTransform
2026-04-25T03:14:34.8288627Z Transforming android-test-plugin-host-apk-installer-proto-31.9.1.jar (com.android.tools.utp:android-test-plugin-host-apk-installer-proto:31.9.1) with MergeInstrumentationAnalysisTransform
2026-04-25T03:14:34.8290974Z Transforming android-test-plugin-result-listener-gradle-proto-31.9.1.jar (com.android.tools.utp:android-test-plugin-result-listener-gradle-proto:31.9.1) with InstrumentationAnalysisTransform
2026-04-25T03:14:34.8293619Z Transforming android-test-plugin-result-listener-gradle-proto-31.9.1.jar (com.android.tools.utp:android-test-plugin-result-listener-gradle-proto:31.9.1) with MergeInstrumentationAnalysisTransform
2026-04-25T03:14:34.8295867Z Transforming transform-api-2.0.0-deprecated-use-gradle-api.jar (com.android.tools.build:transform-api:2.0.0-deprecated-use-gradle-api) with InstrumentationAnalysisTransform
2026-04-25T03:14:34.8297915Z Transforming transform-api-2.0.0-deprecated-use-gradle-api.jar (com.android.tools.build:transform-api:2.0.0-deprecated-use-gradle-api) with MergeInstrumentationAnalysisTransform
2026-04-25T03:14:34.8299921Z Transforming httpmime-4.5.6.jar (org.apache.httpcomponents:httpmime:4.5.6) with InstrumentationAnalysisTransform
2026-04-25T03:14:34.8301463Z Transforming httpmime-4.5.6.jar (org.apache.httpcomponents:httpmime:4.5.6) with MergeInstrumentationAnalysisTransform
2026-04-25T03:14:34.8302841Z Transforming commons-io-2.16.1.jar (commons-io:commons-io:2.16.1) with InstrumentationAnalysisTransform
2026-04-25T03:14:34.8303983Z Transforming commons-io-2.16.1.jar (commons-io:commons-io:2.16.1) with MergeInstrumentationAnalysisTransform
2026-04-25T03:14:34.8305089Z Transforming asm-commons-9.7.jar (org.ow2.asm:asm-commons:9.7) with InstrumentationAnalysisTransform
2026-04-25T03:14:34.8306191Z Transforming asm-commons-9.7.jar (org.ow2.asm:asm-commons:9.7) with MergeInstrumentationAnalysisTransform
2026-04-25T03:14:34.8307285Z Transforming asm-util-9.7.jar (org.ow2.asm:asm-util:9.7) with InstrumentationAnalysisTransform
2026-04-25T03:14:34.8308293Z Transforming asm-util-9.7.jar (org.ow2.asm:asm-util:9.7) with MergeInstrumentationAnalysisTransform
2026-04-25T03:14:34.8309369Z Transforming asm-analysis-9.7.jar (org.ow2.asm:asm-analysis:9.7) with InstrumentationAnalysisTransform
2026-04-25T03:14:34.8310453Z Transforming asm-analysis-9.7.jar (org.ow2.asm:asm-analysis:9.7) with MergeInstrumentationAnalysisTransform
2026-04-25T03:14:34.8311487Z Transforming asm-tree-9.7.jar (org.ow2.asm:asm-tree:9.7) with InstrumentationAnalysisTransform
2026-04-25T03:14:34.8312628Z Transforming asm-tree-9.7.jar (org.ow2.asm:asm-tree:9.7) with MergeInstrumentationAnalysisTransform
2026-04-25T03:14:34.8313578Z Transforming asm-9.7.jar (org.ow2.asm:asm:9.7) with InstrumentationAnalysisTransform
2026-04-25T03:14:34.8314494Z Transforming asm-9.7.jar (org.ow2.asm:asm:9.7) with MergeInstrumentationAnalysisTransform
2026-04-25T03:14:34.8315559Z Transforming apkzlib-8.9.1.jar (com.android.tools.build:apkzlib:8.9.1) with InstrumentationAnalysisTransform
2026-04-25T03:14:34.8316767Z Transforming apkzlib-8.9.1.jar (com.android.tools.build:apkzlib:8.9.1) with MergeInstrumentationAnalysisTransform
2026-04-25T03:14:34.8318025Z Transforming bcpkix-jdk18on-1.79.jar (org.bouncycastle:bcpkix-jdk18on:1.79) with InstrumentationAnalysisTransform
2026-04-25T03:14:34.8319323Z Transforming bcpkix-jdk18on-1.79.jar (org.bouncycastle:bcpkix-jdk18on:1.79) with MergeInstrumentationAnalysisTransform
2026-04-25T03:14:34.8320603Z Transforming jaxb-runtime-2.3.2.jar (org.glassfish.jaxb:jaxb-runtime:2.3.2) with InstrumentationAnalysisTransform
2026-04-25T03:14:34.8322136Z Transforming jaxb-runtime-2.3.2.jar (org.glassfish.jaxb:jaxb-runtime:2.3.2) with MergeInstrumentationAnalysisTransform
2026-04-25T03:14:34.8323358Z Transforming jopt-simple-4.9.jar (net.sf.jopt-simple:jopt-simple:4.9) with InstrumentationAnalysisTransform
2026-04-25T03:14:34.8324564Z Transforming jopt-simple-4.9.jar (net.sf.jopt-simple:jopt-simple:4.9) with MergeInstrumentationAnalysisTransform
2026-04-25T03:14:34.8325723Z Transforming javapoet-1.10.0.jar (com.squareup:javapoet:1.10.0) with InstrumentationAnalysisTransform
2026-04-25T03:14:34.8326838Z Transforming javapoet-1.10.0.jar (com.squareup:javapoet:1.10.0) with MergeInstrumentationAnalysisTransform
2026-04-25T03:14:34.8328160Z Transforming protobuf-java-util-3.22.3.jar (com.google.protobuf:protobuf-java-util:3.22.3) with InstrumentationAnalysisTransform
2026-04-25T03:14:34.8329601Z Transforming protobuf-java-util-3.22.3.jar (com.google.protobuf:protobuf-java-util:3.22.3) with MergeInstrumentationAnalysisTransform
2026-04-25T03:14:34.8330860Z Transforming tink-1.7.0.jar (com.google.crypto.tink:tink:1.7.0) with InstrumentationAnalysisTransform
2026-04-25T03:14:34.8332123Z Transforming tink-1.7.0.jar (com.google.crypto.tink:tink:1.7.0) with MergeInstrumentationAnalysisTransform
2026-04-25T03:14:34.8333449Z Transforming core-proto-0.0.9-alpha03.jar (com.google.testing.platform:core-proto:0.0.9-alpha03) with InstrumentationAnalysisTransform
2026-04-25T03:14:34.8335274Z Transforming core-proto-0.0.9-alpha03.jar (com.google.testing.platform:core-proto:0.0.9-alpha03) with MergeInstrumentationAnalysisTransform
2026-04-25T03:14:34.8336890Z Transforming protos-31.9.1.jar (com.android.tools.analytics-library:protos:31.9.1) with InstrumentationAnalysisTransform
2026-04-25T03:14:34.8338292Z Transforming protos-31.9.1.jar (com.android.tools.analytics-library:protos:31.9.1) with MergeInstrumentationAnalysisTransform
2026-04-25T03:14:34.8339587Z Transforming grpc-protobuf-1.57.2.jar (io.grpc:grpc-protobuf:1.57.2) with InstrumentationAnalysisTransform
2026-04-25T03:14:34.8340757Z Transforming grpc-protobuf-1.57.2.jar (io.grpc:grpc-protobuf:1.57.2) with MergeInstrumentationAnalysisTransform
2026-04-25T03:14:34.8342365Z Transforming proto-google-common-protos-2.17.0.jar (com.google.api.grpc:proto-google-common-protos:2.17.0) with InstrumentationAnalysisTransform
2026-04-25T03:14:34.8344082Z Transforming proto-google-common-protos-2.17.0.jar (com.google.api.grpc:proto-google-common-protos:2.17.0) with MergeInstrumentationAnalysisTransform
2026-04-25T03:14:34.8345620Z Transforming protobuf-java-3.24.4.jar (com.google.protobuf:protobuf-java:3.24.4) with InstrumentationAnalysisTransform
2026-04-25T03:14:34.8346980Z Transforming protobuf-java-3.24.4.jar (com.google.protobuf:protobuf-java:3.24.4) with MergeInstrumentationAnalysisTransform
2026-04-25T03:14:34.8348477Z Transforming kotlin-build-statistics-2.0.0.jar (org.jetbrains.kotlin:kotlin-build-statistics:2.0.0) with InstrumentationAnalysisTransform
2026-04-25T03:14:34.8350527Z Caching disabled for MergeInstrumentationAnalysisTransform: /home/runner/.gradle/caches/8.11.1/transforms/4b069aae39cdab5f3079a722dcd118b1/transformed/analysis/instrumentation-dependencies.bin because:
2026-04-25T03:14:34.8352136Z   Caching not enabled.
2026-04-25T03:14:34.8353101Z Transforming kotlin-build-statistics-2.0.0.jar (org.jetbrains.kotlin:kotlin-build-statistics:2.0.0) with MergeInstrumentationAnalysisTransform
2026-04-25T03:14:34.8354466Z Transforming grpc-netty-1.57.2.jar (io.grpc:grpc-netty:1.57.2) with InstrumentationAnalysisTransform
2026-04-25T03:14:34.8355551Z Transforming grpc-netty-1.57.2.jar (io.grpc:grpc-netty:1.57.2) with MergeInstrumentationAnalysisTransform
2026-04-25T03:14:34.8356638Z Transforming grpc-core-1.57.2.jar (io.grpc:grpc-core:1.57.2) with InstrumentationAnalysisTransform
2026-04-25T03:14:34.8357683Z Transforming grpc-core-1.57.2.jar (io.grpc:grpc-core:1.57.2) with MergeInstrumentationAnalysisTransform
2026-04-25T03:14:34.8358770Z Transforming gson-2.10.1.jar (com.google.code.gson:gson:2.10.1) with InstrumentationAnalysisTransform
2026-04-25T03:14:34.8359865Z Transforming gson-2.10.1.jar (com.google.code.gson:gson:2.10.1) with MergeInstrumentationAnalysisTransform
2026-04-25T03:14:34.8360895Z Transforming grpc-stub-1.57.2.jar (io.grpc:grpc-stub:1.57.2) with InstrumentationAnalysisTransform
2026-04-25T03:14:34.8362086Z Transforming grpc-stub-1.57.2.jar (io.grpc:grpc-stub:1.57.2) with MergeInstrumentationAnalysisTransform
2026-04-25T03:14:34.8363413Z Transforming tensorflow-lite-metadata-0.2.0.jar (org.tensorflow:tensorflow-lite-metadata:0.2.0) with InstrumentationAnalysisTransform
2026-04-25T03:14:34.8364997Z Transforming tensorflow-lite-metadata-0.2.0.jar (org.tensorflow:tensorflow-lite-metadata:0.2.0) with MergeInstrumentationAnalysisTransform
2026-04-25T03:14:34.8366503Z Transforming flatbuffers-java-1.12.0.jar (com.google.flatbuffers:flatbuffers-java:1.12.0) with InstrumentationAnalysisTransform
2026-04-25T03:14:34.8367973Z Transforming flatbuffers-java-1.12.0.jar (com.google.flatbuffers:flatbuffers-java:1.12.0) with MergeInstrumentationAnalysisTransform
2026-04-25T03:14:34.8369647Z Transforming kotlin-gradle-plugin-idea-proto-2.0.0.jar (org.jetbrains.kotlin:kotlin-gradle-plugin-idea-proto:2.0.0) with InstrumentationAnalysisTransform
2026-04-25T03:14:34.9084522Z Transforming kotlin-gradle-plugin-idea-proto-2.0.0.jar (org.jetbrains.kotlin:kotlin-gradle-plugin-idea-proto:2.0.0) with MergeInstrumentationAnalysisTransform
2026-04-25T03:14:34.9100130Z Transforming kotlin-gradle-plugin-idea-2.0.0.jar (org.jetbrains.kotlin:kotlin-gradle-plugin-idea:2.0.0) with InstrumentationAnalysisTransform
2026-04-25T03:14:34.9102494Z Transforming kotlin-gradle-plugin-idea-2.0.0.jar (org.jetbrains.kotlin:kotlin-gradle-plugin-idea:2.0.0) with MergeInstrumentationAnalysisTransform
2026-04-25T03:14:34.9104367Z Transforming kotlin-klib-commonizer-api-2.0.0.jar (org.jetbrains.kotlin:kotlin-klib-commonizer-api:2.0.0) with InstrumentationAnalysisTransform
2026-04-25T03:14:34.9106251Z Transforming kotlin-klib-commonizer-api-2.0.0.jar (org.jetbrains.kotlin:kotlin-klib-commonizer-api:2.0.0) with MergeInstrumentationAnalysisTransform
2026-04-25T03:14:34.9108084Z Transforming kotlin-build-tools-api-2.0.0.jar (org.jetbrains.kotlin:kotlin-build-tools-api:2.0.0) with InstrumentationAnalysisTransform
2026-04-25T03:14:34.9109833Z Transforming kotlin-build-tools-api-2.0.0.jar (org.jetbrains.kotlin:kotlin-build-tools-api:2.0.0) with MergeInstrumentationAnalysisTransform
2026-04-25T03:14:34.9111733Z Transforming kotlin-compiler-runner-2.0.0.jar (org.jetbrains.kotlin:kotlin-compiler-runner:2.0.0) with InstrumentationAnalysisTransform
2026-04-25T03:14:34.9113465Z Transforming kotlin-compiler-runner-2.0.0.jar (org.jetbrains.kotlin:kotlin-compiler-runner:2.0.0) with MergeInstrumentationAnalysisTransform
2026-04-25T03:14:34.9115177Z Transforming kotlin-native-utils-2.0.0.jar (org.jetbrains.kotlin:kotlin-native-utils:2.0.0) with InstrumentationAnalysisTransform
2026-04-25T03:14:34.9116806Z Transforming kotlin-native-utils-2.0.0.jar (org.jetbrains.kotlin:kotlin-native-utils:2.0.0) with MergeInstrumentationAnalysisTransform
2026-04-25T03:14:34.9118384Z Transforming kotlin-util-klib-2.0.0.jar (org.jetbrains.kotlin:kotlin-util-klib:2.0.0) with InstrumentationAnalysisTransform
2026-04-25T03:14:34.9120448Z Caching disabled for MergeInstrumentationAnalysisTransform: /home/runner/.gradle/caches/8.11.1/transforms/b53251bbd07ad04b9bff2b056314dbca/transformed/analysis/instrumentation-dependencies.bin because:
2026-04-25T03:14:34.9122120Z   Caching not enabled.
2026-04-25T03:14:34.9123098Z Transforming kotlin-util-klib-2.0.0.jar (org.jetbrains.kotlin:kotlin-util-klib:2.0.0) with MergeInstrumentationAnalysisTransform
2026-04-25T03:14:34.9127579Z Transforming kotlin-compiler-embeddable-2.0.0.jar (org.jetbrains.kotlin:kotlin-compiler-embeddable:2.0.0) with InstrumentationAnalysisTransform
2026-04-25T03:14:34.9129550Z Transforming kotlin-compiler-embeddable-2.0.0.jar (org.jetbrains.kotlin:kotlin-compiler-embeddable:2.0.0) with MergeInstrumentationAnalysisTransform
2026-04-25T03:14:34.9131133Z Transforming jimfs-1.1.jar (com.google.jimfs:jimfs:1.1) with InstrumentationAnalysisTransform
2026-04-25T03:14:34.9132576Z Transforming jimfs-1.1.jar (com.google.jimfs:jimfs:1.1) with MergeInstrumentationAnalysisTransform
2026-04-25T03:14:34.9133832Z Transforming grpc-context-1.57.2.jar (io.grpc:grpc-context:1.57.2) with InstrumentationAnalysisTransform
2026-04-25T03:14:34.9135165Z Transforming grpc-context-1.57.2.jar (io.grpc:grpc-context:1.57.2) with MergeInstrumentationAnalysisTransform
2026-04-25T03:14:34.9136572Z Transforming grpc-protobuf-lite-1.57.2.jar (io.grpc:grpc-protobuf-lite:1.57.2) with InstrumentationAnalysisTransform
2026-04-25T03:14:34.9138037Z Transforming grpc-protobuf-lite-1.57.2.jar (io.grpc:grpc-protobuf-lite:1.57.2) with MergeInstrumentationAnalysisTransform
2026-04-25T03:14:34.9139348Z Transforming grpc-api-1.57.2.jar (io.grpc:grpc-api:1.57.2) with InstrumentationAnalysisTransform
2026-04-25T03:14:34.9140480Z Transforming grpc-api-1.57.2.jar (io.grpc:grpc-api:1.57.2) with MergeInstrumentationAnalysisTransform
2026-04-25T03:14:34.9141949Z Transforming guava-32.0.1-jre.jar (com.google.guava:guava:32.0.1-jre) with InstrumentationAnalysisTransform
2026-04-25T03:14:34.9143274Z Transforming guava-32.0.1-jre.jar (com.google.guava:guava:32.0.1-jre) with MergeInstrumentationAnalysisTransform
2026-04-25T03:14:34.9144559Z Transforming dagger-2.28.3.jar (com.google.dagger:dagger:2.28.3) with InstrumentationAnalysisTransform
2026-04-25T03:14:34.9145936Z Transforming dagger-2.28.3.jar (com.google.dagger:dagger:2.28.3) with MergeInstrumentationAnalysisTransform
2026-04-25T03:14:34.9147167Z Transforming javax.inject-1.jar (javax.inject:javax.inject:1) with InstrumentationAnalysisTransform
2026-04-25T03:14:34.9148229Z Transforming javax.inject-1.jar (javax.inject:javax.inject:1) with MergeInstrumentationAnalysisTransform
2026-04-25T03:14:34.9149228Z Transforming kxml2-2.3.0.jar (net.sf.kxml:kxml2:2.3.0) with InstrumentationAnalysisTransform
2026-04-25T03:14:34.9150810Z Caching disabled for MergeInstrumentationAnalysisTransform: /home/runner/.gradle/caches/8.11.1/transforms/9714f9b438bc8914df5e0596542e9123/transformed/analysis/instrumentation-dependencies.bin because:
2026-04-25T03:14:34.9152386Z   Caching not enabled.
2026-04-25T03:14:34.9153076Z Transforming kxml2-2.3.0.jar (net.sf.kxml:kxml2:2.3.0) with MergeInstrumentationAnalysisTransform
2026-04-25T03:14:34.9154298Z Transforming bcutil-jdk18on-1.79.jar (org.bouncycastle:bcutil-jdk18on:1.79) with InstrumentationAnalysisTransform
2026-04-25T03:14:34.9155560Z Transforming bcutil-jdk18on-1.79.jar (org.bouncycastle:bcutil-jdk18on:1.79) with MergeInstrumentationAnalysisTransform
2026-04-25T03:14:34.9156832Z Transforming bcprov-jdk18on-1.79.jar (org.bouncycastle:bcprov-jdk18on:1.79) with InstrumentationAnalysisTransform
2026-04-25T03:14:34.9158109Z Transforming bcprov-jdk18on-1.79.jar (org.bouncycastle:bcprov-jdk18on:1.79) with MergeInstrumentationAnalysisTransform
2026-04-25T03:14:34.9159469Z Transforming commons-compress-1.21.jar (org.apache.commons:commons-compress:1.21) with InstrumentationAnalysisTransform
2026-04-25T03:14:34.9160939Z Transforming commons-compress-1.21.jar (org.apache.commons:commons-compress:1.21) with MergeInstrumentationAnalysisTransform
2026-04-25T03:14:34.9162515Z Transforming httpclient-4.5.14.jar (org.apache.httpcomponents:httpclient:4.5.14) with InstrumentationAnalysisTransform
2026-04-25T03:14:34.9164008Z Transforming httpclient-4.5.14.jar (org.apache.httpcomponents:httpclient:4.5.14) with MergeInstrumentationAnalysisTransform
2026-04-25T03:14:34.9165494Z Transforming httpcore-4.4.16.jar (org.apache.httpcomponents:httpcore:4.4.16) with InstrumentationAnalysisTransform
2026-04-25T03:14:34.9166960Z Transforming httpcore-4.4.16.jar (org.apache.httpcomponents:httpcore:4.4.16) with MergeInstrumentationAnalysisTransform
2026-04-25T03:14:34.9168275Z Transforming javax.activation-1.2.0.jar (com.sun.activation:javax.activation:1.2.0) with InstrumentationAnalysisTransform
2026-04-25T03:14:34.9169780Z Transforming javax.activation-1.2.0.jar (com.sun.activation:javax.activation:1.2.0) with MergeInstrumentationAnalysisTransform
2026-04-25T03:14:34.9171216Z Transforming signflinger-8.9.1.jar (com.android:signflinger:8.9.1) with InstrumentationAnalysisTransform
2026-04-25T03:14:34.9172701Z Transforming signflinger-8.9.1.jar (com.android:signflinger:8.9.1) with MergeInstrumentationAnalysisTransform
2026-04-25T03:14:34.9174032Z Transforming zipflinger-8.9.1.jar (com.android:zipflinger:8.9.1) with InstrumentationAnalysisTransform
2026-04-25T03:14:34.9175331Z Transforming zipflinger-8.9.1.jar (com.android:zipflinger:8.9.1) with MergeInstrumentationAnalysisTransform
2026-04-25T03:14:34.9176659Z Transforming annotations-31.9.1.jar (com.android.tools:annotations:31.9.1) with InstrumentationAnalysisTransform
2026-04-25T03:14:34.9178069Z Transforming annotations-31.9.1.jar (com.android.tools:annotations:31.9.1) with MergeInstrumentationAnalysisTransform
2026-04-25T03:14:34.9179473Z Transforming jna-platform-5.6.0.jar (net.java.dev.jna:jna-platform:5.6.0) with InstrumentationAnalysisTransform
2026-04-25T03:14:34.9180821Z Transforming jna-platform-5.6.0.jar (net.java.dev.jna:jna-platform:5.6.0) with MergeInstrumentationAnalysisTransform
2026-04-25T03:14:34.9182560Z Transforming juniversalchardet-1.0.3.jar (com.googlecode.juniversalchardet:juniversalchardet:1.0.3) with InstrumentationAnalysisTransform
2026-04-25T03:14:34.9184685Z Transforming juniversalchardet-1.0.3.jar (com.googlecode.juniversalchardet:juniversalchardet:1.0.3) with MergeInstrumentationAnalysisTransform
2026-04-25T03:14:34.9190976Z Transforming javax.annotation-api-1.3.2.jar (javax.annotation:javax.annotation-api:1.3.2) with InstrumentationAnalysisTransform
2026-04-25T03:14:34.9193231Z Transforming javax.annotation-api-1.3.2.jar (javax.annotation:javax.annotation-api:1.3.2) with MergeInstrumentationAnalysisTransform
2026-04-25T03:14:34.9194747Z Transforming stax-ex-1.8.1.jar (org.jvnet.staxex:stax-ex:1.8.1) with InstrumentationAnalysisTransform
2026-04-25T03:14:34.9196034Z Transforming stax-ex-1.8.1.jar (org.jvnet.staxex:stax-ex:1.8.1) with MergeInstrumentationAnalysisTransform
2026-04-25T03:14:34.9197455Z Transforming jakarta.xml.bind-api-2.3.2.jar (jakarta.xml.bind:jakarta.xml.bind-api:2.3.2) with InstrumentationAnalysisTransform
2026-04-25T03:14:34.9199080Z Transforming jakarta.xml.bind-api-2.3.2.jar (jakarta.xml.bind:jakarta.xml.bind-api:2.3.2) with MergeInstrumentationAnalysisTransform
2026-04-25T03:14:34.9200507Z Transforming txw2-2.3.2.jar (org.glassfish.jaxb:txw2:2.3.2) with InstrumentationAnalysisTransform
2026-04-25T03:14:34.9201905Z Transforming txw2-2.3.2.jar (org.glassfish.jaxb:txw2:2.3.2) with MergeInstrumentationAnalysisTransform
2026-04-25T03:14:34.9203400Z Transforming istack-commons-runtime-3.0.8.jar (com.sun.istack:istack-commons-runtime:3.0.8) with InstrumentationAnalysisTransform
2026-04-25T03:14:34.9205039Z Transforming istack-commons-runtime-3.0.8.jar (com.sun.istack:istack-commons-runtime:3.0.8) with MergeInstrumentationAnalysisTransform
2026-04-25T03:14:34.9206653Z Transforming FastInfoset-1.2.16.jar (com.sun.xml.fastinfoset:FastInfoset:1.2.16) with InstrumentationAnalysisTransform
2026-04-25T03:14:34.9208167Z Transforming FastInfoset-1.2.16.jar (com.sun.xml.fastinfoset:FastInfoset:1.2.16) with MergeInstrumentationAnalysisTransform
2026-04-25T03:14:34.9209887Z Transforming jakarta.activation-api-1.2.1.jar (jakarta.activation:jakarta.activation-api:1.2.1) with InstrumentationAnalysisTransform
2026-04-25T03:14:34.9211820Z Transforming jakarta.activation-api-1.2.1.jar (jakarta.activation:jakarta.activation-api:1.2.1) with MergeInstrumentationAnalysisTransform
2026-04-25T03:14:34.9213655Z Transforming auto-value-annotations-1.6.2.jar (com.google.auto.value:auto-value-annotations:1.6.2) with InstrumentationAnalysisTransform
2026-04-25T03:14:34.9215405Z Transforming auto-value-annotations-1.6.2.jar (com.google.auto.value:auto-value-annotations:1.6.2) with MergeInstrumentationAnalysisTransform
2026-04-25T03:14:34.9217162Z Transforming error_prone_annotations-2.18.0.jar (com.google.errorprone:error_prone_annotations:2.18.0) with InstrumentationAnalysisTransform
2026-04-25T03:14:34.9218895Z Transforming error_prone_annotations-2.18.0.jar (com.google.errorprone:error_prone_annotations:2.18.0) with MergeInstrumentationAnalysisTransform
2026-04-25T03:14:34.9220402Z Transforming jose4j-0.9.5.jar (org.bitbucket.b_c:jose4j:0.9.5) with InstrumentationAnalysisTransform
2026-04-25T03:14:34.9221805Z Transforming jose4j-0.9.5.jar (org.bitbucket.b_c:jose4j:0.9.5) with MergeInstrumentationAnalysisTransform
2026-04-25T03:14:34.9223070Z Transforming slf4j-api-1.7.30.jar (org.slf4j:slf4j-api:1.7.30) with InstrumentationAnalysisTransform
2026-04-25T03:14:34.9224350Z Transforming slf4j-api-1.7.30.jar (org.slf4j:slf4j-api:1.7.30) with MergeInstrumentationAnalysisTransform
2026-04-25T03:14:34.9225537Z Transforming jdom2-2.0.6.jar (org.jdom:jdom2:2.0.6) with InstrumentationAnalysisTransform
2026-04-25T03:14:34.9226658Z Transforming jdom2-2.0.6.jar (org.jdom:jdom2:2.0.6) with MergeInstrumentationAnalysisTransform
2026-04-25T03:14:34.9227808Z Transforming jsr305-3.0.2.jar (com.google.code.findbugs:jsr305:3.0.2) with InstrumentationAnalysisTransform
2026-04-25T03:14:34.9229128Z Transforming jsr305-3.0.2.jar (com.google.code.findbugs:jsr305:3.0.2) with MergeInstrumentationAnalysisTransform
2026-04-25T03:14:34.9230593Z Transforming j2objc-annotations-2.8.jar (com.google.j2objc:j2objc-annotations:2.8) with InstrumentationAnalysisTransform
2026-04-25T03:14:34.9232566Z Transforming j2objc-annotations-2.8.jar (com.google.j2objc:j2objc-annotations:2.8) with MergeInstrumentationAnalysisTransform
2026-04-25T03:14:34.9234325Z Transforming checker-qual-3.33.0.jar (org.checkerframework:checker-qual:3.33.0) with InstrumentationAnalysisTransform
2026-04-25T03:14:34.9235829Z Transforming checker-qual-3.33.0.jar (org.checkerframework:checker-qual:3.33.0) with MergeInstrumentationAnalysisTransform
2026-04-25T03:14:34.9237256Z Transforming apksig-8.9.1.jar (com.android.tools.build:apksig:8.9.1) with InstrumentationAnalysisTransform
2026-04-25T03:14:34.9238604Z Transforming apksig-8.9.1.jar (com.android.tools.build:apksig:8.9.1) with MergeInstrumentationAnalysisTransform
2026-04-25T03:14:34.9239947Z Transforming javawriter-2.5.0.jar (com.squareup:javawriter:2.5.0) with InstrumentationAnalysisTransform
2026-04-25T03:14:34.9241270Z Transforming javawriter-2.5.0.jar (com.squareup:javawriter:2.5.0) with MergeInstrumentationAnalysisTransform
2026-04-25T03:14:34.9243129Z Transforming kotlin-gradle-plugin-annotations-2.0.0.jar (org.jetbrains.kotlin:kotlin-gradle-plugin-annotations:2.0.0) with InstrumentationAnalysisTransform
2026-04-25T03:14:34.9245147Z Transforming kotlin-gradle-plugin-annotations-2.0.0.jar (org.jetbrains.kotlin:kotlin-gradle-plugin-annotations:2.0.0) with MergeInstrumentationAnalysisTransform
2026-04-25T03:14:34.9246975Z Transforming kotlin-tooling-core-2.0.0.jar (org.jetbrains.kotlin:kotlin-tooling-core:2.0.0) with InstrumentationAnalysisTransform
2026-04-25T03:14:34.9248618Z Transforming kotlin-tooling-core-2.0.0.jar (org.jetbrains.kotlin:kotlin-tooling-core:2.0.0) with MergeInstrumentationAnalysisTransform
2026-04-25T03:14:34.9250309Z Transforming kotlin-daemon-client-2.0.0.jar (org.jetbrains.kotlin:kotlin-daemon-client:2.0.0) with InstrumentationAnalysisTransform
2026-04-25T03:14:34.9252211Z Transforming kotlin-daemon-client-2.0.0.jar (org.jetbrains.kotlin:kotlin-daemon-client:2.0.0) with MergeInstrumentationAnalysisTransform
2026-04-25T03:14:34.9254020Z Transforming kotlinx-coroutines-core-jvm-1.5.0.jar (org.jetbrains.kotlinx:kotlinx-coroutines-core-jvm:1.5.0) with InstrumentationAnalysisTransform
2026-04-25T03:14:34.9255950Z Transforming kotlinx-coroutines-core-jvm-1.5.0.jar (org.jetbrains.kotlinx:kotlinx-coroutines-core-jvm:1.5.0) with MergeInstrumentationAnalysisTransform
2026-04-25T03:14:34.9257660Z Transforming kotlin-util-io-2.0.0.jar (org.jetbrains.kotlin:kotlin-util-io:2.0.0) with InstrumentationAnalysisTransform
2026-04-25T03:14:34.9259147Z Transforming kotlin-util-io-2.0.0.jar (org.jetbrains.kotlin:kotlin-util-io:2.0.0) with MergeInstrumentationAnalysisTransform
2026-04-25T03:14:34.9260815Z Transforming kotlin-daemon-embeddable-2.0.0.jar (org.jetbrains.kotlin:kotlin-daemon-embeddable:2.0.0) with InstrumentationAnalysisTransform
2026-04-25T03:14:34.9262826Z Transforming kotlin-daemon-embeddable-2.0.0.jar (org.jetbrains.kotlin:kotlin-daemon-embeddable:2.0.0) with MergeInstrumentationAnalysisTransform
2026-04-25T03:14:34.9264499Z Transforming trove4j-1.0.20200330.jar (org.jetbrains.intellij.deps:trove4j:1.0.20200330) with InstrumentationAnalysisTransform
2026-04-25T03:14:34.9266070Z Transforming trove4j-1.0.20200330.jar (org.jetbrains.intellij.deps:trove4j:1.0.20200330) with MergeInstrumentationAnalysisTransform
2026-04-25T03:14:34.9267496Z Transforming failureaccess-1.0.1.jar (com.google.guava:failureaccess:1.0.1) with InstrumentationAnalysisTransform
2026-04-25T03:14:34.9268900Z Transforming failureaccess-1.0.1.jar (com.google.guava:failureaccess:1.0.1) with MergeInstrumentationAnalysisTransform
2026-04-25T03:14:34.9270918Z Transforming listenablefuture-9999.0-empty-to-avoid-conflict-with-guava.jar (com.google.guava:listenablefuture:9999.0-empty-to-avoid-conflict-with-guava) with InstrumentationAnalysisTransform
2026-04-25T03:14:34.9273642Z Transforming listenablefuture-9999.0-empty-to-avoid-conflict-with-guava.jar (com.google.guava:listenablefuture:9999.0-empty-to-avoid-conflict-with-guava) with MergeInstrumentationAnalysisTransform
2026-04-25T03:14:34.9275876Z Transforming commons-logging-1.2.jar (commons-logging:commons-logging:1.2) with InstrumentationAnalysisTransform
2026-04-25T03:14:34.9277561Z Transforming commons-logging-1.2.jar (commons-logging:commons-logging:1.2) with MergeInstrumentationAnalysisTransform
2026-04-25T03:14:34.9278913Z Transforming commons-codec-1.11.jar (commons-codec:commons-codec:1.11) with InstrumentationAnalysisTransform
2026-04-25T03:14:34.9280303Z Transforming commons-codec-1.11.jar (commons-codec:commons-codec:1.11) with MergeInstrumentationAnalysisTransform
2026-04-25T03:14:34.9281735Z Transforming jna-5.6.0.jar (net.java.dev.jna:jna:5.6.0) with InstrumentationAnalysisTransform
2026-04-25T03:14:34.9282910Z Transforming jna-5.6.0.jar (net.java.dev.jna:jna:5.6.0) with MergeInstrumentationAnalysisTransform
2026-04-25T03:14:34.9284205Z Transforming annotations-4.1.1.4.jar (com.google.android:annotations:4.1.1.4) with InstrumentationAnalysisTransform
2026-04-25T03:14:34.9285665Z Transforming annotations-4.1.1.4.jar (com.google.android:annotations:4.1.1.4) with MergeInstrumentationAnalysisTransform
2026-04-25T03:14:34.9287336Z Transforming animal-sniffer-annotations-1.23.jar (org.codehaus.mojo:animal-sniffer-annotations:1.23) with InstrumentationAnalysisTransform
2026-04-25T03:14:34.9289144Z Transforming animal-sniffer-annotations-1.23.jar (org.codehaus.mojo:animal-sniffer-annotations:1.23) with MergeInstrumentationAnalysisTransform
2026-04-25T03:14:34.9290737Z Transforming perfmark-api-0.26.0.jar (io.perfmark:perfmark-api:0.26.0) with InstrumentationAnalysisTransform
2026-04-25T03:14:34.9292244Z Transforming perfmark-api-0.26.0.jar (io.perfmark:perfmark-api:0.26.0) with MergeInstrumentationAnalysisTransform
2026-04-25T03:14:34.9293740Z Transforming netty-codec-http2-4.1.93.Final.jar (io.netty:netty-codec-http2:4.1.93.Final) with InstrumentationAnalysisTransform
2026-04-25T03:14:34.9295319Z Transforming netty-codec-http2-4.1.93.Final.jar (io.netty:netty-codec-http2:4.1.93.Final) with MergeInstrumentationAnalysisTransform
2026-04-25T03:14:34.9296928Z Transforming netty-handler-proxy-4.1.93.Final.jar (io.netty:netty-handler-proxy:4.1.93.Final) with InstrumentationAnalysisTransform
2026-04-25T03:14:34.9298581Z Transforming netty-handler-proxy-4.1.93.Final.jar (io.netty:netty-handler-proxy:4.1.93.Final) with MergeInstrumentationAnalysisTransform
2026-04-25T03:14:34.9300192Z Transforming netty-codec-http-4.1.93.Final.jar (io.netty:netty-codec-http:4.1.93.Final) with InstrumentationAnalysisTransform
2026-04-25T03:14:34.9301866Z Transforming netty-codec-http-4.1.93.Final.jar (io.netty:netty-codec-http:4.1.93.Final) with MergeInstrumentationAnalysisTransform
2026-04-25T03:14:34.9303403Z Transforming netty-handler-4.1.93.Final.jar (io.netty:netty-handler:4.1.93.Final) with InstrumentationAnalysisTransform
2026-04-25T03:14:34.9304890Z Transforming netty-handler-4.1.93.Final.jar (io.netty:netty-handler:4.1.93.Final) with MergeInstrumentationAnalysisTransform
2026-04-25T03:14:34.9306682Z Transforming netty-transport-native-unix-common-4.1.93.Final.jar (io.netty:netty-transport-native-unix-common:4.1.93.Final) with InstrumentationAnalysisTransform
2026-04-25T03:14:34.9308778Z Transforming netty-transport-native-unix-common-4.1.93.Final.jar (io.netty:netty-transport-native-unix-common:4.1.93.Final) with MergeInstrumentationAnalysisTransform
2026-04-25T03:14:34.9310635Z Transforming netty-codec-socks-4.1.93.Final.jar (io.netty:netty-codec-socks:4.1.93.Final) with InstrumentationAnalysisTransform
2026-04-25T03:14:34.9312327Z Transforming netty-codec-socks-4.1.93.Final.jar (io.netty:netty-codec-socks:4.1.93.Final) with MergeInstrumentationAnalysisTransform
2026-04-25T03:14:34.9313830Z Transforming netty-codec-4.1.93.Final.jar (io.netty:netty-codec:4.1.93.Final) with InstrumentationAnalysisTransform
2026-04-25T03:14:34.9315299Z Transforming netty-codec-4.1.93.Final.jar (io.netty:netty-codec:4.1.93.Final) with MergeInstrumentationAnalysisTransform
2026-04-25T03:14:34.9316783Z Transforming netty-transport-4.1.93.Final.jar (io.netty:netty-transport:4.1.93.Final) with InstrumentationAnalysisTransform
2026-04-25T03:14:34.9318543Z Transforming netty-transport-4.1.93.Final.jar (io.netty:netty-transport:4.1.93.Final) with MergeInstrumentationAnalysisTransform
2026-04-25T03:14:34.9320190Z Transforming netty-buffer-4.1.93.Final.jar (io.netty:netty-buffer:4.1.93.Final) with InstrumentationAnalysisTransform
2026-04-25T03:14:34.9321799Z Transforming netty-buffer-4.1.93.Final.jar (io.netty:netty-buffer:4.1.93.Final) with MergeInstrumentationAnalysisTransform
2026-04-25T03:14:34.9323301Z Transforming netty-resolver-4.1.93.Final.jar (io.netty:netty-resolver:4.1.93.Final) with InstrumentationAnalysisTransform
2026-04-25T03:14:34.9324826Z Transforming netty-resolver-4.1.93.Final.jar (io.netty:netty-resolver:4.1.93.Final) with MergeInstrumentationAnalysisTransform
2026-04-25T03:14:34.9326306Z Transforming netty-common-4.1.93.Final.jar (io.netty:netty-common:4.1.93.Final) with InstrumentationAnalysisTransform
2026-04-25T03:14:34.9327741Z Transforming netty-common-4.1.93.Final.jar (io.netty:netty-common:4.1.93.Final) with MergeInstrumentationAnalysisTransform
2026-04-25T03:14:34.9329787Z Caching disabled for MergeInstrumentationAnalysisTransform: /home/runner/.gradle/caches/8.11.1/transforms/f7c9a9a3a3351ea0051f6cc43ca870af/transformed/analysis/instrumentation-hierarchy.bin because:
2026-04-25T03:14:34.9331342Z   Caching not enabled.
2026-04-25T03:14:34.9332991Z Caching disabled for MergeInstrumentationAnalysisTransform: /home/runner/.gradle/caches/8.11.1/transforms/f7c9a9a3a3351ea0051f6cc43ca870af/transformed/analysis/instrumentation-dependencies.bin because:
2026-04-25T03:14:34.9334576Z   Caching not enabled.
2026-04-25T03:14:35.1133940Z Caching disabled for MergeInstrumentationAnalysisTransform: /home/runner/.gradle/caches/modules-2/files-2.1/com.android.tools.build/gradle-settings-api/8.9.1/6438456029f4f606fde6e7e0019d2fb02d263601/gradle-settings-api-8.9.1.jar because:
2026-04-25T03:14:35.1192174Z   Caching not enabled.
2026-04-25T03:14:35.1253404Z Caching disabled for MergeInstrumentationAnalysisTransform: /home/runner/.gradle/caches/modules-2/files-2.1/com.android.tools.lint/lint-model/31.9.1/1e15e71bfecaf8d7cbc2dd29762280df16378ee8/lint-model-31.9.1.jar because:
2026-04-25T03:14:35.1282069Z   Caching not enabled.
2026-04-25T03:14:35.1283108Z Transforming gradle-settings-api-8.9.1.jar (com.android.tools.build:gradle-settings-api:8.9.1) with ExternalDependencyInstrumentingArtifactTransform
2026-04-25T03:14:35.1285156Z Caching disabled for ExternalDependencyInstrumentingArtifactTransform: /home/runner/.gradle/caches/8.11.1/transforms/a99e5423ed2bc9be0d0c965b3901558d/transformed/.gradle-instrumented-classpath.marker because:
2026-04-25T03:14:35.1286545Z   Caching not enabled.
2026-04-25T03:14:35.1287350Z Transforming lint-model-31.9.1.jar (com.android.tools.lint:lint-model:31.9.1) with ExternalDependencyInstrumentingArtifactTransform
2026-04-25T03:14:35.1289207Z Caching disabled for ExternalDependencyInstrumentingArtifactTransform: /home/runner/.gradle/caches/8.11.1/transforms/1250e689858a3d9a6c95248d465af2bc/transformed/merge/instrumentation-dependencies.bin because:
2026-04-25T03:14:35.1290610Z   Caching not enabled.
2026-04-25T03:14:35.1292058Z Caching disabled for ExternalDependencyInstrumentingArtifactTransform: /home/runner/.gradle/caches/8.11.1/transforms/a99e5423ed2bc9be0d0c965b3901558d/transformed/merge/instrumentation-dependencies.bin because:
2026-04-25T03:14:35.1293412Z   Caching not enabled.
2026-04-25T03:14:35.2084042Z Caching disabled for ExternalDependencyInstrumentingArtifactTransform: /home/runner/.gradle/caches/modules-2/files-2.1/com.android.tools.build/gradle-settings-api/8.9.1/6438456029f4f606fde6e7e0019d2fb02d263601/gradle-settings-api-8.9.1.jar because:
2026-04-25T03:14:35.2102149Z   Caching not enabled.
2026-04-25T03:14:35.2153044Z Caching disabled for MergeInstrumentationAnalysisTransform: /home/runner/.gradle/caches/8.11.1/transforms/c3526f5e4d5d3712d41eaa79c6f406bb/transformed/analysis/instrumentation-hierarchy.bin because:
2026-04-25T03:14:35.2237989Z   Caching not enabled.
2026-04-25T03:14:35.2286588Z Caching disabled for MergeInstrumentationAnalysisTransform: /home/runner/.gradle/caches/8.11.1/transforms/c3526f5e4d5d3712d41eaa79c6f406bb/transformed/analysis/instrumentation-dependencies.bin because:
2026-04-25T03:14:35.2352166Z   Caching not enabled.
2026-04-25T03:14:35.2383571Z Caching disabled for MergeInstrumentationAnalysisTransform: /home/runner/.gradle/caches/modules-2/files-2.1/com.android.tools.build/manifest-merger/31.9.1/2bdbfcb2117fe7e47dc8eb01eb1911618c2d2e91/manifest-merger-31.9.1.jar because:
2026-04-25T03:14:35.2412322Z   Caching not enabled.
2026-04-25T03:14:35.2413615Z Transforming manifest-merger-31.9.1.jar (com.android.tools.build:manifest-merger:31.9.1) with ExternalDependencyInstrumentingArtifactTransform
2026-04-25T03:14:35.2450494Z Caching disabled for ExternalDependencyInstrumentingArtifactTransform: /home/runner/.gradle/caches/8.11.1/transforms/2e33565eee9038a0177b1688d62f2112/transformed/merge/instrumentation-dependencies.bin because:
2026-04-25T03:14:35.2482244Z   Caching not enabled.
2026-04-25T03:14:35.2513205Z Caching disabled for MergeInstrumentationAnalysisTransform: /home/runner/.gradle/caches/modules-2/files-2.1/com.android.tools.build/builder/8.9.1/5dfef4d0bb66f0f2df305d0dbfe1dc014c2ceca4/builder-8.9.1.jar because:
2026-04-25T03:14:35.2514937Z   Caching not enabled.
2026-04-25T03:14:35.2547057Z Transforming builder-8.9.1.jar (com.android.tools.build:builder:8.9.1) with ExternalDependencyInstrumentingArtifactTransform
2026-04-25T03:14:35.2573438Z Caching disabled for ExternalDependencyInstrumentingArtifactTransform: /home/runner/.gradle/caches/8.11.1/transforms/460227d503165582737a030dd0f7f83b/transformed/merge/instrumentation-dependencies.bin because:
2026-04-25T03:14:35.2601971Z   Caching not enabled.
2026-04-25T03:14:35.3086300Z Caching disabled for ExternalDependencyInstrumentingArtifactTransform: /home/runner/.gradle/caches/modules-2/files-2.1/com.android.tools.lint/lint-model/31.9.1/1e15e71bfecaf8d7cbc2dd29762280df16378ee8/lint-model-31.9.1.jar because:
2026-04-25T03:14:35.3132275Z   Caching not enabled.
2026-04-25T03:14:35.3133967Z Caching disabled for MergeInstrumentationAnalysisTransform: /home/runner/.gradle/caches/8.11.1/transforms/567cd649652527941d099b54c996f834/transformed/analysis/instrumentation-hierarchy.bin because:
2026-04-25T03:14:35.3162195Z   Caching not enabled.
2026-04-25T03:14:35.3163581Z Caching disabled for MergeInstrumentationAnalysisTransform: /home/runner/.gradle/caches/8.11.1/transforms/567cd649652527941d099b54c996f834/transformed/analysis/instrumentation-dependencies.bin because:
2026-04-25T03:14:35.3192479Z   Caching not enabled.
2026-04-25T03:14:35.3223156Z Caching disabled for MergeInstrumentationAnalysisTransform: /home/runner/.gradle/caches/modules-2/files-2.1/com.android.tools/sdk-common/31.9.1/f8319636e0f0fb7fb345ceb68985619f7482488/sdk-common-31.9.1.jar because:
2026-04-25T03:14:35.3231934Z   Caching not enabled.
2026-04-25T03:14:35.3262537Z Transforming sdk-common-31.9.1.jar (com.android.tools:sdk-common:31.9.1) with ExternalDependencyInstrumentingArtifactTransform
2026-04-25T03:14:35.3282323Z Caching disabled for ExternalDependencyInstrumentingArtifactTransform: /home/runner/.gradle/caches/8.11.1/transforms/ed0f81fd22ec82d5953e0e9a12797aec/transformed/merge/instrumentation-dependencies.bin because:
2026-04-25T03:14:35.3321965Z   Caching not enabled.
2026-04-25T03:14:35.3333064Z Caching disabled for MergeInstrumentationAnalysisTransform: /home/runner/.gradle/caches/modules-2/files-2.1/com.android.tools.build/gradle/8.9.1/4e50fe7802406421df7b7165d5a8bcbb2762ff0f/gradle-8.9.1.jar because:
2026-04-25T03:14:35.3341955Z   Caching not enabled.
2026-04-25T03:14:35.3372456Z Transforming gradle-8.9.1.jar (com.android.tools.build:gradle:8.9.1) with ExternalDependencyInstrumentingArtifactTransform
2026-04-25T03:14:35.3412983Z Caching disabled for ExternalDependencyInstrumentingArtifactTransform: /home/runner/.gradle/caches/8.11.1/transforms/2943f74f0f92ad0a3b145ac090dfa352/transformed/merge/instrumentation-dependencies.bin because:
2026-04-25T03:14:35.3422117Z   Caching not enabled.
2026-04-25T03:14:35.3433384Z Caching disabled for ExternalDependencyInstrumentingArtifactTransform: /home/runner/.gradle/caches/modules-2/files-2.1/com.android.tools.build/manifest-merger/31.9.1/2bdbfcb2117fe7e47dc8eb01eb1911618c2d2e91/manifest-merger-31.9.1.jar because:
2026-04-25T03:14:35.3461956Z   Caching not enabled.
2026-04-25T03:14:35.3488688Z Caching disabled for MergeInstrumentationAnalysisTransform: /home/runner/.gradle/caches/8.11.1/transforms/9191ef54a59a2f6792819cfa7344c426/transformed/analysis/instrumentation-hierarchy.bin because:
2026-04-25T03:14:35.3502085Z   Caching not enabled.
2026-04-25T03:14:35.3533148Z Caching disabled for MergeInstrumentationAnalysisTransform: /home/runner/.gradle/caches/8.11.1/transforms/9191ef54a59a2f6792819cfa7344c426/transformed/analysis/instrumentation-dependencies.bin because:
2026-04-25T03:14:35.3541952Z   Caching not enabled.
2026-04-25T03:14:35.4105072Z Caching disabled for MergeInstrumentationAnalysisTransform: /home/runner/.gradle/caches/modules-2/files-2.1/com.android.tools/sdklib/31.9.1/5e11b0da826bf6b997b99ee15cfd02e4eafc00eb/sdklib-31.9.1.jar because:
2026-04-25T03:14:35.4132302Z   Caching not enabled.
2026-04-25T03:14:35.4142678Z Transforming sdklib-31.9.1.jar (com.android.tools:sdklib:31.9.1) with ExternalDependencyInstrumentingArtifactTransform
2026-04-25T03:14:35.4184184Z Caching disabled for ExternalDependencyInstrumentingArtifactTransform: /home/runner/.gradle/caches/8.11.1/transforms/75b7390d68025a0e851c3a5a9bfae587/transformed/merge/instrumentation-dependencies.bin because:
2026-04-25T03:14:35.4193018Z   Caching not enabled.
2026-04-25T03:14:35.6102195Z Caching disabled for ExternalDependencyInstrumentingArtifactTransform: /home/runner/.gradle/caches/modules-2/files-2.1/com.android.tools/sdklib/31.9.1/5e11b0da826bf6b997b99ee15cfd02e4eafc00eb/sdklib-31.9.1.jar because:
2026-04-25T03:14:35.6103873Z   Caching not enabled.
2026-04-25T03:14:35.6133246Z Caching disabled for MergeInstrumentationAnalysisTransform: /home/runner/.gradle/caches/8.11.1/transforms/58b5082d83e88e07faffb5bdc92d5f18/transformed/analysis/instrumentation-hierarchy.bin because:
2026-04-25T03:14:35.6162027Z   Caching not enabled.
2026-04-25T03:14:35.6193147Z Caching disabled for MergeInstrumentationAnalysisTransform: /home/runner/.gradle/caches/8.11.1/transforms/58b5082d83e88e07faffb5bdc92d5f18/transformed/analysis/instrumentation-dependencies.bin because:
2026-04-25T03:14:35.6194653Z   Caching not enabled.
2026-04-25T03:14:35.6223109Z Caching disabled for MergeInstrumentationAnalysisTransform: /home/runner/.gradle/caches/modules-2/files-2.1/com.android.tools/repository/31.9.1/a084a1c70a6041dc1bcf1e9ea76e9e8a519d6986/repository-31.9.1.jar because:
2026-04-25T03:14:35.6251992Z   Caching not enabled.
2026-04-25T03:14:35.6252909Z Transforming repository-31.9.1.jar (com.android.tools:repository:31.9.1) with ExternalDependencyInstrumentingArtifactTransform
2026-04-25T03:14:35.6255032Z Caching disabled for ExternalDependencyInstrumentingArtifactTransform: /home/runner/.gradle/caches/8.11.1/transforms/ecb4d77a82e7aa61a6ec198ac14ab98b/transformed/merge/instrumentation-dependencies.bin because:
2026-04-25T03:14:35.6256536Z   Caching not enabled.
2026-04-25T03:14:35.7096974Z Caching disabled for ExternalDependencyInstrumentingArtifactTransform: /home/runner/.gradle/caches/modules-2/files-2.1/com.android.tools/repository/31.9.1/a084a1c70a6041dc1bcf1e9ea76e9e8a519d6986/repository-31.9.1.jar because:
2026-04-25T03:14:35.7124272Z   Caching not enabled.
2026-04-25T03:14:35.7152910Z Caching disabled for MergeInstrumentationAnalysisTransform: /home/runner/.gradle/caches/8.11.1/transforms/24c081c94f4821a6422fe6248dc5d1e9/transformed/analysis/instrumentation-hierarchy.bin because:
2026-04-25T03:14:35.7181977Z   Caching not enabled.
2026-04-25T03:14:35.7183433Z Caching disabled for MergeInstrumentationAnalysisTransform: /home/runner/.gradle/caches/8.11.1/transforms/24c081c94f4821a6422fe6248dc5d1e9/transformed/analysis/instrumentation-dependencies.bin because:
2026-04-25T03:14:35.7212001Z   Caching not enabled.
2026-04-25T03:14:35.7246109Z Caching disabled for MergeInstrumentationAnalysisTransform: /home/runner/.gradle/caches/modules-2/files-2.1/com.android.tools.build/aaptcompiler/8.9.1/da1418d8116c4d7debe1d79cc8b5f8e0c0fe34ec/aaptcompiler-8.9.1.jar because:
2026-04-25T03:14:35.7271949Z   Caching not enabled.
2026-04-25T03:14:35.7302542Z Transforming aaptcompiler-8.9.1.jar (com.android.tools.build:aaptcompiler:8.9.1) with ExternalDependencyInstrumentingArtifactTransform
2026-04-25T03:14:35.7304638Z Caching disabled for ExternalDependencyInstrumentingArtifactTransform: /home/runner/.gradle/caches/8.11.1/transforms/5311e541a152cb586812cbc027405812/transformed/merge/instrumentation-dependencies.bin because:
2026-04-25T03:14:35.7332143Z   Caching not enabled.
2026-04-25T03:14:35.7365149Z Caching disabled for ExternalDependencyInstrumentingArtifactTransform: /home/runner/.gradle/caches/modules-2/files-2.1/com.android.tools/sdk-common/31.9.1/f8319636e0f0fb7fb345ceb68985619f7482488/sdk-common-31.9.1.jar because:
2026-04-25T03:14:35.7391980Z   Caching not enabled.
2026-04-25T03:14:35.7393538Z Caching disabled for MergeInstrumentationAnalysisTransform: /home/runner/.gradle/caches/8.11.1/transforms/fa2cb270a3fa1d60bbc2a0cdd7606fa4/transformed/analysis/instrumentation-hierarchy.bin because:
2026-04-25T03:14:35.7422262Z   Caching not enabled.
2026-04-25T03:14:35.8083498Z Caching disabled for MergeInstrumentationAnalysisTransform: /home/runner/.gradle/caches/8.11.1/transforms/fa2cb270a3fa1d60bbc2a0cdd7606fa4/transformed/analysis/instrumentation-dependencies.bin because:
2026-04-25T03:14:35.8092179Z   Caching not enabled.
2026-04-25T03:14:35.8124287Z Caching disabled for MergeInstrumentationAnalysisTransform: /home/runner/.gradle/caches/modules-2/files-2.1/com.android.tools.analytics-library/tracker/31.9.1/8db43757c05256c2e392f21917204e7d520d6c6d/tracker-31.9.1.jar because:
2026-04-25T03:14:35.8152128Z   Caching not enabled.
2026-04-25T03:14:35.8183036Z Transforming tracker-31.9.1.jar (com.android.tools.analytics-library:tracker:31.9.1) with ExternalDependencyInstrumentingArtifactTransform
2026-04-25T03:14:35.8185327Z Caching disabled for ExternalDependencyInstrumentingArtifactTransform: /home/runner/.gradle/caches/8.11.1/transforms/d467db1b3958983762be3afec1370b00/transformed/merge/instrumentation-dependencies.bin because:
2026-04-25T03:14:35.8212239Z   Caching not enabled.
2026-04-25T03:14:35.8243586Z Caching disabled for ExternalDependencyInstrumentingArtifactTransform: /home/runner/.gradle/caches/modules-2/files-2.1/com.android.tools.analytics-library/tracker/31.9.1/8db43757c05256c2e392f21917204e7d520d6c6d/tracker-31.9.1.jar because:
2026-04-25T03:14:35.8272278Z   Caching not enabled.
2026-04-25T03:14:35.8293112Z Caching disabled for MergeInstrumentationAnalysisTransform: /home/runner/.gradle/caches/8.11.1/transforms/f6c7cf01c50eecafc97c994a76af0d9f/transformed/analysis/instrumentation-hierarchy.bin because:
2026-04-25T03:14:35.8302236Z   Caching not enabled.
2026-04-25T03:14:35.8330727Z Caching disabled for MergeInstrumentationAnalysisTransform: /home/runner/.gradle/caches/8.11.1/transforms/f6c7cf01c50eecafc97c994a76af0d9f/transformed/analysis/instrumentation-dependencies.bin because:
2026-04-25T03:14:35.8362204Z   Caching not enabled.
2026-04-25T03:14:35.8393614Z Caching disabled for MergeInstrumentationAnalysisTransform: /home/runner/.gradle/caches/modules-2/files-2.1/com.android.tools.analytics-library/shared/31.9.1/733c85c132439499432c2a272e0f594961ceb4c4/shared-31.9.1.jar because:
2026-04-25T03:14:35.8395396Z   Caching not enabled.
2026-04-25T03:14:35.8422693Z Transforming shared-31.9.1.jar (com.android.tools.analytics-library:shared:31.9.1) with ExternalDependencyInstrumentingArtifactTransform
2026-04-25T03:14:35.8455587Z Caching disabled for ExternalDependencyInstrumentingArtifactTransform: /home/runner/.gradle/caches/8.11.1/transforms/3e78678e1cc0ec2315820ed18799ff7f/transformed/merge/instrumentation-dependencies.bin because:
2026-04-25T03:14:35.8482137Z   Caching not enabled.
2026-04-25T03:14:35.8493553Z Caching disabled for ExternalDependencyInstrumentingArtifactTransform: /home/runner/.gradle/caches/modules-2/files-2.1/com.android.tools.build/aaptcompiler/8.9.1/da1418d8116c4d7debe1d79cc8b5f8e0c0fe34ec/aaptcompiler-8.9.1.jar because:
2026-04-25T03:14:35.8512118Z   Caching not enabled.
2026-04-25T03:14:35.8543217Z Caching disabled for MergeInstrumentationAnalysisTransform: /home/runner/.gradle/caches/8.11.1/transforms/e5eb2c518b2fba43398cee9b5829e262/transformed/analysis/instrumentation-hierarchy.bin because:
2026-04-25T03:14:35.8574315Z   Caching not enabled.
2026-04-25T03:14:35.9113448Z Caching disabled for MergeInstrumentationAnalysisTransform: /home/runner/.gradle/caches/8.11.1/transforms/e5eb2c518b2fba43398cee9b5829e262/transformed/analysis/instrumentation-dependencies.bin because:
2026-04-25T03:14:35.9124492Z   Caching not enabled.
2026-04-25T03:14:35.9153476Z Caching disabled for MergeInstrumentationAnalysisTransform: /home/runner/.gradle/caches/modules-2/files-2.1/androidx.databinding/databinding-compiler-common/8.9.1/29427444695aae18a3380b333370097e5666c63d/databinding-compiler-common-8.9.1.jar because:
2026-04-25T03:14:35.9172067Z   Caching not enabled.
2026-04-25T03:14:35.9183440Z Caching disabled for ExternalDependencyInstrumentingArtifactTransform: /home/runner/.gradle/caches/modules-2/files-2.1/com.android.tools.analytics-library/shared/31.9.1/733c85c132439499432c2a272e0f594961ceb4c4/shared-31.9.1.jar because:
2026-04-25T03:14:35.9212209Z   Caching not enabled.
2026-04-25T03:14:35.9243019Z Transforming databinding-compiler-common-8.9.1.jar (androidx.databinding:databinding-compiler-common:8.9.1) with ExternalDependencyInstrumentingArtifactTransform
2026-04-25T03:14:35.9273060Z Caching disabled for MergeInstrumentationAnalysisTransform: /home/runner/.gradle/caches/8.11.1/transforms/b376359c7f154fae8c271e3f635ad7f5/transformed/analysis/instrumentation-hierarchy.bin because:
2026-04-25T03:14:35.9292040Z   Caching not enabled.
2026-04-25T03:14:35.9303317Z Caching disabled for ExternalDependencyInstrumentingArtifactTransform: /home/runner/.gradle/caches/8.11.1/transforms/793c4c3695669faf59cfdd66374a8b00/transformed/merge/instrumentation-dependencies.bin because:
2026-04-25T03:14:35.9332055Z   Caching not enabled.
2026-04-25T03:14:35.9363330Z Caching disabled for MergeInstrumentationAnalysisTransform: /home/runner/.gradle/caches/8.11.1/transforms/b376359c7f154fae8c271e3f635ad7f5/transformed/analysis/instrumentation-dependencies.bin because:
2026-04-25T03:14:35.9372035Z   Caching not enabled.
2026-04-25T03:14:35.9393934Z Caching disabled for MergeInstrumentationAnalysisTransform: /home/runner/.gradle/caches/modules-2/files-2.1/com.android.tools.utp/android-test-plugin-host-emulator-control-proto/31.9.1/9ad66b4b96af8d226c9d899030d9acdd101d03ed/android-test-plugin-host-emulator-control-proto-31.9.1.jar because:
2026-04-25T03:14:35.9422027Z   Caching not enabled.
2026-04-25T03:14:35.9451332Z Transforming android-test-plugin-host-emulator-control-proto-31.9.1.jar (com.android.tools.utp:android-test-plugin-host-emulator-control-proto:31.9.1) with ExternalDependencyInstrumentingArtifactTransform
2026-04-25T03:14:35.9482983Z Caching disabled for ExternalDependencyInstrumentingArtifactTransform: /home/runner/.gradle/caches/8.11.1/transforms/317d7aaf832c28f94b2a6ccce3688531/transformed/merge/instrumentation-dependencies.bin because:
2026-04-25T03:14:35.9492011Z   Caching not enabled.
2026-04-25T03:14:35.9513942Z Caching disabled for ExternalDependencyInstrumentingArtifactTransform: /home/runner/.gradle/caches/modules-2/files-2.1/com.android.tools.utp/android-test-plugin-host-emulator-control-proto/31.9.1/9ad66b4b96af8d226c9d899030d9acdd101d03ed/android-test-plugin-host-emulator-control-proto-31.9.1.jar because:
2026-04-25T03:14:35.9542215Z   Caching not enabled.
2026-04-25T03:14:35.9573359Z Caching disabled for MergeInstrumentationAnalysisTransform: /home/runner/.gradle/caches/8.11.1/transforms/877d419c29757ce3d483003e4da12a6e/transformed/analysis/instrumentation-hierarchy.bin because:
2026-04-25T03:14:35.9582093Z   Caching not enabled.
2026-04-25T03:14:35.9613523Z Caching disabled for MergeInstrumentationAnalysisTransform: /home/runner/.gradle/caches/8.11.1/transforms/877d419c29757ce3d483003e4da12a6e/transformed/analysis/instrumentation-dependencies.bin because:
2026-04-25T03:14:35.9632204Z   Caching not enabled.
2026-04-25T03:14:35.9665578Z Caching disabled for MergeInstrumentationAnalysisTransform: /home/runner/.gradle/caches/modules-2/files-2.1/com.android.tools.utp/android-test-plugin-host-retention-proto/31.9.1/9aa2714292d85c565ea129d9d6e3254c4a3de37b/android-test-plugin-host-retention-proto-31.9.1.jar because:
2026-04-25T03:14:35.9672109Z   Caching not enabled.
2026-04-25T03:14:35.9703173Z Transforming android-test-plugin-host-retention-proto-31.9.1.jar (com.android.tools.utp:android-test-plugin-host-retention-proto:31.9.1) with ExternalDependencyInstrumentingArtifactTransform
2026-04-25T03:14:35.9723344Z Caching disabled for ExternalDependencyInstrumentingArtifactTransform: /home/runner/.gradle/caches/8.11.1/transforms/f451d1dc4d3c92fde0df0f7f327fa3e1/transformed/merge/instrumentation-dependencies.bin because:
2026-04-25T03:14:35.9752067Z   Caching not enabled.
2026-04-25T03:14:35.9763674Z Caching disabled for ExternalDependencyInstrumentingArtifactTransform: /home/runner/.gradle/caches/modules-2/files-2.1/com.android.tools.utp/android-test-plugin-host-retention-proto/31.9.1/9aa2714292d85c565ea129d9d6e3254c4a3de37b/android-test-plugin-host-retention-proto-31.9.1.jar because:
2026-04-25T03:14:35.9791959Z   Caching not enabled.
2026-04-25T03:14:35.9813160Z Caching disabled for MergeInstrumentationAnalysisTransform: /home/runner/.gradle/caches/8.11.1/transforms/0b423b97fd4ed76d05279043d2a5c27c/transformed/analysis/instrumentation-hierarchy.bin because:
2026-04-25T03:14:35.9842108Z   Caching not enabled.
2026-04-25T03:14:36.0143738Z Caching disabled for MergeInstrumentationAnalysisTransform: /home/runner/.gradle/caches/8.11.1/transforms/0b423b97fd4ed76d05279043d2a5c27c/transformed/analysis/instrumentation-dependencies.bin because:
2026-04-25T03:14:36.0152008Z   Caching not enabled.
2026-04-25T03:14:36.0173380Z Caching disabled for MergeInstrumentationAnalysisTransform: /home/runner/.gradle/caches/modules-2/files-2.1/com.android.tools.build/builder-model/8.9.1/a749b3ff28c2bf555e7168f0f2ded564ac07dd4/builder-model-8.9.1.jar because:
2026-04-25T03:14:36.0202035Z   Caching not enabled.
2026-04-25T03:14:36.0232719Z Transforming builder-model-8.9.1.jar (com.android.tools.build:builder-model:8.9.1) with ExternalDependencyInstrumentingArtifactTransform
2026-04-25T03:14:36.0243301Z Caching disabled for ExternalDependencyInstrumentingArtifactTransform: /home/runner/.gradle/caches/8.11.1/transforms/5eaedfdf21c3e20d81ecdbd781be0d52/transformed/merge/instrumentation-dependencies.bin because:
2026-04-25T03:14:36.0268187Z   Caching not enabled.
2026-04-25T03:14:36.0283380Z Caching disabled for ExternalDependencyInstrumentingArtifactTransform: /home/runner/.gradle/caches/modules-2/files-2.1/com.android.tools.build/builder-model/8.9.1/a749b3ff28c2bf555e7168f0f2ded564ac07dd4/builder-model-8.9.1.jar because:
2026-04-25T03:14:36.0312076Z   Caching not enabled.
2026-04-25T03:14:36.0343191Z Caching disabled for MergeInstrumentationAnalysisTransform: /home/runner/.gradle/caches/8.11.1/transforms/6e7f2d87f303f417279a58690e1498b2/transformed/analysis/instrumentation-hierarchy.bin because:
2026-04-25T03:14:36.0351967Z   Caching not enabled.
2026-04-25T03:14:36.0393142Z Caching disabled for MergeInstrumentationAnalysisTransform: /home/runner/.gradle/caches/8.11.1/transforms/6e7f2d87f303f417279a58690e1498b2/transformed/analysis/instrumentation-dependencies.bin because:
2026-04-25T03:14:36.0402094Z   Caching not enabled.
2026-04-25T03:14:36.0433230Z Caching disabled for MergeInstrumentationAnalysisTransform: /home/runner/.gradle/caches/modules-2/files-2.1/com.android.tools.build/gradle-api/8.9.1/cb1f5854bebf3b56c02cd747c7530d73c098ff99/gradle-api-8.9.1.jar because:
2026-04-25T03:14:36.0442094Z   Caching not enabled.
2026-04-25T03:14:36.0462677Z Transforming gradle-api-8.9.1.jar (com.android.tools.build:gradle-api:8.9.1) with ExternalDependencyInstrumentingArtifactTransform
2026-04-25T03:14:36.0493486Z Caching disabled for ExternalDependencyInstrumentingArtifactTransform: /home/runner/.gradle/caches/8.11.1/transforms/4e80835bf28f50a8c4c44ce25e1256aa/transformed/merge/instrumentation-dependencies.bin because:
2026-04-25T03:14:36.0522064Z   Caching not enabled.
2026-04-25T03:14:36.1096425Z Caching disabled for ExternalDependencyInstrumentingArtifactTransform: /home/runner/.gradle/caches/modules-2/files-2.1/com.android.tools.build/gradle-api/8.9.1/cb1f5854bebf3b56c02cd747c7530d73c098ff99/gradle-api-8.9.1.jar because:
2026-04-25T03:14:36.1098124Z   Caching not enabled.
2026-04-25T03:14:36.1133079Z Caching disabled for MergeInstrumentationAnalysisTransform: /home/runner/.gradle/caches/8.11.1/transforms/a6db3a7f966b50a2fe7d653a84a3ecaa/transformed/analysis/instrumentation-hierarchy.bin because:
2026-04-25T03:14:36.1134183Z   Caching not enabled.
2026-04-25T03:14:36.1135022Z Caching disabled for MergeInstrumentationAnalysisTransform: /home/runner/.gradle/caches/8.11.1/transforms/a6db3a7f966b50a2fe7d653a84a3ecaa/transformed/analysis/instrumentation-dependencies.bin because:
2026-04-25T03:14:36.1192485Z   Caching not enabled.
2026-04-25T03:14:36.1194096Z Caching disabled for MergeInstrumentationAnalysisTransform: /home/runner/.gradle/caches/modules-2/files-2.1/com.android.tools.build/builder-test-api/8.9.1/a8b165aaca91a3b1d7b861123887e87e078c9511/builder-test-api-8.9.1.jar because:
2026-04-25T03:14:36.1195715Z   Caching not enabled.
2026-04-25T03:14:36.1196664Z Transforming builder-test-api-8.9.1.jar (com.android.tools.build:builder-test-api:8.9.1) with ExternalDependencyInstrumentingArtifactTransform
2026-04-25T03:14:36.1198763Z Caching disabled for ExternalDependencyInstrumentingArtifactTransform: /home/runner/.gradle/caches/8.11.1/transforms/684ddcc07e76fa20c32aaf59d4f1c7f9/transformed/merge/instrumentation-dependencies.bin because:
2026-04-25T03:14:36.1200229Z   Caching not enabled.
2026-04-25T03:14:36.1202010Z Caching disabled for ExternalDependencyInstrumentingArtifactTransform: /home/runner/.gradle/caches/modules-2/files-2.1/com.android.tools.build/builder-test-api/8.9.1/a8b165aaca91a3b1d7b861123887e87e078c9511/builder-test-api-8.9.1.jar because:
2026-04-25T03:14:36.1203547Z   Caching not enabled.
2026-04-25T03:14:36.1204790Z Caching disabled for MergeInstrumentationAnalysisTransform: /home/runner/.gradle/caches/8.11.1/transforms/e03becd69d95e1fac0bd1efc4c17f91b/transformed/analysis/instrumentation-hierarchy.bin because:
2026-04-25T03:14:36.1206158Z   Caching not enabled.
2026-04-25T03:14:36.1207399Z Caching disabled for MergeInstrumentationAnalysisTransform: /home/runner/.gradle/caches/8.11.1/transforms/e03becd69d95e1fac0bd1efc4c17f91b/transformed/analysis/instrumentation-dependencies.bin because:
2026-04-25T03:14:36.1208783Z   Caching not enabled.
2026-04-25T03:14:36.1209999Z Caching disabled for MergeInstrumentationAnalysisTransform: /home/runner/.gradle/caches/modules-2/files-2.1/com.android.tools.ddms/ddmlib/31.9.1/b54fce74dc77c81deb2c128c8155a8e278b54ed0/ddmlib-31.9.1.jar because:
2026-04-25T03:14:36.1211338Z   Caching not enabled.
2026-04-25T03:14:36.1272816Z Transforming ddmlib-31.9.1.jar (com.android.tools.ddms:ddmlib:31.9.1) with ExternalDependencyInstrumentingArtifactTransform
2026-04-25T03:14:36.1274745Z Caching disabled for ExternalDependencyInstrumentingArtifactTransform: /home/runner/.gradle/caches/8.11.1/transforms/356f9843803bae513471c66b9f543f81/transformed/merge/instrumentation-dependencies.bin because:
2026-04-25T03:14:36.1276172Z   Caching not enabled.
2026-04-25T03:14:36.2104219Z Caching disabled for ExternalDependencyInstrumentingArtifactTransform: /home/runner/.gradle/caches/modules-2/files-2.1/androidx.databinding/databinding-compiler-common/8.9.1/29427444695aae18a3380b333370097e5666c63d/databinding-compiler-common-8.9.1.jar because:
2026-04-25T03:14:36.2162217Z   Caching not enabled.
2026-04-25T03:14:36.2223253Z Caching disabled for MergeInstrumentationAnalysisTransform: /home/runner/.gradle/caches/8.11.1/transforms/380a6d08a99fd2315def8ca4adfd0c81/transformed/analysis/instrumentation-hierarchy.bin because:
2026-04-25T03:14:36.2247653Z   Caching not enabled.
2026-04-25T03:14:36.2273965Z Caching disabled for MergeInstrumentationAnalysisTransform: /home/runner/.gradle/caches/8.11.1/transforms/380a6d08a99fd2315def8ca4adfd0c81/transformed/analysis/instrumentation-dependencies.bin because:
2026-04-25T03:14:36.2332118Z   Caching not enabled.
2026-04-25T03:14:36.2393709Z Caching disabled for MergeInstrumentationAnalysisTransform: /home/runner/.gradle/caches/modules-2/files-2.1/com.android.tools.layoutlib/layoutlib-api/31.9.1/a8d6069382f69d0c8460704a3b55d622c519c7d3/layoutlib-api-31.9.1.jar because:
2026-04-25T03:14:36.2422070Z   Caching not enabled.
2026-04-25T03:14:36.2472869Z Transforming layoutlib-api-31.9.1.jar (com.android.tools.layoutlib:layoutlib-api:31.9.1) with ExternalDependencyInstrumentingArtifactTransform
2026-04-25T03:14:36.2475133Z Caching disabled for ExternalDependencyInstrumentingArtifactTransform: /home/runner/.gradle/caches/8.11.1/transforms/e5da2ef6f1981b113c8d17f659377105/transformed/merge/instrumentation-dependencies.bin because:
2026-04-25T03:14:36.2476662Z   Caching not enabled.
2026-04-25T03:14:36.2478280Z Caching disabled for ExternalDependencyInstrumentingArtifactTransform: /home/runner/.gradle/caches/modules-2/files-2.1/com.android.tools.layoutlib/layoutlib-api/31.9.1/a8d6069382f69d0c8460704a3b55d622c519c7d3/layoutlib-api-31.9.1.jar because:
2026-04-25T03:14:36.2479927Z   Caching not enabled.
2026-04-25T03:14:36.2481205Z Caching disabled for MergeInstrumentationAnalysisTransform: /home/runner/.gradle/caches/8.11.1/transforms/e787cb7ea5cd53dd44130598afead4e4/transformed/analysis/instrumentation-hierarchy.bin because:
2026-04-25T03:14:36.2482789Z   Caching not enabled.
2026-04-25T03:14:36.2484148Z Caching disabled for MergeInstrumentationAnalysisTransform: /home/runner/.gradle/caches/8.11.1/transforms/e787cb7ea5cd53dd44130598afead4e4/transformed/analysis/instrumentation-dependencies.bin because:
2026-04-25T03:14:36.2485584Z   Caching not enabled.
2026-04-25T03:14:36.2486882Z Caching disabled for MergeInstrumentationAnalysisTransform: /home/runner/.gradle/caches/modules-2/files-2.1/com.android.tools/dvlib/31.9.1/6079cc9f2fa5f5104b20779ca98faa1c495bb7f1/dvlib-31.9.1.jar because:
2026-04-25T03:14:36.2488264Z   Caching not enabled.
2026-04-25T03:14:36.2489018Z Transforming dvlib-31.9.1.jar (com.android.tools:dvlib:31.9.1) with ExternalDependencyInstrumentingArtifactTransform
2026-04-25T03:14:36.2490962Z Caching disabled for ExternalDependencyInstrumentingArtifactTransform: /home/runner/.gradle/caches/8.11.1/transforms/bf12db70623b40d289f3c6dc21ebaf26/transformed/merge/instrumentation-dependencies.bin because:
2026-04-25T03:14:36.2492617Z   Caching not enabled.
2026-04-25T03:14:36.2494004Z Caching disabled for ExternalDependencyInstrumentingArtifactTransform: /home/runner/.gradle/caches/modules-2/files-2.1/com.android.tools/dvlib/31.9.1/6079cc9f2fa5f5104b20779ca98faa1c495bb7f1/dvlib-31.9.1.jar because:
2026-04-25T03:14:36.2495489Z   Caching not enabled.
2026-04-25T03:14:36.2496812Z Caching disabled for MergeInstrumentationAnalysisTransform: /home/runner/.gradle/caches/8.11.1/transforms/13f1459f4d32645e12883454e262ee8f/transformed/analysis/instrumentation-hierarchy.bin because:
2026-04-25T03:14:36.2498182Z   Caching not enabled.
2026-04-25T03:14:36.2499490Z Caching disabled for MergeInstrumentationAnalysisTransform: /home/runner/.gradle/caches/8.11.1/transforms/13f1459f4d32645e12883454e262ee8f/transformed/analysis/instrumentation-dependencies.bin because:
2026-04-25T03:14:36.2500875Z   Caching not enabled.
2026-04-25T03:14:36.3080950Z Caching disabled for MergeInstrumentationAnalysisTransform: /home/runner/.gradle/caches/modules-2/files-2.1/com.android.tools/common/31.9.1/62aafb25bd2550ba593d3ebcc564666e4798a9a1/common-31.9.1.jar because:
2026-04-25T03:14:36.3092015Z   Caching not enabled.
2026-04-25T03:14:36.3092883Z Transforming common-31.9.1.jar (com.android.tools:common:31.9.1) with ExternalDependencyInstrumentingArtifactTransform
2026-04-25T03:14:36.3109001Z Caching disabled for ExternalDependencyInstrumentingArtifactTransform: /home/runner/.gradle/caches/8.11.1/transforms/e6d6b09089517f304bd6038d2a2f0026/transformed/merge/instrumentation-dependencies.bin because:
2026-04-25T03:14:36.3110392Z   Caching not enabled.
2026-04-25T03:14:36.4090731Z Caching disabled for ExternalDependencyInstrumentingArtifactTransform: /home/runner/.gradle/caches/modules-2/files-2.1/com.android.tools.ddms/ddmlib/31.9.1/b54fce74dc77c81deb2c128c8155a8e278b54ed0/ddmlib-31.9.1.jar because:
2026-04-25T03:14:36.4123178Z   Caching not enabled.
2026-04-25T03:14:36.4150092Z Caching disabled for MergeInstrumentationAnalysisTransform: /home/runner/.gradle/caches/8.11.1/transforms/c8c56bf1674fd218bba3f3ce9b744e16/transformed/analysis/instrumentation-hierarchy.bin because:
2026-04-25T03:14:36.4158180Z   Caching not enabled.
2026-04-25T03:14:36.4190779Z Caching disabled for MergeInstrumentationAnalysisTransform: /home/runner/.gradle/caches/8.11.1/transforms/c8c56bf1674fd218bba3f3ce9b744e16/transformed/analysis/instrumentation-dependencies.bin because:
2026-04-25T03:14:36.4202088Z   Caching not enabled.
2026-04-25T03:14:36.4235906Z Caching disabled for MergeInstrumentationAnalysisTransform: /home/runner/.gradle/caches/modules-2/files-2.1/org.jetbrains.kotlin/kotlin-stdlib-jdk8/2.1.0/c4a51be16c840b969ed706bc25d5836b099d188a/kotlin-stdlib-jdk8-2.1.0.jar because:
2026-04-25T03:14:36.4262093Z   Caching not enabled.
2026-04-25T03:14:36.4292758Z Transforming kotlin-stdlib-jdk8-2.1.0.jar (org.jetbrains.kotlin:kotlin-stdlib-jdk8:2.1.0) with ExternalDependencyInstrumentingArtifactTransform
2026-04-25T03:14:36.4303342Z Caching disabled for ExternalDependencyInstrumentingArtifactTransform: /home/runner/.gradle/caches/8.11.1/transforms/3d2c7739f72671f98b6a0fc9edfceda0/transformed/merge/instrumentation-dependencies.bin because:
2026-04-25T03:14:36.4326410Z   Caching not enabled.
2026-04-25T03:14:36.4363428Z Caching disabled for ExternalDependencyInstrumentingArtifactTransform: /home/runner/.gradle/caches/modules-2/files-2.1/org.jetbrains.kotlin/kotlin-stdlib-jdk8/2.1.0/c4a51be16c840b969ed706bc25d5836b099d188a/kotlin-stdlib-jdk8-2.1.0.jar because:
2026-04-25T03:14:36.4365202Z   Caching not enabled.
2026-04-25T03:14:36.4393255Z Caching disabled for MergeInstrumentationAnalysisTransform: /home/runner/.gradle/caches/8.11.1/transforms/da6f2af723b7b7c98d7f619e20db00d0/transformed/analysis/instrumentation-hierarchy.bin because:
2026-04-25T03:14:36.4422204Z   Caching not enabled.
2026-04-25T03:14:36.4433150Z Caching disabled for MergeInstrumentationAnalysisTransform: /home/runner/.gradle/caches/8.11.1/transforms/da6f2af723b7b7c98d7f619e20db00d0/transformed/analysis/instrumentation-dependencies.bin because:
2026-04-25T03:14:36.4462113Z   Caching not enabled.
2026-04-25T03:14:36.4502057Z Caching disabled for MergeInstrumentationAnalysisTransform: /home/runner/.gradle/caches/modules-2/files-2.1/com.android.tools.build.jetifier/jetifier-processor/1.0.0-beta10/946c39eb0c052ff4f60a8939648a8b99af20d604/jetifier-processor-1.0.0-beta10.jar because:
2026-04-25T03:14:36.4505396Z   Caching not enabled.
2026-04-25T03:14:36.4533067Z Transforming jetifier-processor-1.0.0-beta10.jar (com.android.tools.build.jetifier:jetifier-processor:1.0.0-beta10) with ExternalDependencyInstrumentingArtifactTransform
2026-04-25T03:14:36.4543178Z Caching disabled for ExternalDependencyInstrumentingArtifactTransform: /home/runner/.gradle/caches/8.11.1/transforms/f696ccc4826317aa482dc0b5efb822db/transformed/merge/instrumentation-dependencies.bin because:
2026-04-25T03:14:36.4583036Z   Caching not enabled.
2026-04-25T03:14:36.4593219Z Caching disabled for ExternalDependencyInstrumentingArtifactTransform: /home/runner/.gradle/caches/modules-2/files-2.1/com.android.tools/common/31.9.1/62aafb25bd2550ba593d3ebcc564666e4798a9a1/common-31.9.1.jar because:
2026-04-25T03:14:36.4595159Z   Caching not enabled.
2026-04-25T03:14:36.5079782Z Caching disabled for MergeInstrumentationAnalysisTransform: /home/runner/.gradle/caches/8.11.1/transforms/ac48b64105e4c297b683e158c8672ada/transformed/analysis/instrumentation-hierarchy.bin because:
2026-04-25T03:14:36.5112975Z   Caching not enabled.
2026-04-25T03:14:36.5134476Z Caching disabled for ExternalDependencyInstrumentingArtifactTransform: /home/runner/.gradle/caches/modules-2/files-2.1/com.android.tools.build.jetifier/jetifier-processor/1.0.0-beta10/946c39eb0c052ff4f60a8939648a8b99af20d604/jetifier-processor-1.0.0-beta10.jar because:
2026-04-25T03:14:36.5162223Z   Caching not enabled.
2026-04-25T03:14:36.5173306Z Caching disabled for MergeInstrumentationAnalysisTransform: /home/runner/.gradle/caches/8.11.1/transforms/ac48b64105e4c297b683e158c8672ada/transformed/analysis/instrumentation-dependencies.bin because:
2026-04-25T03:14:36.5202211Z   Caching not enabled.
2026-04-25T03:14:36.5223090Z Caching disabled for MergeInstrumentationAnalysisTransform: /home/runner/.gradle/caches/8.11.1/transforms/653d5231bce0641f209bb3e4ea77423a/transformed/analysis/instrumentation-hierarchy.bin because:
2026-04-25T03:14:36.5243522Z   Caching not enabled.
2026-04-25T03:14:36.5263255Z Caching disabled for MergeInstrumentationAnalysisTransform: /home/runner/.gradle/caches/8.11.1/transforms/653d5231bce0641f209bb3e4ea77423a/transformed/analysis/instrumentation-dependencies.bin because:
2026-04-25T03:14:36.5290594Z   Caching not enabled.
2026-04-25T03:14:36.5322654Z Caching disabled for MergeInstrumentationAnalysisTransform: /home/runner/.gradle/caches/modules-2/files-2.1/com.android.tools.build.jetifier/jetifier-core/1.0.0-beta10/6e621022a9c95af12a7004d6b55805bbd1126837/jetifier-core-1.0.0-beta10.jar because:
2026-04-25T03:14:36.5342079Z   Caching not enabled.
2026-04-25T03:14:36.5353621Z Caching disabled for MergeInstrumentationAnalysisTransform: /home/runner/.gradle/caches/modules-2/files-2.1/com.google.devtools.ksp/symbol-processing-gradle-plugin/2.0.0-1.0.24/493aa542d5adf94579b6ee51f569409d805cdadf/symbol-processing-gradle-plugin-2.0.0-1.0.24.jar because:
2026-04-25T03:14:36.5383394Z   Caching not enabled.
2026-04-25T03:14:36.5412928Z Transforming jetifier-core-1.0.0-beta10.jar (com.android.tools.build.jetifier:jetifier-core:1.0.0-beta10) with ExternalDependencyInstrumentingArtifactTransform
2026-04-25T03:14:36.5433283Z Caching disabled for ExternalDependencyInstrumentingArtifactTransform: /home/runner/.gradle/caches/8.11.1/transforms/f7bedda162b7e3a5a8099c01090e97d3/transformed/merge/instrumentation-dependencies.bin because:
2026-04-25T03:14:36.5452021Z   Caching not enabled.
2026-04-25T03:14:36.5473057Z Transforming symbol-processing-gradle-plugin-2.0.0-1.0.24.jar (com.google.devtools.ksp:symbol-processing-gradle-plugin:2.0.0-1.0.24) with ExternalDependencyInstrumentingArtifactTransform
2026-04-25T03:14:36.5503236Z Caching disabled for ExternalDependencyInstrumentingArtifactTransform: /home/runner/.gradle/caches/8.11.1/transforms/afbc7708b6dc0aa6a61f8da5fc30413b/transformed/merge/instrumentation-dependencies.bin because:
2026-04-25T03:14:36.5532202Z   Caching not enabled.
2026-04-25T03:14:36.5549129Z Caching disabled for ExternalDependencyInstrumentingArtifactTransform: /home/runner/.gradle/caches/modules-2/files-2.1/com.android.tools.build.jetifier/jetifier-core/1.0.0-beta10/6e621022a9c95af12a7004d6b55805bbd1126837/jetifier-core-1.0.0-beta10.jar because:
2026-04-25T03:14:36.5592072Z   Caching not enabled.
2026-04-25T03:14:36.5593460Z Caching disabled for MergeInstrumentationAnalysisTransform: /home/runner/.gradle/caches/8.11.1/transforms/308081b0efcc5d11c6e0427139d26b3f/transformed/analysis/instrumentation-hierarchy.bin because:
2026-04-25T03:14:36.5622159Z   Caching not enabled.
2026-04-25T03:14:36.5638287Z Caching disabled for MergeInstrumentationAnalysisTransform: /home/runner/.gradle/caches/8.11.1/transforms/308081b0efcc5d11c6e0427139d26b3f/transformed/analysis/instrumentation-dependencies.bin because:
2026-04-25T03:14:36.5652075Z   Caching not enabled.
2026-04-25T03:14:36.5654133Z Caching disabled for MergeInstrumentationAnalysisTransform: /home/runner/.gradle/caches/modules-2/files-2.1/com.google.devtools.ksp/symbol-processing-api/2.0.0-1.0.24/a41a342193058c0ef2bdc968421ea447c8bb1991/symbol-processing-api-2.0.0-1.0.24.jar because:
2026-04-25T03:14:36.5655975Z   Caching not enabled.
2026-04-25T03:14:36.5657897Z Caching disabled for ExternalDependencyInstrumentingArtifactTransform: /home/runner/.gradle/caches/modules-2/files-2.1/com.google.devtools.ksp/symbol-processing-gradle-plugin/2.0.0-1.0.24/493aa542d5adf94579b6ee51f569409d805cdadf/symbol-processing-gradle-plugin-2.0.0-1.0.24.jar because:
2026-04-25T03:14:36.5659881Z   Caching not enabled.
2026-04-25T03:14:36.5661001Z Transforming symbol-processing-api-2.0.0-1.0.24.jar (com.google.devtools.ksp:symbol-processing-api:2.0.0-1.0.24) with ExternalDependencyInstrumentingArtifactTransform
2026-04-25T03:14:36.5663401Z Caching disabled for ExternalDependencyInstrumentingArtifactTransform: /home/runner/.gradle/caches/8.11.1/transforms/94c60ac4f9aa7326444f66146fc2d8a5/transformed/merge/instrumentation-dependencies.bin because:
2026-04-25T03:14:36.5664907Z   Caching not enabled.
2026-04-25T03:14:36.5666317Z Caching disabled for MergeInstrumentationAnalysisTransform: /home/runner/.gradle/caches/8.11.1/transforms/a41b6eaaa3a20e117e260c8f14c472d2/transformed/analysis/instrumentation-hierarchy.bin because:
2026-04-25T03:14:36.5682205Z   Caching not enabled.
2026-04-25T03:14:36.5713250Z Caching disabled for MergeInstrumentationAnalysisTransform: /home/runner/.gradle/caches/8.11.1/transforms/a41b6eaaa3a20e117e260c8f14c472d2/transformed/analysis/instrumentation-dependencies.bin because:
2026-04-25T03:14:36.5722036Z   Caching not enabled.
2026-04-25T03:14:36.5753551Z Caching disabled for MergeInstrumentationAnalysisTransform: /home/runner/.gradle/caches/modules-2/files-2.1/com.google.devtools.ksp/symbol-processing-common-deps/2.0.0-1.0.24/ef7553d12ff3bca51b17b23295d0c222f20994c2/symbol-processing-common-deps-2.0.0-1.0.24.jar because:
2026-04-25T03:14:36.5762173Z   Caching not enabled.
2026-04-25T03:14:36.5793050Z Transforming symbol-processing-common-deps-2.0.0-1.0.24.jar (com.google.devtools.ksp:symbol-processing-common-deps:2.0.0-1.0.24) with ExternalDependencyInstrumentingArtifactTransform
2026-04-25T03:14:36.5823268Z Caching disabled for ExternalDependencyInstrumentingArtifactTransform: /home/runner/.gradle/caches/8.11.1/transforms/e915c070f14a1a6c247c78ab399fe9c0/transformed/merge/instrumentation-dependencies.bin because:
2026-04-25T03:14:36.5838603Z   Caching not enabled.
2026-04-25T03:14:36.5873698Z Caching disabled for ExternalDependencyInstrumentingArtifactTransform: /home/runner/.gradle/caches/modules-2/files-2.1/com.google.devtools.ksp/symbol-processing-api/2.0.0-1.0.24/a41a342193058c0ef2bdc968421ea447c8bb1991/symbol-processing-api-2.0.0-1.0.24.jar because:
2026-04-25T03:14:36.5892073Z   Caching not enabled.
2026-04-25T03:14:36.6113595Z Caching disabled for MergeInstrumentationAnalysisTransform: /home/runner/.gradle/caches/8.11.1/transforms/e16f99a268cb631f20047d3aa303b901/transformed/analysis/instrumentation-hierarchy.bin because:
2026-04-25T03:14:36.6132147Z   Caching not enabled.
2026-04-25T03:14:36.6144089Z Caching disabled for ExternalDependencyInstrumentingArtifactTransform: /home/runner/.gradle/caches/modules-2/files-2.1/com.google.devtools.ksp/symbol-processing-common-deps/2.0.0-1.0.24/ef7553d12ff3bca51b17b23295d0c222f20994c2/symbol-processing-common-deps-2.0.0-1.0.24.jar because:
2026-04-25T03:14:36.6202288Z   Caching not enabled.
2026-04-25T03:14:36.6253318Z Caching disabled for MergeInstrumentationAnalysisTransform: /home/runner/.gradle/caches/8.11.1/transforms/e16f99a268cb631f20047d3aa303b901/transformed/analysis/instrumentation-dependencies.bin because:
2026-04-25T03:14:36.6292157Z   Caching not enabled.
2026-04-25T03:14:36.6293599Z Caching disabled for MergeInstrumentationAnalysisTransform: /home/runner/.gradle/caches/8.11.1/transforms/2b97fc0a73b0ec7e9d585a5c0c1c9a09/transformed/analysis/instrumentation-dependencies.bin because:
2026-04-25T03:14:36.6322064Z   Caching not enabled.
2026-04-25T03:14:36.6323938Z Caching disabled for MergeInstrumentationAnalysisTransform: /home/runner/.gradle/caches/modules-2/files-2.1/org.jetbrains.kotlin/kotlin-stdlib-jdk7/2.1.0/d77bee6c7bc849e7b9bf4b83e94e8fd1dfc0ea8a/kotlin-stdlib-jdk7-2.1.0.jar because:
2026-04-25T03:14:36.6325575Z   Caching not enabled.
2026-04-25T03:14:36.6326531Z Transforming kotlin-stdlib-jdk7-2.1.0.jar (org.jetbrains.kotlin:kotlin-stdlib-jdk7:2.1.0) with ExternalDependencyInstrumentingArtifactTransform
2026-04-25T03:14:36.6328661Z Caching disabled for ExternalDependencyInstrumentingArtifactTransform: /home/runner/.gradle/caches/8.11.1/transforms/0af93d990095ca8a9cb0584554260004/transformed/merge/instrumentation-dependencies.bin because:
2026-04-25T03:14:36.6330140Z   Caching not enabled.
2026-04-25T03:14:36.6331924Z Caching disabled for ExternalDependencyInstrumentingArtifactTransform: /home/runner/.gradle/caches/modules-2/files-2.1/org.jetbrains.kotlin/kotlin-stdlib-jdk7/2.1.0/d77bee6c7bc849e7b9bf4b83e94e8fd1dfc0ea8a/kotlin-stdlib-jdk7-2.1.0.jar because:
2026-04-25T03:14:36.6333582Z   Caching not enabled.
2026-04-25T03:14:36.6335009Z Caching disabled for MergeInstrumentationAnalysisTransform: /home/runner/.gradle/caches/modules-2/files-2.1/org.jetbrains.kotlin/kotlin-reflect/2.0.20/580c610641d75b6448825cbe455a1ded220e148b/kotlin-reflect-2.0.20.jar because:
2026-04-25T03:14:36.6336512Z   Caching not enabled.
2026-04-25T03:14:36.6337804Z Caching disabled for MergeInstrumentationAnalysisTransform: /home/runner/.gradle/caches/8.11.1/transforms/edd9c988ca42e7c70bc0e14e79e876d2/transformed/analysis/instrumentation-hierarchy.bin because:
2026-04-25T03:14:36.6339181Z   Caching not enabled.
2026-04-25T03:14:36.6340501Z Caching disabled for MergeInstrumentationAnalysisTransform: /home/runner/.gradle/caches/8.11.1/transforms/edd9c988ca42e7c70bc0e14e79e876d2/transformed/analysis/instrumentation-dependencies.bin because:
2026-04-25T03:14:36.6372077Z   Caching not enabled.
2026-04-25T03:14:36.6392593Z Transforming kotlin-reflect-2.0.20.jar (org.jetbrains.kotlin:kotlin-reflect:2.0.20) with ExternalDependencyInstrumentingArtifactTransform
2026-04-25T03:14:36.6394758Z Caching disabled for ExternalDependencyInstrumentingArtifactTransform: /home/runner/.gradle/caches/8.11.1/transforms/850b76cf032676ed971f5947ed6a4e2e/transformed/merge/instrumentation-dependencies.bin because:
2026-04-25T03:14:36.6432029Z   Caching not enabled.
2026-04-25T03:14:36.6453261Z Caching disabled for MergeInstrumentationAnalysisTransform: /home/runner/.gradle/caches/modules-2/files-2.1/org.jetbrains.kotlin/kotlin-stdlib/2.0.20/7388d355f7cceb002cd387ccb7ab3850e4e0a07f/kotlin-stdlib-2.0.20.jar because:
2026-04-25T03:14:36.6492005Z   Caching not enabled.
2026-04-25T03:14:36.6512649Z Transforming kotlin-stdlib-2.0.20.jar (org.jetbrains.kotlin:kotlin-stdlib:2.0.20) with ExternalDependencyInstrumentingArtifactTransform
2026-04-25T03:14:36.6553153Z Caching disabled for ExternalDependencyInstrumentingArtifactTransform: /home/runner/.gradle/caches/8.11.1/transforms/acfe6a2704c2877e3fe33f98826065b3/transformed/merge/instrumentation-dependencies.bin because:
2026-04-25T03:14:36.6572050Z   Caching not enabled.
2026-04-25T03:14:37.0098609Z Caching disabled for ExternalDependencyInstrumentingArtifactTransform: /home/runner/.gradle/caches/modules-2/files-2.1/org.jetbrains.kotlin/kotlin-stdlib/2.0.20/7388d355f7cceb002cd387ccb7ab3850e4e0a07f/kotlin-stdlib-2.0.20.jar because:
2026-04-25T03:14:37.0102135Z   Caching not enabled.
2026-04-25T03:14:37.0163481Z Caching disabled for MergeInstrumentationAnalysisTransform: /home/runner/.gradle/caches/8.11.1/transforms/c015c8b7c073f30a574b851eda597d3f/transformed/analysis/instrumentation-dependencies.bin because:
2026-04-25T03:14:37.0216021Z   Caching not enabled.
2026-04-25T03:14:37.0264722Z Caching disabled for MergeInstrumentationAnalysisTransform: /home/runner/.gradle/caches/modules-2/files-2.1/org.jetbrains/annotations/13.0/919f0dfe192fb4e063e7dacadee7f8bb9a2672a9/annotations-13.0.jar because:
2026-04-25T03:14:37.0272068Z   Caching not enabled.
2026-04-25T03:14:37.0319959Z Transforming annotations-13.0.jar (org.jetbrains:annotations:13.0) with ExternalDependencyInstrumentingArtifactTransform
2026-04-25T03:14:37.0343659Z Caching disabled for ExternalDependencyInstrumentingArtifactTransform: /home/runner/.gradle/caches/8.11.1/transforms/63d07b7fdb56df2c812d656b9c651a07/transformed/merge/instrumentation-dependencies.bin because:
2026-04-25T03:14:37.0382287Z   Caching not enabled.
2026-04-25T03:14:37.1083867Z Caching disabled for ExternalDependencyInstrumentingArtifactTransform: /home/runner/.gradle/caches/modules-2/files-2.1/org.jetbrains/annotations/13.0/919f0dfe192fb4e063e7dacadee7f8bb9a2672a9/annotations-13.0.jar because:
2026-04-25T03:14:37.1103864Z   Caching not enabled.
2026-04-25T03:14:37.1133277Z Caching disabled for MergeInstrumentationAnalysisTransform: /home/runner/.gradle/caches/8.11.1/transforms/3dcaeb844d7ee31758a6dcf3b947a06c/transformed/analysis/instrumentation-dependencies.bin because:
2026-04-25T03:14:37.1162085Z   Caching not enabled.
2026-04-25T03:14:37.1163845Z Caching disabled for MergeInstrumentationAnalysisTransform: /home/runner/.gradle/caches/modules-2/files-2.1/org.jetbrains.kotlin/kotlin-gradle-plugin-model/2.0.0/3dba7d4ff1b25d86d56074671a2024859e8c7541/kotlin-gradle-plugin-model-2.0.0.jar because:
2026-04-25T03:14:37.1182060Z   Caching not enabled.
2026-04-25T03:14:37.1212819Z Transforming kotlin-gradle-plugin-model-2.0.0.jar (org.jetbrains.kotlin:kotlin-gradle-plugin-model:2.0.0) with ExternalDependencyInstrumentingArtifactTransform
2026-04-25T03:14:37.1243213Z Caching disabled for ExternalDependencyInstrumentingArtifactTransform: /home/runner/.gradle/caches/8.11.1/transforms/514fce3133840636d02689ffeeb04b0d/transformed/merge/instrumentation-dependencies.bin because:
2026-04-25T03:14:37.1272001Z   Caching not enabled.
2026-04-25T03:14:37.1333520Z Caching disabled for ExternalDependencyInstrumentingArtifactTransform: /home/runner/.gradle/caches/modules-2/files-2.1/org.jetbrains.kotlin/kotlin-gradle-plugin-model/2.0.0/3dba7d4ff1b25d86d56074671a2024859e8c7541/kotlin-gradle-plugin-model-2.0.0.jar because:
2026-04-25T03:14:37.1342021Z   Caching not enabled.
2026-04-25T03:14:37.1343443Z Caching disabled for MergeInstrumentationAnalysisTransform: /home/runner/.gradle/caches/8.11.1/transforms/9e68989ad4886d44c97265d9d713d7d7/transformed/analysis/instrumentation-hierarchy.bin because:
2026-04-25T03:14:37.1344856Z   Caching not enabled.
2026-04-25T03:14:37.1346197Z Caching disabled for MergeInstrumentationAnalysisTransform: /home/runner/.gradle/caches/8.11.1/transforms/9e68989ad4886d44c97265d9d713d7d7/transformed/analysis/instrumentation-dependencies.bin because:
2026-04-25T03:14:37.1347575Z   Caching not enabled.
2026-04-25T03:14:37.1349170Z Caching disabled for MergeInstrumentationAnalysisTransform: /home/runner/.gradle/caches/modules-2/files-2.1/org.jetbrains.kotlin/kotlin-gradle-plugin-api/2.0.0/2862373ec25875028a85c3bc3d48f94239ff30af/kotlin-gradle-plugin-api-2.0.0.jar because:
2026-04-25T03:14:37.1350887Z   Caching not enabled.
2026-04-25T03:14:37.1352232Z Transforming kotlin-gradle-plugin-api-2.0.0.jar (org.jetbrains.kotlin:kotlin-gradle-plugin-api:2.0.0) with ExternalDependencyInstrumentingArtifactTransform
2026-04-25T03:14:37.1354473Z Caching disabled for ExternalDependencyInstrumentingArtifactTransform: /home/runner/.gradle/caches/8.11.1/transforms/d5768c92eaa3b7aa5136ac98b3b1bb9a/transformed/merge/instrumentation-dependencies.bin because:
2026-04-25T03:14:37.1355978Z   Caching not enabled.
2026-04-25T03:14:37.1357648Z Caching disabled for ExternalDependencyInstrumentingArtifactTransform: /home/runner/.gradle/caches/modules-2/files-2.1/org.jetbrains.kotlin/kotlin-gradle-plugin-api/2.0.0/2862373ec25875028a85c3bc3d48f94239ff30af/kotlin-gradle-plugin-api-2.0.0.jar because:
2026-04-25T03:14:37.1359419Z   Caching not enabled.
2026-04-25T03:14:37.1360750Z Caching disabled for MergeInstrumentationAnalysisTransform: /home/runner/.gradle/caches/8.11.1/transforms/fcbdf8453ea78e139b681e521203a6d4/transformed/analysis/instrumentation-dependencies.bin because:
2026-04-25T03:14:37.1362606Z   Caching not enabled.
2026-04-25T03:14:37.1364423Z Caching disabled for MergeInstrumentationAnalysisTransform: /home/runner/.gradle/caches/modules-2/files-2.1/org.jetbrains.kotlin/kotlin-gradle-plugin-api/2.0.0/2862373ec25875028a85c3bc3d48f94239ff30af/kotlin-gradle-plugin-api-2.0.0-gradle85.jar because:
2026-04-25T03:14:37.1366168Z   Caching not enabled.
2026-04-25T03:14:37.1367277Z Transforming kotlin-gradle-plugin-api-2.0.0-gradle85.jar (org.jetbrains.kotlin:kotlin-gradle-plugin-api:2.0.0) with ExternalDependencyInstrumentingArtifactTransform
2026-04-25T03:14:37.1369467Z Caching disabled for ExternalDependencyInstrumentingArtifactTransform: /home/runner/.gradle/caches/8.11.1/transforms/fc7bb340385f78dbf211743b685c5d70/transformed/merge/instrumentation-dependencies.bin because:
2026-04-25T03:14:37.1392046Z   Caching not enabled.
2026-04-25T03:14:37.2084263Z Caching disabled for ExternalDependencyInstrumentingArtifactTransform: /home/runner/.gradle/caches/modules-2/files-2.1/org.jetbrains.kotlin/kotlin-gradle-plugin-api/2.0.0/2862373ec25875028a85c3bc3d48f94239ff30af/kotlin-gradle-plugin-api-2.0.0-gradle85.jar because:
2026-04-25T03:14:37.2142273Z   Caching not enabled.
2026-04-25T03:14:37.2196251Z Caching disabled for MergeInstrumentationAnalysisTransform: /home/runner/.gradle/caches/8.11.1/transforms/a73f7bd104dd2ceae3a09c2d141daa72/transformed/analysis/instrumentation-hierarchy.bin because:
2026-04-25T03:14:37.2262112Z   Caching not enabled.
2026-04-25T03:14:37.2333171Z Caching disabled for MergeInstrumentationAnalysisTransform: /home/runner/.gradle/caches/8.11.1/transforms/a73f7bd104dd2ceae3a09c2d141daa72/transformed/analysis/instrumentation-dependencies.bin because:
2026-04-25T03:14:37.2372171Z   Caching not enabled.
2026-04-25T03:14:37.2433581Z Caching disabled for MergeInstrumentationAnalysisTransform: /home/runner/.gradle/caches/modules-2/files-2.1/org.jetbrains.kotlin/compose-compiler-gradle-plugin/2.0.0/881b16fb6222dea1cf30a65accd60fedde5434ad/compose-compiler-gradle-plugin-2.0.0-gradle85.jar because:
2026-04-25T03:14:37.2492121Z   Caching not enabled.
2026-04-25T03:14:37.2543350Z Caching disabled for ExternalDependencyInstrumentingArtifactTransform: /home/runner/.gradle/caches/modules-2/files-2.1/org.jetbrains.kotlin/kotlin-reflect/2.0.20/580c610641d75b6448825cbe455a1ded220e148b/kotlin-reflect-2.0.20.jar because:
2026-04-25T03:14:37.2612122Z   Caching not enabled.
2026-04-25T03:14:37.2663129Z Transforming compose-compiler-gradle-plugin-2.0.0-gradle85.jar (org.jetbrains.kotlin:compose-compiler-gradle-plugin:2.0.0) with ExternalDependencyInstrumentingArtifactTransform
2026-04-25T03:14:37.2703291Z Caching disabled for ExternalDependencyInstrumentingArtifactTransform: /home/runner/.gradle/caches/8.11.1/transforms/374484d7a10fa628b5e12732ee5a5348/transformed/merge/instrumentation-dependencies.bin because:
2026-04-25T03:14:37.2732075Z   Caching not enabled.
2026-04-25T03:14:37.2823138Z Caching disabled for MergeInstrumentationAnalysisTransform: /home/runner/.gradle/caches/8.11.1/transforms/150d34ed366840533848d6921b7d435f/transformed/analysis/instrumentation-hierarchy.bin because:
2026-04-25T03:14:37.2842285Z   Caching not enabled.
2026-04-25T03:14:37.2894322Z Caching disabled for MergeInstrumentationAnalysisTransform: /home/runner/.gradle/caches/8.11.1/transforms/150d34ed366840533848d6921b7d435f/transformed/analysis/instrumentation-dependencies.bin because:
2026-04-25T03:14:37.2895809Z   Caching not enabled.
2026-04-25T03:14:37.2953700Z Caching disabled for ExternalDependencyInstrumentingArtifactTransform: /home/runner/.gradle/caches/modules-2/files-2.1/org.jetbrains.kotlin/compose-compiler-gradle-plugin/2.0.0/881b16fb6222dea1cf30a65accd60fedde5434ad/compose-compiler-gradle-plugin-2.0.0-gradle85.jar because:
2026-04-25T03:14:37.2982035Z   Caching not enabled.
2026-04-25T03:14:37.3013180Z Caching disabled for MergeInstrumentationAnalysisTransform: /home/runner/.gradle/caches/8.11.1/transforms/264d298090576ee11afb0d9a6bd87f2e/transformed/analysis/instrumentation-hierarchy.bin because:
2026-04-25T03:14:37.3042039Z   Caching not enabled.
2026-04-25T03:14:37.3073349Z Caching disabled for MergeInstrumentationAnalysisTransform: /home/runner/.gradle/caches/8.11.1/transforms/264d298090576ee11afb0d9a6bd87f2e/transformed/analysis/instrumentation-dependencies.bin because:
2026-04-25T03:14:37.3102053Z   Caching not enabled.
2026-04-25T03:14:37.3133213Z Caching disabled for MergeInstrumentationAnalysisTransform: /home/runner/.gradle/caches/modules-2/files-2.1/com.android.tools.build/bundletool/1.17.2/e046c6f96d6b2c19afe9b3300eaef9762c3b6103/bundletool-1.17.2.jar because:
2026-04-25T03:14:37.3192033Z   Caching not enabled.
2026-04-25T03:14:37.3222651Z Transforming bundletool-1.17.2.jar (com.android.tools.build:bundletool:1.17.2) with ExternalDependencyInstrumentingArtifactTransform
2026-04-25T03:14:37.3253133Z Caching disabled for ExternalDependencyInstrumentingArtifactTransform: /home/runner/.gradle/caches/8.11.1/transforms/47a537e45f1ae83a7c05b2ccb4da98d2/transformed/merge/instrumentation-dependencies.bin because:
2026-04-25T03:14:37.3282011Z   Caching not enabled.
2026-04-25T03:14:37.3313412Z Caching disabled for MergeInstrumentationAnalysisTransform: /home/runner/.gradle/caches/modules-2/files-2.1/org.jetbrains.kotlin/kotlin-gradle-plugin/2.0.0/5c20cbfbc72e5fbecec18e540de7e5fa59205d63/kotlin-gradle-plugin-2.0.0-gradle85.jar because:
2026-04-25T03:14:37.3342050Z   Caching not enabled.
2026-04-25T03:14:37.3372816Z Transforming kotlin-gradle-plugin-2.0.0-gradle85.jar (org.jetbrains.kotlin:kotlin-gradle-plugin:2.0.0) with ExternalDependencyInstrumentingArtifactTransform
2026-04-25T03:14:37.3403269Z Caching disabled for ExternalDependencyInstrumentingArtifactTransform: /home/runner/.gradle/caches/8.11.1/transforms/30f7fe91d51638862021054ae13be0ca/transformed/merge/instrumentation-dependencies.bin because:
2026-04-25T03:14:37.3432077Z   Caching not enabled.
2026-04-25T03:14:37.4093753Z Caching disabled for ExternalDependencyInstrumentingArtifactTransform: /home/runner/.gradle/caches/modules-2/files-2.1/com.android.tools.build/builder/8.9.1/5dfef4d0bb66f0f2df305d0dbfe1dc014c2ceca4/builder-8.9.1.jar because:
2026-04-25T03:14:37.4156078Z   Caching not enabled.
2026-04-25T03:14:37.4163087Z Caching disabled for MergeInstrumentationAnalysisTransform: /home/runner/.gradle/caches/8.11.1/transforms/748d4c2d540f7d0f04428f78f648099a/transformed/analysis/instrumentation-hierarchy.bin because:
2026-04-25T03:14:37.4164508Z   Caching not enabled.
2026-04-25T03:14:37.4165874Z Caching disabled for MergeInstrumentationAnalysisTransform: /home/runner/.gradle/caches/8.11.1/transforms/748d4c2d540f7d0f04428f78f648099a/transformed/analysis/instrumentation-dependencies.bin because:
2026-04-25T03:14:37.4167285Z   Caching not enabled.
2026-04-25T03:14:37.4168729Z Caching disabled for MergeInstrumentationAnalysisTransform: /home/runner/.gradle/caches/modules-2/files-2.1/com.android.tools.build/aapt2-proto/8.9.1-12782657/884e5b6ec676bb8070490caca7637fd40ec1c041/aapt2-proto-8.9.1-12782657.jar because:
2026-04-25T03:14:37.4170341Z   Caching not enabled.
2026-04-25T03:14:37.4212672Z Transforming aapt2-proto-8.9.1-12782657.jar (com.android.tools.build:aapt2-proto:8.9.1-12782657) with ExternalDependencyInstrumentingArtifactTransform
2026-04-25T03:14:37.4273175Z Caching disabled for ExternalDependencyInstrumentingArtifactTransform: /home/runner/.gradle/caches/8.11.1/transforms/c134c04f75d1fd3e45a195a77dacfa1f/transformed/merge/instrumentation-dependencies.bin because:
2026-04-25T03:14:37.4301971Z   Caching not enabled.
2026-04-25T03:14:37.5133956Z Caching disabled for ExternalDependencyInstrumentingArtifactTransform: /home/runner/.gradle/caches/modules-2/files-2.1/com.android.tools.build/gradle/8.9.1/4e50fe7802406421df7b7165d5a8bcbb2762ff0f/gradle-8.9.1.jar because:
2026-04-25T03:14:37.5202439Z   Caching not enabled.
2026-04-25T03:14:37.5233129Z Caching disabled for MergeInstrumentationAnalysisTransform: /home/runner/.gradle/caches/8.11.1/transforms/af95fe6f5915871f24ee5825db0124ca/transformed/analysis/instrumentation-hierarchy.bin because:
2026-04-25T03:14:37.5292348Z   Caching not enabled.
2026-04-25T03:14:37.5323680Z Caching disabled for MergeInstrumentationAnalysisTransform: /home/runner/.gradle/caches/8.11.1/transforms/af95fe6f5915871f24ee5825db0124ca/transformed/analysis/instrumentation-dependencies.bin because:
2026-04-25T03:14:37.5382277Z   Caching not enabled.
2026-04-25T03:14:37.5413354Z Caching disabled for MergeInstrumentationAnalysisTransform: /home/runner/.gradle/caches/modules-2/files-2.1/com.android.tools.analytics-library/crash/31.9.1/80c9f1f06e8d48d60fa91f4db811cf863e13c67f/crash-31.9.1.jar because:
2026-04-25T03:14:37.5472156Z   Caching not enabled.
2026-04-25T03:14:37.5523122Z Transforming crash-31.9.1.jar (com.android.tools.analytics-library:crash:31.9.1) with ExternalDependencyInstrumentingArtifactTransform
2026-04-25T03:14:37.5573464Z Caching disabled for ExternalDependencyInstrumentingArtifactTransform: /home/runner/.gradle/caches/8.11.1/transforms/827e1e282e5e1457cb506dc7a6d11ddc/transformed/merge/instrumentation-dependencies.bin because:
2026-04-25T03:14:37.5591989Z   Caching not enabled.
2026-04-25T03:14:37.5623342Z Caching disabled for ExternalDependencyInstrumentingArtifactTransform: /home/runner/.gradle/caches/modules-2/files-2.1/com.android.tools.analytics-library/crash/31.9.1/80c9f1f06e8d48d60fa91f4db811cf863e13c67f/crash-31.9.1.jar because:
2026-04-25T03:14:37.5634215Z   Caching not enabled.
2026-04-25T03:14:37.5652988Z Caching disabled for MergeInstrumentationAnalysisTransform: /home/runner/.gradle/caches/8.11.1/transforms/62790b5003b88c1e7e09b1c033ac3ca3/transformed/analysis/instrumentation-hierarchy.bin because:
2026-04-25T03:14:37.5682032Z   Caching not enabled.
2026-04-25T03:14:37.5712720Z Caching disabled for MergeInstrumentationAnalysisTransform: /home/runner/.gradle/caches/8.11.1/transforms/62790b5003b88c1e7e09b1c033ac3ca3/transformed/analysis/instrumentation-dependencies.bin because:
2026-04-25T03:14:37.5722348Z   Caching not enabled.
2026-04-25T03:14:37.5743371Z Caching disabled for MergeInstrumentationAnalysisTransform: /home/runner/.gradle/caches/modules-2/files-2.1/com.android.tools.lint/lint-typedef-remover/31.9.1/bc9756d95080ee30b518adf2c02d70dea0930feb/lint-typedef-remover-31.9.1.jar because:
2026-04-25T03:14:37.5772177Z   Caching not enabled.
2026-04-25T03:14:37.5794333Z Transforming lint-typedef-remover-31.9.1.jar (com.android.tools.lint:lint-typedef-remover:31.9.1) with ExternalDependencyInstrumentingArtifactTransform
2026-04-25T03:14:37.5813301Z Caching disabled for ExternalDependencyInstrumentingArtifactTransform: /home/runner/.gradle/caches/8.11.1/transforms/7d9e614e9d9495370ecc3f74f62e393e/transformed/merge/instrumentation-dependencies.bin because:
2026-04-25T03:14:37.5823033Z   Caching not enabled.
2026-04-25T03:14:37.5863643Z Caching disabled for ExternalDependencyInstrumentingArtifactTransform: /home/runner/.gradle/caches/modules-2/files-2.1/com.android.tools.lint/lint-typedef-remover/31.9.1/bc9756d95080ee30b518adf2c02d70dea0930feb/lint-typedef-remover-31.9.1.jar because:
2026-04-25T03:14:37.5892104Z   Caching not enabled.
2026-04-25T03:14:37.5903288Z Caching disabled for MergeInstrumentationAnalysisTransform: /home/runner/.gradle/caches/8.11.1/transforms/ed41409d411a020cb2c772c5fb09c3c4/transformed/analysis/instrumentation-hierarchy.bin because:
2026-04-25T03:14:37.5932198Z   Caching not enabled.
2026-04-25T03:14:37.5943164Z Caching disabled for MergeInstrumentationAnalysisTransform: /home/runner/.gradle/caches/8.11.1/transforms/ed41409d411a020cb2c772c5fb09c3c4/transformed/analysis/instrumentation-dependencies.bin because:
2026-04-25T03:14:37.5972089Z   Caching not enabled.
2026-04-25T03:14:37.5993502Z Caching disabled for MergeInstrumentationAnalysisTransform: /home/runner/.gradle/caches/modules-2/files-2.1/androidx.databinding/databinding-common/8.9.1/2be3530b78477835e69dce953b17adc1dbc5c6fa/databinding-common-8.9.1.jar because:
2026-04-25T03:14:37.6032317Z   Caching not enabled.
2026-04-25T03:14:37.6062765Z Transforming databinding-common-8.9.1.jar (androidx.databinding:databinding-common:8.9.1) with ExternalDependencyInstrumentingArtifactTransform
2026-04-25T03:14:37.6093371Z Caching disabled for ExternalDependencyInstrumentingArtifactTransform: /home/runner/.gradle/caches/8.11.1/transforms/429643ee9ffefcacc50f9be0db4f30b7/transformed/merge/instrumentation-dependencies.bin because:
2026-04-25T03:14:37.6122079Z   Caching not enabled.
2026-04-25T03:14:37.6153455Z Caching disabled for ExternalDependencyInstrumentingArtifactTransform: /home/runner/.gradle/caches/modules-2/files-2.1/androidx.databinding/databinding-common/8.9.1/2be3530b78477835e69dce953b17adc1dbc5c6fa/databinding-common-8.9.1.jar because:
2026-04-25T03:14:37.6167373Z   Caching not enabled.
2026-04-25T03:14:37.6193138Z Caching disabled for MergeInstrumentationAnalysisTransform: /home/runner/.gradle/caches/8.11.1/transforms/6e54d6061b31a4bd38295ca1b769ea4e/transformed/analysis/instrumentation-hierarchy.bin because:
2026-04-25T03:14:37.6245557Z   Caching not enabled.
2026-04-25T03:14:37.6247230Z Caching disabled for MergeInstrumentationAnalysisTransform: /home/runner/.gradle/caches/8.11.1/transforms/6e54d6061b31a4bd38295ca1b769ea4e/transformed/analysis/instrumentation-dependencies.bin because:
2026-04-25T03:14:37.6248692Z   Caching not enabled.
2026-04-25T03:14:37.6250151Z Caching disabled for MergeInstrumentationAnalysisTransform: /home/runner/.gradle/caches/modules-2/files-2.1/com.android.databinding/baseLibrary/8.9.1/7e7399239e52d4069896277615e005add7ae8e5a/baseLibrary-8.9.1.jar because:
2026-04-25T03:14:37.6251899Z   Caching not enabled.
2026-04-25T03:14:37.6252781Z Transforming baseLibrary-8.9.1.jar (com.android.databinding:baseLibrary:8.9.1) with ExternalDependencyInstrumentingArtifactTransform
2026-04-25T03:14:37.6254477Z Caching disabled for ExternalDependencyInstrumentingArtifactTransform: /home/runner/.gradle/caches/8.11.1/transforms/926472c20a5a0e83ab0a03a27895c6b4/transformed/merge/instrumentation-dependencies.bin because:
2026-04-25T03:14:37.6255950Z   Caching not enabled.
2026-04-25T03:14:37.6257447Z Caching disabled for ExternalDependencyInstrumentingArtifactTransform: /home/runner/.gradle/caches/modules-2/files-2.1/com.android.databinding/baseLibrary/8.9.1/7e7399239e52d4069896277615e005add7ae8e5a/baseLibrary-8.9.1.jar because:
2026-04-25T03:14:37.6259054Z   Caching not enabled.
2026-04-25T03:14:37.6260357Z Caching disabled for MergeInstrumentationAnalysisTransform: /home/runner/.gradle/caches/8.11.1/transforms/2d2024697a561cfc51b38f63f8411cad/transformed/analysis/instrumentation-hierarchy.bin because:
2026-04-25T03:14:37.6261974Z   Caching not enabled.
2026-04-25T03:14:37.6263302Z Caching disabled for MergeInstrumentationAnalysisTransform: /home/runner/.gradle/caches/8.11.1/transforms/2d2024697a561cfc51b38f63f8411cad/transformed/analysis/instrumentation-dependencies.bin because:
2026-04-25T03:14:37.6264603Z   Caching not enabled.
2026-04-25T03:14:37.6266258Z Caching disabled for MergeInstrumentationAnalysisTransform: /home/runner/.gradle/caches/modules-2/files-2.1/com.android.tools.utp/android-device-provider-ddmlib-proto/31.9.1/9f96225642b573079e5544a619b18b815b3dc70f/android-device-provider-ddmlib-proto-31.9.1.jar because:
2026-04-25T03:14:37.6268110Z   Caching not enabled.
2026-04-25T03:14:37.6269360Z Transforming android-device-provider-ddmlib-proto-31.9.1.jar (com.android.tools.utp:android-device-provider-ddmlib-proto:31.9.1) with ExternalDependencyInstrumentingArtifactTransform
2026-04-25T03:14:37.6302272Z Caching disabled for ExternalDependencyInstrumentingArtifactTransform: /home/runner/.gradle/caches/8.11.1/transforms/b6fdcc0cbb9d648e44284908c161bc87/transformed/merge/instrumentation-dependencies.bin because:
2026-04-25T03:14:37.6303889Z   Caching not enabled.
2026-04-25T03:14:37.6305772Z Caching disabled for ExternalDependencyInstrumentingArtifactTransform: /home/runner/.gradle/caches/modules-2/files-2.1/com.android.tools.utp/android-device-provider-ddmlib-proto/31.9.1/9f96225642b573079e5544a619b18b815b3dc70f/android-device-provider-ddmlib-proto-31.9.1.jar because:
2026-04-25T03:14:37.6308131Z   Caching not enabled.
2026-04-25T03:14:37.6309433Z Caching disabled for MergeInstrumentationAnalysisTransform: /home/runner/.gradle/caches/8.11.1/transforms/35da35bc4dc7c7f06e90a31b327ae5c3/transformed/analysis/instrumentation-hierarchy.bin because:
2026-04-25T03:14:37.6311003Z   Caching not enabled.
2026-04-25T03:14:37.6312535Z Caching disabled for MergeInstrumentationAnalysisTransform: /home/runner/.gradle/caches/8.11.1/transforms/35da35bc4dc7c7f06e90a31b327ae5c3/transformed/analysis/instrumentation-dependencies.bin because:
2026-04-25T03:14:37.6313971Z   Caching not enabled.
2026-04-25T03:14:37.6315829Z Caching disabled for MergeInstrumentationAnalysisTransform: /home/runner/.gradle/caches/modules-2/files-2.1/com.android.tools.utp/android-device-provider-gradle-proto/31.9.1/4df62b23d15680598277666a1a60676f1402397c/android-device-provider-gradle-proto-31.9.1.jar because:
2026-04-25T03:14:37.6317697Z   Caching not enabled.
2026-04-25T03:14:37.6318947Z Transforming android-device-provider-gradle-proto-31.9.1.jar (com.android.tools.utp:android-device-provider-gradle-proto:31.9.1) with ExternalDependencyInstrumentingArtifactTransform
2026-04-25T03:14:37.6321396Z Caching disabled for ExternalDependencyInstrumentingArtifactTransform: /home/runner/.gradle/caches/8.11.1/transforms/4604bc74341ee3ad7500f4c16aaf04be/transformed/merge/instrumentation-dependencies.bin because:
2026-04-25T03:14:37.6323124Z   Caching not enabled.
2026-04-25T03:14:37.7094005Z Caching disabled for ExternalDependencyInstrumentingArtifactTransform: /home/runner/.gradle/caches/modules-2/files-2.1/com.android.tools.utp/android-device-provider-gradle-proto/31.9.1/4df62b23d15680598277666a1a60676f1402397c/android-device-provider-gradle-proto-31.9.1.jar because:
2026-04-25T03:14:37.7132389Z   Caching not enabled.
2026-04-25T03:14:37.7143224Z Caching disabled for MergeInstrumentationAnalysisTransform: /home/runner/.gradle/caches/8.11.1/transforms/4a39f830dd2b57d9122bb0d437c43a35/transformed/analysis/instrumentation-hierarchy.bin because:
2026-04-25T03:14:37.7162137Z   Caching not enabled.
2026-04-25T03:14:37.7195269Z Caching disabled for MergeInstrumentationAnalysisTransform: /home/runner/.gradle/caches/8.11.1/transforms/4a39f830dd2b57d9122bb0d437c43a35/transformed/analysis/instrumentation-dependencies.bin because:
2026-04-25T03:14:37.7222183Z   Caching not enabled.
2026-04-25T03:14:37.7243708Z Caching disabled for MergeInstrumentationAnalysisTransform: /home/runner/.gradle/caches/modules-2/files-2.1/com.android.tools.utp/android-device-provider-profile-proto/31.9.1/7823ffdbacbe3e46ce243d459f946467b7126135/android-device-provider-profile-proto-31.9.1.jar because:
2026-04-25T03:14:37.7245819Z   Caching not enabled.
2026-04-25T03:14:37.7273018Z Transforming android-device-provider-profile-proto-31.9.1.jar (com.android.tools.utp:android-device-provider-profile-proto:31.9.1) with ExternalDependencyInstrumentingArtifactTransform
2026-04-25T03:14:37.7299448Z Caching disabled for ExternalDependencyInstrumentingArtifactTransform: /home/runner/.gradle/caches/8.11.1/transforms/0b541e2b89329ffd48109dd9ae62711c/transformed/merge/instrumentation-dependencies.bin because:
2026-04-25T03:14:37.7332326Z   Caching not enabled.
2026-04-25T03:14:37.7343696Z Caching disabled for ExternalDependencyInstrumentingArtifactTransform: /home/runner/.gradle/caches/modules-2/files-2.1/com.android.tools.utp/android-device-provider-profile-proto/31.9.1/7823ffdbacbe3e46ce243d459f946467b7126135/android-device-provider-profile-proto-31.9.1.jar because:
2026-04-25T03:14:37.7362102Z   Caching not enabled.
2026-04-25T03:14:37.7393432Z Caching disabled for ExternalDependencyInstrumentingArtifactTransform: /home/runner/.gradle/caches/modules-2/files-2.1/com.android.tools.build/aapt2-proto/8.9.1-12782657/884e5b6ec676bb8070490caca7637fd40ec1c041/aapt2-proto-8.9.1-12782657.jar because:
2026-04-25T03:14:37.7422101Z   Caching not enabled.
2026-04-25T03:14:37.7440506Z Caching disabled for MergeInstrumentationAnalysisTransform: /home/runner/.gradle/caches/8.11.1/transforms/59ad80d40bd51e08c8a63ab64e80c0b6/transformed/analysis/instrumentation-hierarchy.bin because:
2026-04-25T03:14:37.7452122Z   Caching not enabled.
2026-04-25T03:14:37.7483314Z Caching disabled for MergeInstrumentationAnalysisTransform: /home/runner/.gradle/caches/8.11.1/transforms/59ad80d40bd51e08c8a63ab64e80c0b6/transformed/analysis/instrumentation-dependencies.bin because:
2026-04-25T03:14:37.7484812Z   Caching not enabled.
2026-04-25T03:14:37.7486135Z Caching disabled for MergeInstrumentationAnalysisTransform: /home/runner/.gradle/caches/8.11.1/transforms/ae16be774b4b1395400ec4033afe985d/transformed/analysis/instrumentation-hierarchy.bin because:
2026-04-25T03:14:37.7487554Z   Caching not enabled.
2026-04-25T03:14:37.7488891Z Caching disabled for MergeInstrumentationAnalysisTransform: /home/runner/.gradle/caches/8.11.1/transforms/ae16be774b4b1395400ec4033afe985d/transformed/analysis/instrumentation-dependencies.bin because:
2026-04-25T03:14:37.7490278Z   Caching not enabled.
2026-04-25T03:14:37.7492290Z Caching disabled for MergeInstrumentationAnalysisTransform: /home/runner/.gradle/caches/modules-2/files-2.1/com.android.tools.utp/android-test-plugin-host-coverage-proto/31.9.1/1ee63a78550acb6f922531668f4eb83dddf45e/android-test-plugin-host-coverage-proto-31.9.1.jar because:
2026-04-25T03:14:37.7494178Z   Caching not enabled.
2026-04-25T03:14:37.7496314Z Caching disabled for MergeInstrumentationAnalysisTransform: /home/runner/.gradle/caches/modules-2/files-2.1/com.android.tools.utp/android-test-plugin-host-additional-test-output-proto/31.9.1/fe467239b47e0709ba9bf1e2e9fccaabc6cabc22/android-test-plugin-host-additional-test-output-proto-31.9.1.jar because:
2026-04-25T03:14:37.7498502Z   Caching not enabled.
2026-04-25T03:14:37.7499932Z Transforming android-test-plugin-host-coverage-proto-31.9.1.jar (com.android.tools.utp:android-test-plugin-host-coverage-proto:31.9.1) with ExternalDependencyInstrumentingArtifactTransform
2026-04-25T03:14:37.7502580Z Caching disabled for ExternalDependencyInstrumentingArtifactTransform: /home/runner/.gradle/caches/8.11.1/transforms/f1f537f3053656a6f4c15d66f5362707/transformed/merge/instrumentation-dependencies.bin because:
2026-04-25T03:14:37.7504094Z   Caching not enabled.
2026-04-25T03:14:37.7505630Z Transforming android-test-plugin-host-additional-test-output-proto-31.9.1.jar (com.android.tools.utp:android-test-plugin-host-additional-test-output-proto:31.9.1) with ExternalDependencyInstrumentingArtifactTransform
2026-04-25T03:14:37.7513116Z Caching disabled for ExternalDependencyInstrumentingArtifactTransform: /home/runner/.gradle/caches/8.11.1/transforms/9662af15f6635dd52a5cf59d4fe75c53/transformed/merge/instrumentation-dependencies.bin because:
2026-04-25T03:14:37.7514664Z   Caching not enabled.
2026-04-25T03:14:37.7543937Z Caching disabled for ExternalDependencyInstrumentingArtifactTransform: /home/runner/.gradle/caches/modules-2/files-2.1/com.android.tools.utp/android-test-plugin-host-additional-test-output-proto/31.9.1/fe467239b47e0709ba9bf1e2e9fccaabc6cabc22/android-test-plugin-host-additional-test-output-proto-31.9.1.jar because:
2026-04-25T03:14:37.7572056Z   Caching not enabled.
2026-04-25T03:14:37.7603782Z Caching disabled for ExternalDependencyInstrumentingArtifactTransform: /home/runner/.gradle/caches/modules-2/files-2.1/com.android.tools.utp/android-test-plugin-host-coverage-proto/31.9.1/1ee63a78550acb6f922531668f4eb83dddf45e/android-test-plugin-host-coverage-proto-31.9.1.jar because:
2026-04-25T03:14:37.7606020Z   Caching not enabled.
2026-04-25T03:14:37.8113993Z Caching disabled for MergeInstrumentationAnalysisTransform: /home/runner/.gradle/caches/8.11.1/transforms/708efd01dc6381bbe145dfc61aeb7010/transformed/analysis/instrumentation-hierarchy.bin because:
2026-04-25T03:14:37.8142152Z   Caching not enabled.
2026-04-25T03:14:37.8173089Z Caching disabled for MergeInstrumentationAnalysisTransform: /home/runner/.gradle/caches/8.11.1/transforms/dde86cf9d0b387e0bd1a7e58bf60e8a6/transformed/analysis/instrumentation-hierarchy.bin because:
2026-04-25T03:14:37.8201998Z   Caching not enabled.
2026-04-25T03:14:37.8233123Z Caching disabled for MergeInstrumentationAnalysisTransform: /home/runner/.gradle/caches/8.11.1/transforms/708efd01dc6381bbe145dfc61aeb7010/transformed/analysis/instrumentation-dependencies.bin because:
2026-04-25T03:14:37.8261975Z   Caching not enabled.
2026-04-25T03:14:37.8293438Z Caching disabled for MergeInstrumentationAnalysisTransform: /home/runner/.gradle/caches/8.11.1/transforms/dde86cf9d0b387e0bd1a7e58bf60e8a6/transformed/analysis/instrumentation-dependencies.bin because:
2026-04-25T03:14:37.8317391Z   Caching not enabled.
2026-04-25T03:14:37.8343798Z Caching disabled for MergeInstrumentationAnalysisTransform: /home/runner/.gradle/caches/modules-2/files-2.1/com.android.tools.utp/android-test-plugin-host-logcat-proto/31.9.1/2b1de9f172f374f9d8a0f60d0d7d556df7c30d14/android-test-plugin-host-logcat-proto-31.9.1.jar because:
2026-04-25T03:14:37.8372030Z   Caching not enabled.
2026-04-25T03:14:37.8373460Z Transforming android-test-plugin-host-logcat-proto-31.9.1.jar (com.android.tools.utp:android-test-plugin-host-logcat-proto:31.9.1) with ExternalDependencyInstrumentingArtifactTransform
2026-04-25T03:14:37.8376086Z Caching disabled for ExternalDependencyInstrumentingArtifactTransform: /home/runner/.gradle/caches/8.11.1/transforms/f65d0ce3d109ba264396e68e7827d69b/transformed/merge/instrumentation-dependencies.bin because:
2026-04-25T03:14:37.8377669Z   Caching not enabled.
2026-04-25T03:14:37.8379718Z Caching disabled for MergeInstrumentationAnalysisTransform: /home/runner/.gradle/caches/modules-2/files-2.1/com.android.tools.utp/android-test-plugin-host-apk-installer-proto/31.9.1/26ca8c55cbdcb572ba3fa282b50286e6d84ec8d2/android-test-plugin-host-apk-installer-proto-31.9.1.jar because:
2026-04-25T03:14:37.8382009Z   Caching not enabled.
2026-04-25T03:14:37.8383475Z Transforming android-test-plugin-host-apk-installer-proto-31.9.1.jar (com.android.tools.utp:android-test-plugin-host-apk-installer-proto:31.9.1) with ExternalDependencyInstrumentingArtifactTransform
2026-04-25T03:14:37.8386171Z Caching disabled for ExternalDependencyInstrumentingArtifactTransform: /home/runner/.gradle/caches/8.11.1/transforms/457a2533f8684d8ede242a783645dd07/transformed/merge/instrumentation-dependencies.bin because:
2026-04-25T03:14:37.8387740Z   Caching not enabled.
2026-04-25T03:14:37.8389752Z Caching disabled for ExternalDependencyInstrumentingArtifactTransform: /home/runner/.gradle/caches/modules-2/files-2.1/com.android.tools.utp/android-test-plugin-host-logcat-proto/31.9.1/2b1de9f172f374f9d8a0f60d0d7d556df7c30d14/android-test-plugin-host-logcat-proto-31.9.1.jar because:
2026-04-25T03:14:37.8391949Z   Caching not enabled.
2026-04-25T03:14:39.1080667Z Caching disabled for ExternalDependencyInstrumentingArtifactTransform: /home/runner/.gradle/caches/modules-2/files-2.1/com.android.tools.utp/android-test-plugin-host-apk-installer-proto/31.9.1/26ca8c55cbdcb572ba3fa282b50286e6d84ec8d2/android-test-plugin-host-apk-installer-proto-31.9.1.jar because:
2026-04-25T03:14:39.1112554Z   Caching not enabled.
2026-04-25T03:14:39.1123813Z Caching disabled for MergeInstrumentationAnalysisTransform: /home/runner/.gradle/caches/8.11.1/transforms/fa8309f415a318218ce682161ced7271/transformed/analysis/instrumentation-hierarchy.bin because:
2026-04-25T03:14:39.1142434Z   Caching not enabled.
2026-04-25T03:14:39.1149712Z Caching disabled for ExternalDependencyInstrumentingArtifactTransform: /home/runner/.gradle/caches/modules-2/files-2.1/com.android.tools.build/bundletool/1.17.2/e046c6f96d6b2c19afe9b3300eaef9762c3b6103/bundletool-1.17.2.jar because:
2026-04-25T03:14:39.1179339Z   Caching not enabled.
2026-04-25T03:14:39.1203558Z Caching disabled for ExternalDependencyInstrumentingArtifactTransform: /home/runner/.gradle/caches/modules-2/files-2.1/org.jetbrains.kotlin/kotlin-gradle-plugin/2.0.0/5c20cbfbc72e5fbecec18e540de7e5fa59205d63/kotlin-gradle-plugin-2.0.0-gradle85.jar because:
2026-04-25T03:14:39.1212224Z   Caching not enabled.
2026-04-25T03:14:39.1246120Z Caching disabled for MergeInstrumentationAnalysisTransform: /home/runner/.gradle/caches/8.11.1/transforms/fa8309f415a318218ce682161ced7271/transformed/analysis/instrumentation-dependencies.bin because:
2026-04-25T03:14:39.1302964Z   Caching not enabled.
2026-04-25T03:14:39.1343705Z Caching disabled for MergeInstrumentationAnalysisTransform: /home/runner/.gradle/caches/8.11.1/transforms/dc0e7ba8fcc86266ba6d43fc7c183eaa/transformed/analysis/instrumentation-dependencies.bin because:
2026-04-25T03:14:39.1345329Z   Caching not enabled.
2026-04-25T03:14:39.1346703Z Caching disabled for MergeInstrumentationAnalysisTransform: /home/runner/.gradle/caches/8.11.1/transforms/5e82a698e43f8b36470dd86eabc1a2f7/transformed/analysis/instrumentation-hierarchy.bin because:
2026-04-25T03:14:39.1348198Z   Caching not enabled.
2026-04-25T03:14:39.1349713Z Caching disabled for MergeInstrumentationAnalysisTransform: /home/runner/.gradle/caches/8.11.1/transforms/2a34c7cf7995cbba43224655e67a378f/transformed/analysis/instrumentation-hierarchy.bin because:
2026-04-25T03:14:39.1374538Z   Caching not enabled.
2026-04-25T03:14:39.1403710Z Caching disabled for MergeInstrumentationAnalysisTransform: /home/runner/.gradle/caches/modules-2/files-2.1/com.android.tools.build/transform-api/2.0.0-deprecated-use-gradle-api/47f6c56527c42425742fa9b56ffd3fd80763fe03/transform-api-2.0.0-deprecated-use-gradle-api.jar because:
2026-04-25T03:14:39.1432263Z   Caching not enabled.
2026-04-25T03:14:39.1461506Z Caching disabled for MergeInstrumentationAnalysisTransform: /home/runner/.gradle/caches/8.11.1/transforms/2a34c7cf7995cbba43224655e67a378f/transformed/analysis/instrumentation-dependencies.bin because:
2026-04-25T03:14:39.1463466Z   Caching not enabled.
2026-04-25T03:14:39.1493189Z Caching disabled for MergeInstrumentationAnalysisTransform: /home/runner/.gradle/caches/8.11.1/transforms/5e82a698e43f8b36470dd86eabc1a2f7/transformed/analysis/instrumentation-dependencies.bin because:
2026-04-25T03:14:39.1532312Z   Caching not enabled.
2026-04-25T03:14:39.1534605Z Caching disabled for MergeInstrumentationAnalysisTransform: /home/runner/.gradle/caches/modules-2/files-2.1/com.android.tools.utp/android-test-plugin-result-listener-gradle-proto/31.9.1/dbbef067ddf95379b587f6aa2baa93d3eb3342eb/android-test-plugin-result-listener-gradle-proto-31.9.1.jar because:
2026-04-25T03:14:39.1536929Z   Caching not enabled.
2026-04-25T03:14:39.1552995Z Transforming transform-api-2.0.0-deprecated-use-gradle-api.jar (com.android.tools.build:transform-api:2.0.0-deprecated-use-gradle-api) with ExternalDependencyInstrumentingArtifactTransform
2026-04-25T03:14:39.1592050Z Caching disabled for ExternalDependencyInstrumentingArtifactTransform: /home/runner/.gradle/caches/8.11.1/transforms/f41e56b352f435f69ab48ec649812add/transformed/merge/instrumentation-dependencies.bin because:
2026-04-25T03:14:39.1596221Z   Caching not enabled.
2026-04-25T03:14:39.1597825Z Transforming android-test-plugin-result-listener-gradle-proto-31.9.1.jar (com.android.tools.utp:android-test-plugin-result-listener-gradle-proto:31.9.1) with ExternalDependencyInstrumentingArtifactTransform
2026-04-25T03:14:39.1600514Z Caching disabled for MergeInstrumentationAnalysisTransform: /home/runner/.gradle/caches/modules-2/files-2.1/org.apache.httpcomponents/httpmime/4.5.6/164343da11db817e81e24e0d9869527e069850c9/httpmime-4.5.6.jar because:
2026-04-25T03:14:39.1602198Z   Caching not enabled.
2026-04-25T03:14:39.1633255Z Caching disabled for ExternalDependencyInstrumentingArtifactTransform: /home/runner/.gradle/caches/8.11.1/transforms/978536ca8415125063e850161125fc9c/transformed/merge/instrumentation-dependencies.bin because:
2026-04-25T03:14:39.1690641Z   Caching not enabled.
2026-04-25T03:14:39.1716018Z Caching disabled for MergeInstrumentationAnalysisTransform: /home/runner/.gradle/caches/modules-2/files-2.1/commons-io/commons-io/2.16.1/377d592e740dc77124e0901291dbfaa6810a200e/commons-io-2.16.1.jar because:
2026-04-25T03:14:39.1732057Z   Caching not enabled.
2026-04-25T03:14:39.1801332Z Transforming httpmime-4.5.6.jar (org.apache.httpcomponents:httpmime:4.5.6) with ExternalDependencyInstrumentingArtifactTransform
2026-04-25T03:14:39.1835403Z Caching disabled for ExternalDependencyInstrumentingArtifactTransform: /home/runner/.gradle/caches/8.11.1/transforms/bfb3c43c8a5ba12e37721d7d7cb9088d/transformed/merge/instrumentation-dependencies.bin because:
2026-04-25T03:14:39.1892277Z   Caching not enabled.
2026-04-25T03:14:39.1912545Z Transforming commons-io-2.16.1.jar (commons-io:commons-io:2.16.1) with ExternalDependencyInstrumentingArtifactTransform
2026-04-25T03:14:39.1966009Z Caching disabled for ExternalDependencyInstrumentingArtifactTransform: /home/runner/.gradle/caches/8.11.1/transforms/f1126f6094f2eae9239a85fc73832609/transformed/merge/instrumentation-dependencies.bin because:
2026-04-25T03:14:39.2000131Z   Caching not enabled.
2026-04-25T03:14:39.2013738Z Caching disabled for ExternalDependencyInstrumentingArtifactTransform: /home/runner/.gradle/caches/modules-2/files-2.1/com.android.tools.build/transform-api/2.0.0-deprecated-use-gradle-api/47f6c56527c42425742fa9b56ffd3fd80763fe03/transform-api-2.0.0-deprecated-use-gradle-api.jar because:
2026-04-25T03:14:39.2092284Z   Caching not enabled.
2026-04-25T03:14:39.2153343Z Caching disabled for MergeInstrumentationAnalysisTransform: /home/runner/.gradle/caches/8.11.1/transforms/75afb1378dc68d4f02ced82a61baee02/transformed/analysis/instrumentation-hierarchy.bin because:
2026-04-25T03:14:39.2182165Z   Caching not enabled.
2026-04-25T03:14:39.2239712Z Caching disabled for ExternalDependencyInstrumentingArtifactTransform: /home/runner/.gradle/caches/modules-2/files-2.1/org.apache.httpcomponents/httpmime/4.5.6/164343da11db817e81e24e0d9869527e069850c9/httpmime-4.5.6.jar because:
2026-04-25T03:14:39.2272216Z   Caching not enabled.
2026-04-25T03:14:39.2273724Z Caching disabled for MergeInstrumentationAnalysisTransform: /home/runner/.gradle/caches/8.11.1/transforms/75afb1378dc68d4f02ced82a61baee02/transformed/analysis/instrumentation-dependencies.bin because:
2026-04-25T03:14:39.2275195Z   Caching not enabled.
2026-04-25T03:14:39.2277395Z Caching disabled for ExternalDependencyInstrumentingArtifactTransform: /home/runner/.gradle/caches/modules-2/files-2.1/com.android.tools.utp/android-test-plugin-result-listener-gradle-proto/31.9.1/dbbef067ddf95379b587f6aa2baa93d3eb3342eb/android-test-plugin-result-listener-gradle-proto-31.9.1.jar because:
2026-04-25T03:14:39.2279703Z   Caching not enabled.
2026-04-25T03:14:39.2281040Z Caching disabled for MergeInstrumentationAnalysisTransform: /home/runner/.gradle/caches/8.11.1/transforms/a2086e2663191cec48c96e0e1c4c6091/transformed/analysis/instrumentation-hierarchy.bin because:
2026-04-25T03:14:39.2282615Z   Caching not enabled.
2026-04-25T03:14:39.2283929Z Caching disabled for MergeInstrumentationAnalysisTransform: /home/runner/.gradle/caches/8.11.1/transforms/49b1f2df34bf5d26b3a6b92c0d3da50c/transformed/analysis/instrumentation-hierarchy.bin because:
2026-04-25T03:14:39.2285364Z   Caching not enabled.
2026-04-25T03:14:39.2286685Z Caching disabled for MergeInstrumentationAnalysisTransform: /home/runner/.gradle/caches/8.11.1/transforms/a2086e2663191cec48c96e0e1c4c6091/transformed/analysis/instrumentation-dependencies.bin because:
2026-04-25T03:14:39.2288109Z   Caching not enabled.
2026-04-25T03:14:39.2289459Z Caching disabled for MergeInstrumentationAnalysisTransform: /home/runner/.gradle/caches/8.11.1/transforms/49b1f2df34bf5d26b3a6b92c0d3da50c/transformed/analysis/instrumentation-dependencies.bin because:
2026-04-25T03:14:39.2290886Z   Caching not enabled.
2026-04-25T03:14:39.2292352Z Caching disabled for MergeInstrumentationAnalysisTransform: /home/runner/.gradle/caches/modules-2/files-2.1/org.ow2.asm/asm-commons/9.7/e86dda4696d3c185fcc95d8d311904e7ce38a53f/asm-commons-9.7.jar because:
2026-04-25T03:14:39.2293793Z   Caching not enabled.
2026-04-25T03:14:39.2294581Z Transforming asm-commons-9.7.jar (org.ow2.asm:asm-commons:9.7) with ExternalDependencyInstrumentingArtifactTransform
2026-04-25T03:14:39.2296555Z Caching disabled for ExternalDependencyInstrumentingArtifactTransform: /home/runner/.gradle/caches/8.11.1/transforms/84a5dfcd82c8856523c05a59c7c2cb79/transformed/merge/instrumentation-dependencies.bin because:
2026-04-25T03:14:39.2298362Z   Caching not enabled.
2026-04-25T03:14:39.2299899Z Caching disabled for MergeInstrumentationAnalysisTransform: /home/runner/.gradle/caches/modules-2/files-2.1/org.ow2.asm/asm-analysis/9.7/e4a258b7eb96107106c0599f0061cfc1832fe07a/asm-analysis-9.7.jar because:
2026-04-25T03:14:39.2330184Z   Caching not enabled.
2026-04-25T03:14:39.2331825Z Caching disabled for MergeInstrumentationAnalysisTransform: /home/runner/.gradle/caches/modules-2/files-2.1/org.ow2.asm/asm-util/9.7/c0655519f24d92af2202cb681cd7c1569df6ead6/asm-util-9.7.jar because:
2026-04-25T03:14:39.2333179Z   Caching not enabled.
2026-04-25T03:14:39.2333909Z Transforming asm-util-9.7.jar (org.ow2.asm:asm-util:9.7) with ExternalDependencyInstrumentingArtifactTransform
2026-04-25T03:14:39.2335984Z Caching disabled for ExternalDependencyInstrumentingArtifactTransform: /home/runner/.gradle/caches/8.11.1/transforms/e623c067904a591dd52f675ff215095a/transformed/merge/instrumentation-dependencies.bin because:
2026-04-25T03:14:39.2337500Z   Caching not enabled.
2026-04-25T03:14:39.2338304Z Transforming asm-analysis-9.7.jar (org.ow2.asm:asm-analysis:9.7) with ExternalDependencyInstrumentingArtifactTransform
2026-04-25T03:14:39.2340290Z Caching disabled for ExternalDependencyInstrumentingArtifactTransform: /home/runner/.gradle/caches/8.11.1/transforms/487bb9daa6b39f7ec9ef52bcf8add232/transformed/merge/instrumentation-dependencies.bin because:
2026-04-25T03:14:39.2341947Z   Caching not enabled.
2026-04-25T03:14:39.2343392Z Caching disabled for ExternalDependencyInstrumentingArtifactTransform: /home/runner/.gradle/caches/modules-2/files-2.1/org.ow2.asm/asm-commons/9.7/e86dda4696d3c185fcc95d8d311904e7ce38a53f/asm-commons-9.7.jar because:
2026-04-25T03:14:39.2344909Z   Caching not enabled.
2026-04-25T03:14:39.2346253Z Caching disabled for MergeInstrumentationAnalysisTransform: /home/runner/.gradle/caches/8.11.1/transforms/8886f2c4bbbbea94027a984225f43a27/transformed/analysis/instrumentation-hierarchy.bin because:
2026-04-25T03:14:39.2347736Z   Caching not enabled.
2026-04-25T03:14:39.2349159Z Caching disabled for ExternalDependencyInstrumentingArtifactTransform: /home/runner/.gradle/caches/modules-2/files-2.1/org.ow2.asm/asm-util/9.7/c0655519f24d92af2202cb681cd7c1569df6ead6/asm-util-9.7.jar because:
2026-04-25T03:14:39.2350636Z   Caching not enabled.
2026-04-25T03:14:39.2386336Z Caching disabled for ExternalDependencyInstrumentingArtifactTransform: /home/runner/.gradle/caches/modules-2/files-2.1/org.ow2.asm/asm-analysis/9.7/e4a258b7eb96107106c0599f0061cfc1832fe07a/asm-analysis-9.7.jar because:
2026-04-25T03:14:39.2388035Z   Caching not enabled.
2026-04-25T03:14:39.2389483Z Caching disabled for MergeInstrumentationAnalysisTransform: /home/runner/.gradle/caches/8.11.1/transforms/8886f2c4bbbbea94027a984225f43a27/transformed/analysis/instrumentation-dependencies.bin because:
2026-04-25T03:14:39.2390998Z   Caching not enabled.
2026-04-25T03:14:39.2392746Z Caching disabled for ExternalDependencyInstrumentingArtifactTransform: /home/runner/.gradle/caches/modules-2/files-2.1/commons-io/commons-io/2.16.1/377d592e740dc77124e0901291dbfaa6810a200e/commons-io-2.16.1.jar because:
2026-04-25T03:14:39.2394312Z   Caching not enabled.
2026-04-25T03:14:39.2395703Z Caching disabled for MergeInstrumentationAnalysisTransform: /home/runner/.gradle/caches/8.11.1/transforms/3ad11359a0f58a82b6205447c2aefc93/transformed/analysis/instrumentation-hierarchy.bin because:
2026-04-25T03:14:39.2397143Z   Caching not enabled.
2026-04-25T03:14:39.2398476Z Caching disabled for MergeInstrumentationAnalysisTransform: /home/runner/.gradle/caches/8.11.1/transforms/9376fe0e614545a4f05282be0bb02ea1/transformed/analysis/instrumentation-hierarchy.bin because:
2026-04-25T03:14:39.2399913Z   Caching not enabled.
2026-04-25T03:14:39.2401243Z Caching disabled for MergeInstrumentationAnalysisTransform: /home/runner/.gradle/caches/8.11.1/transforms/4414122ceab4107ab2d91bf43a558d18/transformed/analysis/instrumentation-hierarchy.bin because:
2026-04-25T03:14:39.2403116Z   Caching not enabled.
2026-04-25T03:14:39.2404530Z Caching disabled for MergeInstrumentationAnalysisTransform: /home/runner/.gradle/caches/8.11.1/transforms/3ad11359a0f58a82b6205447c2aefc93/transformed/analysis/instrumentation-dependencies.bin because:
2026-04-25T03:14:39.2406189Z   Caching not enabled.
2026-04-25T03:14:39.2407528Z Caching disabled for MergeInstrumentationAnalysisTransform: /home/runner/.gradle/caches/modules-2/files-2.1/org.ow2.asm/asm-tree/9.7/e446a17b175bfb733b87c5c2560ccb4e57d69f1a/asm-tree-9.7.jar because:
2026-04-25T03:14:39.2408894Z   Caching not enabled.
2026-04-25T03:14:39.2410257Z Caching disabled for MergeInstrumentationAnalysisTransform: /home/runner/.gradle/caches/8.11.1/transforms/9376fe0e614545a4f05282be0bb02ea1/transformed/analysis/instrumentation-dependencies.bin because:
2026-04-25T03:14:39.2442098Z   Caching not enabled.
2026-04-25T03:14:39.2443555Z Caching disabled for MergeInstrumentationAnalysisTransform: /home/runner/.gradle/caches/8.11.1/transforms/4414122ceab4107ab2d91bf43a558d18/transformed/analysis/instrumentation-dependencies.bin because:
2026-04-25T03:14:39.2445057Z   Caching not enabled.
2026-04-25T03:14:39.2445829Z Transforming asm-tree-9.7.jar (org.ow2.asm:asm-tree:9.7) with ExternalDependencyInstrumentingArtifactTransform
2026-04-25T03:14:39.2447827Z Caching disabled for ExternalDependencyInstrumentingArtifactTransform: /home/runner/.gradle/caches/8.11.1/transforms/05f531380e6b7689cafd1a93aad8ad5b/transformed/merge/instrumentation-dependencies.bin because:
2026-04-25T03:14:39.2449374Z   Caching not enabled.
2026-04-25T03:14:39.2450607Z Caching disabled for MergeInstrumentationAnalysisTransform: /home/runner/.gradle/caches/modules-2/files-2.1/org.ow2.asm/asm/9.7/73d7b3086e14beb604ced229c302feff6449723/asm-9.7.jar because:
2026-04-25T03:14:39.2451989Z   Caching not enabled.
2026-04-25T03:14:39.2453331Z Caching disabled for MergeInstrumentationAnalysisTransform: /home/runner/.gradle/caches/modules-2/files-2.1/com.android.tools.build/apkzlib/8.9.1/d656b52facbb301b8bdc1e40a5ae008bcf335fe9/apkzlib-8.9.1.jar because:
2026-04-25T03:14:39.2454829Z   Caching not enabled.
2026-04-25T03:14:39.2455506Z Transforming asm-9.7.jar (org.ow2.asm:asm:9.7) with ExternalDependencyInstrumentingArtifactTransform
2026-04-25T03:14:39.2457412Z Caching disabled for ExternalDependencyInstrumentingArtifactTransform: /home/runner/.gradle/caches/8.11.1/transforms/bdae2af6654cb913dacc94edbf1f1d81/transformed/merge/instrumentation-dependencies.bin because:
2026-04-25T03:14:39.2458954Z   Caching not enabled.
2026-04-25T03:14:39.2459773Z Transforming apkzlib-8.9.1.jar (com.android.tools.build:apkzlib:8.9.1) with ExternalDependencyInstrumentingArtifactTransform
2026-04-25T03:14:39.2461926Z Caching disabled for ExternalDependencyInstrumentingArtifactTransform: /home/runner/.gradle/caches/8.11.1/transforms/f7cf29084dcb25f1e660675c63b02056/transformed/merge/instrumentation-dependencies.bin because:
2026-04-25T03:14:39.2463444Z   Caching not enabled.
2026-04-25T03:14:39.2488576Z Caching disabled for ExternalDependencyInstrumentingArtifactTransform: /home/runner/.gradle/caches/modules-2/files-2.1/org.ow2.asm/asm-tree/9.7/e446a17b175bfb733b87c5c2560ccb4e57d69f1a/asm-tree-9.7.jar because:
2026-04-25T03:14:39.2490106Z   Caching not enabled.
2026-04-25T03:14:39.2491756Z Caching disabled for MergeInstrumentationAnalysisTransform: /home/runner/.gradle/caches/modules-2/files-2.1/org.bouncycastle/bcpkix-jdk18on/1.79/7693cec3b8779b74b35466dcaeeaac7409872954/bcpkix-jdk18on-1.79.jar because:
2026-04-25T03:14:39.2493222Z   Caching not enabled.
2026-04-25T03:14:39.2494070Z Transforming bcpkix-jdk18on-1.79.jar (org.bouncycastle:bcpkix-jdk18on:1.79) with ExternalDependencyInstrumentingArtifactTransform
2026-04-25T03:14:39.2496024Z Caching disabled for MergeInstrumentationAnalysisTransform: /home/runner/.gradle/caches/8.11.1/transforms/a77cda63a88bc1e2dcf3a9b29b25940d/transformed/analysis/instrumentation-hierarchy.bin because:
2026-04-25T03:14:39.2497718Z   Caching not enabled.
2026-04-25T03:14:39.2499204Z Caching disabled for ExternalDependencyInstrumentingArtifactTransform: /home/runner/.gradle/caches/8.11.1/transforms/2f4c0fe3da19ef25d026ab33d1f0a7f1/transformed/merge/instrumentation-dependencies.bin because:
2026-04-25T03:14:39.2500705Z   Caching not enabled.
2026-04-25T03:14:39.2502384Z Caching disabled for MergeInstrumentationAnalysisTransform: /home/runner/.gradle/caches/8.11.1/transforms/a77cda63a88bc1e2dcf3a9b29b25940d/transformed/analysis/instrumentation-dependencies.bin because:
2026-04-25T03:14:39.2503806Z   Caching not enabled.
2026-04-25T03:14:39.2505101Z Caching disabled for ExternalDependencyInstrumentingArtifactTransform: /home/runner/.gradle/caches/modules-2/files-2.1/org.ow2.asm/asm/9.7/73d7b3086e14beb604ced229c302feff6449723/asm-9.7.jar because:
2026-04-25T03:14:39.2506446Z   Caching not enabled.
2026-04-25T03:14:39.2507711Z Caching disabled for MergeInstrumentationAnalysisTransform: /home/runner/.gradle/caches/8.11.1/transforms/d11b7815dbc15533ac985674a60d9ff5/transformed/analysis/instrumentation-hierarchy.bin because:
2026-04-25T03:14:39.2509079Z   Caching not enabled.
2026-04-25T03:14:39.2510414Z Caching disabled for MergeInstrumentationAnalysisTransform: /home/runner/.gradle/caches/modules-2/files-2.1/org.glassfish.jaxb/jaxb-runtime/2.3.2/5528bc882ea499a09d720b42af11785c4fc6be2a/jaxb-runtime-2.3.2.jar because:
2026-04-25T03:14:39.2522280Z   Caching not enabled.
2026-04-25T03:14:39.2523742Z Caching disabled for ExternalDependencyInstrumentingArtifactTransform: /home/runner/.gradle/caches/modules-2/files-2.1/com.android.tools.build/apkzlib/8.9.1/d656b52facbb301b8bdc1e40a5ae008bcf335fe9/apkzlib-8.9.1.jar because:
2026-04-25T03:14:39.2525304Z   Caching not enabled.
2026-04-25T03:14:39.2526653Z Caching disabled for MergeInstrumentationAnalysisTransform: /home/runner/.gradle/caches/8.11.1/transforms/d11b7815dbc15533ac985674a60d9ff5/transformed/analysis/instrumentation-dependencies.bin because:
2026-04-25T03:14:39.2528060Z   Caching not enabled.
2026-04-25T03:14:39.2528920Z Transforming jaxb-runtime-2.3.2.jar (org.glassfish.jaxb:jaxb-runtime:2.3.2) with ExternalDependencyInstrumentingArtifactTransform
2026-04-25T03:14:39.2530990Z Caching disabled for ExternalDependencyInstrumentingArtifactTransform: /home/runner/.gradle/caches/8.11.1/transforms/ff89499bfb5a4c3edb861df2b910495d/transformed/merge/instrumentation-dependencies.bin because:
2026-04-25T03:14:39.2532658Z   Caching not enabled.
2026-04-25T03:14:39.2533975Z Caching disabled for MergeInstrumentationAnalysisTransform: /home/runner/.gradle/caches/8.11.1/transforms/b67841035ea45cf41c364495eb5b3fa7/transformed/analysis/instrumentation-hierarchy.bin because:
2026-04-25T03:14:39.2535424Z   Caching not enabled.
2026-04-25T03:14:39.2536797Z Caching disabled for MergeInstrumentationAnalysisTransform: /home/runner/.gradle/caches/modules-2/files-2.1/net.sf.jopt-simple/jopt-simple/4.9/ee9e9eaa0a35360dcfeac129ff4923215fd65904/jopt-simple-4.9.jar because:
2026-04-25T03:14:39.2538241Z   Caching not enabled.
2026-04-25T03:14:39.2539075Z Transforming jopt-simple-4.9.jar (net.sf.jopt-simple:jopt-simple:4.9) with ExternalDependencyInstrumentingArtifactTransform
2026-04-25T03:14:39.2541030Z Caching disabled for MergeInstrumentationAnalysisTransform: /home/runner/.gradle/caches/8.11.1/transforms/b67841035ea45cf41c364495eb5b3fa7/transformed/analysis/instrumentation-dependencies.bin because:
2026-04-25T03:14:39.2542586Z   Caching not enabled.
2026-04-25T03:14:39.2543967Z Caching disabled for ExternalDependencyInstrumentingArtifactTransform: /home/runner/.gradle/caches/8.11.1/transforms/95f4165f729f4dd5411db0f11d63addf/transformed/merge/instrumentation-dependencies.bin because:
2026-04-25T03:14:39.2545438Z   Caching not enabled.
2026-04-25T03:14:39.3113705Z Caching disabled for MergeInstrumentationAnalysisTransform: /home/runner/.gradle/caches/modules-2/files-2.1/com.squareup/javapoet/1.10.0/712c178d35185d8261295913c9f2a7d6867a6007/javapoet-1.10.0.jar because:
2026-04-25T03:14:39.3142008Z   Caching not enabled.
2026-04-25T03:14:39.3192682Z Transforming javapoet-1.10.0.jar (com.squareup:javapoet:1.10.0) with ExternalDependencyInstrumentingArtifactTransform
2026-04-25T03:14:39.3223568Z Caching disabled for ExternalDependencyInstrumentingArtifactTransform: /home/runner/.gradle/caches/8.11.1/transforms/1066ac6fa82080a7facc881ce4f29161/transformed/merge/instrumentation-dependencies.bin because:
2026-04-25T03:14:39.3252098Z   Caching not enabled.
2026-04-25T03:14:39.3263309Z Caching disabled for ExternalDependencyInstrumentingArtifactTransform: /home/runner/.gradle/caches/modules-2/files-2.1/net.sf.jopt-simple/jopt-simple/4.9/ee9e9eaa0a35360dcfeac129ff4923215fd65904/jopt-simple-4.9.jar because:
2026-04-25T03:14:39.3282085Z   Caching not enabled.
2026-04-25T03:14:39.3363427Z Caching disabled for MergeInstrumentationAnalysisTransform: /home/runner/.gradle/caches/8.11.1/transforms/82f8908849c3db596d97cc0c3174edf2/transformed/analysis/instrumentation-hierarchy.bin because:
2026-04-25T03:14:39.3364959Z   Caching not enabled.
2026-04-25T03:14:39.3366433Z Caching disabled for ExternalDependencyInstrumentingArtifactTransform: /home/runner/.gradle/caches/modules-2/files-2.1/com.squareup/javapoet/1.10.0/712c178d35185d8261295913c9f2a7d6867a6007/javapoet-1.10.0.jar because:
2026-04-25T03:14:39.3367920Z   Caching not enabled.
2026-04-25T03:14:39.3369267Z Caching disabled for MergeInstrumentationAnalysisTransform: /home/runner/.gradle/caches/8.11.1/transforms/82f8908849c3db596d97cc0c3174edf2/transformed/analysis/instrumentation-dependencies.bin because:
2026-04-25T03:14:39.3370586Z   Caching not enabled.
2026-04-25T03:14:39.3372291Z Caching disabled for MergeInstrumentationAnalysisTransform: /home/runner/.gradle/caches/modules-2/files-2.1/com.google.protobuf/protobuf-java-util/3.22.3/749cd4fe8ab52f37bc186193802ba19f5b284647/protobuf-java-util-3.22.3.jar because:
2026-04-25T03:14:39.3373831Z   Caching not enabled.
2026-04-25T03:14:39.3433161Z Caching disabled for MergeInstrumentationAnalysisTransform: /home/runner/.gradle/caches/8.11.1/transforms/1375116cbc15351e8c78fe34475f51a1/transformed/analysis/instrumentation-hierarchy.bin because:
2026-04-25T03:14:39.3434606Z   Caching not enabled.
2026-04-25T03:14:39.3522914Z Transforming protobuf-java-util-3.22.3.jar (com.google.protobuf:protobuf-java-util:3.22.3) with ExternalDependencyInstrumentingArtifactTransform
2026-04-25T03:14:39.3583321Z Caching disabled for MergeInstrumentationAnalysisTransform: /home/runner/.gradle/caches/8.11.1/transforms/1375116cbc15351e8c78fe34475f51a1/transformed/analysis/instrumentation-dependencies.bin because:
2026-04-25T03:14:39.3644043Z   Caching not enabled.
2026-04-25T03:14:39.3668668Z Caching disabled for ExternalDependencyInstrumentingArtifactTransform: /home/runner/.gradle/caches/8.11.1/transforms/9a2b1fe945a53b1b6f552e29c1acd37b/transformed/merge/instrumentation-dependencies.bin because:
2026-04-25T03:14:39.3729981Z   Caching not enabled.
2026-04-25T03:14:39.3814978Z Caching disabled for MergeInstrumentationAnalysisTransform: /home/runner/.gradle/caches/modules-2/files-2.1/com.google.crypto.tink/tink/1.7.0/668b57f109d32349b2870448f06ae6f202713edc/tink-1.7.0.jar because:
2026-04-25T03:14:39.3863715Z   Caching not enabled.
2026-04-25T03:14:39.3965703Z Transforming tink-1.7.0.jar (com.google.crypto.tink:tink:1.7.0) with ExternalDependencyInstrumentingArtifactTransform
2026-04-25T03:14:39.4015552Z Caching disabled for ExternalDependencyInstrumentingArtifactTransform: /home/runner/.gradle/caches/8.11.1/transforms/a2e40057611552f615e2b152132af9a9/transformed/merge/instrumentation-dependencies.bin because:
2026-04-25T03:14:39.4052199Z   Caching not enabled.
2026-04-25T03:14:39.4150642Z Caching disabled for ExternalDependencyInstrumentingArtifactTransform: /home/runner/.gradle/caches/modules-2/files-2.1/com.google.protobuf/protobuf-java-util/3.22.3/749cd4fe8ab52f37bc186193802ba19f5b284647/protobuf-java-util-3.22.3.jar because:
2026-04-25T03:14:39.4242797Z   Caching not enabled.
2026-04-25T03:14:39.4275865Z Caching disabled for MergeInstrumentationAnalysisTransform: /home/runner/.gradle/caches/8.11.1/transforms/a8b048d049963083388ab57311ebbaa4/transformed/analysis/instrumentation-hierarchy.bin because:
2026-04-25T03:14:39.4278018Z   Caching not enabled.
2026-04-25T03:14:39.4279989Z Caching disabled for MergeInstrumentationAnalysisTransform: /home/runner/.gradle/caches/8.11.1/transforms/a8b048d049963083388ab57311ebbaa4/transformed/analysis/instrumentation-dependencies.bin because:
2026-04-25T03:14:39.4281446Z   Caching not enabled.
2026-04-25T03:14:39.4283184Z Caching disabled for MergeInstrumentationAnalysisTransform: /home/runner/.gradle/caches/modules-2/files-2.1/com.google.testing.platform/core-proto/0.0.9-alpha03/a0de640d69d847081f087c45dda7e9b3754fe350/core-proto-0.0.9-alpha03.jar because:
2026-04-25T03:14:39.4284854Z   Caching not enabled.
2026-04-25T03:14:39.4285865Z Transforming core-proto-0.0.9-alpha03.jar (com.google.testing.platform:core-proto:0.0.9-alpha03) with ExternalDependencyInstrumentingArtifactTransform
2026-04-25T03:14:39.4288012Z Caching disabled for ExternalDependencyInstrumentingArtifactTransform: /home/runner/.gradle/caches/8.11.1/transforms/986ed3d6abe5b5f3c1d030252cb694fe/transformed/merge/instrumentation-dependencies.bin because:
2026-04-25T03:14:39.4289516Z   Caching not enabled.
2026-04-25T03:14:39.4290996Z Caching disabled for ExternalDependencyInstrumentingArtifactTransform: /home/runner/.gradle/caches/modules-2/files-2.1/org.glassfish.jaxb/jaxb-runtime/2.3.2/5528bc882ea499a09d720b42af11785c4fc6be2a/jaxb-runtime-2.3.2.jar because:
2026-04-25T03:14:39.4292696Z   Caching not enabled.
2026-04-25T03:14:39.4294000Z Caching disabled for MergeInstrumentationAnalysisTransform: /home/runner/.gradle/caches/8.11.1/transforms/58591ade2b3e233df577c385be03e4df/transformed/analysis/instrumentation-hierarchy.bin because:
2026-04-25T03:14:39.4295366Z   Caching not enabled.
2026-04-25T03:14:39.4296683Z Caching disabled for MergeInstrumentationAnalysisTransform: /home/runner/.gradle/caches/8.11.1/transforms/58591ade2b3e233df577c385be03e4df/transformed/analysis/instrumentation-dependencies.bin because:
2026-04-25T03:14:39.4298065Z   Caching not enabled.
2026-04-25T03:14:39.4299545Z Caching disabled for ExternalDependencyInstrumentingArtifactTransform: /home/runner/.gradle/caches/modules-2/files-2.1/org.bouncycastle/bcpkix-jdk18on/1.79/7693cec3b8779b74b35466dcaeeaac7409872954/bcpkix-jdk18on-1.79.jar because:
2026-04-25T03:14:39.4301127Z   Caching not enabled.
2026-04-25T03:14:39.4302619Z Caching disabled for MergeInstrumentationAnalysisTransform: /home/runner/.gradle/caches/8.11.1/transforms/cb58d9e1dd03560fa85dde19c460c5ac/transformed/analysis/instrumentation-hierarchy.bin because:
2026-04-25T03:14:39.4303952Z   Caching not enabled.
2026-04-25T03:14:39.4305247Z Caching disabled for MergeInstrumentationAnalysisTransform: /home/runner/.gradle/caches/8.11.1/transforms/cb58d9e1dd03560fa85dde19c460c5ac/transformed/analysis/instrumentation-dependencies.bin because:
2026-04-25T03:14:39.4306442Z   Caching not enabled.
2026-04-25T03:14:39.4307707Z Caching disabled for MergeInstrumentationAnalysisTransform: /home/runner/.gradle/caches/modules-2/files-2.1/com.android.tools.analytics-library/protos/31.9.1/f36992315dc346c7e8c550870d2142746c721026/protos-31.9.1.jar because:
2026-04-25T03:14:39.4309061Z   Caching not enabled.
2026-04-25T03:14:39.4310294Z Caching disabled for MergeInstrumentationAnalysisTransform: /home/runner/.gradle/caches/modules-2/files-2.1/io.grpc/grpc-protobuf/1.57.2/a8354b878571970c518994b95627dc527270bfc4/grpc-protobuf-1.57.2.jar because:
2026-04-25T03:14:39.4311907Z   Caching not enabled.
2026-04-25T03:14:39.4312739Z Transforming protos-31.9.1.jar (com.android.tools.analytics-library:protos:31.9.1) with ExternalDependencyInstrumentingArtifactTransform
2026-04-25T03:14:39.4314687Z Caching disabled for ExternalDependencyInstrumentingArtifactTransform: /home/runner/.gradle/caches/8.11.1/transforms/a8521bff686480035bea710343056ab3/transformed/merge/instrumentation-dependencies.bin because:
2026-04-25T03:14:39.4316135Z   Caching not enabled.
2026-04-25T03:14:39.4316886Z Transforming grpc-protobuf-1.57.2.jar (io.grpc:grpc-protobuf:1.57.2) with ExternalDependencyInstrumentingArtifactTransform
2026-04-25T03:14:39.4318986Z Caching disabled for ExternalDependencyInstrumentingArtifactTransform: /home/runner/.gradle/caches/8.11.1/transforms/284f5dbf38834649f778d7a94271463c/transformed/merge/instrumentation-dependencies.bin because:
2026-04-25T03:14:39.4320291Z   Caching not enabled.
2026-04-25T03:14:39.4321693Z Caching disabled for ExternalDependencyInstrumentingArtifactTransform: /home/runner/.gradle/caches/modules-2/files-2.1/io.grpc/grpc-protobuf/1.57.2/a8354b878571970c518994b95627dc527270bfc4/grpc-protobuf-1.57.2.jar because:
2026-04-25T03:14:39.4323045Z   Caching not enabled.
2026-04-25T03:14:39.5103707Z Caching disabled for MergeInstrumentationAnalysisTransform: /home/runner/.gradle/caches/8.11.1/transforms/51006353b0321a177af3322db53e9bd0/transformed/analysis/instrumentation-hierarchy.bin because:
2026-04-25T03:14:39.5162380Z   Caching not enabled.
2026-04-25T03:14:39.5225953Z Caching disabled for MergeInstrumentationAnalysisTransform: /home/runner/.gradle/caches/8.11.1/transforms/51006353b0321a177af3322db53e9bd0/transformed/analysis/instrumentation-dependencies.bin because:
2026-04-25T03:14:39.5282384Z   Caching not enabled.
2026-04-25T03:14:39.5333617Z Caching disabled for MergeInstrumentationAnalysisTransform: /home/runner/.gradle/caches/modules-2/files-2.1/com.google.api.grpc/proto-google-common-protos/2.17.0/7edf1e3aa96dc3861f7a8f24556c714e9c5b292/proto-google-common-protos-2.17.0.jar because:
2026-04-25T03:14:39.5361994Z   Caching not enabled.
2026-04-25T03:14:39.5392980Z Transforming proto-google-common-protos-2.17.0.jar (com.google.api.grpc:proto-google-common-protos:2.17.0) with ExternalDependencyInstrumentingArtifactTransform
2026-04-25T03:14:39.5420722Z Caching disabled for ExternalDependencyInstrumentingArtifactTransform: /home/runner/.gradle/caches/8.11.1/transforms/609590dd2ad286b3e5c391c8668b4992/transformed/merge/instrumentation-dependencies.bin because:
2026-04-25T03:14:39.5507406Z   Caching not enabled.
2026-04-25T03:14:39.5563771Z Caching disabled for ExternalDependencyInstrumentingArtifactTransform: /home/runner/.gradle/caches/modules-2/files-2.1/com.google.testing.platform/core-proto/0.0.9-alpha03/a0de640d69d847081f087c45dda7e9b3754fe350/core-proto-0.0.9-alpha03.jar because:
2026-04-25T03:14:39.5572260Z   Caching not enabled.
2026-04-25T03:14:39.5634022Z Caching disabled for MergeInstrumentationAnalysisTransform: /home/runner/.gradle/caches/8.11.1/transforms/da80600c899e11e46b01cb61e3508911/transformed/analysis/instrumentation-hierarchy.bin because:
2026-04-25T03:14:39.5672351Z   Caching not enabled.
2026-04-25T03:14:39.5703221Z Caching disabled for MergeInstrumentationAnalysisTransform: /home/runner/.gradle/caches/8.11.1/transforms/da80600c899e11e46b01cb61e3508911/transformed/analysis/instrumentation-dependencies.bin because:
2026-04-25T03:14:39.5712255Z   Caching not enabled.
2026-04-25T03:14:39.6114061Z Caching disabled for MergeInstrumentationAnalysisTransform: /home/runner/.gradle/caches/modules-2/files-2.1/com.google.protobuf/protobuf-java/3.24.4/a773e5a3845e6baa5c4ede5532c426ebe6c53330/protobuf-java-3.24.4.jar because:
2026-04-25T03:14:39.6167936Z   Caching not enabled.
2026-04-25T03:14:39.6172708Z Transforming protobuf-java-3.24.4.jar (com.google.protobuf:protobuf-java:3.24.4) with ExternalDependencyInstrumentingArtifactTransform
2026-04-25T03:14:39.6203154Z Caching disabled for ExternalDependencyInstrumentingArtifactTransform: /home/runner/.gradle/caches/8.11.1/transforms/c3ef9741ed2c7b505f2b6300aefff95e/transformed/merge/instrumentation-dependencies.bin because:
2026-04-25T03:14:39.6232073Z   Caching not enabled.
2026-04-25T03:14:39.6263143Z Caching disabled for ExternalDependencyInstrumentingArtifactTransform: /home/runner/.gradle/caches/modules-2/files-2.1/com.google.crypto.tink/tink/1.7.0/668b57f109d32349b2870448f06ae6f202713edc/tink-1.7.0.jar because:
2026-04-25T03:14:39.6272083Z   Caching not enabled.
2026-04-25T03:14:39.6293228Z Caching disabled for MergeInstrumentationAnalysisTransform: /home/runner/.gradle/caches/8.11.1/transforms/49ed3655efcbe3625576073d608c214b/transformed/analysis/instrumentation-hierarchy.bin because:
2026-04-25T03:14:39.6317015Z   Caching not enabled.
2026-04-25T03:14:39.6343454Z Caching disabled for MergeInstrumentationAnalysisTransform: /home/runner/.gradle/caches/8.11.1/transforms/49ed3655efcbe3625576073d608c214b/transformed/analysis/instrumentation-dependencies.bin because:
2026-04-25T03:14:39.6362260Z   Caching not enabled.
2026-04-25T03:14:39.6383331Z Caching disabled for MergeInstrumentationAnalysisTransform: /home/runner/.gradle/caches/modules-2/files-2.1/org.jetbrains.kotlin/kotlin-build-statistics/2.0.0/2be95e0156211605154ef4745b39894a79bcca13/kotlin-build-statistics-2.0.0.jar because:
2026-04-25T03:14:39.6412004Z   Caching not enabled.
2026-04-25T03:14:39.6422774Z Transforming kotlin-build-statistics-2.0.0.jar (org.jetbrains.kotlin:kotlin-build-statistics:2.0.0) with ExternalDependencyInstrumentingArtifactTransform
2026-04-25T03:14:39.6483497Z Caching disabled for ExternalDependencyInstrumentingArtifactTransform: /home/runner/.gradle/caches/8.11.1/transforms/bbc426bed5fc96d18caf09f509c189f6/transformed/merge/instrumentation-dependencies.bin because:
2026-04-25T03:14:39.6502165Z   Caching not enabled.
2026-04-25T03:14:39.6562770Z Caching disabled for ExternalDependencyInstrumentingArtifactTransform: /home/runner/.gradle/caches/modules-2/files-2.1/org.jetbrains.kotlin/kotlin-build-statistics/2.0.0/2be95e0156211605154ef4745b39894a79bcca13/kotlin-build-statistics-2.0.0.jar because:
2026-04-25T03:14:39.6592359Z   Caching not enabled.
2026-04-25T03:14:39.6603072Z Caching disabled for MergeInstrumentationAnalysisTransform: /home/runner/.gradle/caches/8.11.1/transforms/62f7a6601283c503fb84312fb9fb3af5/transformed/analysis/instrumentation-hierarchy.bin because:
2026-04-25T03:14:39.6621827Z   Caching not enabled.
2026-04-25T03:14:39.6663162Z Caching disabled for MergeInstrumentationAnalysisTransform: /home/runner/.gradle/caches/8.11.1/transforms/62f7a6601283c503fb84312fb9fb3af5/transformed/analysis/instrumentation-dependencies.bin because:
2026-04-25T03:14:39.6682315Z   Caching not enabled.
2026-04-25T03:14:39.7079870Z Caching disabled for MergeInstrumentationAnalysisTransform: /home/runner/.gradle/caches/modules-2/files-2.1/io.grpc/grpc-netty/1.57.2/7b0b62141991e8f81917b8536a1aed8091be5627/grpc-netty-1.57.2.jar because:
2026-04-25T03:14:39.7112352Z   Caching not enabled.
2026-04-25T03:14:39.7122675Z Transforming grpc-netty-1.57.2.jar (io.grpc:grpc-netty:1.57.2) with ExternalDependencyInstrumentingArtifactTransform
2026-04-25T03:14:39.7143226Z Caching disabled for ExternalDependencyInstrumentingArtifactTransform: /home/runner/.gradle/caches/8.11.1/transforms/c0c1675a37eaaba2f68e608b1f49968a/transformed/merge/instrumentation-dependencies.bin because:
2026-04-25T03:14:39.7172102Z   Caching not enabled.
2026-04-25T03:14:39.7203282Z Caching disabled for ExternalDependencyInstrumentingArtifactTransform: /home/runner/.gradle/caches/modules-2/files-2.1/io.grpc/grpc-netty/1.57.2/7b0b62141991e8f81917b8536a1aed8091be5627/grpc-netty-1.57.2.jar because:
2026-04-25T03:14:39.7212164Z   Caching not enabled.
2026-04-25T03:14:39.7243175Z Caching disabled for MergeInstrumentationAnalysisTransform: /home/runner/.gradle/caches/8.11.1/transforms/f688898e975c350c0bdab1bcd682f7d9/transformed/analysis/instrumentation-hierarchy.bin because:
2026-04-25T03:14:39.7252251Z   Caching not enabled.
2026-04-25T03:14:39.7278172Z Caching disabled for MergeInstrumentationAnalysisTransform: /home/runner/.gradle/caches/8.11.1/transforms/f688898e975c350c0bdab1bcd682f7d9/transformed/analysis/instrumentation-dependencies.bin because:
2026-04-25T03:14:39.7302129Z   Caching not enabled.
2026-04-25T03:14:39.7332721Z Caching disabled for MergeInstrumentationAnalysisTransform: /home/runner/.gradle/caches/modules-2/files-2.1/io.grpc/grpc-core/1.57.2/2e04aac0fe659243f4ed5dbe4c2839e88408dffc/grpc-core-1.57.2.jar because:
2026-04-25T03:14:39.7362067Z   Caching not enabled.
2026-04-25T03:14:39.7363183Z Transforming grpc-core-1.57.2.jar (io.grpc:grpc-core:1.57.2) with ExternalDependencyInstrumentingArtifactTransform
2026-04-25T03:14:39.7365456Z Caching disabled for ExternalDependencyInstrumentingArtifactTransform: /home/runner/.gradle/caches/8.11.1/transforms/86ab899ad7b888ea70947cf9d23554c9/transformed/merge/instrumentation-dependencies.bin because:
2026-04-25T03:14:39.7366971Z   Caching not enabled.
2026-04-25T03:14:39.8094182Z Caching disabled for ExternalDependencyInstrumentingArtifactTransform: /home/runner/.gradle/caches/modules-2/files-2.1/com.google.api.grpc/proto-google-common-protos/2.17.0/7edf1e3aa96dc3861f7a8f24556c714e9c5b292/proto-google-common-protos-2.17.0.jar because:
2026-04-25T03:14:39.8102241Z   Caching not enabled.
2026-04-25T03:14:39.8133400Z Caching disabled for ExternalDependencyInstrumentingArtifactTransform: /home/runner/.gradle/caches/modules-2/files-2.1/io.grpc/grpc-core/1.57.2/2e04aac0fe659243f4ed5dbe4c2839e88408dffc/grpc-core-1.57.2.jar because:
2026-04-25T03:14:39.8152181Z   Caching not enabled.
2026-04-25T03:14:39.8164525Z Caching disabled for MergeInstrumentationAnalysisTransform: /home/runner/.gradle/caches/8.11.1/transforms/9a5c8c4d716eaf46a6a036875f6616a9/transformed/analysis/instrumentation-hierarchy.bin because:
2026-04-25T03:14:39.8192263Z   Caching not enabled.
2026-04-25T03:14:39.9083869Z Caching disabled for MergeInstrumentationAnalysisTransform: /home/runner/.gradle/caches/8.11.1/transforms/9a5c8c4d716eaf46a6a036875f6616a9/transformed/analysis/instrumentation-dependencies.bin because:
2026-04-25T03:14:39.9102147Z   Caching not enabled.
2026-04-25T03:14:39.9133056Z Caching disabled for MergeInstrumentationAnalysisTransform: /home/runner/.gradle/caches/8.11.1/transforms/6192783fd596e4a3501116287ba31f29/transformed/analysis/instrumentation-hierarchy.bin because:
2026-04-25T03:14:39.9142130Z   Caching not enabled.
2026-04-25T03:14:39.9173145Z Caching disabled for MergeInstrumentationAnalysisTransform: /home/runner/.gradle/caches/8.11.1/transforms/6192783fd596e4a3501116287ba31f29/transformed/analysis/instrumentation-dependencies.bin because:
2026-04-25T03:14:39.9174513Z   Caching not enabled.
2026-04-25T03:14:39.9203157Z Caching disabled for MergeInstrumentationAnalysisTransform: /home/runner/.gradle/caches/modules-2/files-2.1/com.google.code.gson/gson/2.10.1/b3add478d4382b78ea20b1671390a858002feb6c/gson-2.10.1.jar because:
2026-04-25T03:14:39.9246968Z   Caching not enabled.
2026-04-25T03:14:39.9272729Z Transforming gson-2.10.1.jar (com.google.code.gson:gson:2.10.1) with ExternalDependencyInstrumentingArtifactTransform
2026-04-25T03:14:39.9297089Z Caching disabled for ExternalDependencyInstrumentingArtifactTransform: /home/runner/.gradle/caches/8.11.1/transforms/d7db819bce10ed2490dab68c0092bafa/transformed/merge/instrumentation-dependencies.bin because:
2026-04-25T03:14:39.9322001Z   Caching not enabled.
2026-04-25T03:14:39.9358537Z Caching disabled for MergeInstrumentationAnalysisTransform: /home/runner/.gradle/caches/modules-2/files-2.1/io.grpc/grpc-stub/1.57.2/df47b4eb69fb36940689649400c8e9cbf7c3dc2c/grpc-stub-1.57.2.jar because:
2026-04-25T03:14:39.9383692Z   Caching not enabled.
2026-04-25T03:14:39.9412590Z Transforming grpc-stub-1.57.2.jar (io.grpc:grpc-stub:1.57.2) with ExternalDependencyInstrumentingArtifactTransform
2026-04-25T03:14:39.9433175Z Caching disabled for ExternalDependencyInstrumentingArtifactTransform: /home/runner/.gradle/caches/8.11.1/transforms/9140587033696bc9912d6d43625087c2/transformed/merge/instrumentation-dependencies.bin because:
2026-04-25T03:14:39.9462041Z   Caching not enabled.
2026-04-25T03:14:39.9463362Z Caching disabled for ExternalDependencyInstrumentingArtifactTransform: /home/runner/.gradle/caches/modules-2/files-2.1/io.grpc/grpc-stub/1.57.2/df47b4eb69fb36940689649400c8e9cbf7c3dc2c/grpc-stub-1.57.2.jar because:
2026-04-25T03:14:39.9502099Z   Caching not enabled.
2026-04-25T03:14:39.9533166Z Caching disabled for MergeInstrumentationAnalysisTransform: /home/runner/.gradle/caches/8.11.1/transforms/3faf17f39f8d21048d3f657398153ecd/transformed/analysis/instrumentation-hierarchy.bin because:
2026-04-25T03:14:39.9552086Z   Caching not enabled.
2026-04-25T03:14:39.9553790Z Caching disabled for ExternalDependencyInstrumentingArtifactTransform: /home/runner/.gradle/caches/modules-2/files-2.1/com.google.protobuf/protobuf-java/3.24.4/a773e5a3845e6baa5c4ede5532c426ebe6c53330/protobuf-java-3.24.4.jar because:
2026-04-25T03:14:39.9555195Z   Caching not enabled.
2026-04-25T03:14:39.9556341Z Caching disabled for MergeInstrumentationAnalysisTransform: /home/runner/.gradle/caches/8.11.1/transforms/3faf17f39f8d21048d3f657398153ecd/transformed/analysis/instrumentation-dependencies.bin because:
2026-04-25T03:14:39.9557562Z   Caching not enabled.
2026-04-25T03:14:39.9558782Z Caching disabled for MergeInstrumentationAnalysisTransform: /home/runner/.gradle/caches/8.11.1/transforms/d91e6c0e9059069882ce61f7f58b66f5/transformed/analysis/instrumentation-hierarchy.bin because:
2026-04-25T03:14:39.9560153Z   Caching not enabled.
2026-04-25T03:14:39.9561466Z Caching disabled for MergeInstrumentationAnalysisTransform: /home/runner/.gradle/caches/8.11.1/transforms/d91e6c0e9059069882ce61f7f58b66f5/transformed/analysis/instrumentation-dependencies.bin because:
2026-04-25T03:14:39.9563099Z   Caching not enabled.
2026-04-25T03:14:39.9564506Z Caching disabled for ExternalDependencyInstrumentingArtifactTransform: /home/runner/.gradle/caches/modules-2/files-2.1/com.google.code.gson/gson/2.10.1/b3add478d4382b78ea20b1671390a858002feb6c/gson-2.10.1.jar because:
2026-04-25T03:14:39.9565985Z   Caching not enabled.
2026-04-25T03:14:39.9567296Z Caching disabled for MergeInstrumentationAnalysisTransform: /home/runner/.gradle/caches/8.11.1/transforms/365529156495421f14c6ada307b92b1a/transformed/analysis/instrumentation-hierarchy.bin because:
2026-04-25T03:14:39.9568661Z   Caching not enabled.
2026-04-25T03:14:39.9570231Z Caching disabled for MergeInstrumentationAnalysisTransform: /home/runner/.gradle/caches/modules-2/files-2.1/org.tensorflow/tensorflow-lite-metadata/0.2.0/7dbe8f75ae5c0ef7093c43c3ac8b560bbc7ea4b6/tensorflow-lite-metadata-0.2.0.jar because:
2026-04-25T03:14:39.9572086Z   Caching not enabled.
2026-04-25T03:14:39.9573572Z Caching disabled for MergeInstrumentationAnalysisTransform: /home/runner/.gradle/caches/modules-2/files-2.1/com.google.flatbuffers/flatbuffers-java/1.12.0/8201cc7b511177a37071249e891f2f2fea4b32e9/flatbuffers-java-1.12.0.jar because:
2026-04-25T03:14:39.9575132Z   Caching not enabled.
2026-04-25T03:14:39.9576455Z Caching disabled for MergeInstrumentationAnalysisTransform: /home/runner/.gradle/caches/8.11.1/transforms/365529156495421f14c6ada307b92b1a/transformed/analysis/instrumentation-dependencies.bin because:
2026-04-25T03:14:39.9585519Z   Caching not enabled.
2026-04-25T03:14:39.9612819Z Transforming tensorflow-lite-metadata-0.2.0.jar (org.tensorflow:tensorflow-lite-metadata:0.2.0) with ExternalDependencyInstrumentingArtifactTransform
2026-04-25T03:14:39.9634092Z Caching disabled for ExternalDependencyInstrumentingArtifactTransform: /home/runner/.gradle/caches/8.11.1/transforms/4587ea3cdec726138b1e46cba9d3a735/transformed/merge/instrumentation-dependencies.bin because:
2026-04-25T03:14:39.9653585Z   Caching not enabled.
2026-04-25T03:14:39.9695652Z Transforming flatbuffers-java-1.12.0.jar (com.google.flatbuffers:flatbuffers-java:1.12.0) with ExternalDependencyInstrumentingArtifactTransform
2026-04-25T03:14:39.9733375Z Caching disabled for ExternalDependencyInstrumentingArtifactTransform: /home/runner/.gradle/caches/8.11.1/transforms/b1c8f33bc1ba4b9310a3b3e9a79591b8/transformed/merge/instrumentation-dependencies.bin because:
2026-04-25T03:14:39.9762233Z   Caching not enabled.
2026-04-25T03:14:39.9803576Z Caching disabled for MergeInstrumentationAnalysisTransform: /home/runner/.gradle/caches/modules-2/files-2.1/org.jetbrains.kotlin/kotlin-gradle-plugin-idea-proto/2.0.0/f46941fcffe42b93dd9ec103253789290c029d25/kotlin-gradle-plugin-idea-proto-2.0.0.jar because:
2026-04-25T03:14:39.9813241Z   Caching not enabled.
2026-04-25T03:14:39.9828326Z Transforming kotlin-gradle-plugin-idea-proto-2.0.0.jar (org.jetbrains.kotlin:kotlin-gradle-plugin-idea-proto:2.0.0) with ExternalDependencyInstrumentingArtifactTransform
2026-04-25T03:14:39.9864350Z Caching disabled for ExternalDependencyInstrumentingArtifactTransform: /home/runner/.gradle/caches/8.11.1/transforms/851b4f0a6a3c2c3535b4a627af133c5f/transformed/merge/instrumentation-dependencies.bin because:
2026-04-25T03:14:39.9865951Z   Caching not enabled.
2026-04-25T03:14:40.0124061Z Caching disabled for ExternalDependencyInstrumentingArtifactTransform: /home/runner/.gradle/caches/modules-2/files-2.1/com.google.flatbuffers/flatbuffers-java/1.12.0/8201cc7b511177a37071249e891f2f2fea4b32e9/flatbuffers-java-1.12.0.jar because:
2026-04-25T03:14:40.0210284Z   Caching not enabled.
2026-04-25T03:14:40.0211973Z Caching disabled for MergeInstrumentationAnalysisTransform: /home/runner/.gradle/caches/8.11.1/transforms/953e5c4ce1da1285e0e486cffd27ab12/transformed/analysis/instrumentation-hierarchy.bin because:
2026-04-25T03:14:40.0251818Z   Caching not enabled.
2026-04-25T03:14:40.0263684Z Caching disabled for MergeInstrumentationAnalysisTransform: /home/runner/.gradle/caches/8.11.1/transforms/953e5c4ce1da1285e0e486cffd27ab12/transformed/analysis/instrumentation-dependencies.bin because:
2026-04-25T03:14:40.0292233Z   Caching not enabled.
2026-04-25T03:14:40.0314035Z Caching disabled for MergeInstrumentationAnalysisTransform: /home/runner/.gradle/caches/modules-2/files-2.1/org.jetbrains.kotlin/kotlin-gradle-plugin-idea/2.0.0/dc54973fe68b0bb9b816bd04ef39648ca29526a6/kotlin-gradle-plugin-idea-2.0.0.jar because:
2026-04-25T03:14:40.0352414Z   Caching not enabled.
2026-04-25T03:14:40.0353520Z Transforming kotlin-gradle-plugin-idea-2.0.0.jar (org.jetbrains.kotlin:kotlin-gradle-plugin-idea:2.0.0) with ExternalDependencyInstrumentingArtifactTransform
2026-04-25T03:14:40.0355749Z Caching disabled for ExternalDependencyInstrumentingArtifactTransform: /home/runner/.gradle/caches/8.11.1/transforms/c26fdf4e5b47bc1f55cdda97955e3782/transformed/merge/instrumentation-dependencies.bin because:
2026-04-25T03:14:40.0357310Z   Caching not enabled.
2026-04-25T03:14:40.0359019Z Caching disabled for ExternalDependencyInstrumentingArtifactTransform: /home/runner/.gradle/caches/modules-2/files-2.1/org.jetbrains.kotlin/kotlin-gradle-plugin-idea/2.0.0/dc54973fe68b0bb9b816bd04ef39648ca29526a6/kotlin-gradle-plugin-idea-2.0.0.jar because:
2026-04-25T03:14:40.0403142Z   Caching not enabled.
2026-04-25T03:14:40.0404790Z Caching disabled for ExternalDependencyInstrumentingArtifactTransform: /home/runner/.gradle/caches/modules-2/files-2.1/org.tensorflow/tensorflow-lite-metadata/0.2.0/7dbe8f75ae5c0ef7093c43c3ac8b560bbc7ea4b6/tensorflow-lite-metadata-0.2.0.jar because:
2026-04-25T03:14:40.0406499Z   Caching not enabled.
2026-04-25T03:14:40.0407772Z Caching disabled for MergeInstrumentationAnalysisTransform: /home/runner/.gradle/caches/8.11.1/transforms/4418e9e20d832056b16d605b2b4a7210/transformed/analysis/instrumentation-hierarchy.bin because:
2026-04-25T03:14:40.0409078Z   Caching not enabled.
2026-04-25T03:14:40.0410347Z Caching disabled for MergeInstrumentationAnalysisTransform: /home/runner/.gradle/caches/8.11.1/transforms/4418e9e20d832056b16d605b2b4a7210/transformed/analysis/instrumentation-dependencies.bin because:
2026-04-25T03:14:40.0411879Z   Caching not enabled.
2026-04-25T03:14:40.0413237Z Caching disabled for MergeInstrumentationAnalysisTransform: /home/runner/.gradle/caches/8.11.1/transforms/8de51dc5c367be6350c0f362eac818df/transformed/analysis/instrumentation-hierarchy.bin because:
2026-04-25T03:14:40.0414557Z   Caching not enabled.
2026-04-25T03:14:40.0416137Z Caching disabled for MergeInstrumentationAnalysisTransform: /home/runner/.gradle/caches/modules-2/files-2.1/org.jetbrains.kotlin/kotlin-klib-commonizer-api/2.0.0/326c87c1dcc9f0c3fcd3e86389a0ff4c0ce85da9/kotlin-klib-commonizer-api-2.0.0.jar because:
2026-04-25T03:14:40.0417819Z   Caching not enabled.
2026-04-25T03:14:40.0419089Z Caching disabled for MergeInstrumentationAnalysisTransform: /home/runner/.gradle/caches/8.11.1/transforms/8de51dc5c367be6350c0f362eac818df/transformed/analysis/instrumentation-dependencies.bin because:
2026-04-25T03:14:40.0420773Z   Caching not enabled.
2026-04-25T03:14:40.1113400Z Transforming kotlin-klib-commonizer-api-2.0.0.jar (org.jetbrains.kotlin:kotlin-klib-commonizer-api:2.0.0) with ExternalDependencyInstrumentingArtifactTransform
2026-04-25T03:14:40.1143753Z Caching disabled for ExternalDependencyInstrumentingArtifactTransform: /home/runner/.gradle/caches/8.11.1/transforms/ba10b14d8e552cff07a5d493be6fe6de/transformed/merge/instrumentation-dependencies.bin because:
2026-04-25T03:14:40.1162130Z   Caching not enabled.
2026-04-25T03:14:40.1173556Z Caching disabled for MergeInstrumentationAnalysisTransform: /home/runner/.gradle/caches/modules-2/files-2.1/org.jetbrains.kotlin/kotlin-build-tools-api/2.0.0/a45f2366a6e32563fc9259d35409a373287be17e/kotlin-build-tools-api-2.0.0.jar because:
2026-04-25T03:14:40.1205287Z   Caching not enabled.
2026-04-25T03:14:40.1236178Z Transforming kotlin-build-tools-api-2.0.0.jar (org.jetbrains.kotlin:kotlin-build-tools-api:2.0.0) with ExternalDependencyInstrumentingArtifactTransform
2026-04-25T03:14:40.1263409Z Caching disabled for ExternalDependencyInstrumentingArtifactTransform: /home/runner/.gradle/caches/8.11.1/transforms/a6009b93f69babbd76b70200b84092a7/transformed/merge/instrumentation-dependencies.bin because:
2026-04-25T03:14:40.1272054Z   Caching not enabled.
2026-04-25T03:14:40.1323739Z Caching disabled for ExternalDependencyInstrumentingArtifactTransform: /home/runner/.gradle/caches/modules-2/files-2.1/org.jetbrains.kotlin/kotlin-klib-commonizer-api/2.0.0/326c87c1dcc9f0c3fcd3e86389a0ff4c0ce85da9/kotlin-klib-commonizer-api-2.0.0.jar because:
2026-04-25T03:14:40.1325613Z   Caching not enabled.
2026-04-25T03:14:40.1326955Z Caching disabled for MergeInstrumentationAnalysisTransform: /home/runner/.gradle/caches/8.11.1/transforms/0fe7a1d369e7ac0fd0658531d57efd93/transformed/analysis/instrumentation-hierarchy.bin because:
2026-04-25T03:14:40.1328356Z   Caching not enabled.
2026-04-25T03:14:40.1330110Z Caching disabled for ExternalDependencyInstrumentingArtifactTransform: /home/runner/.gradle/caches/modules-2/files-2.1/org.jetbrains.kotlin/kotlin-build-tools-api/2.0.0/a45f2366a6e32563fc9259d35409a373287be17e/kotlin-build-tools-api-2.0.0.jar because:
2026-04-25T03:14:40.1333605Z   Caching not enabled.
2026-04-25T03:14:40.1335031Z Caching disabled for MergeInstrumentationAnalysisTransform: /home/runner/.gradle/caches/8.11.1/transforms/05856573eb7dcfe2af78b3d50c8c5be1/transformed/analysis/instrumentation-hierarchy.bin because:
2026-04-25T03:14:40.1336464Z   Caching not enabled.
2026-04-25T03:14:40.1337852Z Caching disabled for MergeInstrumentationAnalysisTransform: /home/runner/.gradle/caches/8.11.1/transforms/0fe7a1d369e7ac0fd0658531d57efd93/transformed/analysis/instrumentation-dependencies.bin because:
2026-04-25T03:14:40.1339322Z   Caching not enabled.
2026-04-25T03:14:40.1340687Z Caching disabled for MergeInstrumentationAnalysisTransform: /home/runner/.gradle/caches/8.11.1/transforms/05856573eb7dcfe2af78b3d50c8c5be1/transformed/analysis/instrumentation-dependencies.bin because:
2026-04-25T03:14:40.1342368Z   Caching not enabled.
2026-04-25T03:14:40.1344000Z Caching disabled for MergeInstrumentationAnalysisTransform: /home/runner/.gradle/caches/modules-2/files-2.1/org.jetbrains.kotlin/kotlin-compiler-runner/2.0.0/f5f0c82e836512e35de2ca710d553bec447b7718/kotlin-compiler-runner-2.0.0.jar because:
2026-04-25T03:14:40.1345666Z   Caching not enabled.
2026-04-25T03:14:40.1346697Z Transforming kotlin-compiler-runner-2.0.0.jar (org.jetbrains.kotlin:kotlin-compiler-runner:2.0.0) with ExternalDependencyInstrumentingArtifactTransform
2026-04-25T03:14:40.1348803Z Caching disabled for ExternalDependencyInstrumentingArtifactTransform: /home/runner/.gradle/caches/8.11.1/transforms/8465ce3fb0176c2173e399b8c8ff08e2/transformed/merge/instrumentation-dependencies.bin because:
2026-04-25T03:14:40.1350267Z   Caching not enabled.
2026-04-25T03:14:40.1372061Z Caching disabled for MergeInstrumentationAnalysisTransform: /home/runner/.gradle/caches/modules-2/files-2.1/org.jetbrains.kotlin/kotlin-native-utils/2.0.0/39f2424147119236d6357382a4596c5104206223/kotlin-native-utils-2.0.0.jar because:
2026-04-25T03:14:40.1374006Z   Caching not enabled.
2026-04-25T03:14:40.1375282Z Transforming kotlin-native-utils-2.0.0.jar (org.jetbrains.kotlin:kotlin-native-utils:2.0.0) with ExternalDependencyInstrumentingArtifactTransform
2026-04-25T03:14:40.1377540Z Caching disabled for ExternalDependencyInstrumentingArtifactTransform: /home/runner/.gradle/caches/8.11.1/transforms/4b27ce7a252ffa1b47b1f031cdc3dc68/transformed/merge/instrumentation-dependencies.bin because:
2026-04-25T03:14:40.1379068Z   Caching not enabled.
2026-04-25T03:14:40.1380773Z Caching disabled for ExternalDependencyInstrumentingArtifactTransform: /home/runner/.gradle/caches/modules-2/files-2.1/org.jetbrains.kotlin/kotlin-compiler-runner/2.0.0/f5f0c82e836512e35de2ca710d553bec447b7718/kotlin-compiler-runner-2.0.0.jar because:
2026-04-25T03:14:40.1382774Z   Caching not enabled.
2026-04-25T03:14:40.1384145Z Caching disabled for MergeInstrumentationAnalysisTransform: /home/runner/.gradle/caches/8.11.1/transforms/6d1438e72c0f41f02ed4b39b33c0b4f8/transformed/analysis/instrumentation-hierarchy.bin because:
2026-04-25T03:14:40.1385580Z   Caching not enabled.
2026-04-25T03:14:40.1386901Z Caching disabled for MergeInstrumentationAnalysisTransform: /home/runner/.gradle/caches/8.11.1/transforms/6d1438e72c0f41f02ed4b39b33c0b4f8/transformed/analysis/instrumentation-dependencies.bin because:
2026-04-25T03:14:40.1388290Z   Caching not enabled.
2026-04-25T03:14:40.1389781Z Caching disabled for MergeInstrumentationAnalysisTransform: /home/runner/.gradle/caches/modules-2/files-2.1/org.jetbrains.kotlin/kotlin-util-klib/2.0.0/46dc3eecb38a50482064a141d457e25f66c74751/kotlin-util-klib-2.0.0.jar because:
2026-04-25T03:14:40.1391357Z   Caching not enabled.
2026-04-25T03:14:40.1392530Z Transforming kotlin-util-klib-2.0.0.jar (org.jetbrains.kotlin:kotlin-util-klib:2.0.0) with ExternalDependencyInstrumentingArtifactTransform
2026-04-25T03:14:40.1394668Z Caching disabled for ExternalDependencyInstrumentingArtifactTransform: /home/runner/.gradle/caches/8.11.1/transforms/92be23edd9e599c817b3c8eb3491fd37/transformed/merge/instrumentation-dependencies.bin because:
2026-04-25T03:14:40.1396189Z   Caching not enabled.
2026-04-25T03:14:40.2080299Z Caching disabled for ExternalDependencyInstrumentingArtifactTransform: /home/runner/.gradle/caches/modules-2/files-2.1/org.jetbrains.kotlin/kotlin-native-utils/2.0.0/39f2424147119236d6357382a4596c5104206223/kotlin-native-utils-2.0.0.jar because:
2026-04-25T03:14:40.2100385Z   Caching not enabled.
2026-04-25T03:14:40.2120464Z Caching disabled for ExternalDependencyInstrumentingArtifactTransform: /home/runner/.gradle/caches/modules-2/files-2.1/org.jetbrains.kotlin/kotlin-util-klib/2.0.0/46dc3eecb38a50482064a141d457e25f66c74751/kotlin-util-klib-2.0.0.jar because:
2026-04-25T03:14:40.2142142Z   Caching not enabled.
2026-04-25T03:14:40.2173142Z Caching disabled for MergeInstrumentationAnalysisTransform: /home/runner/.gradle/caches/8.11.1/transforms/bcd1b96d04fa1a6cf45e11ddbd7049c1/transformed/analysis/instrumentation-hierarchy.bin because:
2026-04-25T03:14:40.2201952Z   Caching not enabled.
2026-04-25T03:14:40.2203548Z Caching disabled for MergeInstrumentationAnalysisTransform: /home/runner/.gradle/caches/8.11.1/transforms/09c8fcab866a985203606c6b9da25e35/transformed/analysis/instrumentation-hierarchy.bin because:
2026-04-25T03:14:40.2232359Z   Caching not enabled.
2026-04-25T03:14:40.2263148Z Caching disabled for MergeInstrumentationAnalysisTransform: /home/runner/.gradle/caches/8.11.1/transforms/bcd1b96d04fa1a6cf45e11ddbd7049c1/transformed/analysis/instrumentation-dependencies.bin because:
2026-04-25T03:14:40.2282632Z   Caching not enabled.
2026-04-25T03:14:40.2303293Z Caching disabled for MergeInstrumentationAnalysisTransform: /home/runner/.gradle/caches/8.11.1/transforms/09c8fcab866a985203606c6b9da25e35/transformed/analysis/instrumentation-dependencies.bin because:
2026-04-25T03:14:40.2322073Z   Caching not enabled.
2026-04-25T03:14:40.2353075Z Caching disabled for MergeInstrumentationAnalysisTransform: /home/runner/.gradle/caches/modules-2/files-2.1/com.google.jimfs/jimfs/1.1/8fbd0579dc68aba6186935cc1bee21d2f3e7ec1c/jimfs-1.1.jar because:
2026-04-25T03:14:40.2372250Z   Caching not enabled.
2026-04-25T03:14:40.2386104Z Transforming jimfs-1.1.jar (com.google.jimfs:jimfs:1.1) with ExternalDependencyInstrumentingArtifactTransform
2026-04-25T03:14:40.2423310Z Caching disabled for ExternalDependencyInstrumentingArtifactTransform: /home/runner/.gradle/caches/8.11.1/transforms/5495183216370f12fb210547e2b400e6/transformed/merge/instrumentation-dependencies.bin because:
2026-04-25T03:14:40.2434910Z   Caching not enabled.
2026-04-25T03:14:40.2436511Z Caching disabled for ExternalDependencyInstrumentingArtifactTransform: /home/runner/.gradle/caches/modules-2/files-2.1/com.google.jimfs/jimfs/1.1/8fbd0579dc68aba6186935cc1bee21d2f3e7ec1c/jimfs-1.1.jar because:
2026-04-25T03:14:40.2439586Z   Caching not enabled.
2026-04-25T03:14:40.2441118Z Caching disabled for MergeInstrumentationAnalysisTransform: /home/runner/.gradle/caches/8.11.1/transforms/857742e7cdbadb4c16bf13c50aece057/transformed/analysis/instrumentation-dependencies.bin because:
2026-04-25T03:14:40.2468122Z   Caching not enabled.
2026-04-25T03:14:40.2469879Z Caching disabled for MergeInstrumentationAnalysisTransform: /home/runner/.gradle/caches/modules-2/files-2.1/io.grpc/grpc-context/1.57.2/d2aa34eebfec2ce045873f410a7dd76437465509/grpc-context-1.57.2.jar because:
2026-04-25T03:14:40.2471499Z   Caching not enabled.
2026-04-25T03:14:40.2472733Z Transforming grpc-context-1.57.2.jar (io.grpc:grpc-context:1.57.2) with ExternalDependencyInstrumentingArtifactTransform
2026-04-25T03:14:40.2474861Z Caching disabled for ExternalDependencyInstrumentingArtifactTransform: /home/runner/.gradle/caches/8.11.1/transforms/d2c300ee881e0b471c4e042be670fe01/transformed/merge/instrumentation-dependencies.bin because:
2026-04-25T03:14:40.2476543Z   Caching not enabled.
2026-04-25T03:14:40.2478117Z Caching disabled for ExternalDependencyInstrumentingArtifactTransform: /home/runner/.gradle/caches/modules-2/files-2.1/io.grpc/grpc-context/1.57.2/d2aa34eebfec2ce045873f410a7dd76437465509/grpc-context-1.57.2.jar because:
2026-04-25T03:14:40.2479792Z   Caching not enabled.
2026-04-25T03:14:40.2481245Z Caching disabled for MergeInstrumentationAnalysisTransform: /home/runner/.gradle/caches/8.11.1/transforms/fb3b2b47f1b7c5f41052de7b61cacd15/transformed/analysis/instrumentation-hierarchy.bin because:
2026-04-25T03:14:40.2484330Z   Caching not enabled.
2026-04-25T03:14:40.2485923Z Caching disabled for MergeInstrumentationAnalysisTransform: /home/runner/.gradle/caches/8.11.1/transforms/fb3b2b47f1b7c5f41052de7b61cacd15/transformed/analysis/instrumentation-dependencies.bin because:
2026-04-25T03:14:40.2489596Z   Caching not enabled.
2026-04-25T03:14:40.3094083Z Caching disabled for MergeInstrumentationAnalysisTransform: /home/runner/.gradle/caches/modules-2/files-2.1/io.grpc/grpc-protobuf-lite/1.57.2/14d8e0cab40bf2f661e07b8d0dcc4192d4e9e85a/grpc-protobuf-lite-1.57.2.jar because:
2026-04-25T03:14:40.3122327Z   Caching not enabled.
2026-04-25T03:14:40.3153492Z Caching disabled for ExternalDependencyInstrumentingArtifactTransform: /home/runner/.gradle/caches/modules-2/files-2.1/com.android.tools.analytics-library/protos/31.9.1/f36992315dc346c7e8c550870d2142746c721026/protos-31.9.1.jar because:
2026-04-25T03:14:40.3155481Z   Caching not enabled.
2026-04-25T03:14:40.3183181Z Caching disabled for MergeInstrumentationAnalysisTransform: /home/runner/.gradle/caches/8.11.1/transforms/e544439266fe0e4454a849b1d61e86dc/transformed/analysis/instrumentation-hierarchy.bin because:
2026-04-25T03:14:40.3212215Z   Caching not enabled.
2026-04-25T03:14:40.3242726Z Transforming grpc-protobuf-lite-1.57.2.jar (io.grpc:grpc-protobuf-lite:1.57.2) with ExternalDependencyInstrumentingArtifactTransform
2026-04-25T03:14:40.3259450Z Caching disabled for ExternalDependencyInstrumentingArtifactTransform: /home/runner/.gradle/caches/8.11.1/transforms/d42688e7eb3d7738b07da5ff4f0fa52a/transformed/merge/instrumentation-dependencies.bin because:
2026-04-25T03:14:40.3272167Z   Caching not enabled.
2026-04-25T03:14:40.3303583Z Caching disabled for MergeInstrumentationAnalysisTransform: /home/runner/.gradle/caches/8.11.1/transforms/e544439266fe0e4454a849b1d61e86dc/transformed/analysis/instrumentation-dependencies.bin because:
2026-04-25T03:14:40.3332196Z   Caching not enabled.
2026-04-25T03:14:40.3354059Z Caching disabled for ExternalDependencyInstrumentingArtifactTransform: /home/runner/.gradle/caches/modules-2/files-2.1/io.grpc/grpc-protobuf-lite/1.57.2/14d8e0cab40bf2f661e07b8d0dcc4192d4e9e85a/grpc-protobuf-lite-1.57.2.jar because:
2026-04-25T03:14:40.3393449Z   Caching not enabled.
2026-04-25T03:14:40.3394999Z Caching disabled for MergeInstrumentationAnalysisTransform: /home/runner/.gradle/caches/modules-2/files-2.1/io.grpc/grpc-api/1.57.2/c71a006b81ddae7bc4b7cb1d2da78c1b173761f4/grpc-api-1.57.2.jar because:
2026-04-25T03:14:40.3422329Z   Caching not enabled.
2026-04-25T03:14:40.3454165Z Transforming grpc-api-1.57.2.jar (io.grpc:grpc-api:1.57.2) with ExternalDependencyInstrumentingArtifactTransform
2026-04-25T03:14:40.3483526Z Caching disabled for ExternalDependencyInstrumentingArtifactTransform: /home/runner/.gradle/caches/8.11.1/transforms/45b4ad67d8d90895bb062dfbd30930ce/transformed/merge/instrumentation-dependencies.bin because:
2026-04-25T03:14:40.3502299Z   Caching not enabled.
2026-04-25T03:14:40.3513241Z Caching disabled for MergeInstrumentationAnalysisTransform: /home/runner/.gradle/caches/8.11.1/transforms/1fef3bad8e4bad3e18f37b00eed9bac0/transformed/analysis/instrumentation-hierarchy.bin because:
2026-04-25T03:14:40.3543801Z   Caching not enabled.
2026-04-25T03:14:40.3573500Z Caching disabled for MergeInstrumentationAnalysisTransform: /home/runner/.gradle/caches/8.11.1/transforms/1fef3bad8e4bad3e18f37b00eed9bac0/transformed/analysis/instrumentation-dependencies.bin because:
2026-04-25T03:14:40.3603819Z   Caching not enabled.
2026-04-25T03:14:40.3633334Z Caching disabled for MergeInstrumentationAnalysisTransform: /home/runner/.gradle/caches/modules-2/files-2.1/com.google.guava/guava/32.0.1-jre/6e5d51a72d142f2d40a57dfb897188b36a95b489/guava-32.0.1-jre.jar because:
2026-04-25T03:14:40.3635128Z   Caching not enabled.
2026-04-25T03:14:40.3662769Z Transforming guava-32.0.1-jre.jar (com.google.guava:guava:32.0.1-jre) with ExternalDependencyInstrumentingArtifactTransform
2026-04-25T03:14:40.3693329Z Caching disabled for ExternalDependencyInstrumentingArtifactTransform: /home/runner/.gradle/caches/modules-2/files-2.1/io.grpc/grpc-api/1.57.2/c71a006b81ddae7bc4b7cb1d2da78c1b173761f4/grpc-api-1.57.2.jar because:
2026-04-25T03:14:40.3712166Z   Caching not enabled.
2026-04-25T03:14:40.3723457Z Caching disabled for ExternalDependencyInstrumentingArtifactTransform: /home/runner/.gradle/caches/8.11.1/transforms/9e83fcad584503bc1ee7129b6381c40c/transformed/merge/instrumentation-dependencies.bin because:
2026-04-25T03:14:40.3753948Z   Caching not enabled.
2026-04-25T03:14:40.3778820Z Caching disabled for MergeInstrumentationAnalysisTransform: /home/runner/.gradle/caches/8.11.1/transforms/3015e4ba167487610581f7d2d2b320ea/transformed/analysis/instrumentation-hierarchy.bin because:
2026-04-25T03:14:40.3802179Z   Caching not enabled.
2026-04-25T03:14:40.3803660Z Caching disabled for MergeInstrumentationAnalysisTransform: /home/runner/.gradle/caches/8.11.1/transforms/3015e4ba167487610581f7d2d2b320ea/transformed/analysis/instrumentation-dependencies.bin because:
2026-04-25T03:14:40.3805105Z   Caching not enabled.
2026-04-25T03:14:40.3806785Z Caching disabled for MergeInstrumentationAnalysisTransform: /home/runner/.gradle/caches/modules-2/files-2.1/org.jetbrains.kotlin/kotlin-compiler-embeddable/2.0.0/1de310de3446414381282ffc46c3ed3919a4d1da/kotlin-compiler-embeddable-2.0.0.jar because:
2026-04-25T03:14:40.3832194Z   Caching not enabled.
2026-04-25T03:14:40.3843326Z Caching disabled for MergeInstrumentationAnalysisTransform: /home/runner/.gradle/caches/modules-2/files-2.1/com.google.dagger/dagger/2.28.3/10d83810ef9e19714116ed518896c90c6606d633/dagger-2.28.3.jar because:
2026-04-25T03:14:40.3872280Z   Caching not enabled.
2026-04-25T03:14:40.3902727Z Transforming dagger-2.28.3.jar (com.google.dagger:dagger:2.28.3) with ExternalDependencyInstrumentingArtifactTransform
2026-04-25T03:14:40.3923624Z Caching disabled for ExternalDependencyInstrumentingArtifactTransform: /home/runner/.gradle/caches/8.11.1/transforms/7f9edcab03745b86b275e201cf763271/transformed/merge/instrumentation-dependencies.bin because:
2026-04-25T03:14:40.3932242Z   Caching not enabled.
2026-04-25T03:14:40.4082868Z Caching disabled for ExternalDependencyInstrumentingArtifactTransform: /home/runner/.gradle/caches/modules-2/files-2.1/com.google.dagger/dagger/2.28.3/10d83810ef9e19714116ed518896c90c6606d633/dagger-2.28.3.jar because:
2026-04-25T03:14:40.4112302Z   Caching not enabled.
2026-04-25T03:14:40.4133135Z Caching disabled for MergeInstrumentationAnalysisTransform: /home/runner/.gradle/caches/8.11.1/transforms/719d84f0f4e485d9c2e21fe9f6095906/transformed/analysis/instrumentation-dependencies.bin because:
2026-04-25T03:14:40.4147240Z   Caching not enabled.
2026-04-25T03:14:40.4173270Z Caching disabled for MergeInstrumentationAnalysisTransform: /home/runner/.gradle/caches/modules-2/files-2.1/javax.inject/javax.inject/1/6975da39a7040257bd51d21a231b76c915872d38/javax.inject-1.jar because:
2026-04-25T03:14:40.4202155Z   Caching not enabled.
2026-04-25T03:14:40.4222531Z Transforming javax.inject-1.jar (javax.inject:javax.inject:1) with ExternalDependencyInstrumentingArtifactTransform
2026-04-25T03:14:40.4249122Z Caching disabled for ExternalDependencyInstrumentingArtifactTransform: /home/runner/.gradle/caches/8.11.1/transforms/bfa8fd1196eb9cddf529a9369dddb865/transformed/merge/instrumentation-dependencies.bin because:
2026-04-25T03:14:40.4272069Z   Caching not enabled.
2026-04-25T03:14:40.4303311Z Caching disabled for ExternalDependencyInstrumentingArtifactTransform: /home/runner/.gradle/caches/modules-2/files-2.1/javax.inject/javax.inject/1/6975da39a7040257bd51d21a231b76c915872d38/javax.inject-1.jar because:
2026-04-25T03:14:40.4332071Z   Caching not enabled.
2026-04-25T03:14:40.4362911Z Transforming kotlin-compiler-embeddable-2.0.0.jar (org.jetbrains.kotlin:kotlin-compiler-embeddable:2.0.0) with ExternalDependencyInstrumentingArtifactTransform
2026-04-25T03:14:40.4385721Z Caching disabled for ExternalDependencyInstrumentingArtifactTransform: /home/runner/.gradle/caches/modules-2/files-2.1/org.jetbrains.kotlin/kotlin-gradle-plugin-idea-proto/2.0.0/f46941fcffe42b93dd9ec103253789290c029d25/kotlin-gradle-plugin-idea-proto-2.0.0.jar because:
2026-04-25T03:14:40.4432111Z   Caching not enabled.
2026-04-25T03:14:40.4450867Z Caching disabled for ExternalDependencyInstrumentingArtifactTransform: /home/runner/.gradle/caches/8.11.1/transforms/eb55e111921bd29a8d739e46a0167ce3/transformed/merge/instrumentation-dependencies.bin because:
2026-04-25T03:14:40.4492074Z   Caching not enabled.
2026-04-25T03:14:40.4523113Z Caching disabled for MergeInstrumentationAnalysisTransform: /home/runner/.gradle/caches/8.11.1/transforms/06e570ad03ba8ec6af9d57c5815a2f6a/transformed/analysis/instrumentation-hierarchy.bin because:
2026-04-25T03:14:40.4556261Z   Caching not enabled.
2026-04-25T03:14:40.4583154Z Caching disabled for MergeInstrumentationAnalysisTransform: /home/runner/.gradle/caches/8.11.1/transforms/8af8361188b6cc4d8e3fc275b06f213a/transformed/analysis/instrumentation-hierarchy.bin because:
2026-04-25T03:14:40.4600966Z   Caching not enabled.
2026-04-25T03:14:40.4643147Z Caching disabled for MergeInstrumentationAnalysisTransform: /home/runner/.gradle/caches/8.11.1/transforms/8af8361188b6cc4d8e3fc275b06f213a/transformed/analysis/instrumentation-dependencies.bin because:
2026-04-25T03:14:40.4652587Z   Caching not enabled.
2026-04-25T03:14:40.4654158Z Caching disabled for MergeInstrumentationAnalysisTransform: /home/runner/.gradle/caches/8.11.1/transforms/06e570ad03ba8ec6af9d57c5815a2f6a/transformed/analysis/instrumentation-dependencies.bin because:
2026-04-25T03:14:40.4656132Z   Caching not enabled.
2026-04-25T03:14:40.4657599Z Caching disabled for MergeInstrumentationAnalysisTransform: /home/runner/.gradle/caches/modules-2/files-2.1/net.sf.kxml/kxml2/2.3.0/ccbc77a5fd907ef863c29f3596c6f54ffa4e9442/kxml2-2.3.0.jar because:
2026-04-25T03:14:40.4659370Z   Caching not enabled.
2026-04-25T03:14:40.4661012Z Caching disabled for MergeInstrumentationAnalysisTransform: /home/runner/.gradle/caches/modules-2/files-2.1/org.bouncycastle/bcutil-jdk18on/1.79/ecfc5aef97cc7676ea0de5c53c407b9f533f0ad5/bcutil-jdk18on-1.79.jar because:
2026-04-25T03:14:40.4662885Z   Caching not enabled.
2026-04-25T03:14:40.4663736Z Transforming kxml2-2.3.0.jar (net.sf.kxml:kxml2:2.3.0) with ExternalDependencyInstrumentingArtifactTransform
2026-04-25T03:14:40.4665792Z Caching disabled for ExternalDependencyInstrumentingArtifactTransform: /home/runner/.gradle/caches/8.11.1/transforms/f71b068d8bd9be13594c2799ce4e07b2/transformed/merge/instrumentation-dependencies.bin because:
2026-04-25T03:14:40.4667482Z   Caching not enabled.
2026-04-25T03:14:40.4668540Z Transforming bcutil-jdk18on-1.79.jar (org.bouncycastle:bcutil-jdk18on:1.79) with ExternalDependencyInstrumentingArtifactTransform
2026-04-25T03:14:40.4670765Z Caching disabled for ExternalDependencyInstrumentingArtifactTransform: /home/runner/.gradle/caches/8.11.1/transforms/f8bd9a89057030576bc1ec3de5192437/transformed/merge/instrumentation-dependencies.bin because:
2026-04-25T03:14:40.4672596Z   Caching not enabled.
2026-04-25T03:14:40.4674221Z Caching disabled for ExternalDependencyInstrumentingArtifactTransform: /home/runner/.gradle/caches/modules-2/files-2.1/net.sf.kxml/kxml2/2.3.0/ccbc77a5fd907ef863c29f3596c6f54ffa4e9442/kxml2-2.3.0.jar because:
2026-04-25T03:14:40.4675810Z   Caching not enabled.
2026-04-25T03:14:40.4677271Z Caching disabled for MergeInstrumentationAnalysisTransform: /home/runner/.gradle/caches/8.11.1/transforms/46ba1c660d240070b4e1208c010314bf/transformed/analysis/instrumentation-hierarchy.bin because:
2026-04-25T03:14:40.4678840Z   Caching not enabled.
2026-04-25T03:14:40.4680317Z Caching disabled for MergeInstrumentationAnalysisTransform: /home/runner/.gradle/caches/8.11.1/transforms/46ba1c660d240070b4e1208c010314bf/transformed/analysis/instrumentation-dependencies.bin because:
2026-04-25T03:14:40.4682121Z   Caching not enabled.
2026-04-25T03:14:40.5087867Z Caching disabled for MergeInstrumentationAnalysisTransform: /home/runner/.gradle/caches/modules-2/files-2.1/org.bouncycastle/bcprov-jdk18on/1.79/4d8e2732bcee15f1db93df266c3f5b70ce5cac21/bcprov-jdk18on-1.79.jar because:
2026-04-25T03:14:40.5107324Z   Caching not enabled.
2026-04-25T03:14:40.5152632Z Transforming bcprov-jdk18on-1.79.jar (org.bouncycastle:bcprov-jdk18on:1.79) with ExternalDependencyInstrumentingArtifactTransform
2026-04-25T03:14:40.5154982Z Caching disabled for ExternalDependencyInstrumentingArtifactTransform: /home/runner/.gradle/caches/8.11.1/transforms/7cc1b51cce07de7bb512215149d08794/transformed/merge/instrumentation-dependencies.bin because:
2026-04-25T03:14:40.5182135Z   Caching not enabled.
2026-04-25T03:14:40.5213349Z Caching disabled for ExternalDependencyInstrumentingArtifactTransform: /home/runner/.gradle/caches/modules-2/files-2.1/org.bouncycastle/bcutil-jdk18on/1.79/ecfc5aef97cc7676ea0de5c53c407b9f533f0ad5/bcutil-jdk18on-1.79.jar because:
2026-04-25T03:14:40.5242013Z   Caching not enabled.
2026-04-25T03:14:40.5243594Z Caching disabled for MergeInstrumentationAnalysisTransform: /home/runner/.gradle/caches/8.11.1/transforms/686cef3399c037f8bdf1ca1f82349176/transformed/analysis/instrumentation-hierarchy.bin because:
2026-04-25T03:14:40.5272167Z   Caching not enabled.
2026-04-25T03:14:40.5303179Z Caching disabled for MergeInstrumentationAnalysisTransform: /home/runner/.gradle/caches/8.11.1/transforms/686cef3399c037f8bdf1ca1f82349176/transformed/analysis/instrumentation-dependencies.bin because:
2026-04-25T03:14:40.5332137Z   Caching not enabled.
2026-04-25T03:14:40.6103891Z Caching disabled for MergeInstrumentationAnalysisTransform: /home/runner/.gradle/caches/modules-2/files-2.1/org.apache.commons/commons-compress/1.21/4ec95b60d4e86b5c95a0e919cb172a0af98011ef/commons-compress-1.21.jar because:
2026-04-25T03:14:40.6142375Z   Caching not enabled.
2026-04-25T03:14:40.6144166Z Transforming commons-compress-1.21.jar (org.apache.commons:commons-compress:1.21) with ExternalDependencyInstrumentingArtifactTransform
2026-04-25T03:14:40.6146258Z Caching disabled for ExternalDependencyInstrumentingArtifactTransform: /home/runner/.gradle/caches/8.11.1/transforms/0255abc2a85e167226a72d4cca1ac6c2/transformed/merge/instrumentation-dependencies.bin because:
2026-04-25T03:14:40.6147385Z   Caching not enabled.
2026-04-25T03:14:40.6148900Z Caching disabled for ExternalDependencyInstrumentingArtifactTransform: /home/runner/.gradle/caches/modules-2/files-2.1/com.google.guava/guava/32.0.1-jre/6e5d51a72d142f2d40a57dfb897188b36a95b489/guava-32.0.1-jre.jar because:
2026-04-25T03:14:40.6149843Z   Caching not enabled.
2026-04-25T03:14:40.6150608Z Caching disabled for MergeInstrumentationAnalysisTransform: /home/runner/.gradle/caches/8.11.1/transforms/528b0b7e0c5f0d736157e1aaa3555b8e/transformed/analysis/instrumentation-hierarchy.bin because:
2026-04-25T03:14:40.6151407Z   Caching not enabled.
2026-04-25T03:14:40.6152732Z Caching disabled for MergeInstrumentationAnalysisTransform: /home/runner/.gradle/caches/8.11.1/transforms/528b0b7e0c5f0d736157e1aaa3555b8e/transformed/analysis/instrumentation-dependencies.bin because:
2026-04-25T03:14:40.6153931Z   Caching not enabled.
2026-04-25T03:14:40.6155240Z Caching disabled for MergeInstrumentationAnalysisTransform: /home/runner/.gradle/caches/modules-2/files-2.1/org.apache.httpcomponents/httpclient/4.5.14/1194890e6f56ec29177673f2f12d0b8e627dec98/httpclient-4.5.14.jar because:
2026-04-25T03:14:40.6156605Z   Caching not enabled.
2026-04-25T03:14:40.6157438Z Transforming httpclient-4.5.14.jar (org.apache.httpcomponents:httpclient:4.5.14) with ExternalDependencyInstrumentingArtifactTransform
2026-04-25T03:14:40.6158623Z Caching disabled for ExternalDependencyInstrumentingArtifactTransform: /home/runner/.gradle/caches/8.11.1/transforms/0a80455a7278d122ec5a0ca0d575b34b/transformed/merge/instrumentation-dependencies.bin because:
2026-04-25T03:14:40.6159462Z   Caching not enabled.
2026-04-25T03:14:40.8119022Z Caching disabled for ExternalDependencyInstrumentingArtifactTransform: /home/runner/.gradle/caches/modules-2/files-2.1/org.apache.httpcomponents/httpclient/4.5.14/1194890e6f56ec29177673f2f12d0b8e627dec98/httpclient-4.5.14.jar because:
2026-04-25T03:14:40.8148265Z   Caching not enabled.
2026-04-25T03:14:40.8204744Z Caching disabled for MergeInstrumentationAnalysisTransform: /home/runner/.gradle/caches/8.11.1/transforms/ab1fad55b0319298648f24bbf49f3e2d/transformed/analysis/instrumentation-hierarchy.bin because:
2026-04-25T03:14:40.8237705Z   Caching not enabled.
2026-04-25T03:14:40.8264277Z Caching disabled for MergeInstrumentationAnalysisTransform: /home/runner/.gradle/caches/8.11.1/transforms/ab1fad55b0319298648f24bbf49f3e2d/transformed/analysis/instrumentation-dependencies.bin because:
2026-04-25T03:14:40.8293056Z   Caching not enabled.
2026-04-25T03:14:40.8323415Z Caching disabled for MergeInstrumentationAnalysisTransform: /home/runner/.gradle/caches/modules-2/files-2.1/org.apache.httpcomponents/httpcore/4.4.16/51cf043c87253c9f58b539c9f7e44c8894223850/httpcore-4.4.16.jar because:
2026-04-25T03:14:40.8352282Z   Caching not enabled.
2026-04-25T03:14:40.8382666Z Transforming httpcore-4.4.16.jar (org.apache.httpcomponents:httpcore:4.4.16) with ExternalDependencyInstrumentingArtifactTransform
2026-04-25T03:14:40.8384991Z Caching disabled for ExternalDependencyInstrumentingArtifactTransform: /home/runner/.gradle/caches/8.11.1/transforms/9f44abcbd4ed8802ed59febda473227e/transformed/merge/instrumentation-dependencies.bin because:
2026-04-25T03:14:40.8412152Z   Caching not enabled.
2026-04-25T03:14:40.8443272Z Caching disabled for ExternalDependencyInstrumentingArtifactTransform: /home/runner/.gradle/caches/modules-2/files-2.1/org.apache.httpcomponents/httpcore/4.4.16/51cf043c87253c9f58b539c9f7e44c8894223850/httpcore-4.4.16.jar because:
2026-04-25T03:14:40.8472056Z   Caching not enabled.
2026-04-25T03:14:40.8474015Z Caching disabled for MergeInstrumentationAnalysisTransform: /home/runner/.gradle/caches/8.11.1/transforms/94cbda9b53819bc2a636b0f4e18af1d5/transformed/analysis/instrumentation-hierarchy.bin because:
2026-04-25T03:14:40.8502157Z   Caching not enabled.
2026-04-25T03:14:40.8533128Z Caching disabled for MergeInstrumentationAnalysisTransform: /home/runner/.gradle/caches/8.11.1/transforms/94cbda9b53819bc2a636b0f4e18af1d5/transformed/analysis/instrumentation-dependencies.bin because:
2026-04-25T03:14:40.8562201Z   Caching not enabled.
2026-04-25T03:14:40.8563987Z Caching disabled for MergeInstrumentationAnalysisTransform: /home/runner/.gradle/caches/modules-2/files-2.1/com.sun.activation/javax.activation/1.2.0/bf744c1e2776ed1de3c55c8dac1057ec331ef744/javax.activation-1.2.0.jar because:
2026-04-25T03:14:40.8592279Z   Caching not enabled.
2026-04-25T03:14:40.8623680Z Caching disabled for ExternalDependencyInstrumentingArtifactTransform: /home/runner/.gradle/caches/modules-2/files-2.1/org.apache.commons/commons-compress/1.21/4ec95b60d4e86b5c95a0e919cb172a0af98011ef/commons-compress-1.21.jar because:
2026-04-25T03:14:40.8652217Z   Caching not enabled.
2026-04-25T03:14:40.8673731Z Transforming javax.activation-1.2.0.jar (com.sun.activation:javax.activation:1.2.0) with ExternalDependencyInstrumentingArtifactTransform
2026-04-25T03:14:40.8683207Z Caching disabled for ExternalDependencyInstrumentingArtifactTransform: /home/runner/.gradle/caches/8.11.1/transforms/a3759bbb4a99cfb29a2008347a042fcd/transformed/merge/instrumentation-dependencies.bin because:
2026-04-25T03:14:40.8712239Z   Caching not enabled.
2026-04-25T03:14:40.8743243Z Caching disabled for MergeInstrumentationAnalysisTransform: /home/runner/.gradle/caches/8.11.1/transforms/bc27321c410813d112137616c2b022dd/transformed/analysis/instrumentation-hierarchy.bin because:
2026-04-25T03:14:40.8772190Z   Caching not enabled.
2026-04-25T03:14:40.8773812Z Caching disabled for MergeInstrumentationAnalysisTransform: /home/runner/.gradle/caches/8.11.1/transforms/bc27321c410813d112137616c2b022dd/transformed/analysis/instrumentation-dependencies.bin because:
2026-04-25T03:14:40.8804360Z   Caching not enabled.
2026-04-25T03:14:40.8833785Z Caching disabled for MergeInstrumentationAnalysisTransform: /home/runner/.gradle/caches/modules-2/files-2.1/com.android/signflinger/8.9.1/13f035dd8e7e470ff8f3216a0b46333187f26df5/signflinger-8.9.1.jar because:
2026-04-25T03:14:40.8862154Z   Caching not enabled.
2026-04-25T03:14:40.9133338Z Transforming signflinger-8.9.1.jar (com.android:signflinger:8.9.1) with ExternalDependencyInstrumentingArtifactTransform
2026-04-25T03:14:40.9141127Z Caching disabled for ExternalDependencyInstrumentingArtifactTransform: /home/runner/.gradle/caches/modules-2/files-2.1/com.sun.activation/javax.activation/1.2.0/bf744c1e2776ed1de3c55c8dac1057ec331ef744/javax.activation-1.2.0.jar because:
2026-04-25T03:14:40.9143040Z   Caching not enabled.
2026-04-25T03:14:40.9144190Z Caching disabled for ExternalDependencyInstrumentingArtifactTransform: /home/runner/.gradle/caches/8.11.1/transforms/2054e6fa56f07ae7200de70171a0e9f2/transformed/merge/instrumentation-dependencies.bin because:
2026-04-25T03:14:40.9145071Z   Caching not enabled.
2026-04-25T03:14:40.9145839Z Caching disabled for MergeInstrumentationAnalysisTransform: /home/runner/.gradle/caches/8.11.1/transforms/13962f14fdc02bcdcd88e9f4a209f5aa/transformed/analysis/instrumentation-hierarchy.bin because:
2026-04-25T03:14:40.9146683Z   Caching not enabled.
2026-04-25T03:14:40.9147488Z Caching disabled for MergeInstrumentationAnalysisTransform: /home/runner/.gradle/caches/8.11.1/transforms/13962f14fdc02bcdcd88e9f4a209f5aa/transformed/analysis/instrumentation-dependencies.bin because:
2026-04-25T03:14:40.9148291Z   Caching not enabled.
2026-04-25T03:14:40.9149091Z Caching disabled for MergeInstrumentationAnalysisTransform: /home/runner/.gradle/caches/modules-2/files-2.1/com.android/zipflinger/8.9.1/de8e3267995699af356740cf562cbedb485f5763/zipflinger-8.9.1.jar because:
2026-04-25T03:14:40.9150150Z   Caching not enabled.
2026-04-25T03:14:40.9150627Z Transforming zipflinger-8.9.1.jar (com.android:zipflinger:8.9.1) with ExternalDependencyInstrumentingArtifactTransform
2026-04-25T03:14:40.9152275Z Caching disabled for ExternalDependencyInstrumentingArtifactTransform: /home/runner/.gradle/caches/8.11.1/transforms/2853e9604ec27310361f17e805249dcf/transformed/merge/instrumentation-dependencies.bin because:
2026-04-25T03:14:40.9153715Z   Caching not enabled.
2026-04-25T03:14:40.9155172Z Caching disabled for ExternalDependencyInstrumentingArtifactTransform: /home/runner/.gradle/caches/modules-2/files-2.1/com.android/signflinger/8.9.1/13f035dd8e7e470ff8f3216a0b46333187f26df5/signflinger-8.9.1.jar because:
2026-04-25T03:14:40.9243331Z   Caching not enabled.
2026-04-25T03:14:40.9244862Z Caching disabled for ExternalDependencyInstrumentingArtifactTransform: /home/runner/.gradle/caches/modules-2/files-2.1/com.android/zipflinger/8.9.1/de8e3267995699af356740cf562cbedb485f5763/zipflinger-8.9.1.jar because:
2026-04-25T03:14:40.9246425Z   Caching not enabled.
2026-04-25T03:14:40.9247795Z Caching disabled for MergeInstrumentationAnalysisTransform: /home/runner/.gradle/caches/8.11.1/transforms/ee94275a1d7b4e42648bbf8c278c11d6/transformed/analysis/instrumentation-dependencies.bin because:
2026-04-25T03:14:40.9249224Z   Caching not enabled.
2026-04-25T03:14:40.9250596Z Caching disabled for MergeInstrumentationAnalysisTransform: /home/runner/.gradle/caches/modules-2/files-2.1/com.android.tools/annotations/31.9.1/1946e7f75bc1615b4abfc0f83899934dfcbdf1fc/annotations-31.9.1.jar because:
2026-04-25T03:14:40.9274380Z   Caching not enabled.
2026-04-25T03:14:40.9275881Z Caching disabled for MergeInstrumentationAnalysisTransform: /home/runner/.gradle/caches/8.11.1/transforms/24a50ce240ed87a9c70a448693ddc5db/transformed/analysis/instrumentation-hierarchy.bin because:
2026-04-25T03:14:40.9318687Z   Caching not enabled.
2026-04-25T03:14:40.9319621Z Transforming annotations-31.9.1.jar (com.android.tools:annotations:31.9.1) with ExternalDependencyInstrumentingArtifactTransform
2026-04-25T03:14:40.9321986Z Caching disabled for ExternalDependencyInstrumentingArtifactTransform: /home/runner/.gradle/caches/8.11.1/transforms/6d5b073d0e2ec5e9f1c16c9d7f9bf269/transformed/merge/instrumentation-dependencies.bin because:
2026-04-25T03:14:40.9323494Z   Caching not enabled.
2026-04-25T03:14:40.9324831Z Caching disabled for MergeInstrumentationAnalysisTransform: /home/runner/.gradle/caches/8.11.1/transforms/24a50ce240ed87a9c70a448693ddc5db/transformed/analysis/instrumentation-dependencies.bin because:
2026-04-25T03:14:40.9326214Z   Caching not enabled.
2026-04-25T03:14:40.9327691Z Caching disabled for ExternalDependencyInstrumentingArtifactTransform: /home/runner/.gradle/caches/modules-2/files-2.1/com.android.tools/annotations/31.9.1/1946e7f75bc1615b4abfc0f83899934dfcbdf1fc/annotations-31.9.1.jar because:
2026-04-25T03:14:40.9329248Z   Caching not enabled.
2026-04-25T03:14:40.9330519Z Caching disabled for MergeInstrumentationAnalysisTransform: /home/runner/.gradle/caches/8.11.1/transforms/6e215852818cd4357048c3e2b493a66f/transformed/analysis/instrumentation-hierarchy.bin because:
2026-04-25T03:14:40.9362208Z   Caching not enabled.
2026-04-25T03:14:40.9363673Z Caching disabled for MergeInstrumentationAnalysisTransform: /home/runner/.gradle/caches/8.11.1/transforms/6e215852818cd4357048c3e2b493a66f/transformed/analysis/instrumentation-dependencies.bin because:
2026-04-25T03:14:40.9365137Z   Caching not enabled.
2026-04-25T03:14:40.9366621Z Caching disabled for MergeInstrumentationAnalysisTransform: /home/runner/.gradle/caches/modules-2/files-2.1/net.java.dev.jna/jna-platform/5.6.0/d18424ffb8bbfd036d71bcaab9b546858f2ef986/jna-platform-5.6.0.jar because:
2026-04-25T03:14:40.9368115Z   Caching not enabled.
2026-04-25T03:14:40.9369692Z Caching disabled for MergeInstrumentationAnalysisTransform: /home/runner/.gradle/caches/modules-2/files-2.1/com.googlecode.juniversalchardet/juniversalchardet/1.0.3/cd49678784c46aa8789c060538e0154013bb421b/juniversalchardet-1.0.3.jar because:
2026-04-25T03:14:40.9371760Z   Caching not enabled.
2026-04-25T03:14:40.9372771Z Transforming jna-platform-5.6.0.jar (net.java.dev.jna:jna-platform:5.6.0) with ExternalDependencyInstrumentingArtifactTransform
2026-04-25T03:14:40.9402151Z Transforming juniversalchardet-1.0.3.jar (com.googlecode.juniversalchardet:juniversalchardet:1.0.3) with ExternalDependencyInstrumentingArtifactTransform
2026-04-25T03:14:40.9404388Z Caching disabled for ExternalDependencyInstrumentingArtifactTransform: /home/runner/.gradle/caches/8.11.1/transforms/0fa8c13e6013c58794970c79f0c34a62/transformed/merge/instrumentation-dependencies.bin because:
2026-04-25T03:14:40.9405841Z   Caching not enabled.
2026-04-25T03:14:40.9407263Z Caching disabled for ExternalDependencyInstrumentingArtifactTransform: /home/runner/.gradle/caches/8.11.1/transforms/006a57820d1fe5616897c2340abec306/transformed/merge/instrumentation-dependencies.bin because:
2026-04-25T03:14:40.9408764Z   Caching not enabled.
2026-04-25T03:14:41.0124071Z Caching disabled for ExternalDependencyInstrumentingArtifactTransform: /home/runner/.gradle/caches/modules-2/files-2.1/com.googlecode.juniversalchardet/juniversalchardet/1.0.3/cd49678784c46aa8789c060538e0154013bb421b/juniversalchardet-1.0.3.jar because:
2026-04-25T03:14:41.0152259Z   Caching not enabled.
2026-04-25T03:14:41.0153928Z Caching disabled for MergeInstrumentationAnalysisTransform: /home/runner/.gradle/caches/8.11.1/transforms/aee390cd6e625227a3cce553385b5a84/transformed/analysis/instrumentation-dependencies.bin because:
2026-04-25T03:14:41.0182037Z   Caching not enabled.
2026-04-25T03:14:41.0213545Z Caching disabled for MergeInstrumentationAnalysisTransform: /home/runner/.gradle/caches/modules-2/files-2.1/javax.annotation/javax.annotation-api/1.3.2/934c04d3cfef185a8008e7bf34331b79730a9d43/javax.annotation-api-1.3.2.jar because:
2026-04-25T03:14:41.0242233Z   Caching not enabled.
2026-04-25T03:14:41.0255847Z Transforming javax.annotation-api-1.3.2.jar (javax.annotation:javax.annotation-api:1.3.2) with ExternalDependencyInstrumentingArtifactTransform
2026-04-25T03:14:41.0273199Z Caching disabled for ExternalDependencyInstrumentingArtifactTransform: /home/runner/.gradle/caches/8.11.1/transforms/dad93de659626db7f43fbcfdef756a6f/transformed/merge/instrumentation-dependencies.bin because:
2026-04-25T03:14:41.0302093Z   Caching not enabled.
2026-04-25T03:14:41.0333427Z Caching disabled for ExternalDependencyInstrumentingArtifactTransform: /home/runner/.gradle/caches/modules-2/files-2.1/javax.annotation/javax.annotation-api/1.3.2/934c04d3cfef185a8008e7bf34331b79730a9d43/javax.annotation-api-1.3.2.jar because:
2026-04-25T03:14:41.0362034Z   Caching not enabled.
2026-04-25T03:14:41.0363639Z Caching disabled for MergeInstrumentationAnalysisTransform: /home/runner/.gradle/caches/8.11.1/transforms/8c6c65feada3d8607290dfa09461768d/transformed/analysis/instrumentation-hierarchy.bin because:
2026-04-25T03:14:41.0392149Z   Caching not enabled.
2026-04-25T03:14:41.0423137Z Caching disabled for MergeInstrumentationAnalysisTransform: /home/runner/.gradle/caches/8.11.1/transforms/8c6c65feada3d8607290dfa09461768d/transformed/analysis/instrumentation-dependencies.bin because:
2026-04-25T03:14:41.0452071Z   Caching not enabled.
2026-04-25T03:14:41.0453749Z Caching disabled for MergeInstrumentationAnalysisTransform: /home/runner/.gradle/caches/modules-2/files-2.1/org.jvnet.staxex/stax-ex/1.8.1/78011e483a21102fb4858f3e8f269a677e50aa23/stax-ex-1.8.1.jar because:
2026-04-25T03:14:41.0482151Z   Caching not enabled.
2026-04-25T03:14:41.0512627Z Transforming stax-ex-1.8.1.jar (org.jvnet.staxex:stax-ex:1.8.1) with ExternalDependencyInstrumentingArtifactTransform
2026-04-25T03:14:41.0543251Z Caching disabled for ExternalDependencyInstrumentingArtifactTransform: /home/runner/.gradle/caches/8.11.1/transforms/8d8f9c9b95d960bfb4ba2ad5cb93ddf1/transformed/merge/instrumentation-dependencies.bin because:
2026-04-25T03:14:41.0545307Z   Caching not enabled.
2026-04-25T03:14:41.1112348Z Caching disabled for ExternalDependencyInstrumentingArtifactTransform: /home/runner/.gradle/caches/modules-2/files-2.1/org.jvnet.staxex/stax-ex/1.8.1/78011e483a21102fb4858f3e8f269a677e50aa23/stax-ex-1.8.1.jar because:
2026-04-25T03:14:41.1132592Z   Caching not enabled.
2026-04-25T03:14:41.1134144Z Caching disabled for MergeInstrumentationAnalysisTransform: /home/runner/.gradle/caches/8.11.1/transforms/eec776cf6041d922ddf53b0725907a93/transformed/analysis/instrumentation-hierarchy.bin because:
2026-04-25T03:14:41.1162154Z   Caching not enabled.
2026-04-25T03:14:41.1193054Z Caching disabled for MergeInstrumentationAnalysisTransform: /home/runner/.gradle/caches/8.11.1/transforms/eec776cf6041d922ddf53b0725907a93/transformed/analysis/instrumentation-dependencies.bin because:
2026-04-25T03:14:41.1222242Z   Caching not enabled.
2026-04-25T03:14:41.1224044Z Caching disabled for MergeInstrumentationAnalysisTransform: /home/runner/.gradle/caches/modules-2/files-2.1/jakarta.xml.bind/jakarta.xml.bind-api/2.3.2/8d49996a4338670764d7ca4b85a1c4ccf7fe665d/jakarta.xml.bind-api-2.3.2.jar because:
2026-04-25T03:14:41.1252354Z   Caching not enabled.
2026-04-25T03:14:41.1282836Z Transforming jakarta.xml.bind-api-2.3.2.jar (jakarta.xml.bind:jakarta.xml.bind-api:2.3.2) with ExternalDependencyInstrumentingArtifactTransform
2026-04-25T03:14:41.1313213Z Caching disabled for ExternalDependencyInstrumentingArtifactTransform: /home/runner/.gradle/caches/8.11.1/transforms/537fe886ffefca4211dfeb891f70f5a1/transformed/merge/instrumentation-dependencies.bin because:
2026-04-25T03:14:41.1330569Z   Caching not enabled.
2026-04-25T03:14:41.1343570Z Caching disabled for ExternalDependencyInstrumentingArtifactTransform: /home/runner/.gradle/caches/modules-2/files-2.1/jakarta.xml.bind/jakarta.xml.bind-api/2.3.2/8d49996a4338670764d7ca4b85a1c4ccf7fe665d/jakarta.xml.bind-api-2.3.2.jar because:
2026-04-25T03:14:41.1372163Z   Caching not enabled.
2026-04-25T03:14:41.1403164Z Caching disabled for MergeInstrumentationAnalysisTransform: /home/runner/.gradle/caches/8.11.1/transforms/82bdc092ccd7982c1f14769fd7f90d16/transformed/analysis/instrumentation-hierarchy.bin because:
2026-04-25T03:14:41.1431930Z   Caching not enabled.
2026-04-25T03:14:41.1433468Z Caching disabled for MergeInstrumentationAnalysisTransform: /home/runner/.gradle/caches/8.11.1/transforms/82bdc092ccd7982c1f14769fd7f90d16/transformed/analysis/instrumentation-dependencies.bin because:
2026-04-25T03:14:41.1462123Z   Caching not enabled.
2026-04-25T03:14:41.1493171Z Caching disabled for MergeInstrumentationAnalysisTransform: /home/runner/.gradle/caches/modules-2/files-2.1/org.glassfish.jaxb/txw2/2.3.2/ce5be7da2e442c25ec14c766cb60cb802741727b/txw2-2.3.2.jar because:
2026-04-25T03:14:41.1494757Z   Caching not enabled.
2026-04-25T03:14:41.1522660Z Transforming txw2-2.3.2.jar (org.glassfish.jaxb:txw2:2.3.2) with ExternalDependencyInstrumentingArtifactTransform
2026-04-25T03:14:41.1553429Z Caching disabled for ExternalDependencyInstrumentingArtifactTransform: /home/runner/.gradle/caches/8.11.1/transforms/7683e3556b8ce91418ee3494afc5686c/transformed/merge/instrumentation-dependencies.bin because:
2026-04-25T03:14:41.1582205Z   Caching not enabled.
2026-04-25T03:14:41.1584432Z Caching disabled for ExternalDependencyInstrumentingArtifactTransform: /home/runner/.gradle/caches/modules-2/files-2.1/org.glassfish.jaxb/txw2/2.3.2/ce5be7da2e442c25ec14c766cb60cb802741727b/txw2-2.3.2.jar because:
2026-04-25T03:14:41.1587369Z   Caching not enabled.
2026-04-25T03:14:41.1623290Z Caching disabled for MergeInstrumentationAnalysisTransform: /home/runner/.gradle/caches/8.11.1/transforms/fe4f9c9dca93364ec30b50e6dda7f3d7/transformed/analysis/instrumentation-hierarchy.bin because:
2026-04-25T03:14:41.1652131Z   Caching not enabled.
2026-04-25T03:14:41.1678650Z Caching disabled for MergeInstrumentationAnalysisTransform: /home/runner/.gradle/caches/8.11.1/transforms/fe4f9c9dca93364ec30b50e6dda7f3d7/transformed/analysis/instrumentation-dependencies.bin because:
2026-04-25T03:14:41.1702161Z   Caching not enabled.
2026-04-25T03:14:41.2148989Z Caching disabled for MergeInstrumentationAnalysisTransform: /home/runner/.gradle/caches/modules-2/files-2.1/com.sun.istack/istack-commons-runtime/3.0.8/d6a97364045aa6b99bf2d3c566a3f98599c2d296/istack-commons-runtime-3.0.8.jar because:
2026-04-25T03:14:41.2162721Z   Caching not enabled.
2026-04-25T03:14:41.2178890Z Transforming istack-commons-runtime-3.0.8.jar (com.sun.istack:istack-commons-runtime:3.0.8) with ExternalDependencyInstrumentingArtifactTransform
2026-04-25T03:14:41.2193310Z Caching disabled for ExternalDependencyInstrumentingArtifactTransform: /home/runner/.gradle/caches/8.11.1/transforms/6316bddc95e099fcdf730271b81b401a/transformed/merge/instrumentation-dependencies.bin because:
2026-04-25T03:14:41.2222204Z   Caching not enabled.
2026-04-25T03:14:41.2253474Z Caching disabled for ExternalDependencyInstrumentingArtifactTransform: /home/runner/.gradle/caches/modules-2/files-2.1/com.sun.istack/istack-commons-runtime/3.0.8/d6a97364045aa6b99bf2d3c566a3f98599c2d296/istack-commons-runtime-3.0.8.jar because:
2026-04-25T03:14:41.2282119Z   Caching not enabled.
2026-04-25T03:14:41.2283837Z Caching disabled for ExternalDependencyInstrumentingArtifactTransform: /home/runner/.gradle/caches/modules-2/files-2.1/net.java.dev.jna/jna-platform/5.6.0/d18424ffb8bbfd036d71bcaab9b546858f2ef986/jna-platform-5.6.0.jar because:
2026-04-25T03:14:41.2312217Z   Caching not enabled.
2026-04-25T03:14:41.2343243Z Caching disabled for MergeInstrumentationAnalysisTransform: /home/runner/.gradle/caches/8.11.1/transforms/48dcc3736078f5644b024d35d4bb595a/transformed/analysis/instrumentation-hierarchy.bin because:
2026-04-25T03:14:41.2363610Z   Caching not enabled.
2026-04-25T03:14:41.2373091Z Caching disabled for MergeInstrumentationAnalysisTransform: /home/runner/.gradle/caches/8.11.1/transforms/48dcc3736078f5644b024d35d4bb595a/transformed/analysis/instrumentation-dependencies.bin because:
2026-04-25T03:14:41.2402529Z   Caching not enabled.
2026-04-25T03:14:41.2433238Z Caching disabled for MergeInstrumentationAnalysisTransform: /home/runner/.gradle/caches/8.11.1/transforms/2a2952ca0856864fe98037fc5d5c8b70/transformed/analysis/instrumentation-hierarchy.bin because:
2026-04-25T03:14:41.2462166Z   Caching not enabled.
2026-04-25T03:14:41.2463723Z Caching disabled for MergeInstrumentationAnalysisTransform: /home/runner/.gradle/caches/8.11.1/transforms/2a2952ca0856864fe98037fc5d5c8b70/transformed/analysis/instrumentation-dependencies.bin because:
2026-04-25T03:14:41.2492076Z   Caching not enabled.
2026-04-25T03:14:41.2523307Z Caching disabled for MergeInstrumentationAnalysisTransform: /home/runner/.gradle/caches/modules-2/files-2.1/com.sun.xml.fastinfoset/FastInfoset/1.2.16/4eb6a0adad553bf759ffe86927df6f3b848c8bea/FastInfoset-1.2.16.jar because:
2026-04-25T03:14:41.2542292Z   Caching not enabled.
2026-04-25T03:14:41.2572759Z Transforming FastInfoset-1.2.16.jar (com.sun.xml.fastinfoset:FastInfoset:1.2.16) with ExternalDependencyInstrumentingArtifactTransform
2026-04-25T03:14:41.2583294Z Caching disabled for ExternalDependencyInstrumentingArtifactTransform: /home/runner/.gradle/caches/8.11.1/transforms/1c79eb6171e5da24e9494b10bfdf3e8b/transformed/merge/instrumentation-dependencies.bin because:
2026-04-25T03:14:41.2612170Z   Caching not enabled.
2026-04-25T03:14:41.2643521Z Caching disabled for MergeInstrumentationAnalysisTransform: /home/runner/.gradle/caches/modules-2/files-2.1/jakarta.activation/jakarta.activation-api/1.2.1/562a587face36ec7eff2db7f2fc95425c6602bc1/jakarta.activation-api-1.2.1.jar because:
2026-04-25T03:14:41.2645401Z   Caching not enabled.
2026-04-25T03:14:41.2672842Z Transforming jakarta.activation-api-1.2.1.jar (jakarta.activation:jakarta.activation-api:1.2.1) with ExternalDependencyInstrumentingArtifactTransform
2026-04-25T03:14:41.2703225Z Caching disabled for ExternalDependencyInstrumentingArtifactTransform: /home/runner/.gradle/caches/8.11.1/transforms/ff520e487ca56b1ead8b39f4fd0f8a73/transformed/merge/instrumentation-dependencies.bin because:
2026-04-25T03:14:41.2732190Z   Caching not enabled.
2026-04-25T03:14:41.2746471Z Caching disabled for ExternalDependencyInstrumentingArtifactTransform: /home/runner/.gradle/caches/modules-2/files-2.1/jakarta.activation/jakarta.activation-api/1.2.1/562a587face36ec7eff2db7f2fc95425c6602bc1/jakarta.activation-api-1.2.1.jar because:
2026-04-25T03:14:41.2762450Z   Caching not enabled.
2026-04-25T03:14:41.2793214Z Caching disabled for MergeInstrumentationAnalysisTransform: /home/runner/.gradle/caches/8.11.1/transforms/3a0e7411470e2a90bf24358953a318b4/transformed/analysis/instrumentation-dependencies.bin because:
2026-04-25T03:14:41.2822160Z   Caching not enabled.
2026-04-25T03:14:41.2833427Z Caching disabled for MergeInstrumentationAnalysisTransform: /home/runner/.gradle/caches/modules-2/files-2.1/com.google.auto.value/auto-value-annotations/1.6.2/ed193d86e0af90cc2342aedbe73c5d86b03fa09b/auto-value-annotations-1.6.2.jar because:
2026-04-25T03:14:41.2852208Z   Caching not enabled.
2026-04-25T03:14:41.2883011Z Transforming auto-value-annotations-1.6.2.jar (com.google.auto.value:auto-value-annotations:1.6.2) with ExternalDependencyInstrumentingArtifactTransform
2026-04-25T03:14:41.2903190Z Caching disabled for ExternalDependencyInstrumentingArtifactTransform: /home/runner/.gradle/caches/8.11.1/transforms/a330152e559ade1bf77e3269b2418f91/transformed/merge/instrumentation-dependencies.bin because:
2026-04-25T03:14:41.2912329Z   Caching not enabled.
2026-04-25T03:14:41.2943563Z Caching disabled for ExternalDependencyInstrumentingArtifactTransform: /home/runner/.gradle/caches/modules-2/files-2.1/com.google.auto.value/auto-value-annotations/1.6.2/ed193d86e0af90cc2342aedbe73c5d86b03fa09b/auto-value-annotations-1.6.2.jar because:
2026-04-25T03:14:41.2972174Z   Caching not enabled.
2026-04-25T03:14:41.3003243Z Caching disabled for MergeInstrumentationAnalysisTransform: /home/runner/.gradle/caches/8.11.1/transforms/3981cff03937e2e3037d7d5cdc9411f6/transformed/analysis/instrumentation-dependencies.bin because:
2026-04-25T03:14:41.3004950Z   Caching not enabled.
2026-04-25T03:14:41.3079556Z Caching disabled for ExternalDependencyInstrumentingArtifactTransform: /home/runner/.gradle/caches/modules-2/files-2.1/com.sun.xml.fastinfoset/FastInfoset/1.2.16/4eb6a0adad553bf759ffe86927df6f3b848c8bea/FastInfoset-1.2.16.jar because:
2026-04-25T03:14:41.3092264Z   Caching not enabled.
2026-04-25T03:14:41.3123478Z Caching disabled for MergeInstrumentationAnalysisTransform: /home/runner/.gradle/caches/modules-2/files-2.1/com.google.errorprone/error_prone_annotations/2.18.0/89b684257096f548fa39a7df9fdaa409d4d4df91/error_prone_annotations-2.18.0.jar because:
2026-04-25T03:14:41.3152141Z   Caching not enabled.
2026-04-25T03:14:41.3180592Z Transforming error_prone_annotations-2.18.0.jar (com.google.errorprone:error_prone_annotations:2.18.0) with ExternalDependencyInstrumentingArtifactTransform
2026-04-25T03:14:41.3191174Z Caching disabled for ExternalDependencyInstrumentingArtifactTransform: /home/runner/.gradle/caches/8.11.1/transforms/974fe1e01bbb7ef7a10c742256559ef8/transformed/merge/instrumentation-dependencies.bin because:
2026-04-25T03:14:41.3212191Z   Caching not enabled.
2026-04-25T03:14:41.3243190Z Caching disabled for MergeInstrumentationAnalysisTransform: /home/runner/.gradle/caches/8.11.1/transforms/108c78551205ed5acf4373105f9956da/transformed/analysis/instrumentation-hierarchy.bin because:
2026-04-25T03:14:41.3262970Z   Caching not enabled.
2026-04-25T03:14:41.3273134Z Caching disabled for MergeInstrumentationAnalysisTransform: /home/runner/.gradle/caches/8.11.1/transforms/108c78551205ed5acf4373105f9956da/transformed/analysis/instrumentation-dependencies.bin because:
2026-04-25T03:14:41.3298768Z   Caching not enabled.
2026-04-25T03:14:41.3323555Z Caching disabled for ExternalDependencyInstrumentingArtifactTransform: /home/runner/.gradle/caches/modules-2/files-2.1/com.google.errorprone/error_prone_annotations/2.18.0/89b684257096f548fa39a7df9fdaa409d4d4df91/error_prone_annotations-2.18.0.jar because:
2026-04-25T03:14:41.3352137Z   Caching not enabled.
2026-04-25T03:14:41.3383234Z Caching disabled for MergeInstrumentationAnalysisTransform: /home/runner/.gradle/caches/modules-2/files-2.1/org.bitbucket.b_c/jose4j/0.9.5/e4ca26802488e6f16e24558d74ac8775a955fdd3/jose4j-0.9.5.jar because:
2026-04-25T03:14:41.3402060Z   Caching not enabled.
2026-04-25T03:14:41.3412958Z Transforming jose4j-0.9.5.jar (org.bitbucket.b_c:jose4j:0.9.5) with ExternalDependencyInstrumentingArtifactTransform
2026-04-25T03:14:41.3443197Z Caching disabled for ExternalDependencyInstrumentingArtifactTransform: /home/runner/.gradle/caches/8.11.1/transforms/e5fb6904eba46212f7f78feeeab2ccc7/transformed/merge/instrumentation-dependencies.bin because:
2026-04-25T03:14:41.3472167Z   Caching not enabled.
2026-04-25T03:14:41.3503173Z Caching disabled for MergeInstrumentationAnalysisTransform: /home/runner/.gradle/caches/8.11.1/transforms/76f19ea149a395498b3b159df24a88f3/transformed/analysis/instrumentation-hierarchy.bin because:
2026-04-25T03:14:41.3504558Z   Caching not enabled.
2026-04-25T03:14:41.3533242Z Caching disabled for MergeInstrumentationAnalysisTransform: /home/runner/.gradle/caches/8.11.1/transforms/76f19ea149a395498b3b159df24a88f3/transformed/analysis/instrumentation-dependencies.bin because:
2026-04-25T03:14:41.3562295Z   Caching not enabled.
2026-04-25T03:14:41.3581182Z Caching disabled for MergeInstrumentationAnalysisTransform: /home/runner/.gradle/caches/modules-2/files-2.1/org.slf4j/slf4j-api/1.7.30/b5a4b6d16ab13e34a88fae84c35cd5d68cac922c/slf4j-api-1.7.30.jar because:
2026-04-25T03:14:41.3585537Z   Caching not enabled.
2026-04-25T03:14:41.3586510Z Transforming slf4j-api-1.7.30.jar (org.slf4j:slf4j-api:1.7.30) with ExternalDependencyInstrumentingArtifactTransform
2026-04-25T03:14:41.3588641Z Caching disabled for ExternalDependencyInstrumentingArtifactTransform: /home/runner/.gradle/caches/8.11.1/transforms/eb297ce30d8dccee58f2c53ef6a76e89/transformed/merge/instrumentation-dependencies.bin because:
2026-04-25T03:14:41.3612098Z   Caching not enabled.
2026-04-25T03:14:41.3643272Z Caching disabled for ExternalDependencyInstrumentingArtifactTransform: /home/runner/.gradle/caches/modules-2/files-2.1/org.slf4j/slf4j-api/1.7.30/b5a4b6d16ab13e34a88fae84c35cd5d68cac922c/slf4j-api-1.7.30.jar because:
2026-04-25T03:14:41.3645019Z   Caching not enabled.
2026-04-25T03:14:41.3673240Z Caching disabled for MergeInstrumentationAnalysisTransform: /home/runner/.gradle/caches/8.11.1/transforms/d72484417f5fceef9f91ea52de4abbfe/transformed/analysis/instrumentation-hierarchy.bin because:
2026-04-25T03:14:41.3674719Z   Caching not enabled.
2026-04-25T03:14:41.3676145Z Caching disabled for MergeInstrumentationAnalysisTransform: /home/runner/.gradle/caches/8.11.1/transforms/d72484417f5fceef9f91ea52de4abbfe/transformed/analysis/instrumentation-dependencies.bin because:
2026-04-25T03:14:41.3677613Z   Caching not enabled.
2026-04-25T03:14:41.3678836Z Caching disabled for MergeInstrumentationAnalysisTransform: /home/runner/.gradle/caches/modules-2/files-2.1/org.jdom/jdom2/2.0.6/6f14738ec2e9dd0011e343717fa624a10f8aab64/jdom2-2.0.6.jar because:
2026-04-25T03:14:41.3680215Z   Caching not enabled.
2026-04-25T03:14:41.3680916Z Transforming jdom2-2.0.6.jar (org.jdom:jdom2:2.0.6) with ExternalDependencyInstrumentingArtifactTransform
2026-04-25T03:14:41.3682889Z Caching disabled for ExternalDependencyInstrumentingArtifactTransform: /home/runner/.gradle/caches/8.11.1/transforms/df23a2fd57363184ba81011ec6321a85/transformed/merge/instrumentation-dependencies.bin because:
2026-04-25T03:14:41.3702184Z   Caching not enabled.
2026-04-25T03:14:41.3733263Z Caching disabled for ExternalDependencyInstrumentingArtifactTransform: /home/runner/.gradle/caches/modules-2/files-2.1/org.bitbucket.b_c/jose4j/0.9.5/e4ca26802488e6f16e24558d74ac8775a955fdd3/jose4j-0.9.5.jar because:
2026-04-25T03:14:41.3735020Z   Caching not enabled.
2026-04-25T03:14:41.3763158Z Caching disabled for MergeInstrumentationAnalysisTransform: /home/runner/.gradle/caches/8.11.1/transforms/8936c4344c296167aac66400cac033e5/transformed/analysis/instrumentation-hierarchy.bin because:
2026-04-25T03:14:41.3792149Z   Caching not enabled.
2026-04-25T03:14:41.3813404Z Caching disabled for MergeInstrumentationAnalysisTransform: /home/runner/.gradle/caches/8.11.1/transforms/8936c4344c296167aac66400cac033e5/transformed/analysis/instrumentation-dependencies.bin because:
2026-04-25T03:14:41.3831045Z   Caching not enabled.
2026-04-25T03:14:41.3853689Z Caching disabled for MergeInstrumentationAnalysisTransform: /home/runner/.gradle/caches/modules-2/files-2.1/com.google.code.findbugs/jsr305/3.0.2/25ea2e8b0c338a877313bd4672d3fe056ea78f0d/jsr305-3.0.2.jar because:
2026-04-25T03:14:41.3882349Z   Caching not enabled.
2026-04-25T03:14:41.3912724Z Transforming jsr305-3.0.2.jar (com.google.code.findbugs:jsr305:3.0.2) with ExternalDependencyInstrumentingArtifactTransform
2026-04-25T03:14:41.3914675Z Caching disabled for ExternalDependencyInstrumentingArtifactTransform: /home/runner/.gradle/caches/8.11.1/transforms/1ebc2096a0aa7f3da3a563fb8edf3a90/transformed/merge/instrumentation-dependencies.bin because:
2026-04-25T03:14:41.3916176Z   Caching not enabled.
2026-04-25T03:14:41.3917566Z Caching disabled for ExternalDependencyInstrumentingArtifactTransform: /home/runner/.gradle/caches/modules-2/files-2.1/com.google.code.findbugs/jsr305/3.0.2/25ea2e8b0c338a877313bd4672d3fe056ea78f0d/jsr305-3.0.2.jar because:
2026-04-25T03:14:41.3919039Z   Caching not enabled.
2026-04-25T03:14:41.4082868Z Caching disabled for MergeInstrumentationAnalysisTransform: /home/runner/.gradle/caches/8.11.1/transforms/c04a0e3a1af7d636af16bef9b86f3855/transformed/analysis/instrumentation-dependencies.bin because:
2026-04-25T03:14:41.4127983Z   Caching not enabled.
2026-04-25T03:14:41.4140580Z Caching disabled for MergeInstrumentationAnalysisTransform: /home/runner/.gradle/caches/modules-2/files-2.1/com.google.j2objc/j2objc-annotations/2.8/c85270e307e7b822f1086b93689124b89768e273/j2objc-annotations-2.8.jar because:
2026-04-25T03:14:41.4142426Z   Caching not enabled.
2026-04-25T03:14:41.4163680Z Transforming j2objc-annotations-2.8.jar (com.google.j2objc:j2objc-annotations:2.8) with ExternalDependencyInstrumentingArtifactTransform
2026-04-25T03:14:41.4193230Z Caching disabled for ExternalDependencyInstrumentingArtifactTransform: /home/runner/.gradle/caches/8.11.1/transforms/d5fadc8333b09bf7eaf5c1d2b00a30fa/transformed/merge/instrumentation-dependencies.bin because:
2026-04-25T03:14:41.4194862Z   Caching not enabled.
2026-04-25T03:14:41.4196493Z Caching disabled for ExternalDependencyInstrumentingArtifactTransform: /home/runner/.gradle/caches/modules-2/files-2.1/com.google.j2objc/j2objc-annotations/2.8/c85270e307e7b822f1086b93689124b89768e273/j2objc-annotations-2.8.jar because:
2026-04-25T03:14:41.4198201Z   Caching not enabled.
2026-04-25T03:14:41.4199607Z Caching disabled for MergeInstrumentationAnalysisTransform: /home/runner/.gradle/caches/8.11.1/transforms/add3c2e5147d560835f289a8e414bb78/transformed/analysis/instrumentation-dependencies.bin because:
2026-04-25T03:14:41.4201082Z   Caching not enabled.
2026-04-25T03:14:41.4202634Z Caching disabled for ExternalDependencyInstrumentingArtifactTransform: /home/runner/.gradle/caches/modules-2/files-2.1/org.jdom/jdom2/2.0.6/6f14738ec2e9dd0011e343717fa624a10f8aab64/jdom2-2.0.6.jar because:
2026-04-25T03:14:41.4204124Z   Caching not enabled.
2026-04-25T03:14:41.4205612Z Caching disabled for MergeInstrumentationAnalysisTransform: /home/runner/.gradle/caches/modules-2/files-2.1/org.checkerframework/checker-qual/3.33.0/de2b60b62da487644fc11f734e73c8b0b431238f/checker-qual-3.33.0.jar because:
2026-04-25T03:14:41.4207165Z   Caching not enabled.
2026-04-25T03:14:41.4208527Z Caching disabled for MergeInstrumentationAnalysisTransform: /home/runner/.gradle/caches/8.11.1/transforms/428915ef3bab04e9a0bcc82b20d30e7c/transformed/analysis/instrumentation-hierarchy.bin because:
2026-04-25T03:14:41.4233079Z   Caching not enabled.
2026-04-25T03:14:41.4234062Z Transforming checker-qual-3.33.0.jar (org.checkerframework:checker-qual:3.33.0) with ExternalDependencyInstrumentingArtifactTransform
2026-04-25T03:14:41.4236228Z Caching disabled for ExternalDependencyInstrumentingArtifactTransform: /home/runner/.gradle/caches/8.11.1/transforms/b4ca4563a55b86742e4c5e7d747a4c48/transformed/merge/instrumentation-dependencies.bin because:
2026-04-25T03:14:41.4238071Z   Caching not enabled.
2026-04-25T03:14:41.4239667Z Caching disabled for MergeInstrumentationAnalysisTransform: /home/runner/.gradle/caches/8.11.1/transforms/428915ef3bab04e9a0bcc82b20d30e7c/transformed/analysis/instrumentation-dependencies.bin because:
2026-04-25T03:14:41.4241142Z   Caching not enabled.
2026-04-25T03:14:41.4274151Z Caching disabled for MergeInstrumentationAnalysisTransform: /home/runner/.gradle/caches/modules-2/files-2.1/com.android.tools.build/apksig/8.9.1/f005788487574c7d6ba23dea63bf8cb3a4f164a6/apksig-8.9.1.jar because:
2026-04-25T03:14:41.4275679Z   Caching not enabled.
2026-04-25T03:14:41.4276561Z Transforming apksig-8.9.1.jar (com.android.tools.build:apksig:8.9.1) with ExternalDependencyInstrumentingArtifactTransform
2026-04-25T03:14:41.4278633Z Caching disabled for ExternalDependencyInstrumentingArtifactTransform: /home/runner/.gradle/caches/8.11.1/transforms/1b8f5efdb25835dd08129d16ca919b39/transformed/merge/instrumentation-dependencies.bin because:
2026-04-25T03:14:41.4280178Z   Caching not enabled.
2026-04-25T03:14:41.4281922Z Caching disabled for ExternalDependencyInstrumentingArtifactTransform: /home/runner/.gradle/caches/modules-2/files-2.1/org.checkerframework/checker-qual/3.33.0/de2b60b62da487644fc11f734e73c8b0b431238f/checker-qual-3.33.0.jar because:
2026-04-25T03:14:41.4283621Z   Caching not enabled.
2026-04-25T03:14:41.4285001Z Caching disabled for MergeInstrumentationAnalysisTransform: /home/runner/.gradle/caches/8.11.1/transforms/651c78d224563e7086fc3cf84e7d4da2/transformed/analysis/instrumentation-hierarchy.bin because:
2026-04-25T03:14:41.4286405Z   Caching not enabled.
2026-04-25T03:14:41.4287737Z Caching disabled for MergeInstrumentationAnalysisTransform: /home/runner/.gradle/caches/8.11.1/transforms/651c78d224563e7086fc3cf84e7d4da2/transformed/analysis/instrumentation-dependencies.bin because:
2026-04-25T03:14:41.4289172Z   Caching not enabled.
2026-04-25T03:14:41.4290551Z Caching disabled for MergeInstrumentationAnalysisTransform: /home/runner/.gradle/caches/modules-2/files-2.1/com.squareup/javawriter/2.5.0/81241ff7078ef14f42ea2a8995fa09c096256e6b/javawriter-2.5.0.jar because:
2026-04-25T03:14:41.4292154Z   Caching not enabled.
2026-04-25T03:14:41.4292992Z Transforming javawriter-2.5.0.jar (com.squareup:javawriter:2.5.0) with ExternalDependencyInstrumentingArtifactTransform
2026-04-25T03:14:41.4294838Z Caching disabled for ExternalDependencyInstrumentingArtifactTransform: /home/runner/.gradle/caches/8.11.1/transforms/13a440eeaf45467711f414e22edf351f/transformed/merge/instrumentation-dependencies.bin because:
2026-04-25T03:14:41.4296324Z   Caching not enabled.
2026-04-25T03:14:41.5084017Z Caching disabled for ExternalDependencyInstrumentingArtifactTransform: /home/runner/.gradle/caches/modules-2/files-2.1/com.squareup/javawriter/2.5.0/81241ff7078ef14f42ea2a8995fa09c096256e6b/javawriter-2.5.0.jar because:
2026-04-25T03:14:41.5085649Z   Caching not enabled.
2026-04-25T03:14:41.5087102Z Caching disabled for MergeInstrumentationAnalysisTransform: /home/runner/.gradle/caches/8.11.1/transforms/4a66e5fd3d317384902d79d253695879/transformed/analysis/instrumentation-dependencies.bin because:
2026-04-25T03:14:41.5088514Z   Caching not enabled.
2026-04-25T03:14:41.5090300Z Caching disabled for MergeInstrumentationAnalysisTransform: /home/runner/.gradle/caches/modules-2/files-2.1/org.jetbrains.kotlin/kotlin-gradle-plugin-annotations/2.0.0/4d00ed44eb30a888234724ba8ff46e1ed5c1546d/kotlin-gradle-plugin-annotations-2.0.0.jar because:
2026-04-25T03:14:41.5092331Z   Caching not enabled.
2026-04-25T03:14:41.5097493Z Transforming kotlin-gradle-plugin-annotations-2.0.0.jar (org.jetbrains.kotlin:kotlin-gradle-plugin-annotations:2.0.0) with ExternalDependencyInstrumentingArtifactTransform
2026-04-25T03:14:41.5099844Z Caching disabled for ExternalDependencyInstrumentingArtifactTransform: /home/runner/.gradle/caches/8.11.1/transforms/ed174fcef1729144e649f2eacba9062e/transformed/merge/instrumentation-dependencies.bin because:
2026-04-25T03:14:41.5112362Z   Caching not enabled.
2026-04-25T03:14:41.5114223Z Caching disabled for ExternalDependencyInstrumentingArtifactTransform: /home/runner/.gradle/caches/modules-2/files-2.1/org.jetbrains.kotlin/kotlin-gradle-plugin-annotations/2.0.0/4d00ed44eb30a888234724ba8ff46e1ed5c1546d/kotlin-gradle-plugin-annotations-2.0.0.jar because:
2026-04-25T03:14:41.5115941Z   Caching not enabled.
2026-04-25T03:14:41.5117123Z Caching disabled for MergeInstrumentationAnalysisTransform: /home/runner/.gradle/caches/8.11.1/transforms/922f58d042423319cf1aaa2b60b8dfab/transformed/analysis/instrumentation-hierarchy.bin because:
2026-04-25T03:14:41.5118266Z   Caching not enabled.
2026-04-25T03:14:41.5119432Z Caching disabled for MergeInstrumentationAnalysisTransform: /home/runner/.gradle/caches/8.11.1/transforms/922f58d042423319cf1aaa2b60b8dfab/transformed/analysis/instrumentation-dependencies.bin because:
2026-04-25T03:14:41.5120727Z   Caching not enabled.
2026-04-25T03:14:41.5172640Z Caching disabled for MergeInstrumentationAnalysisTransform: /home/runner/.gradle/caches/modules-2/files-2.1/org.jetbrains.kotlin/kotlin-tooling-core/2.0.0/1ac0c3686d77f70bc5981872121d812dc8182935/kotlin-tooling-core-2.0.0.jar because:
2026-04-25T03:14:41.5174213Z   Caching not enabled.
2026-04-25T03:14:41.5175191Z Transforming kotlin-tooling-core-2.0.0.jar (org.jetbrains.kotlin:kotlin-tooling-core:2.0.0) with ExternalDependencyInstrumentingArtifactTransform
2026-04-25T03:14:41.5177099Z Caching disabled for ExternalDependencyInstrumentingArtifactTransform: /home/runner/.gradle/caches/8.11.1/transforms/f7621c1914114ed586d709f3ead13b9e/transformed/merge/instrumentation-dependencies.bin because:
2026-04-25T03:14:41.5178503Z   Caching not enabled.
2026-04-25T03:14:41.5179888Z Caching disabled for ExternalDependencyInstrumentingArtifactTransform: /home/runner/.gradle/caches/modules-2/files-2.1/com.android.tools.build/apksig/8.9.1/f005788487574c7d6ba23dea63bf8cb3a4f164a6/apksig-8.9.1.jar because:
2026-04-25T03:14:41.5181320Z   Caching not enabled.
2026-04-25T03:14:41.6104910Z Caching disabled for MergeInstrumentationAnalysisTransform: /home/runner/.gradle/caches/8.11.1/transforms/250fc9b6d4677f9c4f6fdc423e71abbf/transformed/analysis/instrumentation-hierarchy.bin because:
2026-04-25T03:14:41.6120897Z   Caching not enabled.
2026-04-25T03:14:41.6143141Z Caching disabled for MergeInstrumentationAnalysisTransform: /home/runner/.gradle/caches/8.11.1/transforms/250fc9b6d4677f9c4f6fdc423e71abbf/transformed/analysis/instrumentation-dependencies.bin because:
2026-04-25T03:14:41.6144645Z   Caching not enabled.
2026-04-25T03:14:41.6146279Z Caching disabled for ExternalDependencyInstrumentingArtifactTransform: /home/runner/.gradle/caches/modules-2/files-2.1/org.jetbrains.kotlin/kotlin-tooling-core/2.0.0/1ac0c3686d77f70bc5981872121d812dc8182935/kotlin-tooling-core-2.0.0.jar because:
2026-04-25T03:14:41.6148034Z   Caching not enabled.
2026-04-25T03:14:41.6149352Z Caching disabled for MergeInstrumentationAnalysisTransform: /home/runner/.gradle/caches/8.11.1/transforms/79629ecbfe453d42ef0ee850c45b3cef/transformed/analysis/instrumentation-hierarchy.bin because:
2026-04-25T03:14:41.6150757Z   Caching not enabled.
2026-04-25T03:14:41.6152296Z Caching disabled for MergeInstrumentationAnalysisTransform: /home/runner/.gradle/caches/8.11.1/transforms/79629ecbfe453d42ef0ee850c45b3cef/transformed/analysis/instrumentation-dependencies.bin because:
2026-04-25T03:14:41.6153747Z   Caching not enabled.
2026-04-25T03:14:41.6155332Z Caching disabled for MergeInstrumentationAnalysisTransform: /home/runner/.gradle/caches/modules-2/files-2.1/org.jetbrains.kotlin/kotlin-daemon-client/2.0.0/42b189ff60bee1f674bf4bd806014cd8a519b73f/kotlin-daemon-client-2.0.0.jar because:
2026-04-25T03:14:41.6156938Z   Caching not enabled.
2026-04-25T03:14:41.6157933Z Transforming kotlin-daemon-client-2.0.0.jar (org.jetbrains.kotlin:kotlin-daemon-client:2.0.0) with ExternalDependencyInstrumentingArtifactTransform
2026-04-25T03:14:41.6160401Z Caching disabled for ExternalDependencyInstrumentingArtifactTransform: /home/runner/.gradle/caches/8.11.1/transforms/d6787425b2b6100a368c84831a3dab60/transformed/merge/instrumentation-dependencies.bin because:
2026-04-25T03:14:41.6162341Z   Caching not enabled.
2026-04-25T03:14:41.6163996Z Caching disabled for MergeInstrumentationAnalysisTransform: /home/runner/.gradle/caches/modules-2/files-2.1/org.jetbrains.kotlinx/kotlinx-coroutines-core-jvm/1.5.0/d8cebccdcddd029022aa8646a5a953ff88b13ac8/kotlinx-coroutines-core-jvm-1.5.0.jar because:
2026-04-25T03:14:41.6165754Z   Caching not enabled.
2026-04-25T03:14:41.6167393Z Caching disabled for ExternalDependencyInstrumentingArtifactTransform: /home/runner/.gradle/caches/modules-2/files-2.1/org.jetbrains.kotlin/kotlin-daemon-client/2.0.0/42b189ff60bee1f674bf4bd806014cd8a519b73f/kotlin-daemon-client-2.0.0.jar because:
2026-04-25T03:14:41.6169110Z   Caching not enabled.
2026-04-25T03:14:41.6170295Z Transforming kotlinx-coroutines-core-jvm-1.5.0.jar (org.jetbrains.kotlinx:kotlinx-coroutines-core-jvm:1.5.0) with ExternalDependencyInstrumentingArtifactTransform
2026-04-25T03:14:41.6202956Z Caching disabled for ExternalDependencyInstrumentingArtifactTransform: /home/runner/.gradle/caches/8.11.1/transforms/82c9d0cd47ac211aab7d6da6850884a0/transformed/merge/instrumentation-dependencies.bin because:
2026-04-25T03:14:41.6204487Z   Caching not enabled.
2026-04-25T03:14:41.6205685Z Caching disabled for MergeInstrumentationAnalysisTransform: /home/runner/.gradle/caches/8.11.1/transforms/97640729bef5b4a166e024fed70598d6/transformed/analysis/instrumentation-hierarchy.bin because:
2026-04-25T03:14:41.6207004Z   Caching not enabled.
2026-04-25T03:14:41.6208269Z Caching disabled for MergeInstrumentationAnalysisTransform: /home/runner/.gradle/caches/8.11.1/transforms/97640729bef5b4a166e024fed70598d6/transformed/analysis/instrumentation-dependencies.bin because:
2026-04-25T03:14:41.6209642Z   Caching not enabled.
2026-04-25T03:14:41.6211091Z Caching disabled for MergeInstrumentationAnalysisTransform: /home/runner/.gradle/caches/modules-2/files-2.1/org.jetbrains.kotlin/kotlin-util-io/2.0.0/b99cf9311bece174111296392b11c662b5fc1949/kotlin-util-io-2.0.0.jar because:
2026-04-25T03:14:41.6223085Z   Caching not enabled.
2026-04-25T03:14:41.7123218Z Transforming kotlin-util-io-2.0.0.jar (org.jetbrains.kotlin:kotlin-util-io:2.0.0) with ExternalDependencyInstrumentingArtifactTransform
2026-04-25T03:14:41.7153247Z Caching disabled for ExternalDependencyInstrumentingArtifactTransform: /home/runner/.gradle/caches/8.11.1/transforms/e186fd827c7759cdf951fd36b7501035/transformed/merge/instrumentation-dependencies.bin because:
2026-04-25T03:14:41.7182041Z   Caching not enabled.
2026-04-25T03:14:41.7193291Z Caching disabled for ExternalDependencyInstrumentingArtifactTransform: /home/runner/.gradle/caches/modules-2/files-2.1/org.jetbrains.kotlin/kotlin-util-io/2.0.0/b99cf9311bece174111296392b11c662b5fc1949/kotlin-util-io-2.0.0.jar because:
2026-04-25T03:14:41.7212091Z   Caching not enabled.
2026-04-25T03:14:41.7213497Z Caching disabled for MergeInstrumentationAnalysisTransform: /home/runner/.gradle/caches/8.11.1/transforms/72d2f0842b142b609aa7563108c2d3c6/transformed/analysis/instrumentation-hierarchy.bin because:
2026-04-25T03:14:41.7214885Z   Caching not enabled.
2026-04-25T03:14:41.7216244Z Caching disabled for MergeInstrumentationAnalysisTransform: /home/runner/.gradle/caches/8.11.1/transforms/72d2f0842b142b609aa7563108c2d3c6/transformed/analysis/instrumentation-dependencies.bin because:
2026-04-25T03:14:41.7217656Z   Caching not enabled.
2026-04-25T03:14:41.7219253Z Caching disabled for MergeInstrumentationAnalysisTransform: /home/runner/.gradle/caches/modules-2/files-2.1/org.jetbrains.kotlin/kotlin-daemon-embeddable/2.0.0/b39c612768614c4428c96ee9c65477181fffe9d/kotlin-daemon-embeddable-2.0.0.jar because:
2026-04-25T03:14:41.7220946Z   Caching not enabled.
2026-04-25T03:14:41.7222234Z Transforming kotlin-daemon-embeddable-2.0.0.jar (org.jetbrains.kotlin:kotlin-daemon-embeddable:2.0.0) with ExternalDependencyInstrumentingArtifactTransform
2026-04-25T03:14:41.7224930Z Caching disabled for ExternalDependencyInstrumentingArtifactTransform: /home/runner/.gradle/caches/8.11.1/transforms/d08b5cd412e877fb0c3a9c6e79399e4f/transformed/merge/instrumentation-dependencies.bin because:
2026-04-25T03:14:41.7226443Z   Caching not enabled.
2026-04-25T03:14:41.7228194Z Caching disabled for ExternalDependencyInstrumentingArtifactTransform: /home/runner/.gradle/caches/modules-2/files-2.1/org.jetbrains.kotlin/kotlin-daemon-embeddable/2.0.0/b39c612768614c4428c96ee9c65477181fffe9d/kotlin-daemon-embeddable-2.0.0.jar because:
2026-04-25T03:14:41.7252015Z   Caching not enabled.
2026-04-25T03:14:41.7283095Z Caching disabled for MergeInstrumentationAnalysisTransform: /home/runner/.gradle/caches/8.11.1/transforms/b97ed77dc7cca701b5c2e933a6cafde8/transformed/analysis/instrumentation-hierarchy.bin because:
2026-04-25T03:14:41.7342132Z   Caching not enabled.
2026-04-25T03:14:41.7393205Z Caching disabled for MergeInstrumentationAnalysisTransform: /home/runner/.gradle/caches/8.11.1/transforms/b97ed77dc7cca701b5c2e933a6cafde8/transformed/analysis/instrumentation-dependencies.bin because:
2026-04-25T03:14:41.7452335Z   Caching not enabled.
2026-04-25T03:14:41.7513560Z Caching disabled for MergeInstrumentationAnalysisTransform: /home/runner/.gradle/caches/modules-2/files-2.1/org.jetbrains.intellij.deps/trove4j/1.0.20200330/3afb14d5f9ceb459d724e907a21145e8ff394f02/trove4j-1.0.20200330.jar because:
2026-04-25T03:14:41.7542082Z   Caching not enabled.
2026-04-25T03:14:41.7572737Z Transforming trove4j-1.0.20200330.jar (org.jetbrains.intellij.deps:trove4j:1.0.20200330) with ExternalDependencyInstrumentingArtifactTransform
2026-04-25T03:14:41.7603191Z Caching disabled for ExternalDependencyInstrumentingArtifactTransform: /home/runner/.gradle/caches/8.11.1/transforms/ef8fe6da7bfb62d006eb72dfb80119f8/transformed/merge/instrumentation-dependencies.bin because:
2026-04-25T03:14:41.7604808Z   Caching not enabled.
2026-04-25T03:14:41.8104624Z Caching disabled for ExternalDependencyInstrumentingArtifactTransform: /home/runner/.gradle/caches/modules-2/files-2.1/org.jetbrains.intellij.deps/trove4j/1.0.20200330/3afb14d5f9ceb459d724e907a21145e8ff394f02/trove4j-1.0.20200330.jar because:
2026-04-25T03:14:41.8122412Z   Caching not enabled.
2026-04-25T03:14:41.8125558Z Caching disabled for ExternalDependencyInstrumentingArtifactTransform: /home/runner/.gradle/caches/modules-2/files-2.1/org.jetbrains.kotlinx/kotlinx-coroutines-core-jvm/1.5.0/d8cebccdcddd029022aa8646a5a953ff88b13ac8/kotlinx-coroutines-core-jvm-1.5.0.jar because:
2026-04-25T03:14:41.8152174Z   Caching not enabled.
2026-04-25T03:14:41.8184323Z Caching disabled for MergeInstrumentationAnalysisTransform: /home/runner/.gradle/caches/8.11.1/transforms/0615724db5ca91f4030b7de79648363e/transformed/analysis/instrumentation-dependencies.bin because:
2026-04-25T03:14:41.8212197Z   Caching not enabled.
2026-04-25T03:14:41.8243375Z Caching disabled for MergeInstrumentationAnalysisTransform: /home/runner/.gradle/caches/8.11.1/transforms/bf74a9e69cd8cf14543b7078fa00b40d/transformed/analysis/instrumentation-dependencies.bin because:
2026-04-25T03:14:41.8245056Z   Caching not enabled.
2026-04-25T03:14:41.8273201Z Caching disabled for MergeInstrumentationAnalysisTransform: /home/runner/.gradle/caches/modules-2/files-2.1/com.google.guava/failureaccess/1.0.1/1dcf1de382a0bf95a3d8b0849546c88bac1292c9/failureaccess-1.0.1.jar because:
2026-04-25T03:14:41.8302233Z   Caching not enabled.
2026-04-25T03:14:41.8333740Z Caching disabled for MergeInstrumentationAnalysisTransform: /home/runner/.gradle/caches/modules-2/files-2.1/com.google.guava/listenablefuture/9999.0-empty-to-avoid-conflict-with-guava/b421526c5f297295adef1c886e5246c39d4ac629/listenablefuture-9999.0-empty-to-avoid-conflict-with-guava.jar because:
2026-04-25T03:14:41.8352067Z   Caching not enabled.
2026-04-25T03:14:41.8362741Z Transforming failureaccess-1.0.1.jar (com.google.guava:failureaccess:1.0.1) with ExternalDependencyInstrumentingArtifactTransform
2026-04-25T03:14:41.8395318Z Caching disabled for ExternalDependencyInstrumentingArtifactTransform: /home/runner/.gradle/caches/8.11.1/transforms/806152f5ff57b3c6d2e3290e174b3eab/transformed/merge/instrumentation-dependencies.bin because:
2026-04-25T03:14:41.8422510Z   Caching not enabled.
2026-04-25T03:14:41.8453187Z Transforming listenablefuture-9999.0-empty-to-avoid-conflict-with-guava.jar (com.google.guava:listenablefuture:9999.0-empty-to-avoid-conflict-with-guava) with ExternalDependencyInstrumentingArtifactTransform
2026-04-25T03:14:41.8455914Z Caching disabled for ExternalDependencyInstrumentingArtifactTransform: /home/runner/.gradle/caches/8.11.1/transforms/59af747d05cc8fc1e1d886259d0dd335/transformed/merge/instrumentation-dependencies.bin because:
2026-04-25T03:14:41.8482076Z   Caching not enabled.
2026-04-25T03:14:41.8513456Z Caching disabled for ExternalDependencyInstrumentingArtifactTransform: /home/runner/.gradle/caches/modules-2/files-2.1/com.google.guava/failureaccess/1.0.1/1dcf1de382a0bf95a3d8b0849546c88bac1292c9/failureaccess-1.0.1.jar because:
2026-04-25T03:14:41.8542130Z   Caching not enabled.
2026-04-25T03:14:41.8573988Z Caching disabled for ExternalDependencyInstrumentingArtifactTransform: /home/runner/.gradle/caches/modules-2/files-2.1/com.google.guava/listenablefuture/9999.0-empty-to-avoid-conflict-with-guava/b421526c5f297295adef1c886e5246c39d4ac629/listenablefuture-9999.0-empty-to-avoid-conflict-with-guava.jar because:
2026-04-25T03:14:41.8576356Z   Caching not enabled.
2026-04-25T03:14:41.9091520Z Caching disabled for MergeInstrumentationAnalysisTransform: /home/runner/.gradle/caches/8.11.1/transforms/f8080900c28ccfa8ea0dddfad0a9a200/transformed/analysis/instrumentation-hierarchy.bin because:
2026-04-25T03:14:41.9110598Z   Caching not enabled.
2026-04-25T03:14:41.9139944Z Caching disabled for MergeInstrumentationAnalysisTransform: /home/runner/.gradle/caches/8.11.1/transforms/9cf8ec92576fc63fe3ec5d3fe3a3105e/transformed/analysis/instrumentation-hierarchy.bin because:
2026-04-25T03:14:41.9172439Z   Caching not enabled.
2026-04-25T03:14:41.9173966Z Caching disabled for MergeInstrumentationAnalysisTransform: /home/runner/.gradle/caches/8.11.1/transforms/f8080900c28ccfa8ea0dddfad0a9a200/transformed/analysis/instrumentation-dependencies.bin because:
2026-04-25T03:14:41.9202316Z   Caching not enabled.
2026-04-25T03:14:41.9234839Z Caching disabled for MergeInstrumentationAnalysisTransform: /home/runner/.gradle/caches/8.11.1/transforms/9cf8ec92576fc63fe3ec5d3fe3a3105e/transformed/analysis/instrumentation-dependencies.bin because:
2026-04-25T03:14:41.9262139Z   Caching not enabled.
2026-04-25T03:14:41.9273283Z Caching disabled for MergeInstrumentationAnalysisTransform: /home/runner/.gradle/caches/modules-2/files-2.1/commons-logging/commons-logging/1.2/4bfc12adfe4842bf07b657f0369c4cb522955686/commons-logging-1.2.jar because:
2026-04-25T03:14:41.9292202Z   Caching not enabled.
2026-04-25T03:14:41.9323213Z Caching disabled for MergeInstrumentationAnalysisTransform: /home/runner/.gradle/caches/modules-2/files-2.1/commons-codec/commons-codec/1.11/3acb4705652e16236558f0f4f2192cc33c3bd189/commons-codec-1.11.jar because:
2026-04-25T03:14:41.9352157Z   Caching not enabled.
2026-04-25T03:14:41.9362795Z Transforming commons-logging-1.2.jar (commons-logging:commons-logging:1.2) with ExternalDependencyInstrumentingArtifactTransform
2026-04-25T03:14:41.9383239Z Caching disabled for ExternalDependencyInstrumentingArtifactTransform: /home/runner/.gradle/caches/8.11.1/transforms/39deac07208def411ef9002be4ff5cf0/transformed/merge/instrumentation-dependencies.bin because:
2026-04-25T03:14:41.9402178Z   Caching not enabled.
2026-04-25T03:14:41.9432555Z Transforming commons-codec-1.11.jar (commons-codec:commons-codec:1.11) with ExternalDependencyInstrumentingArtifactTransform
2026-04-25T03:14:41.9463356Z Caching disabled for ExternalDependencyInstrumentingArtifactTransform: /home/runner/.gradle/caches/8.11.1/transforms/3efc9827716e222d711ae0bf55af46da/transformed/merge/instrumentation-dependencies.bin because:
2026-04-25T03:14:41.9472014Z   Caching not enabled.
2026-04-25T03:14:41.9494351Z Caching disabled for ExternalDependencyInstrumentingArtifactTransform: /home/runner/.gradle/caches/modules-2/files-2.1/commons-logging/commons-logging/1.2/4bfc12adfe4842bf07b657f0369c4cb522955686/commons-logging-1.2.jar because:
2026-04-25T03:14:41.9524125Z   Caching not enabled.
2026-04-25T03:14:41.9573118Z Caching disabled for MergeInstrumentationAnalysisTransform: /home/runner/.gradle/caches/8.11.1/transforms/cb2ebcb1e47a25e5d6ce753c7826ff89/transformed/analysis/instrumentation-hierarchy.bin because:
2026-04-25T03:14:41.9602054Z   Caching not enabled.
2026-04-25T03:14:41.9624905Z Caching disabled for MergeInstrumentationAnalysisTransform: /home/runner/.gradle/caches/8.11.1/transforms/cb2ebcb1e47a25e5d6ce753c7826ff89/transformed/analysis/instrumentation-dependencies.bin because:
2026-04-25T03:14:41.9652203Z   Caching not enabled.
2026-04-25T03:14:41.9673248Z Caching disabled for MergeInstrumentationAnalysisTransform: /home/runner/.gradle/caches/modules-2/files-2.1/net.java.dev.jna/jna/5.6.0/330f2244e9030119ab3030fc3fededc86713d9cc/jna-5.6.0.jar because:
2026-04-25T03:14:41.9702236Z   Caching not enabled.
2026-04-25T03:14:41.9712651Z Transforming jna-5.6.0.jar (net.java.dev.jna:jna:5.6.0) with ExternalDependencyInstrumentingArtifactTransform
2026-04-25T03:14:41.9733683Z Caching disabled for ExternalDependencyInstrumentingArtifactTransform: /home/runner/.gradle/caches/8.11.1/transforms/487c0bd2790869d56c1ef3857d2954ca/transformed/merge/instrumentation-dependencies.bin because:
2026-04-25T03:14:41.9762219Z   Caching not enabled.
2026-04-25T03:14:41.9793410Z Caching disabled for ExternalDependencyInstrumentingArtifactTransform: /home/runner/.gradle/caches/modules-2/files-2.1/commons-codec/commons-codec/1.11/3acb4705652e16236558f0f4f2192cc33c3bd189/commons-codec-1.11.jar because:
2026-04-25T03:14:41.9802245Z   Caching not enabled.
2026-04-25T03:14:41.9823285Z Caching disabled for MergeInstrumentationAnalysisTransform: /home/runner/.gradle/caches/8.11.1/transforms/0372c5a64e10d4203eb70acfaf9cd5a9/transformed/analysis/instrumentation-dependencies.bin because:
2026-04-25T03:14:41.9852171Z   Caching not enabled.
2026-04-25T03:14:41.9883320Z Caching disabled for MergeInstrumentationAnalysisTransform: /home/runner/.gradle/caches/modules-2/files-2.1/com.google.android/annotations/4.1.1.4/a1678ba907bf92691d879fef34e1a187038f9259/annotations-4.1.1.4.jar because:
2026-04-25T03:14:41.9884959Z   Caching not enabled.
2026-04-25T03:14:41.9912959Z Transforming annotations-4.1.1.4.jar (com.google.android:annotations:4.1.1.4) with ExternalDependencyInstrumentingArtifactTransform
2026-04-25T03:14:41.9943297Z Caching disabled for ExternalDependencyInstrumentingArtifactTransform: /home/runner/.gradle/caches/8.11.1/transforms/dfabb50dee222bf829ea3aad962cc7aa/transformed/merge/instrumentation-dependencies.bin because:
2026-04-25T03:14:41.9972116Z   Caching not enabled.
2026-04-25T03:14:41.9973760Z Caching disabled for ExternalDependencyInstrumentingArtifactTransform: /home/runner/.gradle/caches/modules-2/files-2.1/com.google.android/annotations/4.1.1.4/a1678ba907bf92691d879fef34e1a187038f9259/annotations-4.1.1.4.jar because:
2026-04-25T03:14:41.9975476Z   Caching not enabled.
2026-04-25T03:14:41.9977127Z Caching disabled for MergeInstrumentationAnalysisTransform: /home/runner/.gradle/caches/8.11.1/transforms/dd1296b9e7ae856c2ac2a82b918c58c0/transformed/analysis/instrumentation-dependencies.bin because:
2026-04-25T03:14:41.9978589Z   Caching not enabled.
2026-04-25T03:14:41.9980261Z Caching disabled for MergeInstrumentationAnalysisTransform: /home/runner/.gradle/caches/modules-2/files-2.1/org.codehaus.mojo/animal-sniffer-annotations/1.23/3c0daebd5f0e1ce72cc50c818321ac957aeb5d70/animal-sniffer-annotations-1.23.jar because:
2026-04-25T03:14:41.9982162Z   Caching not enabled.
2026-04-25T03:14:41.9983250Z Transforming animal-sniffer-annotations-1.23.jar (org.codehaus.mojo:animal-sniffer-annotations:1.23) with ExternalDependencyInstrumentingArtifactTransform
2026-04-25T03:14:41.9985800Z Caching disabled for ExternalDependencyInstrumentingArtifactTransform: /home/runner/.gradle/caches/8.11.1/transforms/a0bf2058b2aced559808936c2fcd8b9c/transformed/merge/instrumentation-dependencies.bin because:
2026-04-25T03:14:41.9987311Z   Caching not enabled.
2026-04-25T03:14:41.9988887Z Caching disabled for ExternalDependencyInstrumentingArtifactTransform: /home/runner/.gradle/caches/modules-2/files-2.1/net.java.dev.jna/jna/5.6.0/330f2244e9030119ab3030fc3fededc86713d9cc/jna-5.6.0.jar because:
2026-04-25T03:14:41.9990369Z   Caching not enabled.
2026-04-25T03:14:41.9992256Z Caching disabled for ExternalDependencyInstrumentingArtifactTransform: /home/runner/.gradle/caches/modules-2/files-2.1/org.codehaus.mojo/animal-sniffer-annotations/1.23/3c0daebd5f0e1ce72cc50c818321ac957aeb5d70/animal-sniffer-annotations-1.23.jar because:
2026-04-25T03:14:41.9994091Z   Caching not enabled.
2026-04-25T03:14:41.9995432Z Caching disabled for MergeInstrumentationAnalysisTransform: /home/runner/.gradle/caches/8.11.1/transforms/6ec46b819c6cd974a54e012b00e77590/transformed/analysis/instrumentation-hierarchy.bin because:
2026-04-25T03:14:41.9996856Z   Caching not enabled.
2026-04-25T03:14:42.0030544Z Caching disabled for MergeInstrumentationAnalysisTransform: /home/runner/.gradle/caches/8.11.1/transforms/4fadb4e921a68eccaf64d21642ec883b/transformed/analysis/instrumentation-hierarchy.bin because:
2026-04-25T03:14:42.0032242Z   Caching not enabled.
2026-04-25T03:14:42.0033660Z Caching disabled for MergeInstrumentationAnalysisTransform: /home/runner/.gradle/caches/8.11.1/transforms/6ec46b819c6cd974a54e012b00e77590/transformed/analysis/instrumentation-dependencies.bin because:
2026-04-25T03:14:42.0035124Z   Caching not enabled.
2026-04-25T03:14:42.0062210Z Caching disabled for MergeInstrumentationAnalysisTransform: /home/runner/.gradle/caches/8.11.1/transforms/4fadb4e921a68eccaf64d21642ec883b/transformed/analysis/instrumentation-dependencies.bin because:
2026-04-25T03:14:42.0063695Z   Caching not enabled.
2026-04-25T03:14:42.0065151Z Caching disabled for MergeInstrumentationAnalysisTransform: /home/runner/.gradle/caches/modules-2/files-2.1/io.perfmark/perfmark-api/0.26.0/ef65452adaf20bf7d12ef55913aba24037b82738/perfmark-api-0.26.0.jar because:
2026-04-25T03:14:42.0066553Z   Caching not enabled.
2026-04-25T03:14:42.0067403Z Transforming perfmark-api-0.26.0.jar (io.perfmark:perfmark-api:0.26.0) with ExternalDependencyInstrumentingArtifactTransform
2026-04-25T03:14:42.0069405Z Caching disabled for ExternalDependencyInstrumentingArtifactTransform: /home/runner/.gradle/caches/8.11.1/transforms/ed52453e9cae6e3bdc09a1fa209557cd/transformed/merge/instrumentation-dependencies.bin because:
2026-04-25T03:14:42.0070996Z   Caching not enabled.
2026-04-25T03:14:42.0095641Z Caching disabled for MergeInstrumentationAnalysisTransform: /home/runner/.gradle/caches/modules-2/files-2.1/io.netty/netty-codec-http2/4.1.93.Final/f1625b43bde13ec057da0d2fe381ded2547a70e/netty-codec-http2-4.1.93.Final.jar because:
2026-04-25T03:14:42.0122163Z   Caching not enabled.
2026-04-25T03:14:42.0152802Z Transforming netty-codec-http2-4.1.93.Final.jar (io.netty:netty-codec-http2:4.1.93.Final) with ExternalDependencyInstrumentingArtifactTransform
2026-04-25T03:14:42.0163303Z Caching disabled for ExternalDependencyInstrumentingArtifactTransform: /home/runner/.gradle/caches/8.11.1/transforms/1b27adadb361bfb07404baf3de1a18a8/transformed/merge/instrumentation-dependencies.bin because:
2026-04-25T03:14:42.0183464Z   Caching not enabled.
2026-04-25T03:14:42.0213304Z Caching disabled for ExternalDependencyInstrumentingArtifactTransform: /home/runner/.gradle/caches/modules-2/files-2.1/io.perfmark/perfmark-api/0.26.0/ef65452adaf20bf7d12ef55913aba24037b82738/perfmark-api-0.26.0.jar because:
2026-04-25T03:14:42.0242124Z   Caching not enabled.
2026-04-25T03:14:42.0273189Z Caching disabled for MergeInstrumentationAnalysisTransform: /home/runner/.gradle/caches/8.11.1/transforms/5ac03169785782b47165b5e3a4cab77c/transformed/analysis/instrumentation-hierarchy.bin because:
2026-04-25T03:14:42.0275110Z   Caching not enabled.
2026-04-25T03:14:42.0303150Z Caching disabled for MergeInstrumentationAnalysisTransform: /home/runner/.gradle/caches/8.11.1/transforms/5ac03169785782b47165b5e3a4cab77c/transformed/analysis/instrumentation-dependencies.bin because:
2026-04-25T03:14:42.0332510Z   Caching not enabled.
2026-04-25T03:14:42.0363422Z Caching disabled for MergeInstrumentationAnalysisTransform: /home/runner/.gradle/caches/modules-2/files-2.1/io.netty/netty-handler-proxy/4.1.93.Final/c165c1efe1b9c0cc22546a057b530611a088768b/netty-handler-proxy-4.1.93.Final.jar because:
2026-04-25T03:14:42.0365281Z   Caching not enabled.
2026-04-25T03:14:42.0392829Z Transforming netty-handler-proxy-4.1.93.Final.jar (io.netty:netty-handler-proxy:4.1.93.Final) with ExternalDependencyInstrumentingArtifactTransform
2026-04-25T03:14:42.0423285Z Caching disabled for ExternalDependencyInstrumentingArtifactTransform: /home/runner/.gradle/caches/8.11.1/transforms/d171b58f329d3f69a0ffa6dd8fcde542/transformed/merge/instrumentation-dependencies.bin because:
2026-04-25T03:14:42.0452318Z   Caching not enabled.
2026-04-25T03:14:42.0454368Z Caching disabled for ExternalDependencyInstrumentingArtifactTransform: /home/runner/.gradle/caches/modules-2/files-2.1/io.netty/netty-handler-proxy/4.1.93.Final/c165c1efe1b9c0cc22546a057b530611a088768b/netty-handler-proxy-4.1.93.Final.jar because:
2026-04-25T03:14:42.0482285Z   Caching not enabled.
2026-04-25T03:14:42.0513310Z Caching disabled for MergeInstrumentationAnalysisTransform: /home/runner/.gradle/caches/8.11.1/transforms/da8b7f20fc9f042ef196d7ff23ecd3ea/transformed/analysis/instrumentation-hierarchy.bin because:
2026-04-25T03:14:42.0542279Z   Caching not enabled.
2026-04-25T03:14:42.0543883Z Caching disabled for MergeInstrumentationAnalysisTransform: /home/runner/.gradle/caches/8.11.1/transforms/da8b7f20fc9f042ef196d7ff23ecd3ea/transformed/analysis/instrumentation-dependencies.bin because:
2026-04-25T03:14:42.0572283Z   Caching not enabled.
2026-04-25T03:14:42.0603581Z Caching disabled for MergeInstrumentationAnalysisTransform: /home/runner/.gradle/caches/modules-2/files-2.1/io.netty/netty-codec-http/4.1.93.Final/36acf0c94d03eb6ecef78a749a32cbb7dc0c57b4/netty-codec-http-4.1.93.Final.jar because:
2026-04-25T03:14:42.0631093Z   Caching not enabled.
2026-04-25T03:14:42.0632847Z Transforming netty-codec-http-4.1.93.Final.jar (io.netty:netty-codec-http:4.1.93.Final) with ExternalDependencyInstrumentingArtifactTransform
2026-04-25T03:14:42.0659720Z Caching disabled for ExternalDependencyInstrumentingArtifactTransform: /home/runner/.gradle/caches/8.11.1/transforms/92ec4d1bcf925d2d7298f371bfef928b/transformed/merge/instrumentation-dependencies.bin because:
2026-04-25T03:14:42.0692155Z   Caching not enabled.
2026-04-25T03:14:42.0724561Z Caching disabled for ExternalDependencyInstrumentingArtifactTransform: /home/runner/.gradle/caches/modules-2/files-2.1/io.netty/netty-codec-http2/4.1.93.Final/f1625b43bde13ec057da0d2fe381ded2547a70e/netty-codec-http2-4.1.93.Final.jar because:
2026-04-25T03:14:42.0732173Z   Caching not enabled.
2026-04-25T03:14:42.0753592Z Caching disabled for MergeInstrumentationAnalysisTransform: /home/runner/.gradle/caches/8.11.1/transforms/0b6bfb9f2e26b6a48c1af203835f4551/transformed/analysis/instrumentation-hierarchy.bin because:
2026-04-25T03:14:42.0822271Z   Caching not enabled.
2026-04-25T03:14:42.1103623Z Caching disabled for MergeInstrumentationAnalysisTransform: /home/runner/.gradle/caches/8.11.1/transforms/0b6bfb9f2e26b6a48c1af203835f4551/transformed/analysis/instrumentation-dependencies.bin because:
2026-04-25T03:14:42.1124078Z   Caching not enabled.
2026-04-25T03:14:42.1153547Z Caching disabled for MergeInstrumentationAnalysisTransform: /home/runner/.gradle/caches/modules-2/files-2.1/io.netty/netty-handler/4.1.93.Final/10f7ed9d8e1bfcba416074c70e5388be96116bfc/netty-handler-4.1.93.Final.jar because:
2026-04-25T03:14:42.1182402Z   Caching not enabled.
2026-04-25T03:14:42.1219556Z Transforming netty-handler-4.1.93.Final.jar (io.netty:netty-handler:4.1.93.Final) with ExternalDependencyInstrumentingArtifactTransform
2026-04-25T03:14:42.1222345Z Caching disabled for ExternalDependencyInstrumentingArtifactTransform: /home/runner/.gradle/caches/8.11.1/transforms/b29fcb17af4080db2079a0e65de24851/transformed/merge/instrumentation-dependencies.bin because:
2026-04-25T03:14:42.1224166Z   Caching not enabled.
2026-04-25T03:14:42.1225993Z Caching disabled for ExternalDependencyInstrumentingArtifactTransform: /home/runner/.gradle/caches/modules-2/files-2.1/io.netty/netty-codec-http/4.1.93.Final/36acf0c94d03eb6ecef78a749a32cbb7dc0c57b4/netty-codec-http-4.1.93.Final.jar because:
2026-04-25T03:14:42.1252180Z   Caching not enabled.
2026-04-25T03:14:42.1283254Z Caching disabled for MergeInstrumentationAnalysisTransform: /home/runner/.gradle/caches/8.11.1/transforms/aaa0697f671074aff9aa546f5fffd6de/transformed/analysis/instrumentation-hierarchy.bin because:
2026-04-25T03:14:42.1292533Z   Caching not enabled.
2026-04-25T03:14:42.1323304Z Caching disabled for MergeInstrumentationAnalysisTransform: /home/runner/.gradle/caches/8.11.1/transforms/aaa0697f671074aff9aa546f5fffd6de/transformed/analysis/instrumentation-dependencies.bin because:
2026-04-25T03:14:42.1342256Z   Caching not enabled.
2026-04-25T03:14:42.1373646Z Caching disabled for MergeInstrumentationAnalysisTransform: /home/runner/.gradle/caches/modules-2/files-2.1/io.netty/netty-transport-native-unix-common/4.1.93.Final/f4fb8b4c8da539091f43abcbb9f0389e48807eea/netty-transport-native-unix-common-4.1.93.Final.jar because:
2026-04-25T03:14:42.1402285Z   Caching not enabled.
2026-04-25T03:14:42.1433094Z Transforming netty-transport-native-unix-common-4.1.93.Final.jar (io.netty:netty-transport-native-unix-common:4.1.93.Final) with ExternalDependencyInstrumentingArtifactTransform
2026-04-25T03:14:42.1463332Z Caching disabled for ExternalDependencyInstrumentingArtifactTransform: /home/runner/.gradle/caches/8.11.1/transforms/16d8fd0488280f6bb44e60f34fc2a6ee/transformed/merge/instrumentation-dependencies.bin because:
2026-04-25T03:14:42.1464993Z   Caching not enabled.
2026-04-25T03:14:42.1466990Z Caching disabled for ExternalDependencyInstrumentingArtifactTransform: /home/runner/.gradle/caches/modules-2/files-2.1/io.netty/netty-transport-native-unix-common/4.1.93.Final/f4fb8b4c8da539091f43abcbb9f0389e48807eea/netty-transport-native-unix-common-4.1.93.Final.jar because:
2026-04-25T03:14:42.1469024Z   Caching not enabled.
2026-04-25T03:14:42.1470407Z Caching disabled for MergeInstrumentationAnalysisTransform: /home/runner/.gradle/caches/8.11.1/transforms/23651920012631b0bf8a9083b33bb887/transformed/analysis/instrumentation-hierarchy.bin because:
2026-04-25T03:14:42.1472042Z   Caching not enabled.
2026-04-25T03:14:42.1473372Z Caching disabled for MergeInstrumentationAnalysisTransform: /home/runner/.gradle/caches/8.11.1/transforms/23651920012631b0bf8a9083b33bb887/transformed/analysis/instrumentation-dependencies.bin because:
2026-04-25T03:14:42.1474788Z   Caching not enabled.
2026-04-25T03:14:42.2083534Z Caching disabled for MergeInstrumentationAnalysisTransform: /home/runner/.gradle/caches/modules-2/files-2.1/io.netty/netty-codec-socks/4.1.93.Final/81ca78969afc60073e47c3b7b361cc3839392c73/netty-codec-socks-4.1.93.Final.jar because:
2026-04-25T03:14:42.2085379Z   Caching not enabled.
2026-04-25T03:14:42.2093247Z Transforming netty-codec-socks-4.1.93.Final.jar (io.netty:netty-codec-socks:4.1.93.Final) with ExternalDependencyInstrumentingArtifactTransform
2026-04-25T03:14:42.2095662Z Caching disabled for ExternalDependencyInstrumentingArtifactTransform: /home/runner/.gradle/caches/8.11.1/transforms/e2d92c6d068d2ca44bd3b39ebd591cc4/transformed/merge/instrumentation-dependencies.bin because:
2026-04-25T03:14:42.2097434Z   Caching not enabled.
2026-04-25T03:14:42.2099128Z Caching disabled for ExternalDependencyInstrumentingArtifactTransform: /home/runner/.gradle/caches/modules-2/files-2.1/io.netty/netty-handler/4.1.93.Final/10f7ed9d8e1bfcba416074c70e5388be96116bfc/netty-handler-4.1.93.Final.jar because:
2026-04-25T03:14:42.2100813Z   Caching not enabled.
2026-04-25T03:14:42.2102717Z Caching disabled for MergeInstrumentationAnalysisTransform: /home/runner/.gradle/caches/8.11.1/transforms/54ef10e144569b3643a5d1a5748fa664/transformed/analysis/instrumentation-hierarchy.bin because:
2026-04-25T03:14:42.2104038Z   Caching not enabled.
2026-04-25T03:14:42.2105483Z Caching disabled for MergeInstrumentationAnalysisTransform: /home/runner/.gradle/caches/8.11.1/transforms/54ef10e144569b3643a5d1a5748fa664/transformed/analysis/instrumentation-dependencies.bin because:
2026-04-25T03:14:42.2106873Z   Caching not enabled.
2026-04-25T03:14:42.2107801Z Caching disabled for MergeInstrumentationAnalysisTransform: /home/runner/.gradle/caches/modules-2/files-2.1/io.netty/netty-codec/4.1.93.Final/503badb458b6586632be8d1f81aa4e5ab99a80fc/netty-codec-4.1.93.Final.jar because:
2026-04-25T03:14:42.2108685Z   Caching not enabled.
2026-04-25T03:14:42.2109213Z Transforming netty-codec-4.1.93.Final.jar (io.netty:netty-codec:4.1.93.Final) with ExternalDependencyInstrumentingArtifactTransform
2026-04-25T03:14:42.2110411Z Caching disabled for ExternalDependencyInstrumentingArtifactTransform: /home/runner/.gradle/caches/8.11.1/transforms/ea98470238c1d4180ad79439d6f6204b/transformed/merge/instrumentation-dependencies.bin because:
2026-04-25T03:14:42.2111250Z   Caching not enabled.
2026-04-25T03:14:42.2112415Z Caching disabled for ExternalDependencyInstrumentingArtifactTransform: /home/runner/.gradle/caches/modules-2/files-2.1/io.netty/netty-codec-socks/4.1.93.Final/81ca78969afc60073e47c3b7b361cc3839392c73/netty-codec-socks-4.1.93.Final.jar because:
2026-04-25T03:14:42.2113374Z   Caching not enabled.
2026-04-25T03:14:42.2114146Z Caching disabled for MergeInstrumentationAnalysisTransform: /home/runner/.gradle/caches/8.11.1/transforms/109a5dfa0b7b82d3192d65b98ad1de83/transformed/analysis/instrumentation-hierarchy.bin because:
2026-04-25T03:14:42.2114930Z   Caching not enabled.
2026-04-25T03:14:42.2115687Z Caching disabled for MergeInstrumentationAnalysisTransform: /home/runner/.gradle/caches/8.11.1/transforms/109a5dfa0b7b82d3192d65b98ad1de83/transformed/analysis/instrumentation-dependencies.bin because:
2026-04-25T03:14:42.2116485Z   Caching not enabled.
2026-04-25T03:14:42.2117328Z Caching disabled for MergeInstrumentationAnalysisTransform: /home/runner/.gradle/caches/modules-2/files-2.1/io.netty/netty-transport/4.1.93.Final/1a0894915c8027ce83b4d6a811c4e765955efd15/netty-transport-4.1.93.Final.jar because:
2026-04-25T03:14:42.2118190Z   Caching not enabled.
2026-04-25T03:14:42.2118721Z Transforming netty-transport-4.1.93.Final.jar (io.netty:netty-transport:4.1.93.Final) with ExternalDependencyInstrumentingArtifactTransform
2026-04-25T03:14:42.2119904Z Caching disabled for ExternalDependencyInstrumentingArtifactTransform: /home/runner/.gradle/caches/8.11.1/transforms/101ba8d5f42abba3d5cb1f1dc2f775d5/transformed/merge/instrumentation-dependencies.bin because:
2026-04-25T03:14:42.2120738Z   Caching not enabled.
2026-04-25T03:14:42.3104083Z Caching disabled for ExternalDependencyInstrumentingArtifactTransform: /home/runner/.gradle/caches/modules-2/files-2.1/io.netty/netty-codec/4.1.93.Final/503badb458b6586632be8d1f81aa4e5ab99a80fc/netty-codec-4.1.93.Final.jar because:
2026-04-25T03:14:42.3132170Z   Caching not enabled.
2026-04-25T03:14:42.3133526Z Caching disabled for MergeInstrumentationAnalysisTransform: /home/runner/.gradle/caches/8.11.1/transforms/12f5ef66ddc1b7db45253e60b68c9c98/transformed/analysis/instrumentation-hierarchy.bin because:
2026-04-25T03:14:42.3134936Z   Caching not enabled.
2026-04-25T03:14:42.3163435Z Caching disabled for MergeInstrumentationAnalysisTransform: /home/runner/.gradle/caches/8.11.1/transforms/12f5ef66ddc1b7db45253e60b68c9c98/transformed/analysis/instrumentation-dependencies.bin because:
2026-04-25T03:14:42.3192238Z   Caching not enabled.
2026-04-25T03:14:42.3223371Z Caching disabled for MergeInstrumentationAnalysisTransform: /home/runner/.gradle/caches/modules-2/files-2.1/io.netty/netty-buffer/4.1.93.Final/87fac21f4ef95157866b07b48e3c707a2f13c581/netty-buffer-4.1.93.Final.jar because:
2026-04-25T03:14:42.3252122Z   Caching not enabled.
2026-04-25T03:14:42.3253131Z Transforming netty-buffer-4.1.93.Final.jar (io.netty:netty-buffer:4.1.93.Final) with ExternalDependencyInstrumentingArtifactTransform
2026-04-25T03:14:42.3283769Z Caching disabled for ExternalDependencyInstrumentingArtifactTransform: /home/runner/.gradle/caches/8.11.1/transforms/b81c2fa6fd561e5ce864caeda67d44ae/transformed/merge/instrumentation-dependencies.bin because:
2026-04-25T03:14:42.3312091Z   Caching not enabled.
2026-04-25T03:14:42.3313734Z Caching disabled for ExternalDependencyInstrumentingArtifactTransform: /home/runner/.gradle/caches/modules-2/files-2.1/io.netty/netty-transport/4.1.93.Final/1a0894915c8027ce83b4d6a811c4e765955efd15/netty-transport-4.1.93.Final.jar because:
2026-04-25T03:14:42.3315477Z   Caching not enabled.
2026-04-25T03:14:42.3316802Z Caching disabled for MergeInstrumentationAnalysisTransform: /home/runner/.gradle/caches/8.11.1/transforms/fdeb820c45925c7eabff610662dba730/transformed/analysis/instrumentation-hierarchy.bin because:
2026-04-25T03:14:42.3318233Z   Caching not enabled.
2026-04-25T03:14:42.3319582Z Caching disabled for MergeInstrumentationAnalysisTransform: /home/runner/.gradle/caches/8.11.1/transforms/fdeb820c45925c7eabff610662dba730/transformed/analysis/instrumentation-dependencies.bin because:
2026-04-25T03:14:42.3321001Z   Caching not enabled.
2026-04-25T03:14:42.3352828Z Caching disabled for MergeInstrumentationAnalysisTransform: /home/runner/.gradle/caches/modules-2/files-2.1/io.netty/netty-resolver/4.1.93.Final/3860e99075f9e078364ed38f6d6fc8825b7a168a/netty-resolver-4.1.93.Final.jar because:
2026-04-25T03:14:42.3354475Z   Caching not enabled.
2026-04-25T03:14:42.3355454Z Transforming netty-resolver-4.1.93.Final.jar (io.netty:netty-resolver:4.1.93.Final) with ExternalDependencyInstrumentingArtifactTransform
2026-04-25T03:14:42.3357646Z Caching disabled for ExternalDependencyInstrumentingArtifactTransform: /home/runner/.gradle/caches/8.11.1/transforms/ff606834fc9bd8e490680dabdfab1f0d/transformed/merge/instrumentation-dependencies.bin because:
2026-04-25T03:14:42.3359232Z   Caching not enabled.
2026-04-25T03:14:42.3360879Z Caching disabled for ExternalDependencyInstrumentingArtifactTransform: /home/runner/.gradle/caches/modules-2/files-2.1/io.netty/netty-resolver/4.1.93.Final/3860e99075f9e078364ed38f6d6fc8825b7a168a/netty-resolver-4.1.93.Final.jar because:
2026-04-25T03:14:42.3362719Z   Caching not enabled.
2026-04-25T03:14:42.3364118Z Caching disabled for MergeInstrumentationAnalysisTransform: /home/runner/.gradle/caches/8.11.1/transforms/a3039b39cd8eda7d0a94f337fe103d30/transformed/analysis/instrumentation-hierarchy.bin because:
2026-04-25T03:14:42.3365571Z   Caching not enabled.
2026-04-25T03:14:42.3366939Z Caching disabled for MergeInstrumentationAnalysisTransform: /home/runner/.gradle/caches/8.11.1/transforms/a3039b39cd8eda7d0a94f337fe103d30/transformed/analysis/instrumentation-dependencies.bin because:
2026-04-25T03:14:42.3368409Z   Caching not enabled.
2026-04-25T03:14:42.3370001Z Caching disabled for ExternalDependencyInstrumentingArtifactTransform: /home/runner/.gradle/caches/modules-2/files-2.1/io.netty/netty-buffer/4.1.93.Final/87fac21f4ef95157866b07b48e3c707a2f13c581/netty-buffer-4.1.93.Final.jar because:
2026-04-25T03:14:42.3371812Z   Caching not enabled.
2026-04-25T03:14:42.3373351Z Caching disabled for MergeInstrumentationAnalysisTransform: /home/runner/.gradle/caches/modules-2/files-2.1/io.netty/netty-common/4.1.93.Final/1cfc49b91b0d3ddb30c9f7d8467e5d02ae8babdf/netty-common-4.1.93.Final.jar because:
2026-04-25T03:14:42.3374914Z   Caching not enabled.
2026-04-25T03:14:42.3375820Z Transforming netty-common-4.1.93.Final.jar (io.netty:netty-common:4.1.93.Final) with ExternalDependencyInstrumentingArtifactTransform
2026-04-25T03:14:42.3378020Z Caching disabled for ExternalDependencyInstrumentingArtifactTransform: /home/runner/.gradle/caches/8.11.1/transforms/d08a6bb8acfcdc9335a8acc76fa0de8f/transformed/merge/instrumentation-dependencies.bin because:
2026-04-25T03:14:42.3379871Z   Caching not enabled.
2026-04-25T03:14:42.4080481Z Caching disabled for ExternalDependencyInstrumentingArtifactTransform: /home/runner/.gradle/caches/modules-2/files-2.1/io.netty/netty-common/4.1.93.Final/1cfc49b91b0d3ddb30c9f7d8467e5d02ae8babdf/netty-common-4.1.93.Final.jar because:
2026-04-25T03:14:42.4082764Z   Caching not enabled.
2026-04-25T03:14:44.8080734Z Caching disabled for ExternalDependencyInstrumentingArtifactTransform: /home/runner/.gradle/caches/modules-2/files-2.1/org.bouncycastle/bcprov-jdk18on/1.79/4d8e2732bcee15f1db93df266c3f5b70ce5cac21/bcprov-jdk18on-1.79.jar because:
2026-04-25T03:14:44.8082677Z   Caching not enabled.
2026-04-25T03:14:44.8084464Z Caching disabled for ExternalDependencyInstrumentingArtifactTransform: /home/runner/.gradle/caches/modules-2/files-2.1/org.jetbrains.kotlin/kotlin-compiler-embeddable/2.0.0/1de310de3446414381282ffc46c3ed3919a4d1da/kotlin-compiler-embeddable-2.0.0.jar because:
2026-04-25T03:14:44.8086295Z   Caching not enabled.
2026-04-25T03:14:46.8079902Z 
2026-04-25T03:14:46.8080758Z > Configure project :app
2026-04-25T03:14:46.8082218Z Evaluating project ':app' using build file '/home/runner/work/flashcard-app/flashcard-app/app/build.gradle.kts'.
2026-04-25T03:14:49.2080974Z Cannot use Kotlin build script compile avoidance with /home/runner/.gradle/caches/modules-2/files-2.1/org.jetbrains.kotlin/kotlin-gradle-plugin/2.0.0/5c20cbfbc72e5fbecec18e540de7e5fa59205d63/kotlin-gradle-plugin-2.0.0-gradle85.jar: class org/jetbrains/kotlin/gradle/internal/KaptWithAndroid: inline fun androidVariantData(): compile avoidance is not supported with public inline functions
2026-04-25T03:14:49.6080198Z Cannot use Kotlin build script compile avoidance with /home/runner/.gradle/caches/modules-2/files-2.1/com.android.tools.build/bundletool/1.17.2/e046c6f96d6b2c19afe9b3300eaef9762c3b6103/bundletool-1.17.2.jar: class shadow/bundletool/com/android/utils/NodeCollectionHelperKt: inline fun forEach(): compile avoidance is not supported with public inline functions
2026-04-25T03:14:50.5083932Z Cannot use Kotlin build script compile avoidance with /home/runner/.gradle/caches/modules-2/files-2.1/org.jetbrains.kotlin/kotlin-gradle-plugin-idea-proto/2.0.0/f46941fcffe42b93dd9ec103253789290c029d25/kotlin-gradle-plugin-idea-proto-2.0.0.jar: class org/jetbrains/kotlin/gradle/idea/proto/generated/IdeaExtrasProtoKt$Dsl: inline fun setValues(): compile avoidance is not supported with public inline functions
2026-04-25T03:14:50.5089489Z Cannot use Kotlin build script compile avoidance with /home/runner/.gradle/caches/modules-2/files-2.1/org.jetbrains.kotlin/kotlin-gradle-plugin-idea/2.0.0/dc54973fe68b0bb9b816bd04ef39648ca29526a6/kotlin-gradle-plugin-idea-2.0.0.jar: class org/jetbrains/kotlin/gradle/idea/serialize/IdeaKotlinExtrasSerializer$Companion: inline fun javaIoSerializable(): compile avoidance is not supported with public inline functions
2026-04-25T03:14:51.8081205Z Cannot use Kotlin build script compile avoidance with /home/runner/.gradle/caches/modules-2/files-2.1/org.jetbrains.kotlin/kotlin-compiler-embeddable/2.0.0/1de310de3446414381282ffc46c3ed3919a4d1da/kotlin-compiler-embeddable-2.0.0.jar: class org/jetbrains/kotlin/konan/file/FileKt: inline fun use(): compile avoidance is not supported with public inline functions
2026-04-25T03:14:53.2080765Z Cannot use Kotlin build script compile avoidance with /home/runner/.gradle/caches/modules-2/files-2.1/org.jetbrains.kotlin/kotlin-tooling-core/2.0.0/1ac0c3686d77f70bc5981872121d812dc8182935/kotlin-tooling-core-2.0.0.jar: class org/jetbrains/kotlin/tooling/core/ClosureKt: inline fun closure(): compile avoidance is not supported with public inline functions
2026-04-25T03:14:53.2085545Z Cannot use Kotlin build script compile avoidance with /home/runner/.gradle/caches/modules-2/files-2.1/org.jetbrains.kotlinx/kotlinx-coroutines-core-jvm/1.5.0/d8cebccdcddd029022aa8646a5a953ff88b13ac8/kotlinx-coroutines-core-jvm-1.5.0.jar: class kotlinx/coroutines/CoroutineScopeKt: inline fun currentCoroutineContext(): compile avoidance is not supported with public inline functions
2026-04-25T03:14:53.3080918Z Cannot use Kotlin build script compile avoidance with /home/runner/.gradle/caches/modules-2/files-2.1/org.jetbrains.kotlin/kotlin-util-io/2.0.0/b99cf9311bece174111296392b11c662b5fc1949/kotlin-util-io-2.0.0.jar: class org/jetbrains/kotlin/konan/file/FileKt: inline fun use(): compile avoidance is not supported with public inline functions
2026-04-25T03:14:53.4079419Z Build cache key for Kotlin DSL script compilation (Project/TopLevel/stage1) is 53cf142c92c5dfc5e8e9b3ed994bdf3a
2026-04-25T03:14:54.0080511Z Stored cache entry for Kotlin DSL script compilation (Project/TopLevel/stage1) with cache key 53cf142c92c5dfc5e8e9b3ed994bdf3a
2026-04-25T03:14:55.0092475Z Using default execution profile
2026-04-25T03:14:55.5079247Z Using Kotlin Gradle Plugin gradle85 variant
2026-04-25T03:14:55.8129327Z Build cache key for Kotlin DSL accessors for project ':app' is d8fa50a2bfb99527d4b73ae7c40e4355
2026-04-25T03:14:56.4079680Z Stored cache entry for Kotlin DSL accessors for project ':app' with cache key d8fa50a2bfb99527d4b73ae7c40e4355
2026-04-25T03:14:56.6093329Z Build cache key for Kotlin DSL script compilation (Project/TopLevel/stage2) is 8dfd4677d85202d43f47cba4cfdd65aa
2026-04-25T03:14:57.4079743Z Stored cache entry for Kotlin DSL script compilation (Project/TopLevel/stage2) with cache key 8dfd4677d85202d43f47cba4cfdd65aa
2026-04-25T03:14:58.3080833Z Detected Android Gradle Plugin compose compiler configuration
2026-04-25T03:14:58.3083489Z Detected Android Gradle Plugin compose compiler configuration
2026-04-25T03:14:58.3084495Z Detected Android Gradle Plugin compose compiler configuration
2026-04-25T03:14:58.3085413Z Detected Android Gradle Plugin compose compiler configuration
2026-04-25T03:14:58.3086266Z Detected Android Gradle Plugin compose compiler configuration
2026-04-25T03:14:58.3086977Z All projects evaluated.
2026-04-25T03:14:58.4079145Z Task name matched 'assembleDebug'
2026-04-25T03:14:58.4092809Z Selected primary task 'assembleDebug' from project :
2026-04-25T03:14:58.7102759Z Adding -Xuse-inline-scopes-numbers Kotlin compiler flag for task :app:compileDebugKotlin
2026-04-25T03:14:59.5088666Z Tasks to be executed: [task ':app:preBuild', task ':app:preDebugBuild', task ':app:mergeDebugNativeDebugMetadata', task ':app:checkKotlinGradlePluginConfigurationErrors', task ':app:checkDebugAarMetadata', task ':app:generateDebugResValues', task ':app:mapDebugSourceSetPaths', task ':app:generateDebugResources', task ':app:mergeDebugResources', task ':app:packageDebugResources', task ':app:parseDebugLocalResources', task ':app:createDebugCompatibleScreenManifests', task ':app:extractDeepLinksDebug', task ':app:processDebugMainManifest', task ':app:processDebugManifest', task ':app:processDebugManifestForPackage', task ':app:processDebugResources', task ':app:kspDebugKotlin', task ':app:compileDebugKotlin', task ':app:javaPreCompileDebug', task ':app:compileDebugJavaWithJavac', task ':app:mergeDebugShaders', task ':app:compileDebugShaders', task ':app:generateDebugAssets', task ':app:mergeDebugAssets', task ':app:compressDebugAssets', task ':app:desugarDebugFileDependencies', task ':app:dexBuilderDebug', task ':app:mergeDebugGlobalSynthetics', task ':app:processDebugJavaRes', task ':app:mergeDebugJavaResource', task ':app:checkDebugDuplicateClasses', task ':app:mergeExtDexDebug', task ':app:mergeLibDexDebug', task ':app:mergeProjectDexDebug', task ':app:mergeDebugJniLibFolders', task ':app:mergeDebugNativeLibs', task ':app:stripDebugDebugSymbols', task ':app:validateSigningDebug', task ':app:writeDebugAppMetadata', task ':app:writeDebugSigningConfigVersions', task ':app:packageDebug', task ':app:createDebugApkListingFileRedirect', task ':app:assembleDebug']
2026-04-25T03:14:59.5098912Z Tasks that were excluded: []
2026-04-25T03:14:59.5099690Z Resolve mutations for :app:preBuild (Thread[Execution worker,5,main]) started.
2026-04-25T03:14:59.5100594Z :app:preBuild (Thread[Execution worker,5,main]) started.
2026-04-25T03:14:59.6089969Z 
2026-04-25T03:14:59.6090866Z > Task :app:preBuild UP-TO-DATE
2026-04-25T03:14:59.6092428Z Skipping task ':app:preBuild' as it has no actions.
2026-04-25T03:14:59.6093266Z Resolve mutations for :app:preDebugBuild (Thread[Execution worker,5,main]) started.
2026-04-25T03:14:59.6094178Z :app:preDebugBuild (Thread[Execution worker,5,main]) started.
2026-04-25T03:14:59.6094713Z 
2026-04-25T03:14:59.6095251Z > Task :app:preDebugBuild UP-TO-DATE
2026-04-25T03:14:59.6095885Z Skipping task ':app:preDebugBuild' as it has no actions.
2026-04-25T03:14:59.6096829Z Resolve mutations for :app:mergeDebugNativeDebugMetadata (Thread[Execution worker,5,main]) started.
2026-04-25T03:14:59.6097929Z :app:mergeDebugNativeDebugMetadata (Thread[Execution worker,5,main]) started.
2026-04-25T03:14:59.6098551Z 
2026-04-25T03:14:59.6098902Z > Task :app:mergeDebugNativeDebugMetadata NO-SOURCE
2026-04-25T03:14:59.6099861Z Skipping task ':app:mergeDebugNativeDebugMetadata' as it has no source files and no previous output files.
2026-04-25T03:14:59.6101197Z Resolve mutations for :app:checkKotlinGradlePluginConfigurationErrors (Thread[Execution worker,5,main]) started.
2026-04-25T03:14:59.6102744Z :app:checkKotlinGradlePluginConfigurationErrors (Thread[included builds,5,main]) started.
2026-04-25T03:14:59.6103471Z 
2026-04-25T03:14:59.6103890Z > Task :app:checkKotlinGradlePluginConfigurationErrors SKIPPED
2026-04-25T03:14:59.6105056Z Skipping task ':app:checkKotlinGradlePluginConfigurationErrors' as task onlyIf 'errorDiagnostics are present' is false.
2026-04-25T03:14:59.6106311Z Resolve mutations for :app:checkDebugAarMetadata (Thread[included builds,5,main]) started.
2026-04-25T03:14:59.6107237Z :app:checkDebugAarMetadata (Thread[included builds,5,main]) started.
2026-04-25T03:15:01.6079423Z 
2026-04-25T03:15:01.6080254Z > Task :app:checkDebugAarMetadata
2026-04-25T03:15:01.6081919Z Resource missing. [HTTP GET: https://dl.google.com/dl/android/maven2/org/jetbrains/kotlin/kotlin-stdlib/2.0.0/kotlin-stdlib-2.0.0.pom]
2026-04-25T03:15:01.6083885Z Downloading https://dl.google.com/dl/android/maven2/androidx/core/core-ktx/1.13.1/core-ktx-1.13.1.pom to /home/runner/.gradle/.tmp/gradle_download3409634553001857386bin
2026-04-25T03:15:01.6086079Z Downloading https://repo.maven.apache.org/maven2/org/jetbrains/kotlin/kotlin-stdlib/2.0.0/kotlin-stdlib-2.0.0.pom to /home/runner/.gradle/.tmp/gradle_download2118898123807587884bin
2026-04-25T03:15:01.6088337Z Downloading https://repo.maven.apache.org/maven2/org/jetbrains/kotlin/kotlin-stdlib/2.0.0/kotlin-stdlib-2.0.0.module to /home/runner/.gradle/.tmp/gradle_download5763222477901177170bin
2026-04-25T03:15:01.6090628Z Downloading https://dl.google.com/dl/android/maven2/androidx/activity/activity-compose/1.13.0/activity-compose-1.13.0.pom to /home/runner/.gradle/.tmp/gradle_download5798052081187776710bin
2026-04-25T03:15:01.6093284Z Downloading https://dl.google.com/dl/android/maven2/androidx/lifecycle/lifecycle-runtime-ktx/2.8.3/lifecycle-runtime-ktx-2.8.3.pom to /home/runner/.gradle/.tmp/gradle_download7326860051828696215bin
2026-04-25T03:15:01.6095780Z Downloading https://dl.google.com/dl/android/maven2/androidx/lifecycle/lifecycle-runtime-ktx/2.8.3/lifecycle-runtime-ktx-2.8.3.module to /home/runner/.gradle/.tmp/gradle_download17020113107081390457bin
2026-04-25T03:15:01.6098092Z Downloading https://dl.google.com/dl/android/maven2/androidx/core/core-ktx/1.13.1/core-ktx-1.13.1.module to /home/runner/.gradle/.tmp/gradle_download12224942710864025169bin
2026-04-25T03:15:01.6100282Z Downloading https://dl.google.com/dl/android/maven2/androidx/activity/activity-compose/1.13.0/activity-compose-1.13.0.module to /home/runner/.gradle/.tmp/gradle_download17784113669485684812bin
2026-04-25T03:15:01.6102698Z Downloading https://dl.google.com/dl/android/maven2/androidx/compose/compose-bom/2024.08.00/compose-bom-2024.08.00.pom to /home/runner/.gradle/.tmp/gradle_download8279461687796356535bin
2026-04-25T03:15:01.6105005Z Downloading https://dl.google.com/dl/android/maven2/androidx/room3/room3-runtime/3.0.0-alpha03/room3-runtime-3.0.0-alpha03.pom to /home/runner/.gradle/.tmp/gradle_download4763626201815923155bin
2026-04-25T03:15:01.6107909Z Downloading https://dl.google.com/dl/android/maven2/androidx/room3/room3-runtime/3.0.0-alpha03/room3-runtime-3.0.0-alpha03.module to /home/runner/.gradle/.tmp/gradle_download5302528901881301957bin
2026-04-25T03:15:01.6110300Z Downloading https://dl.google.com/dl/android/maven2/androidx/core/core/1.13.1/core-1.13.1.pom to /home/runner/.gradle/.tmp/gradle_download8651835917645545069bin
2026-04-25T03:15:01.6112471Z Downloading https://dl.google.com/dl/android/maven2/androidx/annotation/annotation/1.1.0/annotation-1.1.0.pom to /home/runner/.gradle/.tmp/gradle_download16371878385252605757bin
2026-04-25T03:15:01.6114537Z Downloading https://dl.google.com/dl/android/maven2/androidx/core/core/1.13.1/core-1.13.1.module to /home/runner/.gradle/.tmp/gradle_download15707654922717901768bin
2026-04-25T03:15:01.6116879Z Downloading https://dl.google.com/dl/android/maven2/androidx/lifecycle/lifecycle-runtime-ktx-android/2.8.3/lifecycle-runtime-ktx-android-2.8.3.pom to /home/runner/.gradle/.tmp/gradle_download13746201394987139886bin
2026-04-25T03:15:01.6119572Z Downloading https://dl.google.com/dl/android/maven2/androidx/lifecycle/lifecycle-runtime-ktx-android/2.8.3/lifecycle-runtime-ktx-android-2.8.3.module to /home/runner/.gradle/.tmp/gradle_download6150083625950869037bin
2026-04-25T03:15:01.6122017Z Downloading https://dl.google.com/dl/android/maven2/androidx/compose/ui/ui/1.0.1/ui-1.0.1.pom to /home/runner/.gradle/.tmp/gradle_download2737113092389594245bin
2026-04-25T03:15:01.6123885Z Downloading https://dl.google.com/dl/android/maven2/androidx/compose/ui/ui/1.0.1/ui-1.0.1.module to /home/runner/.gradle/.tmp/gradle_download7015679021005884669bin
2026-04-25T03:15:01.6125656Z Resource missing. [HTTP GET: https://dl.google.com/dl/android/maven2/org/jetbrains/kotlin/kotlin-stdlib/2.1.20/kotlin-stdlib-2.1.20.pom]
2026-04-25T03:15:01.6127593Z Downloading https://repo.maven.apache.org/maven2/org/jetbrains/kotlin/kotlin-stdlib/2.1.20/kotlin-stdlib-2.1.20.pom to /home/runner/.gradle/.tmp/gradle_download12982899793261930781bin
2026-04-25T03:15:01.6129791Z Downloading https://repo.maven.apache.org/maven2/org/jetbrains/kotlin/kotlin-stdlib/2.1.20/kotlin-stdlib-2.1.20.module to /home/runner/.gradle/.tmp/gradle_download11401961071188147060bin
2026-04-25T03:15:01.6132097Z Downloading https://dl.google.com/dl/android/maven2/androidx/core/core-ktx/1.18.0/core-ktx-1.18.0.pom to /home/runner/.gradle/.tmp/gradle_download3500347926952807722bin
2026-04-25T03:15:01.6134120Z Downloading https://dl.google.com/dl/android/maven2/androidx/core/core-ktx/1.18.0/core-ktx-1.18.0.module to /home/runner/.gradle/.tmp/gradle_download899639243864623882bin
2026-04-25T03:15:01.6136352Z Downloading https://dl.google.com/dl/android/maven2/androidx/compose/runtime/runtime-saveable/1.7.0/runtime-saveable-1.7.0.pom to /home/runner/.gradle/.tmp/gradle_download14082468749185105054bin
2026-04-25T03:15:01.6138725Z Downloading https://dl.google.com/dl/android/maven2/androidx/lifecycle/lifecycle-common/2.9.4/lifecycle-common-2.9.4.pom to /home/runner/.gradle/.tmp/gradle_download909229288400489750bin
2026-04-25T03:15:01.6140951Z Downloading https://dl.google.com/dl/android/maven2/androidx/compose/runtime/runtime/1.7.0/runtime-1.7.0.pom to /home/runner/.gradle/.tmp/gradle_download7295317331110346661bin
2026-04-25T03:15:01.6143355Z Downloading https://dl.google.com/dl/android/maven2/androidx/lifecycle/lifecycle-common/2.9.4/lifecycle-common-2.9.4.module to /home/runner/.gradle/.tmp/gradle_download12009812903823147723bin
2026-04-25T03:15:01.6145432Z Downloading https://dl.google.com/dl/android/maven2/androidx/activity/activity/1.13.0/activity-1.13.0.pom to /home/runner/.gradle/.tmp/gradle_download1384402582519899223bin
2026-04-25T03:15:01.6147367Z Downloading https://dl.google.com/dl/android/maven2/androidx/activity/activity/1.13.0/activity-1.13.0.module to /home/runner/.gradle/.tmp/gradle_download7807155306747404053bin
2026-04-25T03:15:01.6149459Z Downloading https://dl.google.com/dl/android/maven2/androidx/lifecycle/lifecycle-runtime/2.9.4/lifecycle-runtime-2.9.4.pom to /home/runner/.gradle/.tmp/gradle_download10696788238073751333bin
2026-04-25T03:15:01.6152498Z Downloading https://dl.google.com/dl/android/maven2/androidx/compose/runtime/runtime-saveable/1.7.0/runtime-saveable-1.7.0.module to /home/runner/.gradle/.tmp/gradle_download8458659923397923820bin
2026-04-25T03:15:01.6155104Z Downloading https://dl.google.com/dl/android/maven2/androidx/compose/runtime/runtime/1.7.0/runtime-1.7.0.module to /home/runner/.gradle/.tmp/gradle_download12374942047706266380bin
2026-04-25T03:15:01.6157484Z Downloading https://dl.google.com/dl/android/maven2/androidx/lifecycle/lifecycle-runtime-compose/2.9.4/lifecycle-runtime-compose-2.9.4.pom to /home/runner/.gradle/.tmp/gradle_download8985097455505372054bin
2026-04-25T03:15:01.6160017Z Downloading https://dl.google.com/dl/android/maven2/androidx/lifecycle/lifecycle-runtime/2.9.4/lifecycle-runtime-2.9.4.module to /home/runner/.gradle/.tmp/gradle_download16063725478480630401bin
2026-04-25T03:15:01.6162731Z Downloading https://dl.google.com/dl/android/maven2/androidx/lifecycle/lifecycle-runtime-compose/2.9.4/lifecycle-runtime-compose-2.9.4.module to /home/runner/.gradle/.tmp/gradle_download5251719944127862501bin
2026-04-25T03:15:01.6165084Z Downloading https://dl.google.com/dl/android/maven2/androidx/savedstate/savedstate/1.2.1/savedstate-1.2.1.pom to /home/runner/.gradle/.tmp/gradle_download508734048046579981bin
2026-04-25T03:15:01.6167324Z Downloading https://dl.google.com/dl/android/maven2/androidx/lifecycle/lifecycle-viewmodel/2.9.4/lifecycle-viewmodel-2.9.4.pom to /home/runner/.gradle/.tmp/gradle_download14227325991942747085bin
2026-04-25T03:15:01.6169475Z Resource missing. [HTTP GET: https://dl.google.com/dl/android/maven2/org/jetbrains/kotlinx/kotlinx-coroutines-core/1.9.0/kotlinx-coroutines-core-1.9.0.pom]
2026-04-25T03:15:01.6171518Z Downloading https://dl.google.com/dl/android/maven2/androidx/savedstate/savedstate/1.2.1/savedstate-1.2.1.module to /home/runner/.gradle/.tmp/gradle_download5206879772836096487bin
2026-04-25T03:15:01.6174228Z Downloading https://dl.google.com/dl/android/maven2/androidx/navigationevent/navigationevent-compose/1.0.0/navigationevent-compose-1.0.0.pom to /home/runner/.gradle/.tmp/gradle_download4062210371411445853bin
2026-04-25T03:15:01.6176829Z Downloading https://repo.maven.apache.org/maven2/org/jetbrains/kotlinx/kotlinx-coroutines-core/1.9.0/kotlinx-coroutines-core-1.9.0.pom to /home/runner/.gradle/.tmp/gradle_download3864731979384981451bin
2026-04-25T03:15:01.6179293Z Downloading https://dl.google.com/dl/android/maven2/androidx/lifecycle/lifecycle-viewmodel/2.9.4/lifecycle-viewmodel-2.9.4.module to /home/runner/.gradle/.tmp/gradle_download5312614498909397853bin
2026-04-25T03:15:01.6181465Z Resource missing. [HTTP GET: https://dl.google.com/dl/android/maven2/org/jetbrains/kotlinx/kotlinx-coroutines-bom/1.9.0/kotlinx-coroutines-bom-1.9.0.pom]
2026-04-25T03:15:01.6183819Z Downloading https://dl.google.com/dl/android/maven2/androidx/navigationevent/navigationevent-compose/1.0.0/navigationevent-compose-1.0.0.module to /home/runner/.gradle/.tmp/gradle_download12297108564259702919bin
2026-04-25T03:15:01.6186268Z Downloading https://repo.maven.apache.org/maven2/org/jetbrains/kotlinx/kotlinx-coroutines-bom/1.9.0/kotlinx-coroutines-bom-1.9.0.pom to /home/runner/.gradle/.tmp/gradle_download16532542027602796868bin
2026-04-25T03:15:01.6188705Z Downloading https://repo.maven.apache.org/maven2/org/jetbrains/kotlinx/kotlinx-coroutines-core/1.9.0/kotlinx-coroutines-core-1.9.0.module to /home/runner/.gradle/.tmp/gradle_download6288764543548652921bin
2026-04-25T03:15:01.6190996Z Downloading https://dl.google.com/dl/android/maven2/androidx/compose/material3/material3/1.2.1/material3-1.2.1.pom to /home/runner/.gradle/.tmp/gradle_download5363198232763530531bin
2026-04-25T03:15:01.6193355Z Downloading https://dl.google.com/dl/android/maven2/androidx/compose/material3/material3/1.2.1/material3-1.2.1.module to /home/runner/.gradle/.tmp/gradle_download3539376741895526462bin
2026-04-25T03:15:01.6196770Z Downloading https://dl.google.com/dl/android/maven2/androidx/compose/ui/ui/1.6.8/ui-1.6.8.pom to /home/runner/.gradle/.tmp/gradle_download8900911448957704621bin
2026-04-25T03:15:01.6198898Z Downloading https://dl.google.com/dl/android/maven2/androidx/compose/ui/ui/1.6.8/ui-1.6.8.module to /home/runner/.gradle/.tmp/gradle_download10149440250213937819bin
2026-04-25T03:15:01.6200959Z Downloading https://dl.google.com/dl/android/maven2/androidx/compose/ui/ui-graphics/1.6.8/ui-graphics-1.6.8.pom to /home/runner/.gradle/.tmp/gradle_download13216522803107083760bin
2026-04-25T03:15:01.6203540Z Downloading https://dl.google.com/dl/android/maven2/androidx/compose/ui/ui-graphics/1.6.8/ui-graphics-1.6.8.module to /home/runner/.gradle/.tmp/gradle_download2157702327365918463bin
2026-04-25T03:15:01.6205593Z Downloading https://dl.google.com/dl/android/maven2/androidx/compose/ui/ui-test-manifest/1.6.8/ui-test-manifest-1.6.8.pom to /home/runner/.gradle/.tmp/gradle_download10339705372485874748bin
2026-04-25T03:15:01.6207678Z Downloading https://dl.google.com/dl/android/maven2/androidx/compose/ui/ui-test-manifest/1.6.8/ui-test-manifest-1.6.8.module to /home/runner/.gradle/.tmp/gradle_download14984304396501418615bin
2026-04-25T03:15:01.6209561Z Downloading https://dl.google.com/dl/android/maven2/androidx/compose/ui/ui-tooling/1.6.8/ui-tooling-1.6.8.pom to /home/runner/.gradle/.tmp/gradle_download733342333515631443bin
2026-04-25T03:15:01.6211895Z Downloading https://dl.google.com/dl/android/maven2/androidx/compose/ui/ui-tooling/1.6.8/ui-tooling-1.6.8.module to /home/runner/.gradle/.tmp/gradle_download12234237189923805517bin
2026-04-25T03:15:01.6214070Z Downloading https://dl.google.com/dl/android/maven2/androidx/compose/ui/ui-tooling-preview/1.6.8/ui-tooling-preview-1.6.8.pom to /home/runner/.gradle/.tmp/gradle_download10435422189907517377bin
2026-04-25T03:15:01.6216434Z Downloading https://dl.google.com/dl/android/maven2/androidx/compose/ui/ui-tooling-preview/1.6.8/ui-tooling-preview-1.6.8.module to /home/runner/.gradle/.tmp/gradle_download17550811068934406371bin
2026-04-25T03:15:01.6218852Z Downloading https://dl.google.com/dl/android/maven2/androidx/room3/room3-runtime-android/3.0.0-alpha03/room3-runtime-android-3.0.0-alpha03.pom to /home/runner/.gradle/.tmp/gradle_download8345298950891116282bin
2026-04-25T03:15:01.6221812Z Downloading https://dl.google.com/dl/android/maven2/androidx/room3/room3-runtime-android/3.0.0-alpha03/room3-runtime-android-3.0.0-alpha03.module to /home/runner/.gradle/.tmp/gradle_download14993670368568136364bin
2026-04-25T03:15:01.6224057Z Downloading https://dl.google.com/dl/android/maven2/androidx/annotation/annotation/1.8.0/annotation-1.8.0.pom to /home/runner/.gradle/.tmp/gradle_download6021717499829861488bin
2026-04-25T03:15:01.6226255Z Resource missing. [HTTP GET: https://dl.google.com/dl/android/maven2/org/jetbrains/kotlinx/kotlinx-coroutines-android/1.7.3/kotlinx-coroutines-android-1.7.3.pom]
2026-04-25T03:15:01.6228353Z Downloading https://dl.google.com/dl/android/maven2/androidx/annotation/annotation/1.8.0/annotation-1.8.0.module to /home/runner/.gradle/.tmp/gradle_download16980129769891720866bin
2026-04-25T03:15:01.6230933Z Downloading https://repo.maven.apache.org/maven2/org/jetbrains/kotlinx/kotlinx-coroutines-android/1.7.3/kotlinx-coroutines-android-1.7.3.pom to /home/runner/.gradle/.tmp/gradle_download8255080304088545504bin
2026-04-25T03:15:01.6233468Z Resource missing. [HTTP GET: https://dl.google.com/dl/android/maven2/org/jetbrains/kotlinx/kotlinx-coroutines-bom/1.7.3/kotlinx-coroutines-bom-1.7.3.pom]
2026-04-25T03:15:01.6235761Z Downloading https://repo.maven.apache.org/maven2/org/jetbrains/kotlinx/kotlinx-coroutines-bom/1.7.3/kotlinx-coroutines-bom-1.7.3.pom to /home/runner/.gradle/.tmp/gradle_download12244995582516069287bin
2026-04-25T03:15:01.6238351Z Downloading https://repo.maven.apache.org/maven2/org/jetbrains/kotlinx/kotlinx-coroutines-android/1.7.3/kotlinx-coroutines-android-1.7.3.module to /home/runner/.gradle/.tmp/gradle_download16490357407158632265bin
2026-04-25T03:15:01.6241153Z Downloading https://dl.google.com/dl/android/maven2/androidx/annotation/annotation/1.8.1/annotation-1.8.1.pom to /home/runner/.gradle/.tmp/gradle_download18342566346971937680bin
2026-04-25T03:15:01.6243934Z Downloading https://dl.google.com/dl/android/maven2/androidx/annotation/annotation/1.8.1/annotation-1.8.1.module to /home/runner/.gradle/.tmp/gradle_download2055762821570508216bin
2026-04-25T03:15:01.6246122Z Downloading https://dl.google.com/dl/android/maven2/androidx/core/core/1.18.0/core-1.18.0.pom to /home/runner/.gradle/.tmp/gradle_download11637324195066105854bin
2026-04-25T03:15:01.6248204Z Downloading https://dl.google.com/dl/android/maven2/androidx/core/core/1.18.0/core-1.18.0.module to /home/runner/.gradle/.tmp/gradle_download5178296224564115710bin
2026-04-25T03:15:01.6250289Z Downloading https://dl.google.com/dl/android/maven2/androidx/profileinstaller/profileinstaller/1.4.0/profileinstaller-1.4.0.pom to /home/runner/.gradle/.tmp/gradle_download14601302387990344974bin
2026-04-25T03:15:01.6252600Z Downloading https://dl.google.com/dl/android/maven2/androidx/tracing/tracing/1.0.0/tracing-1.0.0.pom to /home/runner/.gradle/.tmp/gradle_download18170608766080819107bin
2026-04-25T03:15:01.6254767Z Downloading https://dl.google.com/dl/android/maven2/androidx/profileinstaller/profileinstaller/1.4.0/profileinstaller-1.4.0.module to /home/runner/.gradle/.tmp/gradle_download4727130655674725194bin
2026-04-25T03:15:01.6256929Z Downloading https://dl.google.com/dl/android/maven2/androidx/tracing/tracing/1.0.0/tracing-1.0.0.module to /home/runner/.gradle/.tmp/gradle_download11132684928329983824bin
2026-04-25T03:15:01.6258848Z Downloading https://dl.google.com/dl/android/maven2/androidx/core/core-viewtree/1.0.0/core-viewtree-1.0.0.pom to /home/runner/.gradle/.tmp/gradle_download2304883088514260706bin
2026-04-25T03:15:01.7080051Z Downloading https://dl.google.com/dl/android/maven2/androidx/core/core-viewtree/1.0.0/core-viewtree-1.0.0.module to /home/runner/.gradle/.tmp/gradle_download14263853624178340645bin
2026-04-25T03:15:01.7082528Z Downloading https://dl.google.com/dl/android/maven2/androidx/navigationevent/navigationevent/1.0.0/navigationevent-1.0.0.pom to /home/runner/.gradle/.tmp/gradle_download16106990789668835707bin
2026-04-25T03:15:01.7084859Z Downloading https://dl.google.com/dl/android/maven2/androidx/navigationevent/navigationevent/1.0.0/navigationevent-1.0.0.module to /home/runner/.gradle/.tmp/gradle_download407883378785199142bin
2026-04-25T03:15:01.7087372Z Downloading https://dl.google.com/dl/android/maven2/androidx/lifecycle/lifecycle-viewmodel-savedstate/2.8.3/lifecycle-viewmodel-savedstate-2.8.3.pom to /home/runner/.gradle/.tmp/gradle_download9043942695287978345bin
2026-04-25T03:15:01.7090010Z Downloading https://dl.google.com/dl/android/maven2/androidx/lifecycle/lifecycle-viewmodel-savedstate/2.8.3/lifecycle-viewmodel-savedstate-2.8.3.module to /home/runner/.gradle/.tmp/gradle_download6087744403377599145bin
2026-04-25T03:15:01.8080190Z Downloading https://dl.google.com/dl/android/maven2/androidx/compose/runtime/runtime-android/1.7.0/runtime-android-1.7.0.pom to /home/runner/.gradle/.tmp/gradle_download5793871855583076238bin
2026-04-25T03:15:01.8082811Z Downloading https://dl.google.com/dl/android/maven2/androidx/compose/runtime/runtime-android/1.7.0/runtime-android-1.7.0.module to /home/runner/.gradle/.tmp/gradle_download12248775974266870726bin
2026-04-25T03:15:01.8085183Z Downloading https://dl.google.com/dl/android/maven2/androidx/compose/runtime/runtime-saveable-android/1.7.0/runtime-saveable-android-1.7.0.pom to /home/runner/.gradle/.tmp/gradle_download10294716053955007568bin
2026-04-25T03:15:01.8087669Z Downloading https://dl.google.com/dl/android/maven2/androidx/compose/runtime/runtime-saveable-android/1.7.0/runtime-saveable-android-1.7.0.module to /home/runner/.gradle/.tmp/gradle_download6290997426365369250bin
2026-04-25T03:15:01.8090038Z Downloading https://dl.google.com/dl/android/maven2/androidx/lifecycle/lifecycle-common-jvm/2.9.4/lifecycle-common-jvm-2.9.4.pom to /home/runner/.gradle/.tmp/gradle_download10387350311732866953bin
2026-04-25T03:15:01.9079203Z Downloading https://dl.google.com/dl/android/maven2/androidx/lifecycle/lifecycle-common-jvm/2.9.4/lifecycle-common-jvm-2.9.4.module to /home/runner/.gradle/.tmp/gradle_download2808805462103394826bin
2026-04-25T03:15:01.9080961Z Downloading https://dl.google.com/dl/android/maven2/androidx/lifecycle/lifecycle-runtime-android/2.9.4/lifecycle-runtime-android-2.9.4.pom to /home/runner/.gradle/.tmp/gradle_download641501352128260467bin
2026-04-25T03:15:01.9082517Z Downloading https://dl.google.com/dl/android/maven2/androidx/lifecycle/lifecycle-runtime-android/2.9.4/lifecycle-runtime-android-2.9.4.module to /home/runner/.gradle/.tmp/gradle_download880499502840233247bin
2026-04-25T03:15:01.9083931Z Downloading https://dl.google.com/dl/android/maven2/androidx/lifecycle/lifecycle-runtime-compose-android/2.9.4/lifecycle-runtime-compose-android-2.9.4.pom to /home/runner/.gradle/.tmp/gradle_download4567574944238020520bin
2026-04-25T03:15:02.0079375Z Downloading https://dl.google.com/dl/android/maven2/androidx/lifecycle/lifecycle-runtime-compose-android/2.9.4/lifecycle-runtime-compose-android-2.9.4.module to /home/runner/.gradle/.tmp/gradle_download11470634888333435471bin
2026-04-25T03:15:02.0081046Z Downloading https://dl.google.com/dl/android/maven2/androidx/lifecycle/lifecycle-viewmodel-android/2.9.4/lifecycle-viewmodel-android-2.9.4.pom to /home/runner/.gradle/.tmp/gradle_download3154372454017645579bin
2026-04-25T03:15:02.0082699Z Downloading https://dl.google.com/dl/android/maven2/androidx/lifecycle/lifecycle-viewmodel-android/2.9.4/lifecycle-viewmodel-android-2.9.4.module to /home/runner/.gradle/.tmp/gradle_download5194485327643715497bin
2026-04-25T03:15:02.0084244Z Downloading https://dl.google.com/dl/android/maven2/androidx/navigationevent/navigationevent-compose-android/1.0.0/navigationevent-compose-android-1.0.0.pom to /home/runner/.gradle/.tmp/gradle_download5291837168777097925bin
2026-04-25T03:15:02.1079995Z Downloading https://dl.google.com/dl/android/maven2/androidx/navigationevent/navigationevent-compose-android/1.0.0/navigationevent-compose-android-1.0.0.module to /home/runner/.gradle/.tmp/gradle_download7799836571507211173bin
2026-04-25T03:15:02.1081825Z Downloading https://dl.google.com/dl/android/maven2/androidx/arch/core/core-common/2.1.0/core-common-2.1.0.pom to /home/runner/.gradle/.tmp/gradle_download14722675876621184447bin
2026-04-25T03:15:02.1083001Z Resource missing. [HTTP GET: https://dl.google.com/dl/android/maven2/org/jetbrains/kotlinx/kotlinx-coroutines-core-jvm/1.9.0/kotlinx-coroutines-core-jvm-1.9.0.pom]
2026-04-25T03:15:02.1084268Z Downloading https://repo.maven.apache.org/maven2/org/jetbrains/kotlinx/kotlinx-coroutines-core-jvm/1.9.0/kotlinx-coroutines-core-jvm-1.9.0.pom to /home/runner/.gradle/.tmp/gradle_download4118916427797516165bin
2026-04-25T03:15:02.2079716Z Downloading https://repo.maven.apache.org/maven2/org/jetbrains/kotlinx/kotlinx-coroutines-core-jvm/1.9.0/kotlinx-coroutines-core-jvm-1.9.0.module to /home/runner/.gradle/.tmp/gradle_download846565043061047961bin
2026-04-25T03:15:02.2081248Z Downloading https://dl.google.com/dl/android/maven2/androidx/compose/material3/material3-android/1.2.1/material3-android-1.2.1.pom to /home/runner/.gradle/.tmp/gradle_download13714903275269209236bin
2026-04-25T03:15:02.2082874Z Downloading https://dl.google.com/dl/android/maven2/androidx/compose/material3/material3-android/1.2.1/material3-android-1.2.1.module to /home/runner/.gradle/.tmp/gradle_download17468963885825494133bin
2026-04-25T03:15:02.3079891Z Downloading https://dl.google.com/dl/android/maven2/androidx/compose/ui/ui-android/1.6.8/ui-android-1.6.8.pom to /home/runner/.gradle/.tmp/gradle_download10037561481296779845bin
2026-04-25T03:15:02.4079222Z Downloading https://dl.google.com/dl/android/maven2/androidx/compose/ui/ui-android/1.6.8/ui-android-1.6.8.module to /home/runner/.gradle/.tmp/gradle_download18430050181556056940bin
2026-04-25T03:15:02.4080562Z Downloading https://dl.google.com/dl/android/maven2/androidx/compose/ui/ui-graphics-android/1.6.8/ui-graphics-android-1.6.8.pom to /home/runner/.gradle/.tmp/gradle_download5531432699446215214bin
2026-04-25T03:15:02.5080342Z Downloading https://dl.google.com/dl/android/maven2/androidx/compose/ui/ui-graphics-android/1.6.8/ui-graphics-android-1.6.8.module to /home/runner/.gradle/.tmp/gradle_download4027207032726862359bin
2026-04-25T03:15:02.5082539Z Downloading https://dl.google.com/dl/android/maven2/androidx/compose/ui/ui-tooling-android/1.6.8/ui-tooling-android-1.6.8.pom to /home/runner/.gradle/.tmp/gradle_download12666707805995571660bin
2026-04-25T03:15:02.6080141Z Downloading https://dl.google.com/dl/android/maven2/androidx/compose/ui/ui-tooling-android/1.6.8/ui-tooling-android-1.6.8.module to /home/runner/.gradle/.tmp/gradle_download16665334036859415026bin
2026-04-25T03:15:02.7079581Z Downloading https://dl.google.com/dl/android/maven2/androidx/compose/ui/ui-tooling-preview-android/1.6.8/ui-tooling-preview-android-1.6.8.pom to /home/runner/.gradle/.tmp/gradle_download449520339448093803bin
2026-04-25T03:15:02.7081193Z Downloading https://dl.google.com/dl/android/maven2/androidx/compose/ui/ui-tooling-preview-android/1.6.8/ui-tooling-preview-android-1.6.8.module to /home/runner/.gradle/.tmp/gradle_download17929975806354395475bin
2026-04-25T03:15:02.7082710Z Downloading https://dl.google.com/dl/android/maven2/androidx/annotation/annotation/1.9.1/annotation-1.9.1.pom to /home/runner/.gradle/.tmp/gradle_download15768116067123988028bin
2026-04-25T03:15:02.8079475Z Downloading https://dl.google.com/dl/android/maven2/androidx/annotation/annotation/1.9.1/annotation-1.9.1.module to /home/runner/.gradle/.tmp/gradle_download18242034139702894394bin
2026-04-25T03:15:02.8080785Z Resource missing. [HTTP GET: https://dl.google.com/dl/android/maven2/org/jetbrains/kotlinx/kotlinx-coroutines-android/1.9.0/kotlinx-coroutines-android-1.9.0.pom]
2026-04-25T03:15:02.8082973Z Downloading https://repo.maven.apache.org/maven2/org/jetbrains/kotlinx/kotlinx-coroutines-android/1.9.0/kotlinx-coroutines-android-1.9.0.pom to /home/runner/.gradle/.tmp/gradle_download7759754809989963340bin
2026-04-25T03:15:02.8085344Z Downloading https://repo.maven.apache.org/maven2/org/jetbrains/kotlinx/kotlinx-coroutines-android/1.9.0/kotlinx-coroutines-android-1.9.0.module to /home/runner/.gradle/.tmp/gradle_download1836074994416815834bin
2026-04-25T03:15:02.9080161Z Downloading https://dl.google.com/dl/android/maven2/androidx/annotation/annotation-experimental/1.5.0/annotation-experimental-1.5.0.pom to /home/runner/.gradle/.tmp/gradle_download10523552650150503654bin
2026-04-25T03:15:02.9083007Z Downloading https://dl.google.com/dl/android/maven2/androidx/collection/collection/1.5.0/collection-1.5.0.pom to /home/runner/.gradle/.tmp/gradle_download14034527806129212908bin
2026-04-25T03:15:02.9085275Z Downloading https://dl.google.com/dl/android/maven2/androidx/collection/collection/1.5.0/collection-1.5.0.module to /home/runner/.gradle/.tmp/gradle_download9415826454953742544bin
2026-04-25T03:15:02.9087493Z Downloading https://dl.google.com/dl/android/maven2/androidx/room3/room3-common/3.0.0-alpha03/room3-common-3.0.0-alpha03.pom to /home/runner/.gradle/.tmp/gradle_download15850898560365243019bin
2026-04-25T03:15:02.9089722Z Downloading https://dl.google.com/dl/android/maven2/androidx/sqlite/sqlite/2.7.0-alpha03/sqlite-2.7.0-alpha03.pom to /home/runner/.gradle/.tmp/gradle_download14951303076169995553bin
2026-04-25T03:15:02.9092268Z Downloading https://dl.google.com/dl/android/maven2/androidx/annotation/annotation-experimental/1.5.0/annotation-experimental-1.5.0.module to /home/runner/.gradle/.tmp/gradle_download6886454408545138106bin
2026-04-25T03:15:02.9094700Z Downloading https://dl.google.com/dl/android/maven2/androidx/sqlite/sqlite-async/2.7.0-alpha03/sqlite-async-2.7.0-alpha03.pom to /home/runner/.gradle/.tmp/gradle_download10516915904857454799bin
2026-04-25T03:15:02.9096934Z Downloading https://dl.google.com/dl/android/maven2/androidx/room3/room3-common/3.0.0-alpha03/room3-common-3.0.0-alpha03.module to /home/runner/.gradle/.tmp/gradle_download15512536652492711561bin
2026-04-25T03:15:02.9099481Z Downloading https://dl.google.com/dl/android/maven2/androidx/sqlite/sqlite/2.7.0-alpha03/sqlite-2.7.0-alpha03.module to /home/runner/.gradle/.tmp/gradle_download17997906595239030213bin
2026-04-25T03:15:03.0079863Z Resource missing. [HTTP GET: https://dl.google.com/dl/android/maven2/org/jspecify/jspecify/1.0.0/jspecify-1.0.0.pom]
2026-04-25T03:15:03.0080898Z Downloading https://repo.maven.apache.org/maven2/org/jspecify/jspecify/1.0.0/jspecify-1.0.0.pom to /home/runner/.gradle/.tmp/gradle_download10054379253228432567bin
2026-04-25T03:15:03.0082328Z Downloading https://dl.google.com/dl/android/maven2/androidx/sqlite/sqlite-framework/2.7.0-alpha03/sqlite-framework-2.7.0-alpha03.pom to /home/runner/.gradle/.tmp/gradle_download14144402851126951680bin
2026-04-25T03:15:03.0083522Z Downloading https://repo.maven.apache.org/maven2/org/jspecify/jspecify/1.0.0/jspecify-1.0.0.module to /home/runner/.gradle/.tmp/gradle_download8441332930682075886bin
2026-04-25T03:15:03.0084660Z Downloading https://dl.google.com/dl/android/maven2/androidx/sqlite/sqlite-async/2.7.0-alpha03/sqlite-async-2.7.0-alpha03.module to /home/runner/.gradle/.tmp/gradle_download17918626863030317243bin
2026-04-25T03:15:03.0085921Z Downloading https://dl.google.com/dl/android/maven2/androidx/sqlite/sqlite-framework/2.7.0-alpha03/sqlite-framework-2.7.0-alpha03.module to /home/runner/.gradle/.tmp/gradle_download2730718852765558323bin
2026-04-25T03:15:03.1079708Z Downloading https://dl.google.com/dl/android/maven2/androidx/tracing/tracing/1.2.0/tracing-1.2.0.pom to /home/runner/.gradle/.tmp/gradle_download17542743057314065903bin
2026-04-25T03:15:03.1080975Z Downloading https://dl.google.com/dl/android/maven2/androidx/tracing/tracing/1.2.0/tracing-1.2.0.module to /home/runner/.gradle/.tmp/gradle_download3195291034425731304bin
2026-04-25T03:15:03.1082298Z Resource missing. [HTTP GET: https://dl.google.com/dl/android/maven2/com/google/guava/listenablefuture/1.0/listenablefuture-1.0.pom]
2026-04-25T03:15:03.1083574Z Downloading https://dl.google.com/dl/android/maven2/androidx/versionedparcelable/versionedparcelable/1.1.1/versionedparcelable-1.1.1.pom to /home/runner/.gradle/.tmp/gradle_download5115890541749960692bin
2026-04-25T03:15:03.1084878Z Downloading https://dl.google.com/dl/android/maven2/androidx/interpolator/interpolator/1.0.0/interpolator-1.0.0.pom to /home/runner/.gradle/.tmp/gradle_download3020965104917337918bin
2026-04-25T03:15:03.1086105Z Downloading https://dl.google.com/dl/android/maven2/androidx/concurrent/concurrent-futures/1.0.0/concurrent-futures-1.0.0.pom to /home/runner/.gradle/.tmp/gradle_download17234274676711188234bin
2026-04-25T03:15:03.1087368Z Downloading https://repo.maven.apache.org/maven2/com/google/guava/listenablefuture/1.0/listenablefuture-1.0.pom to /home/runner/.gradle/.tmp/gradle_download15320738960836392072bin
2026-04-25T03:15:03.2080403Z Downloading https://dl.google.com/dl/android/maven2/androidx/navigationevent/navigationevent-android/1.0.0/navigationevent-android-1.0.0.pom to /home/runner/.gradle/.tmp/gradle_download8671219940183591369bin
2026-04-25T03:15:03.3080049Z Downloading https://dl.google.com/dl/android/maven2/androidx/navigationevent/navigationevent-android/1.0.0/navigationevent-android-1.0.0.module to /home/runner/.gradle/.tmp/gradle_download8359432521638089990bin
2026-04-25T03:15:03.3082555Z Downloading https://dl.google.com/dl/android/maven2/androidx/concurrent/concurrent-futures/1.1.0/concurrent-futures-1.1.0.pom to /home/runner/.gradle/.tmp/gradle_download5516421595517825891bin
2026-04-25T03:15:03.3083860Z Downloading https://dl.google.com/dl/android/maven2/androidx/concurrent/concurrent-futures/1.1.0/concurrent-futures-1.1.0.module to /home/runner/.gradle/.tmp/gradle_download10963634261743911330bin
2026-04-25T03:15:03.3085086Z Downloading https://dl.google.com/dl/android/maven2/androidx/startup/startup-runtime/1.1.1/startup-runtime-1.1.1.pom to /home/runner/.gradle/.tmp/gradle_download13184560977492006199bin
2026-04-25T03:15:03.3086283Z Downloading https://dl.google.com/dl/android/maven2/androidx/startup/startup-runtime/1.1.1/startup-runtime-1.1.1.module to /home/runner/.gradle/.tmp/gradle_download12723555507206331908bin
2026-04-25T03:15:03.4080142Z Downloading https://dl.google.com/dl/android/maven2/androidx/lifecycle/lifecycle-livedata-core/2.8.3/lifecycle-livedata-core-2.8.3.pom to /home/runner/.gradle/.tmp/gradle_download10619420719613182723bin
2026-04-25T03:15:03.5079789Z Downloading https://dl.google.com/dl/android/maven2/androidx/lifecycle/lifecycle-livedata-core/2.8.3/lifecycle-livedata-core-2.8.3.module to /home/runner/.gradle/.tmp/gradle_download15545671221617575506bin
2026-04-25T03:15:03.5081998Z Resource missing. [HTTP GET: https://dl.google.com/dl/android/maven2/org/jetbrains/kotlin/kotlin-stdlib-common/1.8.22/kotlin-stdlib-common-1.8.22.pom]
2026-04-25T03:15:03.5083898Z Downloading https://repo.maven.apache.org/maven2/org/jetbrains/kotlin/kotlin-stdlib-common/1.8.22/kotlin-stdlib-common-1.8.22.pom to /home/runner/.gradle/.tmp/gradle_download5966680536869291234bin
2026-04-25T03:15:03.5085522Z Downloading https://dl.google.com/dl/android/maven2/androidx/lifecycle/lifecycle-livedata-core/2.9.4/lifecycle-livedata-core-2.9.4.pom to /home/runner/.gradle/.tmp/gradle_download16162258361768359171bin
2026-04-25T03:15:03.5086859Z Downloading https://dl.google.com/dl/android/maven2/androidx/lifecycle/lifecycle-livedata-core/2.9.4/lifecycle-livedata-core-2.9.4.module to /home/runner/.gradle/.tmp/gradle_download543064485902626416bin
2026-04-25T03:15:03.6079629Z Downloading https://dl.google.com/dl/android/maven2/androidx/lifecycle/lifecycle-runtime-ktx/2.9.4/lifecycle-runtime-ktx-2.9.4.pom to /home/runner/.gradle/.tmp/gradle_download11141231806157163090bin
2026-04-25T03:15:03.6081109Z Downloading https://dl.google.com/dl/android/maven2/androidx/lifecycle/lifecycle-runtime-ktx/2.9.4/lifecycle-runtime-ktx-2.9.4.module to /home/runner/.gradle/.tmp/gradle_download9874567417302089387bin
2026-04-25T03:15:03.6082685Z Downloading https://dl.google.com/dl/android/maven2/androidx/lifecycle/lifecycle-viewmodel-savedstate/2.9.4/lifecycle-viewmodel-savedstate-2.9.4.pom to /home/runner/.gradle/.tmp/gradle_download7529438189730647956bin
2026-04-25T03:15:03.7079441Z Downloading https://dl.google.com/dl/android/maven2/androidx/lifecycle/lifecycle-viewmodel-savedstate/2.9.4/lifecycle-viewmodel-savedstate-2.9.4.module to /home/runner/.gradle/.tmp/gradle_download16281583140774378928bin
2026-04-25T03:15:03.7080927Z Downloading https://dl.google.com/dl/android/maven2/androidx/arch/core/core-common/2.2.0/core-common-2.2.0.pom to /home/runner/.gradle/.tmp/gradle_download11008232518090784449bin
2026-04-25T03:15:03.7082373Z Downloading https://dl.google.com/dl/android/maven2/androidx/arch/core/core-common/2.2.0/core-common-2.2.0.module to /home/runner/.gradle/.tmp/gradle_download17159101612272585802bin
2026-04-25T03:15:03.7083576Z Downloading https://dl.google.com/dl/android/maven2/androidx/arch/core/core-runtime/2.2.0/core-runtime-2.2.0.pom to /home/runner/.gradle/.tmp/gradle_download2019344096498327943bin
2026-04-25T03:15:03.7084759Z Downloading https://dl.google.com/dl/android/maven2/androidx/arch/core/core-runtime/2.2.0/core-runtime-2.2.0.module to /home/runner/.gradle/.tmp/gradle_download15391280178511310031bin
2026-04-25T03:15:03.8079250Z Downloading https://dl.google.com/dl/android/maven2/androidx/compose/runtime/runtime/1.9.0/runtime-1.9.0.pom to /home/runner/.gradle/.tmp/gradle_download4369803784798818897bin
2026-04-25T03:15:03.8080510Z Downloading https://dl.google.com/dl/android/maven2/androidx/compose/runtime/runtime/1.9.0/runtime-1.9.0.module to /home/runner/.gradle/.tmp/gradle_download11081595308976704836bin
2026-04-25T03:15:03.9079306Z Downloading https://dl.google.com/dl/android/maven2/androidx/compose/runtime/runtime/1.9.2/runtime-1.9.2.pom to /home/runner/.gradle/.tmp/gradle_download15979738033720290062bin
2026-04-25T03:15:04.0079358Z Downloading https://dl.google.com/dl/android/maven2/androidx/compose/runtime/runtime/1.9.2/runtime-1.9.2.module to /home/runner/.gradle/.tmp/gradle_download13175530034302599585bin
2026-04-25T03:15:04.0080887Z Downloading https://dl.google.com/dl/android/maven2/androidx/compose/ui/ui/1.9.2/ui-1.9.2.pom to /home/runner/.gradle/.tmp/gradle_download7922411335987866612bin
2026-04-25T03:15:04.1079410Z Downloading https://dl.google.com/dl/android/maven2/androidx/compose/ui/ui/1.9.2/ui-1.9.2.module to /home/runner/.gradle/.tmp/gradle_download1952336612935501436bin
2026-04-25T03:15:04.1080475Z Resource missing. [HTTP GET: https://dl.google.com/dl/android/maven2/org/jetbrains/annotations/23.0.0/annotations-23.0.0.pom]
2026-04-25T03:15:04.1081741Z Downloading https://repo.maven.apache.org/maven2/org/jetbrains/annotations/23.0.0/annotations-23.0.0.pom to /home/runner/.gradle/.tmp/gradle_download17909424220030104197bin
2026-04-25T03:15:04.2080012Z Downloading https://dl.google.com/dl/android/maven2/androidx/lifecycle/lifecycle-common-java8/2.9.4/lifecycle-common-java8-2.9.4.pom to /home/runner/.gradle/.tmp/gradle_download14175079218097130979bin
2026-04-25T03:15:04.2091829Z Downloading https://dl.google.com/dl/android/maven2/androidx/lifecycle/lifecycle-common-java8/2.9.4/lifecycle-common-java8-2.9.4.module to /home/runner/.gradle/.tmp/gradle_download1116068787783914929bin
2026-04-25T03:15:04.2093199Z Downloading https://dl.google.com/dl/android/maven2/androidx/compose/ui/ui-text/1.6.8/ui-text-1.6.8.pom to /home/runner/.gradle/.tmp/gradle_download12303982544500784499bin
2026-04-25T03:15:04.2094273Z Downloading https://dl.google.com/dl/android/maven2/androidx/compose/ui/ui-text/1.6.8/ui-text-1.6.8.module to /home/runner/.gradle/.tmp/gradle_download13967362763902313811bin
2026-04-25T03:15:04.3079251Z Downloading https://dl.google.com/dl/android/maven2/androidx/compose/ui/ui-util/1.6.8/ui-util-1.6.8.pom to /home/runner/.gradle/.tmp/gradle_download5185500830076691731bin
2026-04-25T03:15:04.3080482Z Downloading https://dl.google.com/dl/android/maven2/androidx/compose/ui/ui-util/1.6.8/ui-util-1.6.8.module to /home/runner/.gradle/.tmp/gradle_download17280830223486869381bin
2026-04-25T03:15:04.3081993Z Downloading https://dl.google.com/dl/android/maven2/androidx/compose/foundation/foundation-layout/1.6.8/foundation-layout-1.6.8.pom to /home/runner/.gradle/.tmp/gradle_download8160973145710581304bin
2026-04-25T03:15:04.3083277Z Downloading https://dl.google.com/dl/android/maven2/androidx/compose/foundation/foundation/1.6.8/foundation-1.6.8.pom to /home/runner/.gradle/.tmp/gradle_download16450506606030648369bin
2026-04-25T03:15:04.3084493Z Downloading https://dl.google.com/dl/android/maven2/androidx/compose/animation/animation-core/1.6.8/animation-core-1.6.8.pom to /home/runner/.gradle/.tmp/gradle_download14025904038342022856bin
2026-04-25T03:15:04.4079082Z Downloading https://dl.google.com/dl/android/maven2/androidx/compose/animation/animation-core/1.6.8/animation-core-1.6.8.module to /home/runner/.gradle/.tmp/gradle_download978445316846498027bin
2026-04-25T03:15:04.4080506Z Downloading https://dl.google.com/dl/android/maven2/androidx/compose/material/material-ripple/1.6.8/material-ripple-1.6.8.pom to /home/runner/.gradle/.tmp/gradle_download1281321785911985184bin
2026-04-25T03:15:04.4082050Z Downloading https://dl.google.com/dl/android/maven2/androidx/compose/material/material-icons-core/1.6.8/material-icons-core-1.6.8.pom to /home/runner/.gradle/.tmp/gradle_download6278747904129742999bin
2026-04-25T03:15:04.4083394Z Downloading https://dl.google.com/dl/android/maven2/androidx/compose/foundation/foundation/1.6.8/foundation-1.6.8.module to /home/runner/.gradle/.tmp/gradle_download5035156218769510933bin
2026-04-25T03:15:04.4084662Z Downloading https://dl.google.com/dl/android/maven2/androidx/compose/material/material-icons-core/1.6.8/material-icons-core-1.6.8.module to /home/runner/.gradle/.tmp/gradle_download15025055913525011533bin
2026-04-25T03:15:04.4085951Z Downloading https://dl.google.com/dl/android/maven2/androidx/compose/foundation/foundation-layout/1.6.8/foundation-layout-1.6.8.module to /home/runner/.gradle/.tmp/gradle_download8959401499344510845bin
2026-04-25T03:15:04.4087208Z Downloading https://dl.google.com/dl/android/maven2/androidx/compose/material/material-ripple/1.6.8/material-ripple-1.6.8.module to /home/runner/.gradle/.tmp/gradle_download1748031638612718229bin
2026-04-25T03:15:04.5080273Z Downloading https://dl.google.com/dl/android/maven2/androidx/compose/ui/ui-unit/1.6.8/ui-unit-1.6.8.pom to /home/runner/.gradle/.tmp/gradle_download4399422758172824618bin
2026-04-25T03:15:04.6079443Z Downloading https://dl.google.com/dl/android/maven2/androidx/compose/ui/ui-unit/1.6.8/ui-unit-1.6.8.module to /home/runner/.gradle/.tmp/gradle_download9818853267031204633bin
2026-04-25T03:15:04.6080786Z Downloading https://dl.google.com/dl/android/maven2/androidx/savedstate/savedstate-ktx/1.2.1/savedstate-ktx-1.2.1.pom to /home/runner/.gradle/.tmp/gradle_download4937643983650000324bin
2026-04-25T03:15:04.6082287Z Downloading https://dl.google.com/dl/android/maven2/androidx/savedstate/savedstate-ktx/1.2.1/savedstate-ktx-1.2.1.module to /home/runner/.gradle/.tmp/gradle_download3237508126516935210bin
2026-04-25T03:15:04.6083736Z Downloading https://dl.google.com/dl/android/maven2/androidx/compose/ui/ui-tooling-data/1.6.8/ui-tooling-data-1.6.8.pom to /home/runner/.gradle/.tmp/gradle_download2543550302442852913bin
2026-04-25T03:15:04.7080000Z Downloading https://dl.google.com/dl/android/maven2/androidx/compose/ui/ui-tooling-data/1.6.8/ui-tooling-data-1.6.8.module to /home/runner/.gradle/.tmp/gradle_download15018394818033714513bin
2026-04-25T03:15:04.8079080Z Downloading https://dl.google.com/dl/android/maven2/androidx/compose/material/material/1.6.8/material-1.6.8.pom to /home/runner/.gradle/.tmp/gradle_download15571660913994540542bin
2026-04-25T03:15:04.8080398Z Downloading https://dl.google.com/dl/android/maven2/androidx/compose/animation/animation/1.6.8/animation-1.6.8.pom to /home/runner/.gradle/.tmp/gradle_download8356389790766813329bin
2026-04-25T03:15:04.8081852Z Downloading https://dl.google.com/dl/android/maven2/androidx/compose/animation/animation/1.6.8/animation-1.6.8.module to /home/runner/.gradle/.tmp/gradle_download13505364721664760357bin
2026-04-25T03:15:04.8083081Z Downloading https://dl.google.com/dl/android/maven2/androidx/compose/material/material/1.6.8/material-1.6.8.module to /home/runner/.gradle/.tmp/gradle_download1886865553634889197bin
2026-04-25T03:15:04.8084274Z Downloading https://dl.google.com/dl/android/maven2/androidx/annotation/annotation-jvm/1.9.1/annotation-jvm-1.9.1.pom to /home/runner/.gradle/.tmp/gradle_download2224290708003098205bin
2026-04-25T03:15:04.9079358Z Downloading https://dl.google.com/dl/android/maven2/androidx/annotation/annotation-jvm/1.9.1/annotation-jvm-1.9.1.module to /home/runner/.gradle/.tmp/gradle_download2534660016062164687bin
2026-04-25T03:15:04.9080712Z Downloading https://dl.google.com/dl/android/maven2/androidx/collection/collection-jvm/1.5.0/collection-jvm-1.5.0.pom to /home/runner/.gradle/.tmp/gradle_download6431465460665334069bin
2026-04-25T03:15:04.9082191Z Downloading https://dl.google.com/dl/android/maven2/androidx/collection/collection-jvm/1.5.0/collection-jvm-1.5.0.module to /home/runner/.gradle/.tmp/gradle_download11359039814169377960bin
2026-04-25T03:15:05.0079547Z Downloading https://dl.google.com/dl/android/maven2/androidx/room3/room3-common-jvm/3.0.0-alpha03/room3-common-jvm-3.0.0-alpha03.pom to /home/runner/.gradle/.tmp/gradle_download3235299607819865379bin
2026-04-25T03:15:05.0081039Z Downloading https://dl.google.com/dl/android/maven2/androidx/room3/room3-common-jvm/3.0.0-alpha03/room3-common-jvm-3.0.0-alpha03.module to /home/runner/.gradle/.tmp/gradle_download17797805869605542925bin
2026-04-25T03:15:05.1079127Z Downloading https://dl.google.com/dl/android/maven2/androidx/sqlite/sqlite-android/2.7.0-alpha03/sqlite-android-2.7.0-alpha03.pom to /home/runner/.gradle/.tmp/gradle_download6392901311889529999bin
2026-04-25T03:15:05.1080581Z Downloading https://dl.google.com/dl/android/maven2/androidx/sqlite/sqlite-android/2.7.0-alpha03/sqlite-android-2.7.0-alpha03.module to /home/runner/.gradle/.tmp/gradle_download15541150249553790197bin
2026-04-25T03:15:05.2079989Z Downloading https://dl.google.com/dl/android/maven2/androidx/sqlite/sqlite-async-android/2.7.0-alpha03/sqlite-async-android-2.7.0-alpha03.pom to /home/runner/.gradle/.tmp/gradle_download8555902551173663723bin
2026-04-25T03:15:05.3080736Z Downloading https://dl.google.com/dl/android/maven2/androidx/sqlite/sqlite-async-android/2.7.0-alpha03/sqlite-async-android-2.7.0-alpha03.module to /home/runner/.gradle/.tmp/gradle_download505241804719376607bin
2026-04-25T03:15:05.3083666Z Downloading https://dl.google.com/dl/android/maven2/androidx/sqlite/sqlite-framework-android/2.7.0-alpha03/sqlite-framework-android-2.7.0-alpha03.pom to /home/runner/.gradle/.tmp/gradle_download3085753852323772351bin
2026-04-25T03:15:05.4079493Z Downloading https://dl.google.com/dl/android/maven2/androidx/sqlite/sqlite-framework-android/2.7.0-alpha03/sqlite-framework-android-2.7.0-alpha03.module to /home/runner/.gradle/.tmp/gradle_download11609683722987535691bin
2026-04-25T03:15:05.4080878Z Resource missing. [HTTP GET: https://dl.google.com/dl/android/maven2/org/jetbrains/kotlin/kotlin-stdlib-common/2.1.20/kotlin-stdlib-common-2.1.20.pom]
2026-04-25T03:15:05.4082326Z Downloading https://repo.maven.apache.org/maven2/org/jetbrains/kotlin/kotlin-stdlib-common/2.1.20/kotlin-stdlib-common-2.1.20.pom to /home/runner/.gradle/.tmp/gradle_download5189593511252116939bin
2026-04-25T03:15:05.5079566Z Downloading https://repo.maven.apache.org/maven2/org/jetbrains/kotlin/kotlin-stdlib-common/2.1.20/kotlin-stdlib-common-2.1.20.module to /home/runner/.gradle/.tmp/gradle_download7309755218949208982bin
2026-04-25T03:15:05.5081021Z Downloading https://dl.google.com/dl/android/maven2/androidx/compose/runtime/runtime-annotation/1.9.0/runtime-annotation-1.9.0.pom to /home/runner/.gradle/.tmp/gradle_download17460758898924775485bin
2026-04-25T03:15:05.5082590Z Downloading https://dl.google.com/dl/android/maven2/androidx/compose/runtime/runtime-annotation/1.9.0/runtime-annotation-1.9.0.module to /home/runner/.gradle/.tmp/gradle_download7083991324213553639bin
2026-04-25T03:15:05.6079690Z Downloading https://dl.google.com/dl/android/maven2/androidx/lifecycle/lifecycle-runtime-ktx-android/2.9.4/lifecycle-runtime-ktx-android-2.9.4.pom to /home/runner/.gradle/.tmp/gradle_download6516823919129488815bin
2026-04-25T03:15:05.6081330Z Downloading https://dl.google.com/dl/android/maven2/androidx/lifecycle/lifecycle-runtime-ktx-android/2.9.4/lifecycle-runtime-ktx-android-2.9.4.module to /home/runner/.gradle/.tmp/gradle_download9896328012168081417bin
2026-04-25T03:15:05.6083496Z Downloading https://dl.google.com/dl/android/maven2/androidx/lifecycle/lifecycle-viewmodel-savedstate-android/2.9.4/lifecycle-viewmodel-savedstate-android-2.9.4.pom to /home/runner/.gradle/.tmp/gradle_download14804529841264580320bin
2026-04-25T03:15:05.7080243Z Downloading https://dl.google.com/dl/android/maven2/androidx/lifecycle/lifecycle-viewmodel-savedstate-android/2.9.4/lifecycle-viewmodel-savedstate-android-2.9.4.module to /home/runner/.gradle/.tmp/gradle_download10543975954808297336bin
2026-04-25T03:15:05.7082122Z Downloading https://dl.google.com/dl/android/maven2/androidx/compose/runtime/runtime-android/1.9.2/runtime-android-1.9.2.pom to /home/runner/.gradle/.tmp/gradle_download16784962858487282320bin
2026-04-25T03:15:05.8079657Z Downloading https://dl.google.com/dl/android/maven2/androidx/compose/runtime/runtime-android/1.9.2/runtime-android-1.9.2.module to /home/runner/.gradle/.tmp/gradle_download1875546971275737723bin
2026-04-25T03:15:05.8080991Z Downloading https://dl.google.com/dl/android/maven2/androidx/compose/ui/ui-android/1.9.2/ui-android-1.9.2.pom to /home/runner/.gradle/.tmp/gradle_download11750036475260551770bin
2026-04-25T03:15:05.9080337Z Downloading https://dl.google.com/dl/android/maven2/androidx/compose/ui/ui-android/1.9.2/ui-android-1.9.2.module to /home/runner/.gradle/.tmp/gradle_download5966147696032556706bin
2026-04-25T03:15:06.0079610Z Downloading https://dl.google.com/dl/android/maven2/androidx/compose/ui/ui-text-android/1.6.8/ui-text-android-1.6.8.pom to /home/runner/.gradle/.tmp/gradle_download14790325917598072516bin
2026-04-25T03:15:06.0081254Z Downloading https://dl.google.com/dl/android/maven2/androidx/compose/ui/ui-text-android/1.6.8/ui-text-android-1.6.8.module to /home/runner/.gradle/.tmp/gradle_download924351034326752089bin
2026-04-25T03:15:06.0082966Z Downloading https://dl.google.com/dl/android/maven2/androidx/compose/ui/ui-util-android/1.6.8/ui-util-android-1.6.8.pom to /home/runner/.gradle/.tmp/gradle_download6734454057271860201bin
2026-04-25T03:15:06.1079077Z Downloading https://dl.google.com/dl/android/maven2/androidx/compose/ui/ui-util-android/1.6.8/ui-util-android-1.6.8.module to /home/runner/.gradle/.tmp/gradle_download10220852119743788187bin
2026-04-25T03:15:06.1080537Z Downloading https://dl.google.com/dl/android/maven2/androidx/compose/animation/animation-core-android/1.6.8/animation-core-android-1.6.8.pom to /home/runner/.gradle/.tmp/gradle_download10833731930864631543bin
2026-04-25T03:15:06.1082082Z Downloading https://dl.google.com/dl/android/maven2/androidx/compose/animation/animation-core-android/1.6.8/animation-core-android-1.6.8.module to /home/runner/.gradle/.tmp/gradle_download146976234084350382bin
2026-04-25T03:15:06.1083503Z Downloading https://dl.google.com/dl/android/maven2/androidx/compose/foundation/foundation-android/1.6.8/foundation-android-1.6.8.pom to /home/runner/.gradle/.tmp/gradle_download6562634744294699724bin
2026-04-25T03:15:06.1084876Z Downloading https://dl.google.com/dl/android/maven2/androidx/compose/foundation/foundation-android/1.6.8/foundation-android-1.6.8.module to /home/runner/.gradle/.tmp/gradle_download8294565208343504248bin
2026-04-25T03:15:06.2079715Z Downloading https://dl.google.com/dl/android/maven2/androidx/compose/foundation/foundation-layout-android/1.6.8/foundation-layout-android-1.6.8.pom to /home/runner/.gradle/.tmp/gradle_download4228529553310507232bin
2026-04-25T03:15:06.2081332Z Downloading https://dl.google.com/dl/android/maven2/androidx/compose/foundation/foundation-layout-android/1.6.8/foundation-layout-android-1.6.8.module to /home/runner/.gradle/.tmp/gradle_download15046788943384541282bin
2026-04-25T03:15:06.3079751Z Downloading https://dl.google.com/dl/android/maven2/androidx/compose/material/material-icons-core-android/1.6.8/material-icons-core-android-1.6.8.pom to /home/runner/.gradle/.tmp/gradle_download39971275236547703bin
2026-04-25T03:15:06.3081392Z Downloading https://dl.google.com/dl/android/maven2/androidx/compose/material/material-icons-core-android/1.6.8/material-icons-core-android-1.6.8.module to /home/runner/.gradle/.tmp/gradle_download5256093165507663387bin
2026-04-25T03:15:06.3083153Z Downloading https://dl.google.com/dl/android/maven2/androidx/compose/material/material-ripple-android/1.6.8/material-ripple-android-1.6.8.pom to /home/runner/.gradle/.tmp/gradle_download17086797829501231960bin
2026-04-25T03:15:06.3084560Z Downloading https://dl.google.com/dl/android/maven2/androidx/compose/material/material-ripple-android/1.6.8/material-ripple-android-1.6.8.module to /home/runner/.gradle/.tmp/gradle_download18035629169040362177bin
2026-04-25T03:15:06.3085891Z Downloading https://dl.google.com/dl/android/maven2/androidx/compose/ui/ui-unit-android/1.6.8/ui-unit-android-1.6.8.pom to /home/runner/.gradle/.tmp/gradle_download7756932823758626465bin
2026-04-25T03:15:06.4079546Z Downloading https://dl.google.com/dl/android/maven2/androidx/compose/ui/ui-unit-android/1.6.8/ui-unit-android-1.6.8.module to /home/runner/.gradle/.tmp/gradle_download6139278540796102831bin
2026-04-25T03:15:06.5079695Z Downloading https://dl.google.com/dl/android/maven2/androidx/compose/ui/ui-tooling-data-android/1.6.8/ui-tooling-data-android-1.6.8.pom to /home/runner/.gradle/.tmp/gradle_download820346737701080318bin
2026-04-25T03:15:06.5081178Z Downloading https://dl.google.com/dl/android/maven2/androidx/compose/ui/ui-tooling-data-android/1.6.8/ui-tooling-data-android-1.6.8.module to /home/runner/.gradle/.tmp/gradle_download8384695731693634076bin
2026-04-25T03:15:06.6080089Z Downloading https://dl.google.com/dl/android/maven2/androidx/compose/animation/animation-android/1.6.8/animation-android-1.6.8.pom to /home/runner/.gradle/.tmp/gradle_download12133650556669580115bin
2026-04-25T03:15:06.7079935Z Downloading https://dl.google.com/dl/android/maven2/androidx/compose/animation/animation-android/1.6.8/animation-android-1.6.8.module to /home/runner/.gradle/.tmp/gradle_download7490557014056060905bin
2026-04-25T03:15:06.7081450Z Downloading https://dl.google.com/dl/android/maven2/androidx/compose/material/material-android/1.6.8/material-android-1.6.8.pom to /home/runner/.gradle/.tmp/gradle_download16309455991479425937bin
2026-04-25T03:15:06.8079533Z Downloading https://dl.google.com/dl/android/maven2/androidx/compose/material/material-android/1.6.8/material-android-1.6.8.module to /home/runner/.gradle/.tmp/gradle_download18254562525182371673bin
2026-04-25T03:15:06.8081052Z Downloading https://dl.google.com/dl/android/maven2/androidx/compose/runtime/runtime-annotation-android/1.9.0/runtime-annotation-android-1.9.0.pom to /home/runner/.gradle/.tmp/gradle_download495123931592525719bin
2026-04-25T03:15:06.8082812Z Downloading https://dl.google.com/dl/android/maven2/androidx/compose/runtime/runtime-annotation-android/1.9.0/runtime-annotation-android-1.9.0.module to /home/runner/.gradle/.tmp/gradle_download2148631545555420986bin
2026-04-25T03:15:06.9079687Z Downloading https://dl.google.com/dl/android/maven2/androidx/savedstate/savedstate/1.3.1/savedstate-1.3.1.pom to /home/runner/.gradle/.tmp/gradle_download3104558618866644262bin
2026-04-25T03:15:06.9080979Z Downloading https://dl.google.com/dl/android/maven2/androidx/savedstate/savedstate/1.3.1/savedstate-1.3.1.module to /home/runner/.gradle/.tmp/gradle_download2915518000230462859bin
2026-04-25T03:15:06.9082420Z Resource missing. [HTTP GET: https://dl.google.com/dl/android/maven2/org/jetbrains/kotlinx/kotlinx-serialization-core/1.7.3/kotlinx-serialization-core-1.7.3.pom]
2026-04-25T03:15:06.9083700Z Downloading https://repo.maven.apache.org/maven2/org/jetbrains/kotlinx/kotlinx-serialization-core/1.7.3/kotlinx-serialization-core-1.7.3.pom to /home/runner/.gradle/.tmp/gradle_download918219894572360384bin
2026-04-25T03:15:06.9084933Z Resource missing. [HTTP GET: https://dl.google.com/dl/android/maven2/org/jetbrains/kotlinx/kotlinx-serialization-bom/1.7.3/kotlinx-serialization-bom-1.7.3.pom]
2026-04-25T03:15:07.0079769Z Downloading https://repo.maven.apache.org/maven2/org/jetbrains/kotlinx/kotlinx-serialization-bom/1.7.3/kotlinx-serialization-bom-1.7.3.pom to /home/runner/.gradle/.tmp/gradle_download1553274857748940519bin
2026-04-25T03:15:07.0081313Z Downloading https://repo.maven.apache.org/maven2/org/jetbrains/kotlinx/kotlinx-serialization-core/1.7.3/kotlinx-serialization-core-1.7.3.module to /home/runner/.gradle/.tmp/gradle_download12779017587992493577bin
2026-04-25T03:15:07.1079943Z Downloading https://dl.google.com/dl/android/maven2/androidx/compose/runtime/runtime-annotation/1.9.2/runtime-annotation-1.9.2.pom to /home/runner/.gradle/.tmp/gradle_download13325685045120944805bin
2026-04-25T03:15:07.2080140Z Downloading https://dl.google.com/dl/android/maven2/androidx/compose/runtime/runtime-annotation/1.9.2/runtime-annotation-1.9.2.module to /home/runner/.gradle/.tmp/gradle_download1871390682058859377bin
2026-04-25T03:15:07.2081849Z Downloading https://dl.google.com/dl/android/maven2/androidx/compose/runtime/runtime-saveable/1.9.2/runtime-saveable-1.9.2.pom to /home/runner/.gradle/.tmp/gradle_download10643014965372233165bin
2026-04-25T03:15:07.3080069Z Downloading https://dl.google.com/dl/android/maven2/androidx/compose/runtime/runtime-saveable/1.9.2/runtime-saveable-1.9.2.module to /home/runner/.gradle/.tmp/gradle_download1347048101437125481bin
2026-04-25T03:15:07.4079255Z Downloading https://dl.google.com/dl/android/maven2/androidx/compose/ui/ui-graphics/1.9.2/ui-graphics-1.9.2.pom to /home/runner/.gradle/.tmp/gradle_download15261147079098127925bin
2026-04-25T03:15:07.4080600Z Downloading https://dl.google.com/dl/android/maven2/androidx/compose/ui/ui-graphics/1.9.2/ui-graphics-1.9.2.module to /home/runner/.gradle/.tmp/gradle_download11530957200366107012bin
2026-04-25T03:15:07.4082363Z Downloading https://dl.google.com/dl/android/maven2/androidx/compose/ui/ui-text/1.9.2/ui-text-1.9.2.pom to /home/runner/.gradle/.tmp/gradle_download12520432370359419158bin
2026-04-25T03:15:07.4083587Z Downloading https://dl.google.com/dl/android/maven2/androidx/compose/ui/ui-text/1.9.2/ui-text-1.9.2.module to /home/runner/.gradle/.tmp/gradle_download12641669949352806732bin
2026-04-25T03:15:07.5079762Z Downloading https://dl.google.com/dl/android/maven2/androidx/compose/ui/ui-unit/1.9.2/ui-unit-1.9.2.pom to /home/runner/.gradle/.tmp/gradle_download14695877705407826459bin
2026-04-25T03:15:07.6080042Z Downloading https://dl.google.com/dl/android/maven2/androidx/compose/ui/ui-unit/1.9.2/ui-unit-1.9.2.module to /home/runner/.gradle/.tmp/gradle_download10520759055994900704bin
2026-04-25T03:15:07.6081319Z Downloading https://dl.google.com/dl/android/maven2/androidx/compose/ui/ui-util/1.9.2/ui-util-1.9.2.pom to /home/runner/.gradle/.tmp/gradle_download11751134051271262970bin
2026-04-25T03:15:07.6082730Z Downloading https://dl.google.com/dl/android/maven2/androidx/compose/ui/ui-util/1.9.2/ui-util-1.9.2.module to /home/runner/.gradle/.tmp/gradle_download16218071239472372401bin
2026-04-25T03:15:07.6083914Z Downloading https://dl.google.com/dl/android/maven2/androidx/compose/ui/ui-test-manifest/1.9.2/ui-test-manifest-1.9.2.pom to /home/runner/.gradle/.tmp/gradle_download15223154818871985646bin
2026-04-25T03:15:07.7079705Z Downloading https://dl.google.com/dl/android/maven2/androidx/compose/ui/ui-test-manifest/1.9.2/ui-test-manifest-1.9.2.module to /home/runner/.gradle/.tmp/gradle_download706758005237241979bin
2026-04-25T03:15:07.8079928Z Downloading https://dl.google.com/dl/android/maven2/androidx/compose/ui/ui-tooling/1.9.2/ui-tooling-1.9.2.pom to /home/runner/.gradle/.tmp/gradle_download17527992835622477733bin
2026-04-25T03:15:07.8081199Z Downloading https://dl.google.com/dl/android/maven2/androidx/compose/ui/ui-tooling/1.9.2/ui-tooling-1.9.2.module to /home/runner/.gradle/.tmp/gradle_download1763541187967204340bin
2026-04-25T03:15:07.8082650Z Downloading https://dl.google.com/dl/android/maven2/androidx/compose/ui/ui-tooling-data/1.9.2/ui-tooling-data-1.9.2.pom to /home/runner/.gradle/.tmp/gradle_download6792460616795221202bin
2026-04-25T03:15:07.9080209Z Downloading https://dl.google.com/dl/android/maven2/androidx/compose/ui/ui-tooling-data/1.9.2/ui-tooling-data-1.9.2.module to /home/runner/.gradle/.tmp/gradle_download8727024596767902834bin
2026-04-25T03:15:07.9081822Z Downloading https://dl.google.com/dl/android/maven2/androidx/compose/ui/ui-tooling-preview/1.9.2/ui-tooling-preview-1.9.2.pom to /home/runner/.gradle/.tmp/gradle_download1135463206757588185bin
2026-04-25T03:15:08.0079757Z Downloading https://dl.google.com/dl/android/maven2/androidx/compose/ui/ui-tooling-preview/1.9.2/ui-tooling-preview-1.9.2.module to /home/runner/.gradle/.tmp/gradle_download8100769643431002458bin
2026-04-25T03:15:08.0081162Z Downloading https://dl.google.com/dl/android/maven2/androidx/compose/foundation/foundation/1.7.0/foundation-1.7.0.pom to /home/runner/.gradle/.tmp/gradle_download17260261610054236459bin
2026-04-25T03:15:08.1079472Z Downloading https://dl.google.com/dl/android/maven2/androidx/compose/foundation/foundation/1.7.0/foundation-1.7.0.module to /home/runner/.gradle/.tmp/gradle_download8898369422263040391bin
2026-04-25T03:15:08.1080781Z Downloading https://dl.google.com/dl/android/maven2/androidx/emoji2/emoji2/1.2.0/emoji2-1.2.0.pom to /home/runner/.gradle/.tmp/gradle_download10629634294832290160bin
2026-04-25T03:15:08.1082120Z Downloading https://dl.google.com/dl/android/maven2/androidx/autofill/autofill/1.0.0/autofill-1.0.0.pom to /home/runner/.gradle/.tmp/gradle_download17883223157023201771bin
2026-04-25T03:15:08.1083390Z Downloading https://dl.google.com/dl/android/maven2/androidx/customview/customview-poolingcontainer/1.0.0/customview-poolingcontainer-1.0.0.pom to /home/runner/.gradle/.tmp/gradle_download6150583909642270693bin
2026-04-25T03:15:08.1085167Z Downloading https://dl.google.com/dl/android/maven2/androidx/customview/customview-poolingcontainer/1.0.0/customview-poolingcontainer-1.0.0.module to /home/runner/.gradle/.tmp/gradle_download14905644977491915121bin
2026-04-25T03:15:08.1086664Z Downloading https://dl.google.com/dl/android/maven2/androidx/savedstate/savedstate-compose/1.3.0/savedstate-compose-1.3.0.pom to /home/runner/.gradle/.tmp/gradle_download14788410017574573695bin
2026-04-25T03:15:08.1087825Z Downloading https://dl.google.com/dl/android/maven2/androidx/emoji2/emoji2/1.2.0/emoji2-1.2.0.module to /home/runner/.gradle/.tmp/gradle_download7505916290194802876bin
2026-04-25T03:15:08.1088958Z Downloading https://dl.google.com/dl/android/maven2/androidx/savedstate/savedstate-compose/1.3.0/savedstate-compose-1.3.0.module to /home/runner/.gradle/.tmp/gradle_download17928065445524832138bin
2026-04-25T03:15:08.1090141Z Downloading https://dl.google.com/dl/android/maven2/androidx/compose/ui/ui-geometry/1.9.2/ui-geometry-1.9.2.pom to /home/runner/.gradle/.tmp/gradle_download15727685965295528638bin
2026-04-25T03:15:08.2079277Z Downloading https://dl.google.com/dl/android/maven2/androidx/compose/ui/ui-geometry/1.9.2/ui-geometry-1.9.2.module to /home/runner/.gradle/.tmp/gradle_download12338381371892357331bin
2026-04-25T03:15:08.2080717Z Downloading https://dl.google.com/dl/android/maven2/androidx/lifecycle/lifecycle-viewmodel-ktx/2.9.4/lifecycle-viewmodel-ktx-2.9.4.pom to /home/runner/.gradle/.tmp/gradle_download4359952630056008270bin
2026-04-25T03:15:08.2082296Z Downloading https://dl.google.com/dl/android/maven2/androidx/lifecycle/lifecycle-viewmodel-ktx/2.9.4/lifecycle-viewmodel-ktx-2.9.4.module to /home/runner/.gradle/.tmp/gradle_download10451793603340853894bin
2026-04-25T03:15:08.3079726Z Downloading https://dl.google.com/dl/android/maven2/androidx/activity/activity-ktx/1.13.0/activity-ktx-1.13.0.pom to /home/runner/.gradle/.tmp/gradle_download3821926204246077556bin
2026-04-25T03:15:08.3081004Z Downloading https://dl.google.com/dl/android/maven2/androidx/activity/activity-ktx/1.13.0/activity-ktx-1.13.0.module to /home/runner/.gradle/.tmp/gradle_download2054285087539339158bin
2026-04-25T03:15:08.4079591Z Downloading https://dl.google.com/dl/android/maven2/androidx/savedstate/savedstate-android/1.3.1/savedstate-android-1.3.1.pom to /home/runner/.gradle/.tmp/gradle_download9213672858721146146bin
2026-04-25T03:15:08.4081353Z Downloading https://dl.google.com/dl/android/maven2/androidx/savedstate/savedstate-android/1.3.1/savedstate-android-1.3.1.module to /home/runner/.gradle/.tmp/gradle_download9735300182543563023bin
2026-04-25T03:15:08.4082878Z Resource missing. [HTTP GET: https://dl.google.com/dl/android/maven2/org/jetbrains/kotlinx/kotlinx-serialization-core-jvm/1.7.3/kotlinx-serialization-core-jvm-1.7.3.pom]
2026-04-25T03:15:08.4084261Z Downloading https://repo.maven.apache.org/maven2/org/jetbrains/kotlinx/kotlinx-serialization-core-jvm/1.7.3/kotlinx-serialization-core-jvm-1.7.3.pom to /home/runner/.gradle/.tmp/gradle_download16302269783366672163bin
2026-04-25T03:15:08.4085758Z Downloading https://repo.maven.apache.org/maven2/org/jetbrains/kotlinx/kotlinx-serialization-core-jvm/1.7.3/kotlinx-serialization-core-jvm-1.7.3.module to /home/runner/.gradle/.tmp/gradle_download3014766046674940545bin
2026-04-25T03:15:08.5080286Z Downloading https://dl.google.com/dl/android/maven2/androidx/compose/runtime/runtime-annotation-android/1.9.2/runtime-annotation-android-1.9.2.pom to /home/runner/.gradle/.tmp/gradle_download13081161633030515572bin
2026-04-25T03:15:08.5083198Z Downloading https://dl.google.com/dl/android/maven2/androidx/compose/runtime/runtime-annotation-android/1.9.2/runtime-annotation-android-1.9.2.module to /home/runner/.gradle/.tmp/gradle_download6824426918093089225bin
2026-04-25T03:15:08.6079770Z Downloading https://dl.google.com/dl/android/maven2/androidx/compose/runtime/runtime-saveable-android/1.9.2/runtime-saveable-android-1.9.2.pom to /home/runner/.gradle/.tmp/gradle_download17819790315068313137bin
2026-04-25T03:15:08.6081326Z Downloading https://dl.google.com/dl/android/maven2/androidx/compose/runtime/runtime-saveable-android/1.9.2/runtime-saveable-android-1.9.2.module to /home/runner/.gradle/.tmp/gradle_download10957136050575377448bin
2026-04-25T03:15:08.7080117Z Downloading https://dl.google.com/dl/android/maven2/androidx/compose/ui/ui-graphics-android/1.9.2/ui-graphics-android-1.9.2.pom to /home/runner/.gradle/.tmp/gradle_download17121142879472710721bin
2026-04-25T03:15:08.7081740Z Downloading https://dl.google.com/dl/android/maven2/androidx/compose/ui/ui-graphics-android/1.9.2/ui-graphics-android-1.9.2.module to /home/runner/.gradle/.tmp/gradle_download17960829915674547457bin
2026-04-25T03:15:08.8079410Z Downloading https://dl.google.com/dl/android/maven2/androidx/compose/ui/ui-text-android/1.9.2/ui-text-android-1.9.2.pom to /home/runner/.gradle/.tmp/gradle_download11058660400803283223bin
2026-04-25T03:15:08.8080766Z Downloading https://dl.google.com/dl/android/maven2/androidx/compose/ui/ui-text-android/1.9.2/ui-text-android-1.9.2.module to /home/runner/.gradle/.tmp/gradle_download16096978965931169614bin
2026-04-25T03:15:08.9079784Z Downloading https://dl.google.com/dl/android/maven2/androidx/compose/ui/ui-util-android/1.9.2/ui-util-android-1.9.2.pom to /home/runner/.gradle/.tmp/gradle_download2373113647544432093bin
2026-04-25T03:15:09.0080016Z Downloading https://dl.google.com/dl/android/maven2/androidx/compose/ui/ui-util-android/1.9.2/ui-util-android-1.9.2.module to /home/runner/.gradle/.tmp/gradle_download1337780705164597565bin
2026-04-25T03:15:09.0081357Z Downloading https://dl.google.com/dl/android/maven2/androidx/compose/ui/ui-tooling-android/1.9.2/ui-tooling-android-1.9.2.pom to /home/runner/.gradle/.tmp/gradle_download14999822804814612832bin
2026-04-25T03:15:09.1079739Z Downloading https://dl.google.com/dl/android/maven2/androidx/compose/ui/ui-tooling-android/1.9.2/ui-tooling-android-1.9.2.module to /home/runner/.gradle/.tmp/gradle_download9994805873674351501bin
2026-04-25T03:15:09.1081247Z Downloading https://dl.google.com/dl/android/maven2/androidx/compose/ui/ui-tooling-preview-android/1.9.2/ui-tooling-preview-android-1.9.2.pom to /home/runner/.gradle/.tmp/gradle_download4518274951658297954bin
2026-04-25T03:15:09.2079971Z Downloading https://dl.google.com/dl/android/maven2/androidx/compose/ui/ui-tooling-preview-android/1.9.2/ui-tooling-preview-android-1.9.2.module to /home/runner/.gradle/.tmp/gradle_download7304852244022112166bin
2026-04-25T03:15:09.3080206Z Downloading https://dl.google.com/dl/android/maven2/androidx/compose/foundation/foundation-android/1.7.0/foundation-android-1.7.0.pom to /home/runner/.gradle/.tmp/gradle_download1025601470874146137bin
2026-04-25T03:15:09.3081854Z Downloading https://dl.google.com/dl/android/maven2/androidx/compose/foundation/foundation-android/1.7.0/foundation-android-1.7.0.module to /home/runner/.gradle/.tmp/gradle_download1810730553573198269bin
2026-04-25T03:15:09.4079338Z Downloading https://dl.google.com/dl/android/maven2/androidx/compose/ui/ui-geometry-android/1.9.2/ui-geometry-android-1.9.2.pom to /home/runner/.gradle/.tmp/gradle_download2753071189868177390bin
2026-04-25T03:15:09.4080795Z Downloading https://dl.google.com/dl/android/maven2/androidx/compose/ui/ui-geometry-android/1.9.2/ui-geometry-android-1.9.2.module to /home/runner/.gradle/.tmp/gradle_download3594483372937832331bin
2026-04-25T03:15:09.4082253Z Downloading https://dl.google.com/dl/android/maven2/androidx/compose/ui/ui-unit-android/1.9.2/ui-unit-android-1.9.2.pom to /home/runner/.gradle/.tmp/gradle_download6609637714582673910bin
2026-04-25T03:15:09.5079658Z Downloading https://dl.google.com/dl/android/maven2/androidx/compose/ui/ui-unit-android/1.9.2/ui-unit-android-1.9.2.module to /home/runner/.gradle/.tmp/gradle_download8711518852958941747bin
2026-04-25T03:15:09.5081074Z Downloading https://dl.google.com/dl/android/maven2/androidx/lifecycle/lifecycle-process/2.9.4/lifecycle-process-2.9.4.pom to /home/runner/.gradle/.tmp/gradle_download12181746055893299038bin
2026-04-25T03:15:09.5082935Z Downloading https://dl.google.com/dl/android/maven2/androidx/lifecycle/lifecycle-process/2.9.4/lifecycle-process-2.9.4.module to /home/runner/.gradle/.tmp/gradle_download8913634504991319200bin
2026-04-25T03:15:09.5084798Z Downloading https://dl.google.com/dl/android/maven2/androidx/savedstate/savedstate-compose-android/1.3.0/savedstate-compose-android-1.3.0.pom to /home/runner/.gradle/.tmp/gradle_download18301405159301591268bin
2026-04-25T03:15:09.6079911Z Downloading https://dl.google.com/dl/android/maven2/androidx/savedstate/savedstate-compose-android/1.3.0/savedstate-compose-android-1.3.0.module to /home/runner/.gradle/.tmp/gradle_download11264722334144449335bin
2026-04-25T03:15:09.6081413Z Downloading https://dl.google.com/dl/android/maven2/androidx/savedstate/savedstate-compose/1.3.1/savedstate-compose-1.3.1.pom to /home/runner/.gradle/.tmp/gradle_download6480230248963536661bin
2026-04-25T03:15:09.6083006Z Downloading https://dl.google.com/dl/android/maven2/androidx/savedstate/savedstate-compose/1.3.1/savedstate-compose-1.3.1.module to /home/runner/.gradle/.tmp/gradle_download9075070565465868186bin
2026-04-25T03:15:09.7079565Z Downloading https://dl.google.com/dl/android/maven2/androidx/savedstate/savedstate-ktx/1.3.1/savedstate-ktx-1.3.1.pom to /home/runner/.gradle/.tmp/gradle_download4204151334177936385bin
2026-04-25T03:15:09.7081791Z Downloading https://dl.google.com/dl/android/maven2/androidx/savedstate/savedstate-ktx/1.3.1/savedstate-ktx-1.3.1.module to /home/runner/.gradle/.tmp/gradle_download10029841575473024085bin
2026-04-25T03:15:09.7083322Z Downloading https://dl.google.com/dl/android/maven2/androidx/savedstate/savedstate-compose/1.3.3/savedstate-compose-1.3.3.pom to /home/runner/.gradle/.tmp/gradle_download10025779458705794271bin
2026-04-25T03:15:09.7084584Z Downloading https://dl.google.com/dl/android/maven2/androidx/savedstate/savedstate-compose/1.3.3/savedstate-compose-1.3.3.module to /home/runner/.gradle/.tmp/gradle_download9346757804836894779bin
2026-04-25T03:15:09.8079443Z Downloading https://dl.google.com/dl/android/maven2/androidx/graphics/graphics-path/1.0.1/graphics-path-1.0.1.pom to /home/runner/.gradle/.tmp/gradle_download4651103113045121725bin
2026-04-25T03:15:09.8080773Z Downloading https://dl.google.com/dl/android/maven2/androidx/graphics/graphics-path/1.0.1/graphics-path-1.0.1.module to /home/runner/.gradle/.tmp/gradle_download7669303187275408452bin
2026-04-25T03:15:09.8082165Z Downloading https://dl.google.com/dl/android/maven2/androidx/emoji2/emoji2/1.4.0/emoji2-1.4.0.pom to /home/runner/.gradle/.tmp/gradle_download16028232735017730441bin
2026-04-25T03:15:09.8083270Z Downloading https://dl.google.com/dl/android/maven2/androidx/emoji2/emoji2/1.4.0/emoji2-1.4.0.module to /home/runner/.gradle/.tmp/gradle_download7043370277551322303bin
2026-04-25T03:15:09.9079026Z Downloading https://dl.google.com/dl/android/maven2/androidx/compose/animation/animation/1.9.2/animation-1.9.2.pom to /home/runner/.gradle/.tmp/gradle_download242547588376433039bin
2026-04-25T03:15:09.9080344Z Downloading https://dl.google.com/dl/android/maven2/androidx/compose/animation/animation/1.9.2/animation-1.9.2.module to /home/runner/.gradle/.tmp/gradle_download632852745887322564bin
2026-04-25T03:15:10.0079383Z Downloading https://dl.google.com/dl/android/maven2/androidx/compose/foundation/foundation-layout/1.7.0/foundation-layout-1.7.0.pom to /home/runner/.gradle/.tmp/gradle_download8251078404315855143bin
2026-04-25T03:15:10.0080870Z Downloading https://dl.google.com/dl/android/maven2/androidx/compose/foundation/foundation-layout/1.7.0/foundation-layout-1.7.0.module to /home/runner/.gradle/.tmp/gradle_download10686159271609744307bin
2026-04-25T03:15:10.0082390Z Downloading https://dl.google.com/dl/android/maven2/androidx/collection/collection-ktx/1.5.0/collection-ktx-1.5.0.pom to /home/runner/.gradle/.tmp/gradle_download17735166957117770864bin
2026-04-25T03:15:10.0083597Z Downloading https://dl.google.com/dl/android/maven2/androidx/collection/collection-ktx/1.5.0/collection-ktx-1.5.0.module to /home/runner/.gradle/.tmp/gradle_download13835059696473355894bin
2026-04-25T03:15:10.0085196Z Downloading https://dl.google.com/dl/android/maven2/androidx/savedstate/savedstate-compose-android/1.3.3/savedstate-compose-android-1.3.3.pom to /home/runner/.gradle/.tmp/gradle_download10087490658965130342bin
2026-04-25T03:15:10.1080227Z Downloading https://dl.google.com/dl/android/maven2/androidx/savedstate/savedstate-compose-android/1.3.3/savedstate-compose-android-1.3.3.module to /home/runner/.gradle/.tmp/gradle_download18233111380455159348bin
2026-04-25T03:15:10.1082846Z Downloading https://dl.google.com/dl/android/maven2/androidx/compose/animation/animation-android/1.9.2/animation-android-1.9.2.pom to /home/runner/.gradle/.tmp/gradle_download18122928330362760431bin
2026-04-25T03:15:10.2080094Z Downloading https://dl.google.com/dl/android/maven2/androidx/compose/animation/animation-android/1.9.2/animation-android-1.9.2.module to /home/runner/.gradle/.tmp/gradle_download16012996497830993006bin
2026-04-25T03:15:10.3079592Z Downloading https://dl.google.com/dl/android/maven2/androidx/compose/ui/ui-tooling-data-android/1.9.2/ui-tooling-data-android-1.9.2.pom to /home/runner/.gradle/.tmp/gradle_download10546968916655186860bin
2026-04-25T03:15:10.3081114Z Downloading https://dl.google.com/dl/android/maven2/androidx/compose/ui/ui-tooling-data-android/1.9.2/ui-tooling-data-android-1.9.2.module to /home/runner/.gradle/.tmp/gradle_download5800015777249192082bin
2026-04-25T03:15:10.4079650Z Downloading https://dl.google.com/dl/android/maven2/androidx/compose/foundation/foundation-layout-android/1.7.0/foundation-layout-android-1.7.0.pom to /home/runner/.gradle/.tmp/gradle_download320392313376663790bin
2026-04-25T03:15:10.5080002Z Downloading https://dl.google.com/dl/android/maven2/androidx/compose/foundation/foundation-layout-android/1.7.0/foundation-layout-android-1.7.0.module to /home/runner/.gradle/.tmp/gradle_download16612301364899486408bin
2026-04-25T03:15:10.5081462Z Downloading https://dl.google.com/dl/android/maven2/androidx/savedstate/savedstate/1.3.3/savedstate-1.3.3.pom to /home/runner/.gradle/.tmp/gradle_download14945455562834970030bin
2026-04-25T03:15:10.5082944Z Downloading https://dl.google.com/dl/android/maven2/androidx/savedstate/savedstate/1.3.3/savedstate-1.3.3.module to /home/runner/.gradle/.tmp/gradle_download8885690802166927202bin
2026-04-25T03:15:10.5084184Z Downloading https://dl.google.com/dl/android/maven2/androidx/savedstate/savedstate-ktx/1.3.3/savedstate-ktx-1.3.3.pom to /home/runner/.gradle/.tmp/gradle_download4954864236362678388bin
2026-04-25T03:15:10.5085400Z Downloading https://dl.google.com/dl/android/maven2/androidx/savedstate/savedstate-ktx/1.3.3/savedstate-ktx-1.3.3.module to /home/runner/.gradle/.tmp/gradle_download4038806664007454622bin
2026-04-25T03:15:10.6079994Z Downloading https://dl.google.com/dl/android/maven2/androidx/compose/animation/animation-core/1.9.2/animation-core-1.9.2.pom to /home/runner/.gradle/.tmp/gradle_download18235542373085470109bin
2026-04-25T03:15:10.7080288Z Downloading https://dl.google.com/dl/android/maven2/androidx/compose/animation/animation-core/1.9.2/animation-core-1.9.2.module to /home/runner/.gradle/.tmp/gradle_download10119832268169165239bin
2026-04-25T03:15:10.8079627Z Downloading https://dl.google.com/dl/android/maven2/androidx/compose/foundation/foundation-layout/1.9.2/foundation-layout-1.9.2.pom to /home/runner/.gradle/.tmp/gradle_download5311028258289093595bin
2026-04-25T03:15:10.8081136Z Downloading https://dl.google.com/dl/android/maven2/androidx/compose/foundation/foundation-layout/1.9.2/foundation-layout-1.9.2.module to /home/runner/.gradle/.tmp/gradle_download7852287389017608222bin
2026-04-25T03:15:10.8082645Z Downloading https://dl.google.com/dl/android/maven2/androidx/savedstate/savedstate-android/1.3.3/savedstate-android-1.3.3.pom to /home/runner/.gradle/.tmp/gradle_download3991726233023047178bin
2026-04-25T03:15:10.9079827Z Downloading https://dl.google.com/dl/android/maven2/androidx/savedstate/savedstate-android/1.3.3/savedstate-android-1.3.3.module to /home/runner/.gradle/.tmp/gradle_download11417105702184675492bin
2026-04-25T03:15:10.9081834Z Downloading https://dl.google.com/dl/android/maven2/androidx/compose/animation/animation-core-android/1.9.2/animation-core-android-1.9.2.pom to /home/runner/.gradle/.tmp/gradle_download16019363593363482227bin
2026-04-25T03:15:10.9083426Z Downloading https://dl.google.com/dl/android/maven2/androidx/compose/animation/animation-core-android/1.9.2/animation-core-android-1.9.2.module to /home/runner/.gradle/.tmp/gradle_download13911146058333882882bin
2026-04-25T03:15:11.0080130Z Downloading https://dl.google.com/dl/android/maven2/androidx/compose/foundation/foundation-layout-android/1.9.2/foundation-layout-android-1.9.2.pom to /home/runner/.gradle/.tmp/gradle_download13600745043597386657bin
2026-04-25T03:15:11.0081961Z Downloading https://dl.google.com/dl/android/maven2/androidx/compose/foundation/foundation-layout-android/1.9.2/foundation-layout-android-1.9.2.module to /home/runner/.gradle/.tmp/gradle_download1135191897735027901bin
2026-04-25T03:15:11.1079094Z Downloading https://dl.google.com/dl/android/maven2/androidx/compose/foundation/foundation/1.9.2/foundation-1.9.2.pom to /home/runner/.gradle/.tmp/gradle_download15776795389634168360bin
2026-04-25T03:15:11.1080480Z Downloading https://dl.google.com/dl/android/maven2/androidx/compose/foundation/foundation/1.9.2/foundation-1.9.2.module to /home/runner/.gradle/.tmp/gradle_download14929272416512045178bin
2026-04-25T03:15:11.2080030Z Downloading https://dl.google.com/dl/android/maven2/androidx/compose/foundation/foundation-android/1.9.2/foundation-android-1.9.2.pom to /home/runner/.gradle/.tmp/gradle_download3510464767320261336bin
2026-04-25T03:15:11.3079993Z Downloading https://dl.google.com/dl/android/maven2/androidx/compose/foundation/foundation-android/1.9.2/foundation-android-1.9.2.module to /home/runner/.gradle/.tmp/gradle_download3461037451806814008bin
2026-04-25T03:15:11.3083084Z Downloading https://dl.google.com/dl/android/maven2/androidx/compose/material3/material3-android/1.2.1/material3-android-1.2.1.aar to /home/runner/.gradle/.tmp/gradle_download18254449770862525910bin
2026-04-25T03:15:11.3086062Z Downloading https://dl.google.com/dl/android/maven2/androidx/compose/ui/ui-tooling-data-android/1.9.2/ui-tooling-data-android-1.9.2.aar to /home/runner/.gradle/.tmp/gradle_download801799377634337890bin
2026-04-25T03:15:11.4112232Z Transforming ui-tooling-data.aar (androidx.compose.ui:ui-tooling-data-android:1.9.2) with JetifyTransform
2026-04-25T03:15:11.4143415Z Downloading https://dl.google.com/dl/android/maven2/androidx/navigationevent/navigationevent-compose-android/1.0.0/navigationevent-compose-android-1.0.0.aar to /home/runner/.gradle/.tmp/gradle_download15890963965234852889bin
2026-04-25T03:15:11.4146453Z Build cache key for JetifyTransform: /home/runner/.gradle/caches/modules-2/files-2.1/androidx.compose.ui/ui-tooling-data-android/1.9.2/468fd0dbdae734e07bd576eaec5f958937d6cdd3/ui-tooling-data.aar is 3936cfe7663761316e9289a529dce782
2026-04-25T03:15:11.4173420Z Downloading https://dl.google.com/dl/android/maven2/androidx/navigationevent/navigationevent-android/1.0.0/navigationevent-android-1.0.0.aar to /home/runner/.gradle/.tmp/gradle_download17362548424960116102bin
2026-04-25T03:15:11.4202762Z Transforming navigationevent-compose.aar (androidx.navigationevent:navigationevent-compose-android:1.0.0) with JetifyTransform
2026-04-25T03:15:11.4233522Z Build cache key for JetifyTransform: /home/runner/.gradle/caches/modules-2/files-2.1/androidx.navigationevent/navigationevent-compose-android/1.0.0/b6c1a5f3174a1d9fdbf8b8244e817ca25d5c773c/navigationevent-compose.aar is e30dd94ebf525c91eb00c7240ef5e986
2026-04-25T03:15:11.4236018Z Transforming navigationevent.aar (androidx.navigationevent:navigationevent-android:1.0.0) with JetifyTransform
2026-04-25T03:15:11.4263650Z Build cache key for JetifyTransform: /home/runner/.gradle/caches/modules-2/files-2.1/androidx.navigationevent/navigationevent-android/1.0.0/8171ee9b6046346e0c0aad9b767a99726a81c6dc/navigationevent.aar is 3ce4a2f0a7c351c015350f263ab6c4e9
2026-04-25T03:15:11.5096912Z Stored cache entry for JetifyTransform: /home/runner/.gradle/caches/modules-2/files-2.1/androidx.navigationevent/navigationevent-compose-android/1.0.0/b6c1a5f3174a1d9fdbf8b8244e817ca25d5c773c/navigationevent-compose.aar with cache key e30dd94ebf525c91eb00c7240ef5e986
2026-04-25T03:15:11.5100392Z Transforming navigationevent-compose.aar (androidx.navigationevent:navigationevent-compose-android:1.0.0) with ExtractAarTransform
2026-04-25T03:15:11.5103353Z Stored cache entry for JetifyTransform: /home/runner/.gradle/caches/modules-2/files-2.1/androidx.navigationevent/navigationevent-android/1.0.0/8171ee9b6046346e0c0aad9b767a99726a81c6dc/navigationevent.aar with cache key 3ce4a2f0a7c351c015350f263ab6c4e9
2026-04-25T03:15:11.5105891Z Transforming navigationevent.aar (androidx.navigationevent:navigationevent-android:1.0.0) with ExtractAarTransform
2026-04-25T03:15:11.5108344Z Stored cache entry for JetifyTransform: /home/runner/.gradle/caches/modules-2/files-2.1/androidx.compose.ui/ui-tooling-data-android/1.9.2/468fd0dbdae734e07bd576eaec5f958937d6cdd3/ui-tooling-data.aar with cache key 3936cfe7663761316e9289a529dce782
2026-04-25T03:15:11.5111112Z Caching disabled for ExtractAarTransform: /home/runner/.gradle/caches/8.11.1/transforms/0ab01a77cb0bfe4c2e331aaa425714c3/transformed/jetified-navigationevent-compose.aar because:
2026-04-25T03:15:11.5112780Z   Caching not enabled.
2026-04-25T03:15:11.5113721Z Transforming ui-tooling-data.aar (androidx.compose.ui:ui-tooling-data-android:1.9.2) with ExtractAarTransform
2026-04-25T03:15:11.5115551Z Caching disabled for ExtractAarTransform: /home/runner/.gradle/caches/8.11.1/transforms/662c191ac34b42e275af53136c9e4839/transformed/jetified-navigationevent.aar because:
2026-04-25T03:15:11.5116920Z   Caching not enabled.
2026-04-25T03:15:11.5118196Z Caching disabled for ExtractAarTransform: /home/runner/.gradle/caches/8.11.1/transforms/e8558172ca95303930bbecaa9104c895/transformed/jetified-ui-tooling-data.aar because:
2026-04-25T03:15:11.5119552Z   Caching not enabled.
2026-04-25T03:15:11.5120746Z Transforming navigationevent-compose.aar (androidx.navigationevent:navigationevent-compose-android:1.0.0) with AarTransform
2026-04-25T03:15:11.5133995Z Transforming material3-release.aar (androidx.compose.material3:material3-android:1.2.1) with JetifyTransform
2026-04-25T03:15:11.5135646Z Caching disabled for AarTransform: /home/runner/.gradle/caches/8.11.1/transforms/582a976f3ede713cacde1265effd907c/transformed/jetified-navigationevent-compose because:
2026-04-25T03:15:11.5136806Z   Caching not enabled.
2026-04-25T03:15:11.5137554Z Transforming navigationevent.aar (androidx.navigationevent:navigationevent-android:1.0.0) with AarTransform
2026-04-25T03:15:11.5139064Z Caching disabled for AarTransform: /home/runner/.gradle/caches/8.11.1/transforms/cb6f1b90199c63645d75112bc87b7505/transformed/jetified-navigationevent because:
2026-04-25T03:15:11.5140142Z   Caching not enabled.
2026-04-25T03:15:11.5141812Z Build cache key for JetifyTransform: /home/runner/.gradle/caches/modules-2/files-2.1/androidx.compose.material3/material3-android/1.2.1/bbb13fec1193eecdeccb40452ff184826f4385a2/material3-release.aar is d8e5511b68fe757a0ab5bb78f5fd5655
2026-04-25T03:15:11.5143714Z Transforming ui-tooling-data.aar (androidx.compose.ui:ui-tooling-data-android:1.9.2) with AarTransform
2026-04-25T03:15:11.5145193Z Caching disabled for AarTransform: /home/runner/.gradle/caches/8.11.1/transforms/66c16c3f7f6d02b975cabce6ff0bea36/transformed/jetified-ui-tooling-data because:
2026-04-25T03:15:11.5146309Z   Caching not enabled.
2026-04-25T03:15:11.5147898Z Downloading https://dl.google.com/dl/android/maven2/androidx/compose/foundation/foundation-layout-android/1.9.2/foundation-layout-android-1.9.2.aar to /home/runner/.gradle/.tmp/gradle_download7518068505386940752bin
2026-04-25T03:15:11.5150352Z Downloading https://dl.google.com/dl/android/maven2/androidx/compose/foundation/foundation-android/1.9.2/foundation-android-1.9.2.aar to /home/runner/.gradle/.tmp/gradle_download16687479133055463904bin
2026-04-25T03:15:11.6080523Z Downloading https://dl.google.com/dl/android/maven2/androidx/compose/animation/animation-android/1.9.2/animation-android-1.9.2.aar to /home/runner/.gradle/.tmp/gradle_download3177864306508545545bin
2026-04-25T03:15:11.6102683Z Transforming foundation-layout.aar (androidx.compose.foundation:foundation-layout-android:1.9.2) with JetifyTransform
2026-04-25T03:15:11.6133821Z Build cache key for JetifyTransform: /home/runner/.gradle/caches/modules-2/files-2.1/androidx.compose.foundation/foundation-layout-android/1.9.2/2b8e09513d2ddc609661f8278c96bcd74e869c26/foundation-layout.aar is 98402be486ecb135bbfd5eb48cbf025e
2026-04-25T03:15:11.7123050Z Transforming animation.aar (androidx.compose.animation:animation-android:1.9.2) with JetifyTransform
2026-04-25T03:15:11.7185243Z Build cache key for JetifyTransform: /home/runner/.gradle/caches/modules-2/files-2.1/androidx.compose.animation/animation-android/1.9.2/31e15cccc76a577752d97708dd65bd699772a339/animation.aar is 6dbc638ed7e1413453c0aed5ace8db55
2026-04-25T03:15:11.8113118Z Transforming foundation-release.aar (androidx.compose.foundation:foundation-android:1.9.2) with JetifyTransform
2026-04-25T03:15:11.8155751Z Build cache key for JetifyTransform: /home/runner/.gradle/caches/modules-2/files-2.1/androidx.compose.foundation/foundation-android/1.9.2/bbf40fceaa8fcc293209aa00950947cde64c675d/foundation-release.aar is ece9055fa1df6a958990b70e2d28dee9
2026-04-25T03:15:12.0104159Z Stored cache entry for JetifyTransform: /home/runner/.gradle/caches/modules-2/files-2.1/androidx.compose.foundation/foundation-layout-android/1.9.2/2b8e09513d2ddc609661f8278c96bcd74e869c26/foundation-layout.aar with cache key 98402be486ecb135bbfd5eb48cbf025e
2026-04-25T03:15:12.0132933Z Transforming foundation-layout.aar (androidx.compose.foundation:foundation-layout-android:1.9.2) with ExtractAarTransform
2026-04-25T03:15:12.0152937Z Caching disabled for ExtractAarTransform: /home/runner/.gradle/caches/8.11.1/transforms/651c6859b01bd2452da29ab2d8071ef4/transformed/jetified-foundation-layout.aar because:
2026-04-25T03:15:12.0181990Z   Caching not enabled.
2026-04-25T03:15:12.0192548Z Transforming foundation-layout.aar (androidx.compose.foundation:foundation-layout-android:1.9.2) with AarTransform
2026-04-25T03:15:12.1093330Z Caching disabled for AarTransform: /home/runner/.gradle/caches/8.11.1/transforms/ad2dd3899eea144a1aa94a7a61cd2837/transformed/jetified-foundation-layout because:
2026-04-25T03:15:12.1102078Z   Caching not enabled.
2026-04-25T03:15:12.1133043Z Downloading https://dl.google.com/dl/android/maven2/androidx/compose/animation/animation-core-android/1.9.2/animation-core-android-1.9.2.aar to /home/runner/.gradle/.tmp/gradle_download3079042638127906634bin
2026-04-25T03:15:12.2081062Z Transforming animation-core.aar (androidx.compose.animation:animation-core-android:1.9.2) with JetifyTransform
2026-04-25T03:15:12.2098807Z Build cache key for JetifyTransform: /home/runner/.gradle/caches/modules-2/files-2.1/androidx.compose.animation/animation-core-android/1.9.2/830a5d4fac85504f63b25c40804297c21a5a3434/animation-core.aar is b9680f73d28bf985b4f0f5a891f676f4
2026-04-25T03:15:12.5083812Z Stored cache entry for JetifyTransform: /home/runner/.gradle/caches/modules-2/files-2.1/androidx.compose.animation/animation-android/1.9.2/31e15cccc76a577752d97708dd65bd699772a339/animation.aar with cache key 6dbc638ed7e1413453c0aed5ace8db55
2026-04-25T03:15:12.5146560Z Transforming animation.aar (androidx.compose.animation:animation-android:1.9.2) with ExtractAarTransform
2026-04-25T03:15:12.5209161Z Caching disabled for ExtractAarTransform: /home/runner/.gradle/caches/8.11.1/transforms/fdc5f9efc052b8d13e9b78ca37b95c62/transformed/jetified-animation.aar because:
2026-04-25T03:15:12.5275632Z   Caching not enabled.
2026-04-25T03:15:12.6103206Z Transforming animation.aar (androidx.compose.animation:animation-android:1.9.2) with AarTransform
2026-04-25T03:15:12.6163054Z Caching disabled for AarTransform: /home/runner/.gradle/caches/8.11.1/transforms/bfbadf3aa82e8d2c6f086b75adb8398a/transformed/jetified-animation because:
2026-04-25T03:15:12.6209877Z   Caching not enabled.
2026-04-25T03:15:12.6296187Z Downloading https://dl.google.com/dl/android/maven2/androidx/compose/ui/ui-unit-android/1.9.2/ui-unit-android-1.9.2.aar to /home/runner/.gradle/.tmp/gradle_download13219530823667777207bin
2026-04-25T03:15:12.7079805Z Transforming ui-unit.aar (androidx.compose.ui:ui-unit-android:1.9.2) with JetifyTransform
2026-04-25T03:15:12.7103381Z Build cache key for JetifyTransform: /home/runner/.gradle/caches/modules-2/files-2.1/androidx.compose.ui/ui-unit-android/1.9.2/2c56242968db9dc433dfac657002190d6c0f0e7b/ui-unit.aar is 517419b9ff7762d8fd94d2fa59ca1a4d
2026-04-25T03:15:12.7133284Z Stored cache entry for JetifyTransform: /home/runner/.gradle/caches/modules-2/files-2.1/androidx.compose.ui/ui-unit-android/1.9.2/2c56242968db9dc433dfac657002190d6c0f0e7b/ui-unit.aar with cache key 517419b9ff7762d8fd94d2fa59ca1a4d
2026-04-25T03:15:12.7135758Z Transforming ui-unit.aar (androidx.compose.ui:ui-unit-android:1.9.2) with ExtractAarTransform
2026-04-25T03:15:12.7163109Z Caching disabled for ExtractAarTransform: /home/runner/.gradle/caches/8.11.1/transforms/be60eca1db00e760d557696ceb09452e/transformed/jetified-ui-unit.aar because:
2026-04-25T03:15:12.7164365Z   Caching not enabled.
2026-04-25T03:15:12.7192666Z Transforming ui-unit.aar (androidx.compose.ui:ui-unit-android:1.9.2) with AarTransform
2026-04-25T03:15:12.7222997Z Caching disabled for AarTransform: /home/runner/.gradle/caches/8.11.1/transforms/8c21f5dbc4c774dc1f97ad88c52d3ccb/transformed/jetified-ui-unit because:
2026-04-25T03:15:12.7235766Z   Caching not enabled.
2026-04-25T03:15:12.8133764Z Downloading https://dl.google.com/dl/android/maven2/androidx/compose/ui/ui-geometry-android/1.9.2/ui-geometry-android-1.9.2.aar to /home/runner/.gradle/.tmp/gradle_download13583581025909439032bin
2026-04-25T03:15:12.8152459Z Transforming ui-geometry.aar (androidx.compose.ui:ui-geometry-android:1.9.2) with JetifyTransform
2026-04-25T03:15:12.8163254Z Build cache key for JetifyTransform: /home/runner/.gradle/caches/modules-2/files-2.1/androidx.compose.ui/ui-geometry-android/1.9.2/13133b9bdc576f9e6afb69afd085bb551e2c1245/ui-geometry.aar is 8348388bb740dbee978e8c6701a97c89
2026-04-25T03:15:12.8203257Z Stored cache entry for JetifyTransform: /home/runner/.gradle/caches/modules-2/files-2.1/androidx.compose.animation/animation-core-android/1.9.2/830a5d4fac85504f63b25c40804297c21a5a3434/animation-core.aar with cache key b9680f73d28bf985b4f0f5a891f676f4
2026-04-25T03:15:12.8224649Z Transforming animation-core.aar (androidx.compose.animation:animation-core-android:1.9.2) with ExtractAarTransform
2026-04-25T03:15:12.8263266Z Stored cache entry for JetifyTransform: /home/runner/.gradle/caches/modules-2/files-2.1/androidx.compose.ui/ui-geometry-android/1.9.2/13133b9bdc576f9e6afb69afd085bb551e2c1245/ui-geometry.aar with cache key 8348388bb740dbee978e8c6701a97c89
2026-04-25T03:15:12.8292466Z Transforming ui-geometry.aar (androidx.compose.ui:ui-geometry-android:1.9.2) with ExtractAarTransform
2026-04-25T03:15:12.8322812Z Caching disabled for ExtractAarTransform: /home/runner/.gradle/caches/8.11.1/transforms/f4896e48c4d9e3d2c15f6304743b7f78/transformed/jetified-ui-geometry.aar because:
2026-04-25T03:15:12.8352110Z   Caching not enabled.
2026-04-25T03:15:12.8382287Z Transforming ui-geometry.aar (androidx.compose.ui:ui-geometry-android:1.9.2) with AarTransform
2026-04-25T03:15:12.8412682Z Caching disabled for AarTransform: /home/runner/.gradle/caches/8.11.1/transforms/9b3a85a633de8f9d1f1866feb4adf80b/transformed/jetified-ui-geometry because:
2026-04-25T03:15:12.8442193Z   Caching not enabled.
2026-04-25T03:15:12.8462965Z Caching disabled for ExtractAarTransform: /home/runner/.gradle/caches/8.11.1/transforms/c0a4e2bd4f428ed71ec46f70fe399651/transformed/jetified-animation-core.aar because:
2026-04-25T03:15:12.8502064Z   Caching not enabled.
2026-04-25T03:15:12.9087403Z Transforming animation-core.aar (androidx.compose.animation:animation-core-android:1.9.2) with AarTransform
2026-04-25T03:15:12.9117273Z Downloading https://dl.google.com/dl/android/maven2/androidx/compose/ui/ui-tooling-preview-android/1.9.2/ui-tooling-preview-android-1.9.2.aar to /home/runner/.gradle/.tmp/gradle_download3210707158796899027bin
2026-04-25T03:15:12.9142723Z Transforming ui-tooling-preview.aar (androidx.compose.ui:ui-tooling-preview-android:1.9.2) with JetifyTransform
2026-04-25T03:15:12.9153888Z Build cache key for JetifyTransform: /home/runner/.gradle/caches/modules-2/files-2.1/androidx.compose.ui/ui-tooling-preview-android/1.9.2/9354fe7c666a660f57d95993ae192d84157dda9c/ui-tooling-preview.aar is 84a2f841bb37482e0364d1eb85568cc3
2026-04-25T03:15:12.9183540Z Stored cache entry for JetifyTransform: /home/runner/.gradle/caches/modules-2/files-2.1/androidx.compose.ui/ui-tooling-preview-android/1.9.2/9354fe7c666a660f57d95993ae192d84157dda9c/ui-tooling-preview.aar with cache key 84a2f841bb37482e0364d1eb85568cc3
2026-04-25T03:15:12.9192431Z Transforming ui-tooling-preview.aar (androidx.compose.ui:ui-tooling-preview-android:1.9.2) with ExtractAarTransform
2026-04-25T03:15:12.9213012Z Caching disabled for ExtractAarTransform: /home/runner/.gradle/caches/8.11.1/transforms/f37b1d8fbac2dffae54114aab8b95cca/transformed/jetified-ui-tooling-preview.aar because:
2026-04-25T03:15:12.9242124Z   Caching not enabled.
2026-04-25T03:15:12.9272604Z Transforming ui-tooling-preview.aar (androidx.compose.ui:ui-tooling-preview-android:1.9.2) with AarTransform
2026-04-25T03:15:12.9277079Z Caching disabled for AarTransform: /home/runner/.gradle/caches/8.11.1/transforms/62bbfe8dca9ed54bc4c0ab3b238d67e2/transformed/jetified-ui-tooling-preview because:
2026-04-25T03:15:12.9302101Z   Caching not enabled.
2026-04-25T03:15:13.0079886Z Caching disabled for AarTransform: /home/runner/.gradle/caches/8.11.1/transforms/4f81a84452a71c15e1af23c08dd42a82/transformed/jetified-animation-core because:
2026-04-25T03:15:13.0101287Z   Caching not enabled.
2026-04-25T03:15:13.0133114Z Downloading https://dl.google.com/dl/android/maven2/androidx/compose/ui/ui-util-android/1.9.2/ui-util-android-1.9.2.aar to /home/runner/.gradle/.tmp/gradle_download14133140555727325615bin
2026-04-25T03:15:13.0162953Z Downloading https://dl.google.com/dl/android/maven2/androidx/compose/ui/ui-text-android/1.9.2/ui-text-android-1.9.2.aar to /home/runner/.gradle/.tmp/gradle_download10809938012935196549bin
2026-04-25T03:15:13.0176146Z Transforming ui-util.aar (androidx.compose.ui:ui-util-android:1.9.2) with JetifyTransform
2026-04-25T03:15:13.0193213Z Build cache key for JetifyTransform: /home/runner/.gradle/caches/modules-2/files-2.1/androidx.compose.ui/ui-util-android/1.9.2/8d702df49fb4aff1b7c1fd98d0caeb9843a9d5ff/ui-util.aar is d095452ce627859cde71c2bc62c79662
2026-04-25T03:15:13.0223199Z Stored cache entry for JetifyTransform: /home/runner/.gradle/caches/modules-2/files-2.1/androidx.compose.ui/ui-util-android/1.9.2/8d702df49fb4aff1b7c1fd98d0caeb9843a9d5ff/ui-util.aar with cache key d095452ce627859cde71c2bc62c79662
2026-04-25T03:15:13.0252442Z Transforming ui-util.aar (androidx.compose.ui:ui-util-android:1.9.2) with ExtractAarTransform
2026-04-25T03:15:13.1123391Z Caching disabled for ExtractAarTransform: /home/runner/.gradle/caches/8.11.1/transforms/5b883a22f6cfc1785fa561794c958fa5/transformed/jetified-ui-util.aar because:
2026-04-25T03:15:13.1124842Z   Caching not enabled.
2026-04-25T03:15:13.1152409Z Transforming ui-util.aar (androidx.compose.ui:ui-util-android:1.9.2) with AarTransform
2026-04-25T03:15:13.1182708Z Caching disabled for AarTransform: /home/runner/.gradle/caches/8.11.1/transforms/1246a0f488a63f1831e1b5a8d10710b0/transformed/jetified-ui-util because:
2026-04-25T03:15:13.1212195Z   Caching not enabled.
2026-04-25T03:15:13.1242337Z Transforming ui-text.aar (androidx.compose.ui:ui-text-android:1.9.2) with JetifyTransform
2026-04-25T03:15:13.1273230Z Build cache key for JetifyTransform: /home/runner/.gradle/caches/modules-2/files-2.1/androidx.compose.ui/ui-text-android/1.9.2/eeed71d5a672caa94652454ae52eb55979c80a99/ui-text.aar is e33cb76a44e0a8858a543c0f7d2211af
2026-04-25T03:15:13.1294738Z Downloading https://dl.google.com/dl/android/maven2/androidx/compose/ui/ui-graphics-android/1.9.2/ui-graphics-android-1.9.2.aar to /home/runner/.gradle/.tmp/gradle_download14360458430413115971bin
2026-04-25T03:15:13.1303728Z Stored cache entry for JetifyTransform: /home/runner/.gradle/caches/modules-2/files-2.1/androidx.compose.material3/material3-android/1.2.1/bbb13fec1193eecdeccb40452ff184826f4385a2/material3-release.aar with cache key d8e5511b68fe757a0ab5bb78f5fd5655
2026-04-25T03:15:13.1332503Z Transforming material3-release.aar (androidx.compose.material3:material3-android:1.2.1) with ExtractAarTransform
2026-04-25T03:15:13.3083365Z Transforming ui-graphics-release.aar (androidx.compose.ui:ui-graphics-android:1.9.2) with JetifyTransform
2026-04-25T03:15:13.3113273Z Build cache key for JetifyTransform: /home/runner/.gradle/caches/modules-2/files-2.1/androidx.compose.ui/ui-graphics-android/1.9.2/5e20ff31efafefe97f77041be2a2263d293d8360/ui-graphics-release.aar is c52dd6da3d89d38ea4c22d152a7856f0
2026-04-25T03:15:13.4103716Z Stored cache entry for JetifyTransform: /home/runner/.gradle/caches/modules-2/files-2.1/androidx.compose.ui/ui-text-android/1.9.2/eeed71d5a672caa94652454ae52eb55979c80a99/ui-text.aar with cache key e33cb76a44e0a8858a543c0f7d2211af
2026-04-25T03:15:13.4132429Z Transforming ui-text.aar (androidx.compose.ui:ui-text-android:1.9.2) with ExtractAarTransform
2026-04-25T03:15:13.5083487Z Caching disabled for ExtractAarTransform: /home/runner/.gradle/caches/8.11.1/transforms/1f89e9327aab6c94be44bd21771f6ba8/transformed/jetified-ui-text.aar because:
2026-04-25T03:15:13.5122090Z   Caching not enabled.
2026-04-25T03:15:13.5123287Z Caching disabled for ExtractAarTransform: /home/runner/.gradle/caches/8.11.1/transforms/22f792523c16f054b2accbf1c537728e/transformed/jetified-material3-release.aar because:
2026-04-25T03:15:13.5124528Z   Caching not enabled.
2026-04-25T03:15:13.5188897Z Transforming ui-text.aar (androidx.compose.ui:ui-text-android:1.9.2) with AarTransform
2026-04-25T03:15:13.5198287Z Caching disabled for AarTransform: /home/runner/.gradle/caches/8.11.1/transforms/6aa2e2a68c2b334c6993af83152c0d73/transformed/jetified-ui-text because:
2026-04-25T03:15:13.5214032Z   Caching not enabled.
2026-04-25T03:15:13.6079689Z Downloading https://dl.google.com/dl/android/maven2/androidx/compose/ui/ui-tooling-android/1.9.2/ui-tooling-android-1.9.2.aar to /home/runner/.gradle/.tmp/gradle_download18281075412001607013bin
2026-04-25T03:15:13.6113511Z Stored cache entry for JetifyTransform: /home/runner/.gradle/caches/modules-2/files-2.1/androidx.compose.foundation/foundation-android/1.9.2/bbf40fceaa8fcc293209aa00950947cde64c675d/foundation-release.aar with cache key ece9055fa1df6a958990b70e2d28dee9
2026-04-25T03:15:13.6116008Z Transforming foundation-release.aar (androidx.compose.foundation:foundation-android:1.9.2) with ExtractAarTransform
2026-04-25T03:15:13.6142470Z Transforming ui-tooling.aar (androidx.compose.ui:ui-tooling-android:1.9.2) with JetifyTransform
2026-04-25T03:15:13.6169231Z Build cache key for JetifyTransform: /home/runner/.gradle/caches/modules-2/files-2.1/androidx.compose.ui/ui-tooling-android/1.9.2/39c8bb8fddc58c00801b6672304ea08ab12c59d1/ui-tooling.aar is 14436d9079f8c9ad64be20220de0b9e9
2026-04-25T03:15:13.6202452Z Transforming material3-release.aar (androidx.compose.material3:material3-android:1.2.1) with AarTransform
2026-04-25T03:15:13.7080268Z Stored cache entry for JetifyTransform: /home/runner/.gradle/caches/modules-2/files-2.1/androidx.compose.ui/ui-tooling-android/1.9.2/39c8bb8fddc58c00801b6672304ea08ab12c59d1/ui-tooling.aar with cache key 14436d9079f8c9ad64be20220de0b9e9
2026-04-25T03:15:13.7102366Z Transforming ui-tooling.aar (androidx.compose.ui:ui-tooling-android:1.9.2) with ExtractAarTransform
2026-04-25T03:15:13.7112962Z Caching disabled for ExtractAarTransform: /home/runner/.gradle/caches/8.11.1/transforms/0e34dad59654817a9cf67b567a05ab93/transformed/jetified-ui-tooling.aar because:
2026-04-25T03:15:13.7136503Z   Caching not enabled.
2026-04-25T03:15:13.7162345Z Transforming ui-tooling.aar (androidx.compose.ui:ui-tooling-android:1.9.2) with AarTransform
2026-04-25T03:15:13.7164250Z Caching disabled for AarTransform: /home/runner/.gradle/caches/8.11.1/transforms/e046490ec4aaa6520a9ff4e91fbcefea/transformed/jetified-material3-release because:
2026-04-25T03:15:13.7165442Z   Caching not enabled.
2026-04-25T03:15:13.7166670Z Caching disabled for AarTransform: /home/runner/.gradle/caches/8.11.1/transforms/5444a948fcc572516c7b4f3972d025a3/transformed/jetified-ui-tooling because:
2026-04-25T03:15:13.7167778Z   Caching not enabled.
2026-04-25T03:15:13.7168931Z Caching disabled for ExtractAarTransform: /home/runner/.gradle/caches/8.11.1/transforms/37db2277dc94c4711ae63e662db15c55/transformed/jetified-foundation-release.aar because:
2026-04-25T03:15:13.7170184Z   Caching not enabled.
2026-04-25T03:15:13.8079759Z Downloading https://dl.google.com/dl/android/maven2/androidx/compose/material/material-android/1.6.8/material-android-1.6.8.aar to /home/runner/.gradle/.tmp/gradle_download6072647603483624302bin
2026-04-25T03:15:13.8103110Z Downloading https://dl.google.com/dl/android/maven2/androidx/compose/material/material-ripple-android/1.6.8/material-ripple-android-1.6.8.aar to /home/runner/.gradle/.tmp/gradle_download5128524299774291244bin
2026-04-25T03:15:13.8123454Z Transforming material-ripple-release.aar (androidx.compose.material:material-ripple-android:1.6.8) with JetifyTransform
2026-04-25T03:15:13.8134447Z Build cache key for JetifyTransform: /home/runner/.gradle/caches/modules-2/files-2.1/androidx.compose.material/material-ripple-android/1.6.8/f2fb6a056a6de731cbe709d6ce34e717a4b3b692/material-ripple-release.aar is 51967df8ca76a28b6bff7b8ba79ac710
2026-04-25T03:15:13.8180013Z Stored cache entry for JetifyTransform: /home/runner/.gradle/caches/modules-2/files-2.1/androidx.compose.ui/ui-graphics-android/1.9.2/5e20ff31efafefe97f77041be2a2263d293d8360/ui-graphics-release.aar with cache key c52dd6da3d89d38ea4c22d152a7856f0
2026-04-25T03:15:13.8192499Z Transforming ui-graphics-release.aar (androidx.compose.ui:ui-graphics-android:1.9.2) with ExtractAarTransform
2026-04-25T03:15:13.8223378Z Stored cache entry for JetifyTransform: /home/runner/.gradle/caches/modules-2/files-2.1/androidx.compose.material/material-ripple-android/1.6.8/f2fb6a056a6de731cbe709d6ce34e717a4b3b692/material-ripple-release.aar with cache key 51967df8ca76a28b6bff7b8ba79ac710
2026-04-25T03:15:13.8250801Z Transforming foundation-release.aar (androidx.compose.foundation:foundation-android:1.9.2) with AarTransform
2026-04-25T03:15:13.8282662Z Transforming material-ripple-release.aar (androidx.compose.material:material-ripple-android:1.6.8) with ExtractAarTransform
2026-04-25T03:15:13.8312980Z Caching disabled for ExtractAarTransform: /home/runner/.gradle/caches/8.11.1/transforms/3513aa9bb26281bbac5fb45f0d2964a9/transformed/jetified-material-ripple-release.aar because:
2026-04-25T03:15:13.8314327Z   Caching not enabled.
2026-04-25T03:15:13.9093306Z Transforming material-release.aar (androidx.compose.material:material-android:1.6.8) with JetifyTransform
2026-04-25T03:15:13.9117699Z Caching disabled for ExtractAarTransform: /home/runner/.gradle/caches/8.11.1/transforms/8cc240ac30bb39cb75d0691ce335ceef/transformed/jetified-ui-graphics-release.aar because:
2026-04-25T03:15:13.9118957Z   Caching not enabled.
2026-04-25T03:15:13.9119786Z Transforming material-ripple-release.aar (androidx.compose.material:material-ripple-android:1.6.8) with AarTransform
2026-04-25T03:15:13.9121799Z Caching disabled for AarTransform: /home/runner/.gradle/caches/8.11.1/transforms/5c922962d5224524f6f00173e6e6b098/transformed/jetified-material-ripple-release because:
2026-04-25T03:15:13.9123089Z   Caching not enabled.
2026-04-25T03:15:13.9124588Z Build cache key for JetifyTransform: /home/runner/.gradle/caches/modules-2/files-2.1/androidx.compose.material/material-android/1.6.8/bd98438759a8fa9004372660d5246661fcd94949/material-release.aar is 4cf0816db814d9bc0aba3affc29bbeb9
2026-04-25T03:15:13.9127459Z Downloading https://dl.google.com/dl/android/maven2/androidx/compose/material/material-icons-core-android/1.6.8/material-icons-core-android-1.6.8.aar to /home/runner/.gradle/.tmp/gradle_download6006217605203901862bin
2026-04-25T03:15:13.9129748Z Transforming ui-graphics-release.aar (androidx.compose.ui:ui-graphics-android:1.9.2) with AarTransform
2026-04-25T03:15:14.0083734Z Transforming material-icons-core-release.aar (androidx.compose.material:material-icons-core-android:1.6.8) with JetifyTransform
2026-04-25T03:15:14.0112802Z Caching disabled for AarTransform: /home/runner/.gradle/caches/8.11.1/transforms/a4d7fd655ff98528246c4656eb5f19ea/transformed/jetified-ui-graphics-release because:
2026-04-25T03:15:14.0141930Z   Caching not enabled.
2026-04-25T03:15:14.0160200Z Build cache key for JetifyTransform: /home/runner/.gradle/caches/modules-2/files-2.1/androidx.compose.material/material-icons-core-android/1.6.8/1377d79cc57519ea25772762e358416a16b25ad1/material-icons-core-release.aar is 35b335e1fc5017412a5f43ac96e1b0f9
2026-04-25T03:15:14.0172850Z Downloading https://dl.google.com/dl/android/maven2/androidx/compose/ui/ui-android/1.9.2/ui-android-1.9.2.aar to /home/runner/.gradle/.tmp/gradle_download10865021492027606002bin
2026-04-25T03:15:14.0174995Z Caching disabled for AarTransform: /home/runner/.gradle/caches/8.11.1/transforms/e184805bcc53f3a846e25bb745ddc742/transformed/jetified-foundation-release because:
2026-04-25T03:15:14.0176149Z   Caching not enabled.
2026-04-25T03:15:14.1093693Z Downloading https://dl.google.com/dl/android/maven2/androidx/compose/ui/ui-test-manifest/1.9.2/ui-test-manifest-1.9.2.aar to /home/runner/.gradle/.tmp/gradle_download14336721656664413759bin
2026-04-25T03:15:14.1102825Z Transforming ui-test-manifest-1.9.2.aar (androidx.compose.ui:ui-test-manifest:1.9.2) with JetifyTransform
2026-04-25T03:15:14.1112433Z Stored cache entry for JetifyTransform: /home/runner/.gradle/caches/modules-2/files-2.1/androidx.compose.material/material-icons-core-android/1.6.8/1377d79cc57519ea25772762e358416a16b25ad1/material-icons-core-release.aar with cache key 35b335e1fc5017412a5f43ac96e1b0f9
2026-04-25T03:15:14.1115050Z Transforming material-icons-core-release.aar (androidx.compose.material:material-icons-core-android:1.6.8) with ExtractAarTransform
2026-04-25T03:15:14.1121821Z Build cache key for JetifyTransform: /home/runner/.gradle/caches/modules-2/files-2.1/androidx.compose.ui/ui-test-manifest/1.9.2/fffc091a20c9e3cf581d5c39a58fae39cb75df7e/ui-test-manifest-1.9.2.aar is fa1855a5faace13c7448fc42e20039b1
2026-04-25T03:15:14.1128722Z Stored cache entry for JetifyTransform: /home/runner/.gradle/caches/modules-2/files-2.1/androidx.compose.ui/ui-test-manifest/1.9.2/fffc091a20c9e3cf581d5c39a58fae39cb75df7e/ui-test-manifest-1.9.2.aar with cache key fa1855a5faace13c7448fc42e20039b1
2026-04-25T03:15:14.1136278Z Transforming ui-test-manifest-1.9.2.aar (androidx.compose.ui:ui-test-manifest:1.9.2) with ExtractAarTransform
2026-04-25T03:15:14.1138221Z Caching disabled for ExtractAarTransform: /home/runner/.gradle/caches/8.11.1/transforms/66c1d3d4bfa5c4b94b2acf4d009ee8cc/transformed/jetified-ui-test-manifest-1.9.2.aar because:
2026-04-25T03:15:14.1139693Z   Caching not enabled.
2026-04-25T03:15:14.1141054Z Caching disabled for ExtractAarTransform: /home/runner/.gradle/caches/8.11.1/transforms/bd302f50289597a006ce254b73a42d0c/transformed/jetified-material-icons-core-release.aar because:
2026-04-25T03:15:14.1153401Z   Caching not enabled.
2026-04-25T03:15:14.1154298Z Transforming ui-test-manifest-1.9.2.aar (androidx.compose.ui:ui-test-manifest:1.9.2) with AarTransform
2026-04-25T03:15:14.1156488Z Caching disabled for AarTransform: /home/runner/.gradle/caches/8.11.1/transforms/44e8b0036a8201959b70c71bcf364993/transformed/jetified-ui-test-manifest-1.9.2 because:
2026-04-25T03:15:14.1171133Z   Caching not enabled.
2026-04-25T03:15:14.1172344Z Transforming material-icons-core-release.aar (androidx.compose.material:material-icons-core-android:1.6.8) with AarTransform
2026-04-25T03:15:14.2098227Z Caching disabled for AarTransform: /home/runner/.gradle/caches/8.11.1/transforms/88af93a2b7c73505eec7264aa57b0fde/transformed/jetified-material-icons-core-release because:
2026-04-25T03:15:14.2136111Z   Caching not enabled.
2026-04-25T03:15:14.2183107Z Downloading https://dl.google.com/dl/android/maven2/androidx/activity/activity/1.13.0/activity-1.13.0.aar to /home/runner/.gradle/.tmp/gradle_download3186798274991094327bin
2026-04-25T03:15:14.2185553Z Downloading https://dl.google.com/dl/android/maven2/androidx/activity/activity-ktx/1.13.0/activity-ktx-1.13.0.aar to /home/runner/.gradle/.tmp/gradle_download2493001999646636108bin
2026-04-25T03:15:14.2212514Z Transforming activity-ktx-1.13.0.aar (androidx.activity:activity-ktx:1.13.0) with JetifyTransform
2026-04-25T03:15:14.2243162Z Build cache key for JetifyTransform: /home/runner/.gradle/caches/modules-2/files-2.1/androidx.activity/activity-ktx/1.13.0/2ec3f205b0552ddfc8e87fab6acd8d5e7bb5e6dd/activity-ktx-1.13.0.aar is 4378fb5c789bb15f3c8711af08b39a7b
2026-04-25T03:15:14.2272264Z Transforming activity-1.13.0.aar (androidx.activity:activity:1.13.0) with JetifyTransform
2026-04-25T03:15:14.2275924Z Build cache key for JetifyTransform: /home/runner/.gradle/caches/modules-2/files-2.1/androidx.activity/activity/1.13.0/722e241a3182b6f135b6cc2eb16e37dc9e422339/activity-1.13.0.aar is 004145ee783b7817c7bee0fb9e448eea
2026-04-25T03:15:14.2302441Z Transforming ui-release.aar (androidx.compose.ui:ui-android:1.9.2) with JetifyTransform
2026-04-25T03:15:14.2334467Z Stored cache entry for JetifyTransform: /home/runner/.gradle/caches/modules-2/files-2.1/androidx.activity/activity-ktx/1.13.0/2ec3f205b0552ddfc8e87fab6acd8d5e7bb5e6dd/activity-ktx-1.13.0.aar with cache key 4378fb5c789bb15f3c8711af08b39a7b
2026-04-25T03:15:14.2372406Z Transforming activity-ktx-1.13.0.aar (androidx.activity:activity-ktx:1.13.0) with ExtractAarTransform
2026-04-25T03:15:14.2382622Z Caching disabled for ExtractAarTransform: /home/runner/.gradle/caches/8.11.1/transforms/959dec90d448d8ea26ab969057963bd0/transformed/jetified-activity-ktx-1.13.0.aar because:
2026-04-25T03:15:14.2415132Z   Caching not enabled.
2026-04-25T03:15:14.3088706Z Build cache key for JetifyTransform: /home/runner/.gradle/caches/modules-2/files-2.1/androidx.compose.ui/ui-android/1.9.2/49740960f14e393578508ae838afc2e6aed20250/ui-release.aar is 1d5308f33347d99a3965c4a6c919b320
2026-04-25T03:15:14.3124578Z Transforming activity-ktx-1.13.0.aar (androidx.activity:activity-ktx:1.13.0) with AarTransform
2026-04-25T03:15:14.3172950Z Caching disabled for AarTransform: /home/runner/.gradle/caches/8.11.1/transforms/d1ab2c85c5c7edaa9d5c11f390bc78b5/transformed/jetified-activity-ktx-1.13.0 because:
2026-04-25T03:15:14.3196244Z   Caching not enabled.
2026-04-25T03:15:14.3223551Z Stored cache entry for JetifyTransform: /home/runner/.gradle/caches/modules-2/files-2.1/androidx.activity/activity/1.13.0/722e241a3182b6f135b6cc2eb16e37dc9e422339/activity-1.13.0.aar with cache key 004145ee783b7817c7bee0fb9e448eea
2026-04-25T03:15:14.3252356Z Transforming activity-1.13.0.aar (androidx.activity:activity:1.13.0) with ExtractAarTransform
2026-04-25T03:15:14.3282997Z Downloading https://dl.google.com/dl/android/maven2/androidx/activity/activity-compose/1.13.0/activity-compose-1.13.0.aar to /home/runner/.gradle/.tmp/gradle_download1250734402159371854bin
2026-04-25T03:15:14.3302375Z Caching disabled for ExtractAarTransform: /home/runner/.gradle/caches/8.11.1/transforms/30b931e1fe8e7883ccc4d21e3312a826/transformed/jetified-activity-1.13.0.aar because:
2026-04-25T03:15:14.3312080Z   Caching not enabled.
2026-04-25T03:15:14.3342503Z Transforming activity-compose-1.13.0.aar (androidx.activity:activity-compose:1.13.0) with JetifyTransform
2026-04-25T03:15:14.3366047Z Transforming activity-1.13.0.aar (androidx.activity:activity:1.13.0) with AarTransform
2026-04-25T03:15:14.3393157Z Build cache key for JetifyTransform: /home/runner/.gradle/caches/modules-2/files-2.1/androidx.activity/activity-compose/1.13.0/6febbf42ee1a80d0586856e136a0d74f92b16b1d/activity-compose-1.13.0.aar is 393cf06258091b65f122b3713ca9fcc3
2026-04-25T03:15:14.3402679Z Caching disabled for AarTransform: /home/runner/.gradle/caches/8.11.1/transforms/48e4941a7a9ae17669c37819052c40dc/transformed/jetified-activity-1.13.0 because:
2026-04-25T03:15:14.3422083Z   Caching not enabled.
2026-04-25T03:15:14.4087535Z Downloading https://dl.google.com/dl/android/maven2/androidx/autofill/autofill/1.0.0/autofill-1.0.0.aar to /home/runner/.gradle/.tmp/gradle_download9314237345865309486bin
2026-04-25T03:15:14.4116627Z Transforming autofill-1.0.0.aar (androidx.autofill:autofill:1.0.0) with JetifyTransform
2026-04-25T03:15:14.4143099Z Build cache key for JetifyTransform: /home/runner/.gradle/caches/modules-2/files-2.1/androidx.autofill/autofill/1.0.0/d95a6e3b895ad8f037dd01d88c87138b6d5eb507/autofill-1.0.0.aar is ce89dadb9dc8432a987789a215a31f3c
2026-04-25T03:15:14.4163430Z Stored cache entry for JetifyTransform: /home/runner/.gradle/caches/modules-2/files-2.1/androidx.activity/activity-compose/1.13.0/6febbf42ee1a80d0586856e136a0d74f92b16b1d/activity-compose-1.13.0.aar with cache key 393cf06258091b65f122b3713ca9fcc3
2026-04-25T03:15:14.4172414Z Transforming activity-compose-1.13.0.aar (androidx.activity:activity-compose:1.13.0) with ExtractAarTransform
2026-04-25T03:15:14.4211849Z Stored cache entry for JetifyTransform: /home/runner/.gradle/caches/modules-2/files-2.1/androidx.autofill/autofill/1.0.0/d95a6e3b895ad8f037dd01d88c87138b6d5eb507/autofill-1.0.0.aar with cache key ce89dadb9dc8432a987789a215a31f3c
2026-04-25T03:15:14.4222455Z Transforming autofill-1.0.0.aar (androidx.autofill:autofill:1.0.0) with ExtractAarTransform
2026-04-25T03:15:14.4252979Z Caching disabled for ExtractAarTransform: /home/runner/.gradle/caches/8.11.1/transforms/b08611bab2fd8f8697e5bb6a06723ba2/transformed/jetified-autofill-1.0.0.aar because:
2026-04-25T03:15:14.4271978Z   Caching not enabled.
2026-04-25T03:15:14.4296597Z Caching disabled for ExtractAarTransform: /home/runner/.gradle/caches/8.11.1/transforms/60f69dab7ac44814197acff2aac8a25f/transformed/jetified-activity-compose-1.13.0.aar because:
2026-04-25T03:15:14.4312180Z   Caching not enabled.
2026-04-25T03:15:14.4342295Z Transforming autofill-1.0.0.aar (androidx.autofill:autofill:1.0.0) with AarTransform
2026-04-25T03:15:14.4362708Z Caching disabled for AarTransform: /home/runner/.gradle/caches/8.11.1/transforms/5df67e3eb4b626cdffa8926a04c266c2/transformed/jetified-autofill-1.0.0 because:
2026-04-25T03:15:14.4391966Z   Caching not enabled.
2026-04-25T03:15:14.4402553Z Transforming activity-compose-1.13.0.aar (androidx.activity:activity-compose:1.13.0) with AarTransform
2026-04-25T03:15:14.4429213Z Caching disabled for AarTransform: /home/runner/.gradle/caches/8.11.1/transforms/53dd3c85cf1ee483c56fc5c2dad6254c/transformed/jetified-activity-compose-1.13.0 because:
2026-04-25T03:15:14.4451949Z   Caching not enabled.
2026-04-25T03:15:14.4453158Z Downloading https://dl.google.com/dl/android/maven2/androidx/graphics/graphics-path/1.0.1/graphics-path-1.0.1.aar to /home/runner/.gradle/.tmp/gradle_download6452686762698442459bin
2026-04-25T03:15:14.4512419Z Transforming graphics-path-1.0.1.aar (androidx.graphics:graphics-path:1.0.1) with JetifyTransform
2026-04-25T03:15:14.4514283Z Build cache key for JetifyTransform: /home/runner/.gradle/caches/modules-2/files-2.1/androidx.graphics/graphics-path/1.0.1/7e243033abd313c7202428422a01d48691378e33/graphics-path-1.0.1.aar is a4853188c6f5761a59c9dfc8a8805ee1
2026-04-25T03:15:14.4543188Z Downloading https://dl.google.com/dl/android/maven2/androidx/emoji2/emoji2/1.4.0/emoji2-1.4.0.aar to /home/runner/.gradle/.tmp/gradle_download14713239549474526393bin
2026-04-25T03:15:14.4573204Z Stored cache entry for JetifyTransform: /home/runner/.gradle/caches/modules-2/files-2.1/androidx.graphics/graphics-path/1.0.1/7e243033abd313c7202428422a01d48691378e33/graphics-path-1.0.1.aar with cache key a4853188c6f5761a59c9dfc8a8805ee1
2026-04-25T03:15:14.4602383Z Transforming graphics-path-1.0.1.aar (androidx.graphics:graphics-path:1.0.1) with ExtractAarTransform
2026-04-25T03:15:14.4604053Z Caching disabled for ExtractAarTransform: /home/runner/.gradle/caches/8.11.1/transforms/a16b1e88994c10d478f8f5b28d48a888/transformed/jetified-graphics-path-1.0.1.aar because:
2026-04-25T03:15:14.4632113Z   Caching not enabled.
2026-04-25T03:15:14.5106603Z Transforming emoji2-1.4.0.aar (androidx.emoji2:emoji2:1.4.0) with JetifyTransform
2026-04-25T03:15:14.5129052Z Transforming graphics-path-1.0.1.aar (androidx.graphics:graphics-path:1.0.1) with AarTransform
2026-04-25T03:15:14.5153465Z Build cache key for JetifyTransform: /home/runner/.gradle/caches/modules-2/files-2.1/androidx.emoji2/emoji2/1.4.0/db99b152737e1ef1cca8e2ff24986a1e1dc8561d/emoji2-1.4.0.aar is bc4ad0ad1717dc556be3b50d55cd07c7
2026-04-25T03:15:14.5182831Z Caching disabled for AarTransform: /home/runner/.gradle/caches/8.11.1/transforms/662be86d238395fbab679cf99a3cc778/transformed/jetified-graphics-path-1.0.1 because:
2026-04-25T03:15:14.5192053Z   Caching not enabled.
2026-04-25T03:15:14.5222691Z Downloading https://dl.google.com/dl/android/maven2/androidx/core/core/1.18.0/core-1.18.0.aar to /home/runner/.gradle/.tmp/gradle_download8192573929976996147bin
2026-04-25T03:15:14.5243218Z Stored cache entry for JetifyTransform: /home/runner/.gradle/caches/modules-2/files-2.1/androidx.emoji2/emoji2/1.4.0/db99b152737e1ef1cca8e2ff24986a1e1dc8561d/emoji2-1.4.0.aar with cache key bc4ad0ad1717dc556be3b50d55cd07c7
2026-04-25T03:15:14.5272381Z Transforming emoji2-1.4.0.aar (androidx.emoji2:emoji2:1.4.0) with ExtractAarTransform
2026-04-25T03:15:14.5282899Z Caching disabled for ExtractAarTransform: /home/runner/.gradle/caches/8.11.1/transforms/7beb09eecfd26c6c17c742951a8fe853/transformed/jetified-emoji2-1.4.0.aar because:
2026-04-25T03:15:14.5311992Z   Caching not enabled.
2026-04-25T03:15:14.5332403Z Transforming emoji2-1.4.0.aar (androidx.emoji2:emoji2:1.4.0) with AarTransform
2026-04-25T03:15:14.5349136Z Caching disabled for AarTransform: /home/runner/.gradle/caches/8.11.1/transforms/3abacfca74cef8bd79f4f6b076410e62/transformed/jetified-emoji2-1.4.0 because:
2026-04-25T03:15:14.5372178Z   Caching not enabled.
2026-04-25T03:15:14.6080205Z Transforming core-1.18.0.aar (androidx.core:core:1.18.0) with JetifyTransform
2026-04-25T03:15:14.6102416Z Transforming core-1.18.0.aar (androidx.core:core:1.18.0) with JetifyTransform
2026-04-25T03:15:14.6123002Z Build cache key for JetifyTransform: /home/runner/.gradle/caches/modules-2/files-2.1/androidx.core/core/1.18.0/ff046a9f2725d94c2eaaa82e08674bb761c17792/core-1.18.0.aar is 7eada9cecb950d46a559e7994568b150
2026-04-25T03:15:14.6153060Z Stored cache entry for JetifyTransform: /home/runner/.gradle/caches/modules-2/files-2.1/androidx.core/core/1.18.0/ff046a9f2725d94c2eaaa82e08674bb761c17792/core-1.18.0.aar with cache key 7eada9cecb950d46a559e7994568b150
2026-04-25T03:15:14.6162337Z Transforming core-1.18.0.aar (androidx.core:core:1.18.0) with ExtractAarTransform
2026-04-25T03:15:14.6192332Z Transforming core-1.18.0.aar (androidx.core:core:1.18.0) with ExtractAarTransform
2026-04-25T03:15:14.6213279Z Stored cache entry for JetifyTransform: /home/runner/.gradle/caches/modules-2/files-2.1/androidx.compose.material/material-android/1.6.8/bd98438759a8fa9004372660d5246661fcd94949/material-release.aar with cache key 4cf0816db814d9bc0aba3affc29bbeb9
2026-04-25T03:15:14.6242427Z Transforming material-release.aar (androidx.compose.material:material-android:1.6.8) with ExtractAarTransform
2026-04-25T03:15:14.7079480Z Caching disabled for ExtractAarTransform: /home/runner/.gradle/caches/modules-2/files-2.1/androidx.core/core/1.18.0/ff046a9f2725d94c2eaaa82e08674bb761c17792/core-1.18.0.aar because:
2026-04-25T03:15:14.7112160Z   Caching not enabled.
2026-04-25T03:15:14.8106377Z Caching disabled for ExtractAarTransform: /home/runner/.gradle/caches/8.11.1/transforms/3380e72f0ba397cac782c6eca9aa05da/transformed/jetified-material-release.aar because:
2026-04-25T03:15:14.8132123Z   Caching not enabled.
2026-04-25T03:15:14.8152339Z Transforming core-1.18.0.aar (androidx.core:core:1.18.0) with AarTransform
2026-04-25T03:15:14.8182218Z Transforming core-1.18.0.aar (androidx.core:core:1.18.0) with AarTransform
2026-04-25T03:15:14.8183258Z Transforming material-release.aar (androidx.compose.material:material-android:1.6.8) with AarTransform
2026-04-25T03:15:14.9079541Z Caching disabled for AarTransform: /home/runner/.gradle/caches/8.11.1/transforms/b927945fff1b83fd5b90253cf52886eb/transformed/core-1.18.0 because:
2026-04-25T03:15:14.9091532Z   Caching not enabled.
2026-04-25T03:15:14.9093940Z Downloading https://dl.google.com/dl/android/maven2/androidx/lifecycle/lifecycle-viewmodel-ktx/2.9.4/lifecycle-viewmodel-ktx-2.9.4.aar to /home/runner/.gradle/.tmp/gradle_download12821135028424553599bin
2026-04-25T03:15:14.9096110Z Transforming lifecycle-viewmodel-ktx-2.9.4.aar (androidx.lifecycle:lifecycle-viewmodel-ktx:2.9.4) with JetifyTransform
2026-04-25T03:15:14.9098469Z Build cache key for JetifyTransform: /home/runner/.gradle/caches/modules-2/files-2.1/androidx.lifecycle/lifecycle-viewmodel-ktx/2.9.4/83844a139f46cf3d195148d78f1820ecebf61294/lifecycle-viewmodel-ktx-2.9.4.aar is 348e7cda7820525082bdcb6ee80ace44
2026-04-25T03:15:14.9101452Z Caching disabled for AarTransform: /home/runner/.gradle/caches/8.11.1/transforms/1df681c407b8c6fa7d32611b26aedbfa/transformed/jetified-material-release because:
2026-04-25T03:15:14.9102991Z   Caching not enabled.
2026-04-25T03:15:14.9104821Z Stored cache entry for JetifyTransform: /home/runner/.gradle/caches/modules-2/files-2.1/androidx.lifecycle/lifecycle-viewmodel-ktx/2.9.4/83844a139f46cf3d195148d78f1820ecebf61294/lifecycle-viewmodel-ktx-2.9.4.aar with cache key 348e7cda7820525082bdcb6ee80ace44
2026-04-25T03:15:14.9108649Z Transforming lifecycle-viewmodel-ktx-2.9.4.aar (androidx.lifecycle:lifecycle-viewmodel-ktx:2.9.4) with ExtractAarTransform
2026-04-25T03:15:14.9110673Z Caching disabled for ExtractAarTransform: /home/runner/.gradle/caches/8.11.1/transforms/0a0abaac4818255c93b813e3d34465ed/transformed/jetified-lifecycle-viewmodel-ktx-2.9.4.aar because:
2026-04-25T03:15:14.9112436Z   Caching not enabled.
2026-04-25T03:15:14.9113402Z Transforming lifecycle-viewmodel-ktx-2.9.4.aar (androidx.lifecycle:lifecycle-viewmodel-ktx:2.9.4) with AarTransform
2026-04-25T03:15:14.9115260Z Caching disabled for AarTransform: /home/runner/.gradle/caches/8.11.1/transforms/e5966598a904df0b6971f2fde25eb623/transformed/jetified-lifecycle-viewmodel-ktx-2.9.4 because:
2026-04-25T03:15:14.9116678Z   Caching not enabled.
2026-04-25T03:15:14.9118181Z Downloading https://dl.google.com/dl/android/maven2/androidx/lifecycle/lifecycle-livedata-core/2.9.4/lifecycle-livedata-core-2.9.4.aar to /home/runner/.gradle/.tmp/gradle_download1936081827887061386bin
2026-04-25T03:15:14.9120264Z Transforming lifecycle-livedata-core-2.9.4.aar (androidx.lifecycle:lifecycle-livedata-core:2.9.4) with JetifyTransform
2026-04-25T03:15:14.9122788Z Build cache key for JetifyTransform: /home/runner/.gradle/caches/modules-2/files-2.1/androidx.lifecycle/lifecycle-livedata-core/2.9.4/8ffb4401079c231b0a85014cf2e4df02c804d53b/lifecycle-livedata-core-2.9.4.aar is a8963fbf2e35c980d4d290cb152ed04d
2026-04-25T03:15:14.9125952Z Stored cache entry for JetifyTransform: /home/runner/.gradle/caches/modules-2/files-2.1/androidx.lifecycle/lifecycle-livedata-core/2.9.4/8ffb4401079c231b0a85014cf2e4df02c804d53b/lifecycle-livedata-core-2.9.4.aar with cache key a8963fbf2e35c980d4d290cb152ed04d
2026-04-25T03:15:14.9128406Z Transforming lifecycle-livedata-core-2.9.4.aar (androidx.lifecycle:lifecycle-livedata-core:2.9.4) with ExtractAarTransform
2026-04-25T03:15:14.9130678Z Caching disabled for ExtractAarTransform: /home/runner/.gradle/caches/modules-2/files-2.1/androidx.lifecycle/lifecycle-livedata-core/2.9.4/8ffb4401079c231b0a85014cf2e4df02c804d53b/lifecycle-livedata-core-2.9.4.aar because:
2026-04-25T03:15:14.9133572Z   Caching not enabled.
2026-04-25T03:15:14.9134958Z Downloading https://dl.google.com/dl/android/maven2/androidx/lifecycle/lifecycle-process/2.9.4/lifecycle-process-2.9.4.aar to /home/runner/.gradle/.tmp/gradle_download2640654614614060779bin
2026-04-25T03:15:14.9137989Z Transforming lifecycle-process-2.9.4.aar (androidx.lifecycle:lifecycle-process:2.9.4) with JetifyTransform
2026-04-25T03:15:14.9140129Z Build cache key for JetifyTransform: /home/runner/.gradle/caches/modules-2/files-2.1/androidx.lifecycle/lifecycle-process/2.9.4/6b51ead80ff00bb23d5801f08e67aa6b628e07b5/lifecycle-process-2.9.4.aar is d8c4609214690a3e08d433915f292c3b
2026-04-25T03:15:14.9142822Z Transforming lifecycle-livedata-core-2.9.4.aar (androidx.lifecycle:lifecycle-livedata-core:2.9.4) with AarTransform
2026-04-25T03:15:15.0131421Z Caching disabled for AarTransform: /home/runner/.gradle/caches/8.11.1/transforms/dcb821152cd722531076c60d0c53d0da/transformed/lifecycle-livedata-core-2.9.4 because:
2026-04-25T03:15:15.0132975Z   Caching not enabled.
2026-04-25T03:15:15.0204934Z Stored cache entry for JetifyTransform: /home/runner/.gradle/caches/modules-2/files-2.1/androidx.lifecycle/lifecycle-process/2.9.4/6b51ead80ff00bb23d5801f08e67aa6b628e07b5/lifecycle-process-2.9.4.aar with cache key d8c4609214690a3e08d433915f292c3b
2026-04-25T03:15:15.0233070Z Transforming lifecycle-process-2.9.4.aar (androidx.lifecycle:lifecycle-process:2.9.4) with ExtractAarTransform
2026-04-25T03:15:15.0268196Z Caching disabled for ExtractAarTransform: /home/runner/.gradle/caches/8.11.1/transforms/53b94a5a6c337df0776f585ec1f35b29/transformed/jetified-lifecycle-process-2.9.4.aar because:
2026-04-25T03:15:15.0292184Z   Caching not enabled.
2026-04-25T03:15:15.0312495Z Transforming lifecycle-process-2.9.4.aar (androidx.lifecycle:lifecycle-process:2.9.4) with AarTransform
2026-04-25T03:15:15.0342861Z Caching disabled for AarTransform: /home/runner/.gradle/caches/8.11.1/transforms/55cf9782038afb4eca1c9ad7a53816b0/transformed/jetified-lifecycle-process-2.9.4 because:
2026-04-25T03:15:15.0349203Z   Caching not enabled.
2026-04-25T03:15:15.0373215Z Downloading https://dl.google.com/dl/android/maven2/androidx/lifecycle/lifecycle-viewmodel-android/2.9.4/lifecycle-viewmodel-android-2.9.4.aar to /home/runner/.gradle/.tmp/gradle_download2643191253028373369bin
2026-04-25T03:15:15.0402573Z Transforming lifecycle-viewmodel-release.aar (androidx.lifecycle:lifecycle-viewmodel-android:2.9.4) with JetifyTransform
2026-04-25T03:15:15.0433505Z Build cache key for JetifyTransform: /home/runner/.gradle/caches/modules-2/files-2.1/androidx.lifecycle/lifecycle-viewmodel-android/2.9.4/d7f04dd2b3815ea592642340dabc73352c3786a3/lifecycle-viewmodel-release.aar is eb4fdf2cf0375e506dfe0fa1b123f4fa
2026-04-25T03:15:15.0443218Z Downloading https://dl.google.com/dl/android/maven2/androidx/compose/runtime/runtime-annotation-android/1.9.2/runtime-annotation-android-1.9.2.aar to /home/runner/.gradle/.tmp/gradle_download13892088759460564899bin
2026-04-25T03:15:15.0469088Z Transforming runtime-annotation.aar (androidx.compose.runtime:runtime-annotation-android:1.9.2) with JetifyTransform
2026-04-25T03:15:15.0493166Z Build cache key for JetifyTransform: /home/runner/.gradle/caches/modules-2/files-2.1/androidx.compose.runtime/runtime-annotation-android/1.9.2/9b9ccc782339d82890ba1265dc001aa5fbe613bd/runtime-annotation.aar is 386c260ce6bf0f6204bf22a82d7bbb71
2026-04-25T03:15:15.0495749Z Downloading https://dl.google.com/dl/android/maven2/androidx/lifecycle/lifecycle-runtime-ktx-android/2.9.4/lifecycle-runtime-ktx-android-2.9.4.aar to /home/runner/.gradle/.tmp/gradle_download3806552580373901005bin
2026-04-25T03:15:15.0497733Z Transforming lifecycle-runtime-ktx.aar (androidx.lifecycle:lifecycle-runtime-ktx-android:2.9.4) with JetifyTransform
2026-04-25T03:15:15.0499977Z Build cache key for JetifyTransform: /home/runner/.gradle/caches/modules-2/files-2.1/androidx.lifecycle/lifecycle-runtime-ktx-android/2.9.4/58b7a78b98c61ac487551aa60cd17e1a4d01af96/lifecycle-runtime-ktx.aar is 4c1310084c24e9df57cd6e5255527b04
2026-04-25T03:15:15.0523604Z Stored cache entry for JetifyTransform: /home/runner/.gradle/caches/modules-2/files-2.1/androidx.lifecycle/lifecycle-viewmodel-android/2.9.4/d7f04dd2b3815ea592642340dabc73352c3786a3/lifecycle-viewmodel-release.aar with cache key eb4fdf2cf0375e506dfe0fa1b123f4fa
2026-04-25T03:15:15.0526025Z Transforming lifecycle-viewmodel-release.aar (androidx.lifecycle:lifecycle-viewmodel-android:2.9.4) with ExtractAarTransform
2026-04-25T03:15:15.0528351Z Stored cache entry for JetifyTransform: /home/runner/.gradle/caches/modules-2/files-2.1/androidx.compose.runtime/runtime-annotation-android/1.9.2/9b9ccc782339d82890ba1265dc001aa5fbe613bd/runtime-annotation.aar with cache key 386c260ce6bf0f6204bf22a82d7bbb71
2026-04-25T03:15:15.0531149Z Transforming runtime-annotation.aar (androidx.compose.runtime:runtime-annotation-android:1.9.2) with ExtractAarTransform
2026-04-25T03:15:15.0533140Z Caching disabled for ExtractAarTransform: /home/runner/.gradle/caches/8.11.1/transforms/2fbb55867af2842e222ecea16bbc1052/transformed/jetified-runtime-annotation.aar because:
2026-04-25T03:15:15.0534383Z   Caching not enabled.
2026-04-25T03:15:15.0535604Z Caching disabled for ExtractAarTransform: /home/runner/.gradle/caches/8.11.1/transforms/52f016a50531c7c4a23570e3613954b5/transformed/jetified-lifecycle-viewmodel-release.aar because:
2026-04-25T03:15:15.0536893Z   Caching not enabled.
2026-04-25T03:15:15.0538553Z Stored cache entry for JetifyTransform: /home/runner/.gradle/caches/modules-2/files-2.1/androidx.lifecycle/lifecycle-runtime-ktx-android/2.9.4/58b7a78b98c61ac487551aa60cd17e1a4d01af96/lifecycle-runtime-ktx.aar with cache key 4c1310084c24e9df57cd6e5255527b04
2026-04-25T03:15:15.0562467Z Transforming lifecycle-runtime-ktx.aar (androidx.lifecycle:lifecycle-runtime-ktx-android:2.9.4) with ExtractAarTransform
2026-04-25T03:15:15.0588283Z Caching disabled for ExtractAarTransform: /home/runner/.gradle/caches/8.11.1/transforms/7ccdcc071688379202259ebaa6cce5dc/transformed/jetified-lifecycle-runtime-ktx.aar because:
2026-04-25T03:15:15.0611935Z   Caching not enabled.
2026-04-25T03:15:15.0612742Z Transforming runtime-annotation.aar (androidx.compose.runtime:runtime-annotation-android:1.9.2) with AarTransform
2026-04-25T03:15:15.0614350Z Caching disabled for AarTransform: /home/runner/.gradle/caches/8.11.1/transforms/d0b493c96f80168d73839878faae7e02/transformed/jetified-runtime-annotation because:
2026-04-25T03:15:15.0615482Z   Caching not enabled.
2026-04-25T03:15:15.0616289Z Transforming lifecycle-viewmodel-release.aar (androidx.lifecycle:lifecycle-viewmodel-android:2.9.4) with AarTransform
2026-04-25T03:15:15.0617470Z Transforming lifecycle-runtime-ktx.aar (androidx.lifecycle:lifecycle-runtime-ktx-android:2.9.4) with AarTransform
2026-04-25T03:15:15.0618965Z Caching disabled for AarTransform: /home/runner/.gradle/caches/8.11.1/transforms/4a12e9705d8182394b2895d78dca45b0/transformed/jetified-lifecycle-runtime-ktx because:
2026-04-25T03:15:15.0620174Z   Caching not enabled.
2026-04-25T03:15:15.0621376Z Caching disabled for AarTransform: /home/runner/.gradle/caches/8.11.1/transforms/a64ed8a71f0f7948e723ef829bd51212/transformed/jetified-lifecycle-viewmodel-release because:
2026-04-25T03:15:15.0622764Z   Caching not enabled.
2026-04-25T03:15:15.0624056Z Downloading https://dl.google.com/dl/android/maven2/androidx/savedstate/savedstate-android/1.3.3/savedstate-android-1.3.3.aar to /home/runner/.gradle/.tmp/gradle_download16466061035022785412bin
2026-04-25T03:15:15.0653012Z Downloading https://dl.google.com/dl/android/maven2/androidx/savedstate/savedstate-compose-android/1.3.3/savedstate-compose-android-1.3.3.aar to /home/runner/.gradle/.tmp/gradle_download13535862482922705578bin
2026-04-25T03:15:15.0682845Z Downloading https://dl.google.com/dl/android/maven2/androidx/savedstate/savedstate-ktx/1.3.3/savedstate-ktx-1.3.3.aar to /home/runner/.gradle/.tmp/gradle_download12419626312608400181bin
2026-04-25T03:15:15.0712400Z Transforming savedstate-compose.aar (androidx.savedstate:savedstate-compose-android:1.3.3) with JetifyTransform
2026-04-25T03:15:15.0742324Z Transforming savedstate-ktx-1.3.3.aar (androidx.savedstate:savedstate-ktx:1.3.3) with JetifyTransform
2026-04-25T03:15:15.1082206Z Build cache key for JetifyTransform: /home/runner/.gradle/caches/modules-2/files-2.1/androidx.savedstate/savedstate-compose-android/1.3.3/2b388201837688c2febede52c7b61fe3c58b26e/savedstate-compose.aar is c7c605d609c9464ed85f1ee1c1d9663a
2026-04-25T03:15:15.1093355Z Build cache key for JetifyTransform: /home/runner/.gradle/caches/modules-2/files-2.1/androidx.savedstate/savedstate-ktx/1.3.3/e5e07535c906fe2ed1600bd9e745ad8dfd14176f/savedstate-ktx-1.3.3.aar is 59866d8a3c7db1cd24200e494050facd
2026-04-25T03:15:15.1113962Z Stored cache entry for JetifyTransform: /home/runner/.gradle/caches/modules-2/files-2.1/androidx.savedstate/savedstate-ktx/1.3.3/e5e07535c906fe2ed1600bd9e745ad8dfd14176f/savedstate-ktx-1.3.3.aar with cache key 59866d8a3c7db1cd24200e494050facd
2026-04-25T03:15:15.1122788Z Stored cache entry for JetifyTransform: /home/runner/.gradle/caches/modules-2/files-2.1/androidx.savedstate/savedstate-compose-android/1.3.3/2b388201837688c2febede52c7b61fe3c58b26e/savedstate-compose.aar with cache key c7c605d609c9464ed85f1ee1c1d9663a
2026-04-25T03:15:15.1125203Z Transforming savedstate-compose.aar (androidx.savedstate:savedstate-compose-android:1.3.3) with ExtractAarTransform
2026-04-25T03:15:15.1126769Z Transforming savedstate-ktx-1.3.3.aar (androidx.savedstate:savedstate-ktx:1.3.3) with ExtractAarTransform
2026-04-25T03:15:15.1128193Z Transforming savedstate-release.aar (androidx.savedstate:savedstate-android:1.3.3) with JetifyTransform
2026-04-25T03:15:15.1130022Z Caching disabled for ExtractAarTransform: /home/runner/.gradle/caches/8.11.1/transforms/91e1093627aff7ecf3857af415e03880/transformed/jetified-savedstate-ktx-1.3.3.aar because:
2026-04-25T03:15:15.1131442Z   Caching not enabled.
2026-04-25T03:15:15.1133280Z Build cache key for JetifyTransform: /home/runner/.gradle/caches/modules-2/files-2.1/androidx.savedstate/savedstate-android/1.3.3/33697a4191a0b9e957fe1702afb292783d67eabe/savedstate-release.aar is d7fdb23adef57e006247f48ebb193ba5
2026-04-25T03:15:15.1138673Z Caching disabled for ExtractAarTransform: /home/runner/.gradle/caches/8.11.1/transforms/bf0718a3754a70a7d8945a3c6f358aca/transformed/jetified-savedstate-compose.aar because:
2026-04-25T03:15:15.1140001Z   Caching not enabled.
2026-04-25T03:15:15.1140832Z Transforming savedstate-ktx-1.3.3.aar (androidx.savedstate:savedstate-ktx:1.3.3) with AarTransform
2026-04-25T03:15:15.1142387Z Transforming savedstate-compose.aar (androidx.savedstate:savedstate-compose-android:1.3.3) with AarTransform
2026-04-25T03:15:15.1144210Z Caching disabled for AarTransform: /home/runner/.gradle/caches/8.11.1/transforms/cc83dad95e58bd620bfba7008db487cb/transformed/jetified-savedstate-ktx-1.3.3 because:
2026-04-25T03:15:15.1145548Z   Caching not enabled.
2026-04-25T03:15:15.1146771Z Caching disabled for AarTransform: /home/runner/.gradle/caches/8.11.1/transforms/d5c9e7a4fbd5dcfd5d2f0355c0178367/transformed/jetified-savedstate-compose because:
2026-04-25T03:15:15.1148071Z   Caching not enabled.
2026-04-25T03:15:15.1149806Z Stored cache entry for JetifyTransform: /home/runner/.gradle/caches/modules-2/files-2.1/androidx.savedstate/savedstate-android/1.3.3/33697a4191a0b9e957fe1702afb292783d67eabe/savedstate-release.aar with cache key d7fdb23adef57e006247f48ebb193ba5
2026-04-25T03:15:15.1152216Z Transforming savedstate-release.aar (androidx.savedstate:savedstate-android:1.3.3) with ExtractAarTransform
2026-04-25T03:15:15.1154078Z Caching disabled for ExtractAarTransform: /home/runner/.gradle/caches/8.11.1/transforms/879fc58ba3342a988f57e0189e57f936/transformed/jetified-savedstate-release.aar because:
2026-04-25T03:15:15.1155482Z   Caching not enabled.
2026-04-25T03:15:15.1156343Z Transforming savedstate-release.aar (androidx.savedstate:savedstate-android:1.3.3) with AarTransform
2026-04-25T03:15:15.1158044Z Caching disabled for AarTransform: /home/runner/.gradle/caches/8.11.1/transforms/0c87c26b3896778e2229d65b48e54d08/transformed/jetified-savedstate-release because:
2026-04-25T03:15:15.1159340Z   Caching not enabled.
2026-04-25T03:15:15.1160995Z Downloading https://dl.google.com/dl/android/maven2/androidx/lifecycle/lifecycle-runtime-compose-android/2.9.4/lifecycle-runtime-compose-android-2.9.4.aar to /home/runner/.gradle/.tmp/gradle_download8297906156107371711bin
2026-04-25T03:15:15.2146556Z Downloading https://dl.google.com/dl/android/maven2/androidx/compose/runtime/runtime-saveable-android/1.9.2/runtime-saveable-android-1.9.2.aar to /home/runner/.gradle/.tmp/gradle_download15228648892734040811bin
2026-04-25T03:15:15.2183619Z Stored cache entry for JetifyTransform: /home/runner/.gradle/caches/modules-2/files-2.1/androidx.compose.ui/ui-android/1.9.2/49740960f14e393578508ae838afc2e6aed20250/ui-release.aar with cache key 1d5308f33347d99a3965c4a6c919b320
2026-04-25T03:15:15.2369515Z Transforming ui-release.aar (androidx.compose.ui:ui-android:1.9.2) with ExtractAarTransform
2026-04-25T03:15:15.2488358Z Downloading https://dl.google.com/dl/android/maven2/androidx/compose/runtime/runtime-android/1.9.2/runtime-android-1.9.2.aar to /home/runner/.gradle/.tmp/gradle_download6468527793684662208bin
2026-04-25T03:15:15.2532479Z Transforming lifecycle-runtime-compose-release.aar (androidx.lifecycle:lifecycle-runtime-compose-android:2.9.4) with JetifyTransform
2026-04-25T03:15:15.2563594Z Build cache key for JetifyTransform: /home/runner/.gradle/caches/modules-2/files-2.1/androidx.lifecycle/lifecycle-runtime-compose-android/2.9.4/ca8d7bbd9529da9346e0e6a27462fafcdc324ae/lifecycle-runtime-compose-release.aar is 008bc65076aafdc757b83dae1f985c1d
2026-04-25T03:15:15.3098895Z Transforming runtime-saveable.aar (androidx.compose.runtime:runtime-saveable-android:1.9.2) with JetifyTransform
2026-04-25T03:15:15.3123593Z Build cache key for JetifyTransform: /home/runner/.gradle/caches/modules-2/files-2.1/androidx.compose.runtime/runtime-saveable-android/1.9.2/106782ab3d37aa35fba42400429749ab95372986/runtime-saveable.aar is 2204bfbd0e3ae94b2f8d208f3057a7af
2026-04-25T03:15:15.3152426Z Transforming runtime.aar (androidx.compose.runtime:runtime-android:1.9.2) with JetifyTransform
2026-04-25T03:15:15.3183147Z Build cache key for JetifyTransform: /home/runner/.gradle/caches/modules-2/files-2.1/androidx.compose.runtime/runtime-android/1.9.2/51c96da62ca36e40778f1d0d77a38cc33f63d028/runtime.aar is 91521c4278a7fd7233fde8fed453c973
2026-04-25T03:15:15.5133518Z Caching disabled for ExtractAarTransform: /home/runner/.gradle/caches/8.11.1/transforms/168cac6b72a3627e0c9fe76f3515a9f6/transformed/jetified-ui-release.aar because:
2026-04-25T03:15:15.5192127Z   Caching not enabled.
2026-04-25T03:15:15.5223667Z Stored cache entry for JetifyTransform: /home/runner/.gradle/caches/modules-2/files-2.1/androidx.lifecycle/lifecycle-runtime-compose-android/2.9.4/ca8d7bbd9529da9346e0e6a27462fafcdc324ae/lifecycle-runtime-compose-release.aar with cache key 008bc65076aafdc757b83dae1f985c1d
2026-04-25T03:15:15.5226172Z Transforming lifecycle-runtime-compose-release.aar (androidx.lifecycle:lifecycle-runtime-compose-android:2.9.4) with ExtractAarTransform
2026-04-25T03:15:15.6079530Z Caching disabled for ExtractAarTransform: /home/runner/.gradle/caches/8.11.1/transforms/011a167bd879d706b109aa35f4d74a97/transformed/jetified-lifecycle-runtime-compose-release.aar because:
2026-04-25T03:15:15.6101998Z   Caching not enabled.
2026-04-25T03:15:15.6122486Z Transforming ui-release.aar (androidx.compose.ui:ui-android:1.9.2) with AarTransform
2026-04-25T03:15:15.7085332Z Transforming lifecycle-runtime-compose-release.aar (androidx.lifecycle:lifecycle-runtime-compose-android:2.9.4) with AarTransform
2026-04-25T03:15:15.7103436Z Stored cache entry for JetifyTransform: /home/runner/.gradle/caches/modules-2/files-2.1/androidx.compose.runtime/runtime-saveable-android/1.9.2/106782ab3d37aa35fba42400429749ab95372986/runtime-saveable.aar with cache key 2204bfbd0e3ae94b2f8d208f3057a7af
2026-04-25T03:15:15.7132565Z Transforming runtime-saveable.aar (androidx.compose.runtime:runtime-saveable-android:1.9.2) with ExtractAarTransform
2026-04-25T03:15:15.7163044Z Caching disabled for AarTransform: /home/runner/.gradle/caches/8.11.1/transforms/80255bca652ba087d4065dc2faf39e1a/transformed/jetified-lifecycle-runtime-compose-release because:
2026-04-25T03:15:15.7191963Z   Caching not enabled.
2026-04-25T03:15:15.7223154Z Downloading https://dl.google.com/dl/android/maven2/androidx/lifecycle/lifecycle-runtime-android/2.9.4/lifecycle-runtime-android-2.9.4.aar to /home/runner/.gradle/.tmp/gradle_download510565262116494082bin
2026-04-25T03:15:15.8079409Z Transforming lifecycle-runtime-release.aar (androidx.lifecycle:lifecycle-runtime-android:2.9.4) with JetifyTransform
2026-04-25T03:15:15.8090383Z Build cache key for JetifyTransform: /home/runner/.gradle/caches/modules-2/files-2.1/androidx.lifecycle/lifecycle-runtime-android/2.9.4/fd218d3a91d46511975ef11165ffba7d696c04a/lifecycle-runtime-release.aar is b6301fca3637a90944967d9d6df1b5ec
2026-04-25T03:15:15.8093342Z Caching disabled for ExtractAarTransform: /home/runner/.gradle/caches/8.11.1/transforms/53336594dea59a2359c892e97f73a1c1/transformed/jetified-runtime-saveable.aar because:
2026-04-25T03:15:15.8094737Z   Caching not enabled.
2026-04-25T03:15:15.8096573Z Stored cache entry for JetifyTransform: /home/runner/.gradle/caches/modules-2/files-2.1/androidx.lifecycle/lifecycle-runtime-android/2.9.4/fd218d3a91d46511975ef11165ffba7d696c04a/lifecycle-runtime-release.aar with cache key b6301fca3637a90944967d9d6df1b5ec
2026-04-25T03:15:15.8099006Z Transforming lifecycle-runtime-release.aar (androidx.lifecycle:lifecycle-runtime-android:2.9.4) with ExtractAarTransform
2026-04-25T03:15:15.8100992Z Caching disabled for ExtractAarTransform: /home/runner/.gradle/caches/8.11.1/transforms/c710e89bf571aaab03c924e9cf1f80a4/transformed/jetified-lifecycle-runtime-release.aar because:
2026-04-25T03:15:15.8102655Z   Caching not enabled.
2026-04-25T03:15:15.8103587Z Transforming lifecycle-runtime-release.aar (androidx.lifecycle:lifecycle-runtime-android:2.9.4) with AarTransform
2026-04-25T03:15:15.8105388Z Caching disabled for AarTransform: /home/runner/.gradle/caches/8.11.1/transforms/65b45c9026b2bd4459a92bff687b8cdd/transformed/jetified-lifecycle-runtime-release because:
2026-04-25T03:15:15.8106685Z   Caching not enabled.
2026-04-25T03:15:15.8108303Z Stored cache entry for JetifyTransform: /home/runner/.gradle/caches/modules-2/files-2.1/androidx.compose.runtime/runtime-android/1.9.2/51c96da62ca36e40778f1d0d77a38cc33f63d028/runtime.aar with cache key 91521c4278a7fd7233fde8fed453c973
2026-04-25T03:15:15.8110357Z Transforming runtime.aar (androidx.compose.runtime:runtime-android:1.9.2) with ExtractAarTransform
2026-04-25T03:15:15.8112074Z Caching disabled for AarTransform: /home/runner/.gradle/caches/8.11.1/transforms/f2771391fcc7f80b976540bba9ba7563/transformed/jetified-ui-release because:
2026-04-25T03:15:15.8115675Z   Caching not enabled.
2026-04-25T03:15:15.8117413Z Transforming runtime-saveable.aar (androidx.compose.runtime:runtime-saveable-android:1.9.2) with AarTransform
2026-04-25T03:15:15.8120717Z Downloading https://dl.google.com/dl/android/maven2/androidx/lifecycle/lifecycle-viewmodel-savedstate-android/2.9.4/lifecycle-viewmodel-savedstate-android-2.9.4.aar to /home/runner/.gradle/.tmp/gradle_download2302804573952363314bin
2026-04-25T03:15:15.8123375Z Transforming lifecycle-viewmodel-savedstate-release.aar (androidx.lifecycle:lifecycle-viewmodel-savedstate-android:2.9.4) with JetifyTransform
2026-04-25T03:15:15.8126404Z Build cache key for JetifyTransform: /home/runner/.gradle/caches/modules-2/files-2.1/androidx.lifecycle/lifecycle-viewmodel-savedstate-android/2.9.4/5ec9278f5df344e931a5e57d91f91f181a165055/lifecycle-viewmodel-savedstate-release.aar is 519d2c41a8ff49f87e7ee37e586692c7
2026-04-25T03:15:15.8134525Z Downloading https://dl.google.com/dl/android/maven2/androidx/customview/customview-poolingcontainer/1.0.0/customview-poolingcontainer-1.0.0.aar to /home/runner/.gradle/.tmp/gradle_download8241271164656693076bin
2026-04-25T03:15:15.8137935Z Transforming customview-poolingcontainer-1.0.0.aar (androidx.customview:customview-poolingcontainer:1.0.0) with JetifyTransform
2026-04-25T03:15:15.8140435Z Build cache key for JetifyTransform: /home/runner/.gradle/caches/modules-2/files-2.1/androidx.customview/customview-poolingcontainer/1.0.0/579fc832cf0e5be08d8d9571850b50d22d9de3c/customview-poolingcontainer-1.0.0.aar is df014526fe27e3f3e51022e1e767a65d
2026-04-25T03:15:15.8143208Z Caching disabled for AarTransform: /home/runner/.gradle/caches/8.11.1/transforms/a4d3c1473a3d4a75eb5d1b0908f28da9/transformed/jetified-runtime-saveable because:
2026-04-25T03:15:15.8144735Z   Caching not enabled.
2026-04-25T03:15:15.8146801Z Stored cache entry for JetifyTransform: /home/runner/.gradle/caches/modules-2/files-2.1/androidx.customview/customview-poolingcontainer/1.0.0/579fc832cf0e5be08d8d9571850b50d22d9de3c/customview-poolingcontainer-1.0.0.aar with cache key df014526fe27e3f3e51022e1e767a65d
2026-04-25T03:15:15.8149371Z Transforming customview-poolingcontainer-1.0.0.aar (androidx.customview:customview-poolingcontainer:1.0.0) with ExtractAarTransform
2026-04-25T03:15:15.8151385Z Caching disabled for ExtractAarTransform: /home/runner/.gradle/caches/8.11.1/transforms/363e954eeb57adedb501343b1eaea583/transformed/jetified-customview-poolingcontainer-1.0.0.aar because:
2026-04-25T03:15:15.8152997Z   Caching not enabled.
2026-04-25T03:15:15.9080486Z Stored cache entry for JetifyTransform: /home/runner/.gradle/caches/modules-2/files-2.1/androidx.lifecycle/lifecycle-viewmodel-savedstate-android/2.9.4/5ec9278f5df344e931a5e57d91f91f181a165055/lifecycle-viewmodel-savedstate-release.aar with cache key 519d2c41a8ff49f87e7ee37e586692c7
2026-04-25T03:15:15.9124081Z Transforming lifecycle-viewmodel-savedstate-release.aar (androidx.lifecycle:lifecycle-viewmodel-savedstate-android:2.9.4) with ExtractAarTransform
2026-04-25T03:15:15.9127232Z Transforming customview-poolingcontainer-1.0.0.aar (androidx.customview:customview-poolingcontainer:1.0.0) with AarTransform
2026-04-25T03:15:15.9143590Z Caching disabled for AarTransform: /home/runner/.gradle/caches/8.11.1/transforms/f5f3e112a8bc5346f87af9a240971861/transformed/jetified-customview-poolingcontainer-1.0.0 because:
2026-04-25T03:15:15.9145059Z   Caching not enabled.
2026-04-25T03:15:15.9146536Z Caching disabled for ExtractAarTransform: /home/runner/.gradle/caches/8.11.1/transforms/ed46a769402c76e1a72c0447fb13a24d/transformed/jetified-lifecycle-viewmodel-savedstate-release.aar because:
2026-04-25T03:15:15.9148095Z   Caching not enabled.
2026-04-25T03:15:15.9149268Z Transforming lifecycle-viewmodel-savedstate-release.aar (androidx.lifecycle:lifecycle-viewmodel-savedstate-android:2.9.4) with AarTransform
2026-04-25T03:15:15.9151288Z Downloading https://dl.google.com/dl/android/maven2/androidx/core/core-ktx/1.18.0/core-ktx-1.18.0.aar to /home/runner/.gradle/.tmp/gradle_download8064891722593786852bin
2026-04-25T03:15:15.9161405Z Caching disabled for AarTransform: /home/runner/.gradle/caches/8.11.1/transforms/a71723d6dcbc6be65ef2918cb3811f9c/transformed/jetified-lifecycle-viewmodel-savedstate-release because:
2026-04-25T03:15:15.9189444Z   Caching not enabled.
2026-04-25T03:15:15.9196928Z Transforming core-ktx-1.18.0.aar (androidx.core:core-ktx:1.18.0) with JetifyTransform
2026-04-25T03:15:15.9198800Z Build cache key for JetifyTransform: /home/runner/.gradle/caches/modules-2/files-2.1/androidx.core/core-ktx/1.18.0/d3e73ac068e614ed84893958bded6b0724717f2/core-ktx-1.18.0.aar is 8c7a81c3a75a3676b1e91c6929c11957
2026-04-25T03:15:15.9201174Z Caching disabled for ExtractAarTransform: /home/runner/.gradle/caches/8.11.1/transforms/f00057971956fc18c8ce69fd8c9b6712/transformed/jetified-runtime.aar because:
2026-04-25T03:15:15.9205032Z   Caching not enabled.
2026-04-25T03:15:15.9206359Z Downloading https://dl.google.com/dl/android/maven2/androidx/core/core-viewtree/1.0.0/core-viewtree-1.0.0.aar to /home/runner/.gradle/.tmp/gradle_download4001247051173022895bin
2026-04-25T03:15:15.9208008Z Transforming core-viewtree-1.0.0.aar (androidx.core:core-viewtree:1.0.0) with JetifyTransform
2026-04-25T03:15:15.9209939Z Build cache key for JetifyTransform: /home/runner/.gradle/caches/modules-2/files-2.1/androidx.core/core-viewtree/1.0.0/449ba4f495b4d10d18edd01f32f9328be40d5749/core-viewtree-1.0.0.aar is ae7f7dc3c5b5e5bfee18518a65e75baf
2026-04-25T03:15:15.9213336Z Stored cache entry for JetifyTransform: /home/runner/.gradle/caches/modules-2/files-2.1/androidx.core/core-viewtree/1.0.0/449ba4f495b4d10d18edd01f32f9328be40d5749/core-viewtree-1.0.0.aar with cache key ae7f7dc3c5b5e5bfee18518a65e75baf
2026-04-25T03:15:15.9217298Z Transforming core-viewtree-1.0.0.aar (androidx.core:core-viewtree:1.0.0) with ExtractAarTransform
2026-04-25T03:15:15.9219317Z Caching disabled for ExtractAarTransform: /home/runner/.gradle/caches/8.11.1/transforms/73ea9ae68b7a43d411a1937519cc481a/transformed/jetified-core-viewtree-1.0.0.aar because:
2026-04-25T03:15:15.9220875Z   Caching not enabled.
2026-04-25T03:15:15.9221846Z Transforming core-viewtree-1.0.0.aar (androidx.core:core-viewtree:1.0.0) with AarTransform
2026-04-25T03:15:15.9223412Z Caching disabled for AarTransform: /home/runner/.gradle/caches/8.11.1/transforms/269f2e4e646d8543a7b2c254a4b93a7f/transformed/jetified-core-viewtree-1.0.0 because:
2026-04-25T03:15:15.9224699Z   Caching not enabled.
2026-04-25T03:15:15.9226180Z Downloading https://dl.google.com/dl/android/maven2/androidx/room3/room3-runtime-android/3.0.0-alpha03/room3-runtime-android-3.0.0-alpha03.aar to /home/runner/.gradle/.tmp/gradle_download3611490036950225304bin
2026-04-25T03:15:15.9231104Z Stored cache entry for JetifyTransform: /home/runner/.gradle/caches/modules-2/files-2.1/androidx.core/core-ktx/1.18.0/d3e73ac068e614ed84893958bded6b0724717f2/core-ktx-1.18.0.aar with cache key 8c7a81c3a75a3676b1e91c6929c11957
2026-04-25T03:15:15.9233250Z Transforming core-ktx-1.18.0.aar (androidx.core:core-ktx:1.18.0) with ExtractAarTransform
2026-04-25T03:15:15.9234412Z Transforming runtime.aar (androidx.compose.runtime:runtime-android:1.9.2) with AarTransform
2026-04-25T03:15:15.9238355Z Caching disabled for ExtractAarTransform: /home/runner/.gradle/caches/8.11.1/transforms/a1f59c412310a807fa78e95c2cd2f381/transformed/jetified-core-ktx-1.18.0.aar because:
2026-04-25T03:15:15.9239708Z   Caching not enabled.
2026-04-25T03:15:15.9241172Z Downloading https://dl.google.com/dl/android/maven2/androidx/annotation/annotation-experimental/1.5.0/annotation-experimental-1.5.0.aar to /home/runner/.gradle/.tmp/gradle_download13964082231438287224bin
2026-04-25T03:15:16.0086221Z Transforming annotation-experimental-1.5.0.aar (androidx.annotation:annotation-experimental:1.5.0) with JetifyTransform
2026-04-25T03:15:16.0113487Z Build cache key for JetifyTransform: /home/runner/.gradle/caches/modules-2/files-2.1/androidx.annotation/annotation-experimental/1.5.0/32dbc530366c901bf5638ab2dcea5ba8a009b3d9/annotation-experimental-1.5.0.aar is 17efefe90fcd6c7b4853169705f79d77
2026-04-25T03:15:16.0124273Z Stored cache entry for JetifyTransform: /home/runner/.gradle/caches/modules-2/files-2.1/androidx.annotation/annotation-experimental/1.5.0/32dbc530366c901bf5638ab2dcea5ba8a009b3d9/annotation-experimental-1.5.0.aar with cache key 17efefe90fcd6c7b4853169705f79d77
2026-04-25T03:15:16.0126870Z Transforming annotation-experimental-1.5.0.aar (androidx.annotation:annotation-experimental:1.5.0) with ExtractAarTransform
2026-04-25T03:15:16.0128262Z Transforming core-ktx-1.18.0.aar (androidx.core:core-ktx:1.18.0) with AarTransform
2026-04-25T03:15:16.0143995Z Caching disabled for ExtractAarTransform: /home/runner/.gradle/caches/8.11.1/transforms/f1eabfa6c66ecb5d015b60571e17d0a9/transformed/jetified-annotation-experimental-1.5.0.aar because:
2026-04-25T03:15:16.0145795Z   Caching not enabled.
2026-04-25T03:15:16.0146763Z Transforming room3-runtime.aar (androidx.room3:room3-runtime-android:3.0.0-alpha03) with JetifyTransform
2026-04-25T03:15:16.0148327Z Transforming annotation-experimental-1.5.0.aar (androidx.annotation:annotation-experimental:1.5.0) with AarTransform
2026-04-25T03:15:16.0150183Z Caching disabled for AarTransform: /home/runner/.gradle/caches/8.11.1/transforms/322ae4830614cf31fd29d75d5510d387/transformed/jetified-annotation-experimental-1.5.0 because:
2026-04-25T03:15:16.0151798Z   Caching not enabled.
2026-04-25T03:15:16.0153556Z Build cache key for JetifyTransform: /home/runner/.gradle/caches/modules-2/files-2.1/androidx.room3/room3-runtime-android/3.0.0-alpha03/ef92d0d406a7a38be7ff923cc8cdc39d1afa403c/room3-runtime.aar is 353b192392a23bc57eea3819408eac22
2026-04-25T03:15:16.0156187Z Caching disabled for AarTransform: /home/runner/.gradle/caches/8.11.1/transforms/bc2ce13905b20cb4f5958c45d1c9d573/transformed/jetified-core-ktx-1.18.0 because:
2026-04-25T03:15:16.0157741Z   Caching not enabled.
2026-04-25T03:15:16.0159282Z Downloading https://dl.google.com/dl/android/maven2/androidx/profileinstaller/profileinstaller/1.4.0/profileinstaller-1.4.0.aar to /home/runner/.gradle/.tmp/gradle_download3484551028003524995bin
2026-04-25T03:15:16.0161704Z Transforming profileinstaller-1.4.0.aar (androidx.profileinstaller:profileinstaller:1.4.0) with JetifyTransform
2026-04-25T03:15:16.0163572Z Downloading https://dl.google.com/dl/android/maven2/androidx/startup/startup-runtime/1.1.1/startup-runtime-1.1.1.aar to /home/runner/.gradle/.tmp/gradle_download12021731276759555722bin
2026-04-25T03:15:16.0165415Z Transforming startup-runtime-1.1.1.aar (androidx.startup:startup-runtime:1.1.1) with JetifyTransform
2026-04-25T03:15:16.0167641Z Build cache key for JetifyTransform: /home/runner/.gradle/caches/modules-2/files-2.1/androidx.profileinstaller/profileinstaller/1.4.0/6b6262e9ca50d1f75a496f3b64ebeb092a9d42eb/profileinstaller-1.4.0.aar is 7780f491e0a103da788ecbad687184df
2026-04-25T03:15:16.0170607Z Build cache key for JetifyTransform: /home/runner/.gradle/caches/modules-2/files-2.1/androidx.startup/startup-runtime/1.1.1/9d4ba67056aff98b69eadc1477c19a1e67cb9470/startup-runtime-1.1.1.aar is a6a4d4315f8cc2c87b5b40f1b8cc0c5c
2026-04-25T03:15:16.0174145Z Caching disabled for AarTransform: /home/runner/.gradle/caches/8.11.1/transforms/a0cbf74fe970c04208d9e439d908ddbc/transformed/jetified-runtime because:
2026-04-25T03:15:16.0175431Z   Caching not enabled.
2026-04-25T03:15:16.0177077Z Stored cache entry for JetifyTransform: /home/runner/.gradle/caches/modules-2/files-2.1/androidx.startup/startup-runtime/1.1.1/9d4ba67056aff98b69eadc1477c19a1e67cb9470/startup-runtime-1.1.1.aar with cache key a6a4d4315f8cc2c87b5b40f1b8cc0c5c
2026-04-25T03:15:16.0179321Z Transforming startup-runtime-1.1.1.aar (androidx.startup:startup-runtime:1.1.1) with ExtractAarTransform
2026-04-25T03:15:16.0181153Z Caching disabled for ExtractAarTransform: /home/runner/.gradle/caches/8.11.1/transforms/f8f46950ec1bdf2cf672a626c5291841/transformed/jetified-startup-runtime-1.1.1.aar because:
2026-04-25T03:15:16.0182857Z   Caching not enabled.
2026-04-25T03:15:16.0184627Z Stored cache entry for JetifyTransform: /home/runner/.gradle/caches/modules-2/files-2.1/androidx.profileinstaller/profileinstaller/1.4.0/6b6262e9ca50d1f75a496f3b64ebeb092a9d42eb/profileinstaller-1.4.0.aar with cache key 7780f491e0a103da788ecbad687184df
2026-04-25T03:15:16.0187079Z Transforming profileinstaller-1.4.0.aar (androidx.profileinstaller:profileinstaller:1.4.0) with ExtractAarTransform
2026-04-25T03:15:16.0188490Z Transforming startup-runtime-1.1.1.aar (androidx.startup:startup-runtime:1.1.1) with AarTransform
2026-04-25T03:15:16.0190277Z Caching disabled for ExtractAarTransform: /home/runner/.gradle/caches/8.11.1/transforms/12d08eb3cacf25046840341250867103/transformed/jetified-profileinstaller-1.4.0.aar because:
2026-04-25T03:15:16.0191875Z   Caching not enabled.
2026-04-25T03:15:16.0193147Z Caching disabled for AarTransform: /home/runner/.gradle/caches/8.11.1/transforms/b28d6fd91b6acc053f31c2d921c622fc/transformed/jetified-startup-runtime-1.1.1 because:
2026-04-25T03:15:16.0194481Z   Caching not enabled.
2026-04-25T03:15:16.0195727Z Downloading https://dl.google.com/dl/android/maven2/androidx/tracing/tracing/1.2.0/tracing-1.2.0.aar to /home/runner/.gradle/.tmp/gradle_download4510569671675356726bin
2026-04-25T03:15:16.0197259Z Transforming tracing-1.2.0.aar (androidx.tracing:tracing:1.2.0) with JetifyTransform
2026-04-25T03:15:16.0198535Z Transforming profileinstaller-1.4.0.aar (androidx.profileinstaller:profileinstaller:1.4.0) with AarTransform
2026-04-25T03:15:16.0200597Z Build cache key for JetifyTransform: /home/runner/.gradle/caches/modules-2/files-2.1/androidx.tracing/tracing/1.2.0/a6ac2cc501278fdc99c56b428548e0cd1e9300f7/tracing-1.2.0.aar is 2d5c8d2f635fd8b67457fd9bf58b40cc
2026-04-25T03:15:16.0202983Z Caching disabled for AarTransform: /home/runner/.gradle/caches/8.11.1/transforms/f183e16ca5302cbdac9b4ad366abf41f/transformed/jetified-profileinstaller-1.4.0 because:
2026-04-25T03:15:16.0204460Z   Caching not enabled.
2026-04-25T03:15:16.0206131Z Stored cache entry for JetifyTransform: /home/runner/.gradle/caches/modules-2/files-2.1/androidx.tracing/tracing/1.2.0/a6ac2cc501278fdc99c56b428548e0cd1e9300f7/tracing-1.2.0.aar with cache key 2d5c8d2f635fd8b67457fd9bf58b40cc
2026-04-25T03:15:16.0208077Z Transforming tracing-1.2.0.aar (androidx.tracing:tracing:1.2.0) with ExtractAarTransform
2026-04-25T03:15:16.0209691Z Caching disabled for ExtractAarTransform: /home/runner/.gradle/caches/8.11.1/transforms/24093c78166b24c99f66ad0e5728efc7/transformed/jetified-tracing-1.2.0.aar because:
2026-04-25T03:15:16.0211059Z   Caching not enabled.
2026-04-25T03:15:16.1079082Z Transforming tracing-1.2.0.aar (androidx.tracing:tracing:1.2.0) with AarTransform
2026-04-25T03:15:16.1083876Z Caching disabled for AarTransform: /home/runner/.gradle/caches/8.11.1/transforms/ae121b1900a7c948b2862f422c9c5a93/transformed/jetified-tracing-1.2.0 because:
2026-04-25T03:15:16.1085279Z   Caching not enabled.
2026-04-25T03:15:16.1087112Z Stored cache entry for JetifyTransform: /home/runner/.gradle/caches/modules-2/files-2.1/androidx.room3/room3-runtime-android/3.0.0-alpha03/ef92d0d406a7a38be7ff923cc8cdc39d1afa403c/room3-runtime.aar with cache key 353b192392a23bc57eea3819408eac22
2026-04-25T03:15:16.1089443Z Transforming room3-runtime.aar (androidx.room3:room3-runtime-android:3.0.0-alpha03) with ExtractAarTransform
2026-04-25T03:15:16.1091347Z Downloading https://dl.google.com/dl/android/maven2/androidx/interpolator/interpolator/1.0.0/interpolator-1.0.0.aar to /home/runner/.gradle/.tmp/gradle_download501885815369563878bin
2026-04-25T03:15:16.1093333Z Transforming interpolator-1.0.0.aar (androidx.interpolator:interpolator:1.0.0) with JetifyTransform
2026-04-25T03:15:16.1095472Z Build cache key for JetifyTransform: /home/runner/.gradle/caches/modules-2/files-2.1/androidx.interpolator/interpolator/1.0.0/8a01fa254a23b9388571eb6334b03707c7d122d7/interpolator-1.0.0.aar is b565a5c8dd94f61ecb6b2e9090b9bf12
2026-04-25T03:15:16.1098455Z Stored cache entry for JetifyTransform: /home/runner/.gradle/caches/modules-2/files-2.1/androidx.interpolator/interpolator/1.0.0/8a01fa254a23b9388571eb6334b03707c7d122d7/interpolator-1.0.0.aar with cache key b565a5c8dd94f61ecb6b2e9090b9bf12
2026-04-25T03:15:16.1100635Z Transforming interpolator-1.0.0.aar (androidx.interpolator:interpolator:1.0.0) with ExtractAarTransform
2026-04-25T03:15:16.1102774Z Caching disabled for ExtractAarTransform: /home/runner/.gradle/caches/modules-2/files-2.1/androidx.interpolator/interpolator/1.0.0/8a01fa254a23b9388571eb6334b03707c7d122d7/interpolator-1.0.0.aar because:
2026-04-25T03:15:16.1104428Z   Caching not enabled.
2026-04-25T03:15:16.1105257Z Transforming interpolator-1.0.0.aar (androidx.interpolator:interpolator:1.0.0) with AarTransform
2026-04-25T03:15:16.1106891Z Caching disabled for AarTransform: /home/runner/.gradle/caches/8.11.1/transforms/05d0b6d4d2e67536598763bde6059c13/transformed/interpolator-1.0.0 because:
2026-04-25T03:15:16.1108147Z   Caching not enabled.
2026-04-25T03:15:16.1109477Z Downloading https://dl.google.com/dl/android/maven2/androidx/arch/core/core-runtime/2.2.0/core-runtime-2.2.0.aar to /home/runner/.gradle/.tmp/gradle_download6282353066323107694bin
2026-04-25T03:15:16.1112113Z Downloading https://dl.google.com/dl/android/maven2/androidx/versionedparcelable/versionedparcelable/1.1.1/versionedparcelable-1.1.1.aar to /home/runner/.gradle/.tmp/gradle_download12662639762783463760bin
2026-04-25T03:15:16.1114066Z Transforming core-runtime-2.2.0.aar (androidx.arch.core:core-runtime:2.2.0) with JetifyTransform
2026-04-25T03:15:16.1115820Z Caching disabled for ExtractAarTransform: /home/runner/.gradle/caches/8.11.1/transforms/c20b29de7efa83819c6c780f65229629/transformed/jetified-room3-runtime.aar because:
2026-04-25T03:15:16.1117183Z   Caching not enabled.
2026-04-25T03:15:16.1118233Z Transforming versionedparcelable-1.1.1.aar (androidx.versionedparcelable:versionedparcelable:1.1.1) with JetifyTransform
2026-04-25T03:15:16.1120971Z Build cache key for JetifyTransform: /home/runner/.gradle/caches/modules-2/files-2.1/androidx.versionedparcelable/versionedparcelable/1.1.1/18e18071e7715679e0593c570217edeb5ca48b9e/versionedparcelable-1.1.1.aar is 665bc588b39ed9eae00146111f864c03
2026-04-25T03:15:16.1124337Z Build cache key for JetifyTransform: /home/runner/.gradle/caches/modules-2/files-2.1/androidx.arch.core/core-runtime/2.2.0/39705982680d78556b679ef9d5400d4f17509b0b/core-runtime-2.2.0.aar is 06ae98d7b7c21e984f406cc1877ce7b3
2026-04-25T03:15:16.1127386Z Stored cache entry for JetifyTransform: /home/runner/.gradle/caches/modules-2/files-2.1/androidx.versionedparcelable/versionedparcelable/1.1.1/18e18071e7715679e0593c570217edeb5ca48b9e/versionedparcelable-1.1.1.aar with cache key 665bc588b39ed9eae00146111f864c03
2026-04-25T03:15:16.1129965Z Transforming versionedparcelable-1.1.1.aar (androidx.versionedparcelable:versionedparcelable:1.1.1) with ExtractAarTransform
2026-04-25T03:15:16.1132423Z Stored cache entry for JetifyTransform: /home/runner/.gradle/caches/modules-2/files-2.1/androidx.arch.core/core-runtime/2.2.0/39705982680d78556b679ef9d5400d4f17509b0b/core-runtime-2.2.0.aar with cache key 06ae98d7b7c21e984f406cc1877ce7b3
2026-04-25T03:15:16.1134546Z Transforming core-runtime-2.2.0.aar (androidx.arch.core:core-runtime:2.2.0) with ExtractAarTransform
2026-04-25T03:15:16.1136704Z Caching disabled for ExtractAarTransform: /home/runner/.gradle/caches/modules-2/files-2.1/androidx.versionedparcelable/versionedparcelable/1.1.1/18e18071e7715679e0593c570217edeb5ca48b9e/versionedparcelable-1.1.1.aar because:
2026-04-25T03:15:16.1138458Z   Caching not enabled.
2026-04-25T03:15:16.1141051Z Caching disabled for ExtractAarTransform: /home/runner/.gradle/caches/modules-2/files-2.1/androidx.arch.core/core-runtime/2.2.0/39705982680d78556b679ef9d5400d4f17509b0b/core-runtime-2.2.0.aar because:
2026-04-25T03:15:16.1143583Z   Caching not enabled.
2026-04-25T03:15:16.1144586Z Transforming versionedparcelable-1.1.1.aar (androidx.versionedparcelable:versionedparcelable:1.1.1) with AarTransform
2026-04-25T03:15:16.1158359Z Transforming core-runtime-2.2.0.aar (androidx.arch.core:core-runtime:2.2.0) with AarTransform
2026-04-25T03:15:16.1159690Z Transforming room3-runtime.aar (androidx.room3:room3-runtime-android:3.0.0-alpha03) with AarTransform
2026-04-25T03:15:16.1161372Z Caching disabled for AarTransform: /home/runner/.gradle/caches/8.11.1/transforms/c3bd2d9e6c8cd1fbb7860453d0102ec6/transformed/core-runtime-2.2.0 because:
2026-04-25T03:15:16.1162866Z   Caching not enabled.
2026-04-25T03:15:16.1164096Z Caching disabled for AarTransform: /home/runner/.gradle/caches/8.11.1/transforms/93dc7ef43c96d012f7f54d4eefcc3a71/transformed/versionedparcelable-1.1.1 because:
2026-04-25T03:15:16.1165406Z   Caching not enabled.
2026-04-25T03:15:16.1166601Z Caching disabled for AarTransform: /home/runner/.gradle/caches/8.11.1/transforms/e8dc695c4c5bdd0cf72b059e2d23cf12/transformed/jetified-room3-runtime because:
2026-04-25T03:15:16.1167907Z   Caching not enabled.
2026-04-25T03:15:16.1169513Z Downloading https://dl.google.com/dl/android/maven2/androidx/sqlite/sqlite-framework-android/2.7.0-alpha03/sqlite-framework-android-2.7.0-alpha03.aar to /home/runner/.gradle/.tmp/gradle_download9540778201098581172bin
2026-04-25T03:15:16.2079796Z Transforming sqlite-framework.aar (androidx.sqlite:sqlite-framework-android:2.7.0-alpha03) with JetifyTransform
2026-04-25T03:15:16.2084603Z Build cache key for JetifyTransform: /home/runner/.gradle/caches/modules-2/files-2.1/androidx.sqlite/sqlite-framework-android/2.7.0-alpha03/ae80c10b09dc388e1e92d63d79a2f9f006d072f7/sqlite-framework.aar is 33ea2010a30778cebcc67cd54b44d87f
2026-04-25T03:15:16.2087563Z Downloading https://dl.google.com/dl/android/maven2/androidx/sqlite/sqlite-async-android/2.7.0-alpha03/sqlite-async-android-2.7.0-alpha03.aar to /home/runner/.gradle/.tmp/gradle_download15188038119100709879bin
2026-04-25T03:15:16.2089561Z Transforming sqlite-async.aar (androidx.sqlite:sqlite-async-android:2.7.0-alpha03) with JetifyTransform
2026-04-25T03:15:16.2092326Z Build cache key for JetifyTransform: /home/runner/.gradle/caches/modules-2/files-2.1/androidx.sqlite/sqlite-async-android/2.7.0-alpha03/bdd18a5ba7732314518fc02fa42b768b15508b83/sqlite-async.aar is 1870dace33d2bf7d57372bd20f46a550
2026-04-25T03:15:16.2095262Z Downloading https://dl.google.com/dl/android/maven2/androidx/sqlite/sqlite-android/2.7.0-alpha03/sqlite-android-2.7.0-alpha03.aar to /home/runner/.gradle/.tmp/gradle_download12711860546138020154bin
2026-04-25T03:15:16.2098050Z Stored cache entry for JetifyTransform: /home/runner/.gradle/caches/modules-2/files-2.1/androidx.sqlite/sqlite-async-android/2.7.0-alpha03/bdd18a5ba7732314518fc02fa42b768b15508b83/sqlite-async.aar with cache key 1870dace33d2bf7d57372bd20f46a550
2026-04-25T03:15:16.2101203Z Stored cache entry for JetifyTransform: /home/runner/.gradle/caches/modules-2/files-2.1/androidx.sqlite/sqlite-framework-android/2.7.0-alpha03/ae80c10b09dc388e1e92d63d79a2f9f006d072f7/sqlite-framework.aar with cache key 33ea2010a30778cebcc67cd54b44d87f
2026-04-25T03:15:16.2103781Z Transforming sqlite-async.aar (androidx.sqlite:sqlite-async-android:2.7.0-alpha03) with ExtractAarTransform
2026-04-25T03:15:16.2105242Z Transforming sqlite-framework.aar (androidx.sqlite:sqlite-framework-android:2.7.0-alpha03) with ExtractAarTransform
2026-04-25T03:15:16.2107089Z Caching disabled for ExtractAarTransform: /home/runner/.gradle/caches/8.11.1/transforms/0264757ea534d894ac1a73a70f155db0/transformed/jetified-sqlite-async.aar because:
2026-04-25T03:15:16.2108453Z   Caching not enabled.
2026-04-25T03:15:16.2109811Z Caching disabled for ExtractAarTransform: /home/runner/.gradle/caches/8.11.1/transforms/9cd59eb2c41f58fd4e44cb98c03351ff/transformed/jetified-sqlite-framework.aar because:
2026-04-25T03:15:16.2111251Z   Caching not enabled.
2026-04-25T03:15:16.2112246Z Transforming sqlite-async.aar (androidx.sqlite:sqlite-async-android:2.7.0-alpha03) with AarTransform
2026-04-25T03:15:16.2113887Z Caching disabled for AarTransform: /home/runner/.gradle/caches/8.11.1/transforms/a3448bc9557eef07cb20e2e3acd94a98/transformed/jetified-sqlite-async because:
2026-04-25T03:15:16.2115178Z   Caching not enabled.
2026-04-25T03:15:16.2116078Z Transforming sqlite-framework.aar (androidx.sqlite:sqlite-framework-android:2.7.0-alpha03) with AarTransform
2026-04-25T03:15:16.2117786Z Caching disabled for AarTransform: /home/runner/.gradle/caches/8.11.1/transforms/604fc49abdfe089f289a91472a0596e5/transformed/jetified-sqlite-framework because:
2026-04-25T03:15:16.2119070Z   Caching not enabled.
2026-04-25T03:15:16.2119834Z Transforming sqlite.aar (androidx.sqlite:sqlite-android:2.7.0-alpha03) with JetifyTransform
2026-04-25T03:15:16.2121988Z Build cache key for JetifyTransform: /home/runner/.gradle/caches/modules-2/files-2.1/androidx.sqlite/sqlite-android/2.7.0-alpha03/45ebbbc27a60cedf6c3008c3fd88076580a8e791/sqlite.aar is 978675e99a321099928c4144f87d3502
2026-04-25T03:15:16.2124790Z Stored cache entry for JetifyTransform: /home/runner/.gradle/caches/modules-2/files-2.1/androidx.sqlite/sqlite-android/2.7.0-alpha03/45ebbbc27a60cedf6c3008c3fd88076580a8e791/sqlite.aar with cache key 978675e99a321099928c4144f87d3502
2026-04-25T03:15:16.2126913Z Transforming sqlite.aar (androidx.sqlite:sqlite-android:2.7.0-alpha03) with ExtractAarTransform
2026-04-25T03:15:16.2128588Z Caching disabled for ExtractAarTransform: /home/runner/.gradle/caches/8.11.1/transforms/82dbdc1c085b8b12b10e0ebd7a2b32d7/transformed/jetified-sqlite.aar because:
2026-04-25T03:15:16.2129786Z   Caching not enabled.
2026-04-25T03:15:16.2130494Z Transforming sqlite.aar (androidx.sqlite:sqlite-android:2.7.0-alpha03) with AarTransform
2026-04-25T03:15:16.2132196Z Caching disabled for AarTransform: /home/runner/.gradle/caches/8.11.1/transforms/0d88d4ca6e3f9c9ab59ee57b9789223f/transformed/jetified-sqlite because:
2026-04-25T03:15:16.2133449Z   Caching not enabled.
2026-04-25T03:15:16.2134070Z Caching disabled for task ':app:checkDebugAarMetadata' because:
2026-04-25T03:15:16.2134805Z   Caching has been disabled for the task
2026-04-25T03:15:16.2135750Z Task ':app:checkDebugAarMetadata' is not up-to-date because:
2026-04-25T03:15:16.2136422Z   No history is available.
2026-04-25T03:15:16.3081084Z 
2026-04-25T03:15:16.3102905Z Resolve mutations for :app:generateDebugResValues (Thread[Execution worker,5,main]) started.
2026-04-25T03:15:16.3104410Z :app:generateDebugResValues (Thread[Execution worker,5,main]) started.
2026-04-25T03:15:16.3107325Z 
2026-04-25T03:15:16.3109259Z > Task :app:generateDebugResValues
2026-04-25T03:15:16.3110172Z Build cache key for task ':app:generateDebugResValues' is db63bd6d6ea40afc53c892a66a7c4910
2026-04-25T03:15:16.3111179Z Task ':app:generateDebugResValues' is not up-to-date because:
2026-04-25T03:15:16.3112164Z   No history is available.
2026-04-25T03:15:16.3113049Z Stored cache entry for task ':app:generateDebugResValues' with cache key db63bd6d6ea40afc53c892a66a7c4910
2026-04-25T03:15:16.3114327Z Resolve mutations for :app:mapDebugSourceSetPaths (Thread[Execution worker,5,main]) started.
2026-04-25T03:15:16.3115461Z :app:mapDebugSourceSetPaths (Thread[Execution worker,5,main]) started.
2026-04-25T03:15:16.4078848Z 
2026-04-25T03:15:16.4081001Z > Task :app:mapDebugSourceSetPaths
2026-04-25T03:15:16.4082359Z Transforming navigationevent.aar (androidx.navigationevent:navigationevent-android:1.0.0) with JetifyTransform
2026-04-25T03:15:16.4083856Z Transforming navigationevent.aar (androidx.navigationevent:navigationevent-android:1.0.0) with ExtractAarTransform
2026-04-25T03:15:16.4085334Z Transforming navigationevent.aar (androidx.navigationevent:navigationevent-android:1.0.0) with AarTransform
2026-04-25T03:15:16.4086894Z Transforming navigationevent-compose.aar (androidx.navigationevent:navigationevent-compose-android:1.0.0) with JetifyTransform
2026-04-25T03:15:16.4088581Z Transforming navigationevent-compose.aar (androidx.navigationevent:navigationevent-compose-android:1.0.0) with ExtractAarTransform
2026-04-25T03:15:16.4090280Z Transforming navigationevent-compose.aar (androidx.navigationevent:navigationevent-compose-android:1.0.0) with AarTransform
2026-04-25T03:15:16.4091910Z Transforming material3-release.aar (androidx.compose.material3:material3-android:1.2.1) with JetifyTransform
2026-04-25T03:15:16.4092978Z Transforming material3-release.aar (androidx.compose.material3:material3-android:1.2.1) with ExtractAarTransform
2026-04-25T03:15:16.4093842Z Transforming material3-release.aar (androidx.compose.material3:material3-android:1.2.1) with AarTransform
2026-04-25T03:15:16.4094665Z Transforming ui-tooling-data.aar (androidx.compose.ui:ui-tooling-data-android:1.9.2) with JetifyTransform
2026-04-25T03:15:16.4095490Z Transforming ui-tooling-data.aar (androidx.compose.ui:ui-tooling-data-android:1.9.2) with ExtractAarTransform
2026-04-25T03:15:16.4096294Z Transforming ui-tooling-data.aar (androidx.compose.ui:ui-tooling-data-android:1.9.2) with AarTransform
2026-04-25T03:15:16.4097146Z Transforming foundation-layout.aar (androidx.compose.foundation:foundation-layout-android:1.9.2) with JetifyTransform
2026-04-25T03:15:16.4098090Z Transforming foundation-layout.aar (androidx.compose.foundation:foundation-layout-android:1.9.2) with ExtractAarTransform
2026-04-25T03:15:16.4098995Z Transforming foundation-layout.aar (androidx.compose.foundation:foundation-layout-android:1.9.2) with AarTransform
2026-04-25T03:15:16.4099875Z Transforming foundation-release.aar (androidx.compose.foundation:foundation-android:1.9.2) with JetifyTransform
2026-04-25T03:15:16.4100744Z Transforming foundation-release.aar (androidx.compose.foundation:foundation-android:1.9.2) with ExtractAarTransform
2026-04-25T03:15:16.4101856Z Transforming foundation-release.aar (androidx.compose.foundation:foundation-android:1.9.2) with AarTransform
2026-04-25T03:15:16.4114104Z Transforming animation.aar (androidx.compose.animation:animation-android:1.9.2) with JetifyTransform
2026-04-25T03:15:16.4115184Z Transforming animation.aar (androidx.compose.animation:animation-android:1.9.2) with ExtractAarTransform
2026-04-25T03:15:16.4116680Z Transforming animation.aar (androidx.compose.animation:animation-android:1.9.2) with AarTransform
2026-04-25T03:15:16.4117887Z Transforming animation-core.aar (androidx.compose.animation:animation-core-android:1.9.2) with JetifyTransform
2026-04-25T03:15:16.4119353Z Transforming animation-core.aar (androidx.compose.animation:animation-core-android:1.9.2) with ExtractAarTransform
2026-04-25T03:15:16.4120566Z Transforming animation-core.aar (androidx.compose.animation:animation-core-android:1.9.2) with AarTransform
2026-04-25T03:15:16.4121860Z Transforming ui-unit.aar (androidx.compose.ui:ui-unit-android:1.9.2) with JetifyTransform
2026-04-25T03:15:16.4122787Z Transforming ui-unit.aar (androidx.compose.ui:ui-unit-android:1.9.2) with ExtractAarTransform
2026-04-25T03:15:16.4123712Z Transforming ui-unit.aar (androidx.compose.ui:ui-unit-android:1.9.2) with AarTransform
2026-04-25T03:15:16.4124686Z Transforming ui-geometry.aar (androidx.compose.ui:ui-geometry-android:1.9.2) with JetifyTransform
2026-04-25T03:15:16.4125745Z Transforming ui-geometry.aar (androidx.compose.ui:ui-geometry-android:1.9.2) with ExtractAarTransform
2026-04-25T03:15:16.4126757Z Transforming ui-geometry.aar (androidx.compose.ui:ui-geometry-android:1.9.2) with AarTransform
2026-04-25T03:15:16.4127921Z Transforming ui-tooling-preview.aar (androidx.compose.ui:ui-tooling-preview-android:1.9.2) with JetifyTransform
2026-04-25T03:15:16.4129130Z Transforming ui-tooling-preview.aar (androidx.compose.ui:ui-tooling-preview-android:1.9.2) with ExtractAarTransform
2026-04-25T03:15:16.4130318Z Transforming ui-tooling-preview.aar (androidx.compose.ui:ui-tooling-preview-android:1.9.2) with AarTransform
2026-04-25T03:15:16.4131342Z Transforming ui-util.aar (androidx.compose.ui:ui-util-android:1.9.2) with JetifyTransform
2026-04-25T03:15:16.4132512Z Transforming ui-util.aar (androidx.compose.ui:ui-util-android:1.9.2) with ExtractAarTransform
2026-04-25T03:15:16.4133427Z Transforming ui-util.aar (androidx.compose.ui:ui-util-android:1.9.2) with AarTransform
2026-04-25T03:15:16.4134361Z Transforming ui-text.aar (androidx.compose.ui:ui-text-android:1.9.2) with JetifyTransform
2026-04-25T03:15:16.4135281Z Transforming ui-text.aar (androidx.compose.ui:ui-text-android:1.9.2) with ExtractAarTransform
2026-04-25T03:15:16.4136219Z Transforming ui-text.aar (androidx.compose.ui:ui-text-android:1.9.2) with AarTransform
2026-04-25T03:15:16.4137232Z Transforming ui-graphics-release.aar (androidx.compose.ui:ui-graphics-android:1.9.2) with JetifyTransform
2026-04-25T03:15:16.4138342Z Transforming ui-graphics-release.aar (androidx.compose.ui:ui-graphics-android:1.9.2) with ExtractAarTransform
2026-04-25T03:15:16.4139495Z Transforming ui-graphics-release.aar (androidx.compose.ui:ui-graphics-android:1.9.2) with AarTransform
2026-04-25T03:15:16.4140528Z Transforming ui-tooling.aar (androidx.compose.ui:ui-tooling-android:1.9.2) with JetifyTransform
2026-04-25T03:15:16.4141883Z Transforming ui-tooling.aar (androidx.compose.ui:ui-tooling-android:1.9.2) with ExtractAarTransform
2026-04-25T03:15:16.4143632Z Caching disabled for AarTransform: /home/runner/.gradle/caches/8.11.1/transforms/cb6f1b90199c63645d75112bc87b7505/transformed/jetified-navigationevent because:
2026-04-25T03:15:16.4144736Z   Caching not enabled.
2026-04-25T03:15:16.4145377Z Transforming ui-tooling.aar (androidx.compose.ui:ui-tooling-android:1.9.2) with AarTransform
2026-04-25T03:15:16.4146409Z Transforming material-release.aar (androidx.compose.material:material-android:1.6.8) with JetifyTransform
2026-04-25T03:15:16.4147947Z Caching disabled for AarTransform: /home/runner/.gradle/caches/8.11.1/transforms/582a976f3ede713cacde1265effd907c/transformed/jetified-navigationevent-compose because:
2026-04-25T03:15:16.4149095Z   Caching not enabled.
2026-04-25T03:15:16.4149803Z Transforming material-release.aar (androidx.compose.material:material-android:1.6.8) with ExtractAarTransform
2026-04-25T03:15:16.4150959Z Transforming material-release.aar (androidx.compose.material:material-android:1.6.8) with AarTransform
2026-04-25T03:15:16.4152705Z Transforming material-ripple-release.aar (androidx.compose.material:material-ripple-android:1.6.8) with JetifyTransform
2026-04-25T03:15:16.4154094Z Transforming material-ripple-release.aar (androidx.compose.material:material-ripple-android:1.6.8) with ExtractAarTransform
2026-04-25T03:15:16.4155721Z Transforming material-ripple-release.aar (androidx.compose.material:material-ripple-android:1.6.8) with AarTransform
2026-04-25T03:15:16.4157088Z Transforming material-icons-core-release.aar (androidx.compose.material:material-icons-core-android:1.6.8) with JetifyTransform
2026-04-25T03:15:16.4158563Z Transforming material-icons-core-release.aar (androidx.compose.material:material-icons-core-android:1.6.8) with ExtractAarTransform
2026-04-25T03:15:16.4160050Z Transforming material-icons-core-release.aar (androidx.compose.material:material-icons-core-android:1.6.8) with AarTransform
2026-04-25T03:15:16.4161194Z Transforming ui-release.aar (androidx.compose.ui:ui-android:1.9.2) with JetifyTransform
2026-04-25T03:15:16.4162386Z Transforming ui-release.aar (androidx.compose.ui:ui-android:1.9.2) with ExtractAarTransform
2026-04-25T03:15:16.4163283Z Transforming ui-release.aar (androidx.compose.ui:ui-android:1.9.2) with AarTransform
2026-04-25T03:15:16.4164312Z Transforming ui-test-manifest-1.9.2.aar (androidx.compose.ui:ui-test-manifest:1.9.2) with JetifyTransform
2026-04-25T03:15:16.4165415Z Transforming ui-test-manifest-1.9.2.aar (androidx.compose.ui:ui-test-manifest:1.9.2) with ExtractAarTransform
2026-04-25T03:15:16.4166564Z Transforming ui-test-manifest-1.9.2.aar (androidx.compose.ui:ui-test-manifest:1.9.2) with AarTransform
2026-04-25T03:15:16.4167997Z Caching disabled for AarTransform: /home/runner/.gradle/caches/8.11.1/transforms/e046490ec4aaa6520a9ff4e91fbcefea/transformed/jetified-material3-release because:
2026-04-25T03:15:16.4169112Z   Caching not enabled.
2026-04-25T03:15:16.4169709Z Transforming activity-ktx-1.13.0.aar (androidx.activity:activity-ktx:1.13.0) with JetifyTransform
2026-04-25T03:15:16.4170775Z Transforming activity-ktx-1.13.0.aar (androidx.activity:activity-ktx:1.13.0) with ExtractAarTransform
2026-04-25T03:15:16.4171975Z Transforming activity-ktx-1.13.0.aar (androidx.activity:activity-ktx:1.13.0) with AarTransform
2026-04-25T03:15:16.4172941Z Transforming activity-1.13.0.aar (androidx.activity:activity:1.13.0) with JetifyTransform
2026-04-25T03:15:16.4173872Z Transforming activity-1.13.0.aar (androidx.activity:activity:1.13.0) with ExtractAarTransform
2026-04-25T03:15:16.4174752Z Transforming activity-1.13.0.aar (androidx.activity:activity:1.13.0) with AarTransform
2026-04-25T03:15:16.4175750Z Transforming activity-compose-1.13.0.aar (androidx.activity:activity-compose:1.13.0) with JetifyTransform
2026-04-25T03:15:16.4176880Z Transforming activity-compose-1.13.0.aar (androidx.activity:activity-compose:1.13.0) with ExtractAarTransform
2026-04-25T03:15:16.4177991Z Transforming activity-compose-1.13.0.aar (androidx.activity:activity-compose:1.13.0) with AarTransform
2026-04-25T03:15:16.4179002Z Transforming autofill-1.0.0.aar (androidx.autofill:autofill:1.0.0) with JetifyTransform
2026-04-25T03:15:16.4179899Z Transforming autofill-1.0.0.aar (androidx.autofill:autofill:1.0.0) with ExtractAarTransform
2026-04-25T03:15:16.4180768Z Transforming autofill-1.0.0.aar (androidx.autofill:autofill:1.0.0) with AarTransform
2026-04-25T03:15:16.4181971Z Transforming graphics-path-1.0.1.aar (androidx.graphics:graphics-path:1.0.1) with JetifyTransform
2026-04-25T03:15:16.4183038Z Transforming graphics-path-1.0.1.aar (androidx.graphics:graphics-path:1.0.1) with ExtractAarTransform
2026-04-25T03:15:16.4184091Z Transforming graphics-path-1.0.1.aar (androidx.graphics:graphics-path:1.0.1) with AarTransform
2026-04-25T03:15:16.4184997Z Transforming emoji2-1.4.0.aar (androidx.emoji2:emoji2:1.4.0) with JetifyTransform
2026-04-25T03:15:16.4185836Z Transforming emoji2-1.4.0.aar (androidx.emoji2:emoji2:1.4.0) with ExtractAarTransform
2026-04-25T03:15:16.4186664Z Transforming emoji2-1.4.0.aar (androidx.emoji2:emoji2:1.4.0) with AarTransform
2026-04-25T03:15:16.4187714Z Transforming core-1.18.0.aar (androidx.core:core:1.18.0) with JetifyTransform
2026-04-25T03:15:16.4188461Z Transforming core-1.18.0.aar (androidx.core:core:1.18.0) with ExtractAarTransform
2026-04-25T03:15:16.4189394Z Transforming core-1.18.0.aar (androidx.core:core:1.18.0) with AarTransform
2026-04-25T03:15:16.4190138Z Transforming core-1.18.0.aar (androidx.core:core:1.18.0) with JetifyTransform
2026-04-25T03:15:16.4190862Z Transforming core-1.18.0.aar (androidx.core:core:1.18.0) with ExtractAarTransform
2026-04-25T03:15:16.4191845Z Transforming core-1.18.0.aar (androidx.core:core:1.18.0) with AarTransform
2026-04-25T03:15:16.4192801Z Transforming lifecycle-process-2.9.4.aar (androidx.lifecycle:lifecycle-process:2.9.4) with JetifyTransform
2026-04-25T03:15:16.4193968Z Transforming lifecycle-process-2.9.4.aar (androidx.lifecycle:lifecycle-process:2.9.4) with ExtractAarTransform
2026-04-25T03:15:16.4195108Z Transforming lifecycle-process-2.9.4.aar (androidx.lifecycle:lifecycle-process:2.9.4) with AarTransform
2026-04-25T03:15:16.4196290Z Transforming lifecycle-viewmodel-ktx-2.9.4.aar (androidx.lifecycle:lifecycle-viewmodel-ktx:2.9.4) with JetifyTransform
2026-04-25T03:15:16.4197603Z Transforming lifecycle-viewmodel-ktx-2.9.4.aar (androidx.lifecycle:lifecycle-viewmodel-ktx:2.9.4) with ExtractAarTransform
2026-04-25T03:15:16.4198939Z Transforming lifecycle-viewmodel-ktx-2.9.4.aar (androidx.lifecycle:lifecycle-viewmodel-ktx:2.9.4) with AarTransform
2026-04-25T03:15:16.4200145Z Transforming lifecycle-livedata-core-2.9.4.aar (androidx.lifecycle:lifecycle-livedata-core:2.9.4) with JetifyTransform
2026-04-25T03:15:16.4201368Z Transforming lifecycle-livedata-core-2.9.4.aar (androidx.lifecycle:lifecycle-livedata-core:2.9.4) with ExtractAarTransform
2026-04-25T03:15:16.4202871Z Transforming lifecycle-livedata-core-2.9.4.aar (androidx.lifecycle:lifecycle-livedata-core:2.9.4) with AarTransform
2026-04-25T03:15:16.4204167Z Transforming lifecycle-runtime-ktx.aar (androidx.lifecycle:lifecycle-runtime-ktx-android:2.9.4) with JetifyTransform
2026-04-25T03:15:16.4205491Z Transforming lifecycle-runtime-ktx.aar (androidx.lifecycle:lifecycle-runtime-ktx-android:2.9.4) with ExtractAarTransform
2026-04-25T03:15:16.4206795Z Transforming lifecycle-runtime-ktx.aar (androidx.lifecycle:lifecycle-runtime-ktx-android:2.9.4) with AarTransform
2026-04-25T03:15:16.4208034Z Transforming lifecycle-viewmodel-release.aar (androidx.lifecycle:lifecycle-viewmodel-android:2.9.4) with JetifyTransform
2026-04-25T03:15:16.4209382Z Transforming lifecycle-viewmodel-release.aar (androidx.lifecycle:lifecycle-viewmodel-android:2.9.4) with ExtractAarTransform
2026-04-25T03:15:16.4210642Z Transforming lifecycle-viewmodel-release.aar (androidx.lifecycle:lifecycle-viewmodel-android:2.9.4) with AarTransform
2026-04-25T03:15:16.4212107Z Transforming runtime-annotation.aar (androidx.compose.runtime:runtime-annotation-android:1.9.2) with JetifyTransform
2026-04-25T03:15:16.4213333Z Transforming runtime-annotation.aar (androidx.compose.runtime:runtime-annotation-android:1.9.2) with ExtractAarTransform
2026-04-25T03:15:16.4214620Z Transforming runtime-annotation.aar (androidx.compose.runtime:runtime-annotation-android:1.9.2) with AarTransform
2026-04-25T03:15:16.4215778Z Transforming savedstate-release.aar (androidx.savedstate:savedstate-android:1.3.3) with JetifyTransform
2026-04-25T03:15:16.4216887Z Transforming savedstate-release.aar (androidx.savedstate:savedstate-android:1.3.3) with ExtractAarTransform
2026-04-25T03:15:16.4218004Z Transforming savedstate-release.aar (androidx.savedstate:savedstate-android:1.3.3) with AarTransform
2026-04-25T03:15:16.4219060Z Transforming savedstate-ktx-1.3.3.aar (androidx.savedstate:savedstate-ktx:1.3.3) with JetifyTransform
2026-04-25T03:15:16.4220112Z Transforming savedstate-ktx-1.3.3.aar (androidx.savedstate:savedstate-ktx:1.3.3) with ExtractAarTransform
2026-04-25T03:15:16.4221160Z Transforming savedstate-ktx-1.3.3.aar (androidx.savedstate:savedstate-ktx:1.3.3) with AarTransform
2026-04-25T03:15:16.4222829Z Transforming savedstate-compose.aar (androidx.savedstate:savedstate-compose-android:1.3.3) with JetifyTransform
2026-04-25T03:15:16.4224046Z Transforming savedstate-compose.aar (androidx.savedstate:savedstate-compose-android:1.3.3) with ExtractAarTransform
2026-04-25T03:15:16.4225477Z Transforming savedstate-compose.aar (androidx.savedstate:savedstate-compose-android:1.3.3) with AarTransform
2026-04-25T03:15:16.4226559Z Transforming runtime.aar (androidx.compose.runtime:runtime-android:1.9.2) with JetifyTransform
2026-04-25T03:15:16.4227629Z Transforming runtime.aar (androidx.compose.runtime:runtime-android:1.9.2) with ExtractAarTransform
2026-04-25T03:15:16.4228586Z Transforming runtime.aar (androidx.compose.runtime:runtime-android:1.9.2) with AarTransform
2026-04-25T03:15:16.4229641Z Transforming runtime-saveable.aar (androidx.compose.runtime:runtime-saveable-android:1.9.2) with JetifyTransform
2026-04-25T03:15:16.4230923Z Transforming runtime-saveable.aar (androidx.compose.runtime:runtime-saveable-android:1.9.2) with ExtractAarTransform
2026-04-25T03:15:16.4232409Z Transforming runtime-saveable.aar (androidx.compose.runtime:runtime-saveable-android:1.9.2) with AarTransform
2026-04-25T03:15:16.4233825Z Transforming lifecycle-runtime-compose-release.aar (androidx.lifecycle:lifecycle-runtime-compose-android:2.9.4) with JetifyTransform
2026-04-25T03:15:16.4235278Z Transforming lifecycle-runtime-compose-release.aar (androidx.lifecycle:lifecycle-runtime-compose-android:2.9.4) with ExtractAarTransform
2026-04-25T03:15:16.4236755Z Transforming lifecycle-runtime-compose-release.aar (androidx.lifecycle:lifecycle-runtime-compose-android:2.9.4) with AarTransform
2026-04-25T03:15:16.4238146Z Transforming lifecycle-runtime-release.aar (androidx.lifecycle:lifecycle-runtime-android:2.9.4) with JetifyTransform
2026-04-25T03:15:16.4239435Z Transforming lifecycle-runtime-release.aar (androidx.lifecycle:lifecycle-runtime-android:2.9.4) with ExtractAarTransform
2026-04-25T03:15:16.4240781Z Transforming lifecycle-runtime-release.aar (androidx.lifecycle:lifecycle-runtime-android:2.9.4) with AarTransform
2026-04-25T03:15:16.4242396Z Transforming lifecycle-viewmodel-savedstate-release.aar (androidx.lifecycle:lifecycle-viewmodel-savedstate-android:2.9.4) with JetifyTransform
2026-04-25T03:15:16.4244445Z Transforming lifecycle-viewmodel-savedstate-release.aar (androidx.lifecycle:lifecycle-viewmodel-savedstate-android:2.9.4) with ExtractAarTransform
2026-04-25T03:15:16.4246112Z Transforming lifecycle-viewmodel-savedstate-release.aar (androidx.lifecycle:lifecycle-viewmodel-savedstate-android:2.9.4) with AarTransform
2026-04-25T03:15:16.4247731Z Transforming customview-poolingcontainer-1.0.0.aar (androidx.customview:customview-poolingcontainer:1.0.0) with JetifyTransform
2026-04-25T03:15:16.4249161Z Transforming customview-poolingcontainer-1.0.0.aar (androidx.customview:customview-poolingcontainer:1.0.0) with ExtractAarTransform
2026-04-25T03:15:16.4250508Z Transforming customview-poolingcontainer-1.0.0.aar (androidx.customview:customview-poolingcontainer:1.0.0) with AarTransform
2026-04-25T03:15:16.4251830Z Transforming core-ktx-1.18.0.aar (androidx.core:core-ktx:1.18.0) with JetifyTransform
2026-04-25T03:15:16.4252673Z Transforming core-ktx-1.18.0.aar (androidx.core:core-ktx:1.18.0) with ExtractAarTransform
2026-04-25T03:15:16.4253534Z Transforming core-ktx-1.18.0.aar (androidx.core:core-ktx:1.18.0) with AarTransform
2026-04-25T03:15:16.4254516Z Transforming room3-runtime.aar (androidx.room3:room3-runtime-android:3.0.0-alpha03) with JetifyTransform
2026-04-25T03:15:16.4255670Z Transforming room3-runtime.aar (androidx.room3:room3-runtime-android:3.0.0-alpha03) with ExtractAarTransform
2026-04-25T03:15:16.4256748Z Transforming room3-runtime.aar (androidx.room3:room3-runtime-android:3.0.0-alpha03) with AarTransform
2026-04-25T03:15:16.4257704Z Transforming core-viewtree-1.0.0.aar (androidx.core:core-viewtree:1.0.0) with JetifyTransform
2026-04-25T03:15:16.4258675Z Transforming core-viewtree-1.0.0.aar (androidx.core:core-viewtree:1.0.0) with ExtractAarTransform
2026-04-25T03:15:16.4259910Z Transforming core-viewtree-1.0.0.aar (androidx.core:core-viewtree:1.0.0) with AarTransform
2026-04-25T03:15:16.4261001Z Transforming annotation-experimental-1.5.0.aar (androidx.annotation:annotation-experimental:1.5.0) with JetifyTransform
2026-04-25T03:15:16.4262751Z Transforming annotation-experimental-1.5.0.aar (androidx.annotation:annotation-experimental:1.5.0) with ExtractAarTransform
2026-04-25T03:15:16.4264008Z Transforming annotation-experimental-1.5.0.aar (androidx.annotation:annotation-experimental:1.5.0) with AarTransform
2026-04-25T03:15:16.4265257Z Transforming profileinstaller-1.4.0.aar (androidx.profileinstaller:profileinstaller:1.4.0) with JetifyTransform
2026-04-25T03:15:16.4266433Z Transforming profileinstaller-1.4.0.aar (androidx.profileinstaller:profileinstaller:1.4.0) with ExtractAarTransform
2026-04-25T03:15:16.4267665Z Transforming profileinstaller-1.4.0.aar (androidx.profileinstaller:profileinstaller:1.4.0) with AarTransform
2026-04-25T03:15:16.4268850Z Transforming startup-runtime-1.1.1.aar (androidx.startup:startup-runtime:1.1.1) with JetifyTransform
2026-04-25T03:15:16.4269907Z Transforming startup-runtime-1.1.1.aar (androidx.startup:startup-runtime:1.1.1) with ExtractAarTransform
2026-04-25T03:15:16.4270883Z Transforming startup-runtime-1.1.1.aar (androidx.startup:startup-runtime:1.1.1) with AarTransform
2026-04-25T03:15:16.4271977Z Transforming tracing-1.2.0.aar (androidx.tracing:tracing:1.2.0) with JetifyTransform
2026-04-25T03:15:16.4272822Z Transforming tracing-1.2.0.aar (androidx.tracing:tracing:1.2.0) with ExtractAarTransform
2026-04-25T03:15:16.4273673Z Transforming tracing-1.2.0.aar (androidx.tracing:tracing:1.2.0) with AarTransform
2026-04-25T03:15:16.4274623Z Transforming interpolator-1.0.0.aar (androidx.interpolator:interpolator:1.0.0) with JetifyTransform
2026-04-25T03:15:16.4275692Z Transforming interpolator-1.0.0.aar (androidx.interpolator:interpolator:1.0.0) with ExtractAarTransform
2026-04-25T03:15:16.4276694Z Transforming interpolator-1.0.0.aar (androidx.interpolator:interpolator:1.0.0) with AarTransform
2026-04-25T03:15:16.4277799Z Transforming versionedparcelable-1.1.1.aar (androidx.versionedparcelable:versionedparcelable:1.1.1) with JetifyTransform
2026-04-25T03:15:16.4279229Z Transforming versionedparcelable-1.1.1.aar (androidx.versionedparcelable:versionedparcelable:1.1.1) with ExtractAarTransform
2026-04-25T03:15:16.4280559Z Transforming versionedparcelable-1.1.1.aar (androidx.versionedparcelable:versionedparcelable:1.1.1) with AarTransform
2026-04-25T03:15:16.4281943Z Transforming core-runtime-2.2.0.aar (androidx.arch.core:core-runtime:2.2.0) with JetifyTransform
2026-04-25T03:15:16.4282985Z Transforming core-runtime-2.2.0.aar (androidx.arch.core:core-runtime:2.2.0) with ExtractAarTransform
2026-04-25T03:15:16.4283981Z Transforming core-runtime-2.2.0.aar (androidx.arch.core:core-runtime:2.2.0) with AarTransform
2026-04-25T03:15:16.4284983Z Transforming sqlite-framework.aar (androidx.sqlite:sqlite-framework-android:2.7.0-alpha03) with JetifyTransform
2026-04-25T03:15:16.4286150Z Transforming sqlite-framework.aar (androidx.sqlite:sqlite-framework-android:2.7.0-alpha03) with ExtractAarTransform
2026-04-25T03:15:16.4287382Z Transforming sqlite-framework.aar (androidx.sqlite:sqlite-framework-android:2.7.0-alpha03) with AarTransform
2026-04-25T03:15:16.4288511Z Transforming sqlite-async.aar (androidx.sqlite:sqlite-async-android:2.7.0-alpha03) with JetifyTransform
2026-04-25T03:15:16.4289620Z Transforming sqlite-async.aar (androidx.sqlite:sqlite-async-android:2.7.0-alpha03) with ExtractAarTransform
2026-04-25T03:15:16.4290715Z Transforming sqlite-async.aar (androidx.sqlite:sqlite-async-android:2.7.0-alpha03) with AarTransform
2026-04-25T03:15:16.4291944Z Transforming sqlite.aar (androidx.sqlite:sqlite-android:2.7.0-alpha03) with JetifyTransform
2026-04-25T03:15:16.4292952Z Transforming sqlite.aar (androidx.sqlite:sqlite-android:2.7.0-alpha03) with ExtractAarTransform
2026-04-25T03:15:16.4294170Z Transforming sqlite.aar (androidx.sqlite:sqlite-android:2.7.0-alpha03) with AarTransform
2026-04-25T03:15:16.4295531Z Caching disabled for AarTransform: /home/runner/.gradle/caches/8.11.1/transforms/e184805bcc53f3a846e25bb745ddc742/transformed/jetified-foundation-release because:
2026-04-25T03:15:16.4296644Z   Caching not enabled.
2026-04-25T03:15:16.4297888Z Caching disabled for AarTransform: /home/runner/.gradle/caches/8.11.1/transforms/66c16c3f7f6d02b975cabce6ff0bea36/transformed/jetified-ui-tooling-data because:
2026-04-25T03:15:16.4298985Z   Caching not enabled.
2026-04-25T03:15:16.4299971Z Caching disabled for AarTransform: /home/runner/.gradle/caches/8.11.1/transforms/ad2dd3899eea144a1aa94a7a61cd2837/transformed/jetified-foundation-layout because:
2026-04-25T03:15:16.4302111Z   Caching not enabled.
2026-04-25T03:15:16.4303089Z Caching disabled for AarTransform: /home/runner/.gradle/caches/8.11.1/transforms/bfbadf3aa82e8d2c6f086b75adb8398a/transformed/jetified-animation because:
2026-04-25T03:15:16.4304074Z   Caching not enabled.
2026-04-25T03:15:16.4305001Z Caching disabled for AarTransform: /home/runner/.gradle/caches/8.11.1/transforms/4f81a84452a71c15e1af23c08dd42a82/transformed/jetified-animation-core because:
2026-04-25T03:15:16.4306029Z   Caching not enabled.
2026-04-25T03:15:16.4306923Z Caching disabled for AarTransform: /home/runner/.gradle/caches/8.11.1/transforms/8c21f5dbc4c774dc1f97ad88c52d3ccb/transformed/jetified-ui-unit because:
2026-04-25T03:15:16.4307879Z   Caching not enabled.
2026-04-25T03:15:16.4308816Z Caching disabled for AarTransform: /home/runner/.gradle/caches/8.11.1/transforms/62bbfe8dca9ed54bc4c0ab3b238d67e2/transformed/jetified-ui-tooling-preview because:
2026-04-25T03:15:16.4309862Z   Caching not enabled.
2026-04-25T03:15:16.4310506Z Caching disabled for AarTransform: /home/runner/.gradle/caches/8.11.1/transforms/9b3a85a633de8f9d1f1866feb4adf80b/transformed/jetified-ui-geometry because:
2026-04-25T03:15:16.4311235Z   Caching not enabled.
2026-04-25T03:15:16.4312305Z Caching disabled for AarTransform: /home/runner/.gradle/caches/8.11.1/transforms/1246a0f488a63f1831e1b5a8d10710b0/transformed/jetified-ui-util because:
2026-04-25T03:15:16.4313244Z   Caching not enabled.
2026-04-25T03:15:16.4314192Z Caching disabled for AarTransform: /home/runner/.gradle/caches/8.11.1/transforms/5444a948fcc572516c7b4f3972d025a3/transformed/jetified-ui-tooling because:
2026-04-25T03:15:16.4315191Z   Caching not enabled.
2026-04-25T03:15:16.4316180Z Caching disabled for AarTransform: /home/runner/.gradle/caches/8.11.1/transforms/a4d7fd655ff98528246c4656eb5f19ea/transformed/jetified-ui-graphics-release because:
2026-04-25T03:15:16.4317223Z   Caching not enabled.
2026-04-25T03:15:16.4318064Z Caching disabled for AarTransform: /home/runner/.gradle/caches/8.11.1/transforms/6aa2e2a68c2b334c6993af83152c0d73/transformed/jetified-ui-text because:
2026-04-25T03:15:16.4319043Z   Caching not enabled.
2026-04-25T03:15:16.4320041Z Caching disabled for AarTransform: /home/runner/.gradle/caches/8.11.1/transforms/1df681c407b8c6fa7d32611b26aedbfa/transformed/jetified-material-release because:
2026-04-25T03:15:16.4321144Z   Caching not enabled.
2026-04-25T03:15:16.4322577Z Caching disabled for AarTransform: /home/runner/.gradle/caches/8.11.1/transforms/88af93a2b7c73505eec7264aa57b0fde/transformed/jetified-material-icons-core-release because:
2026-04-25T03:15:16.4323705Z   Caching not enabled.
2026-04-25T03:15:16.4324741Z Caching disabled for AarTransform: /home/runner/.gradle/caches/8.11.1/transforms/5c922962d5224524f6f00173e6e6b098/transformed/jetified-material-ripple-release because:
2026-04-25T03:15:16.4325815Z   Caching not enabled.
2026-04-25T03:15:16.4326693Z Caching disabled for AarTransform: /home/runner/.gradle/caches/8.11.1/transforms/f2771391fcc7f80b976540bba9ba7563/transformed/jetified-ui-release because:
2026-04-25T03:15:16.4327725Z   Caching not enabled.
2026-04-25T03:15:16.4328702Z Caching disabled for AarTransform: /home/runner/.gradle/caches/8.11.1/transforms/44e8b0036a8201959b70c71bcf364993/transformed/jetified-ui-test-manifest-1.9.2 because:
2026-04-25T03:15:16.4330036Z   Caching not enabled.
2026-04-25T03:15:16.4331003Z Caching disabled for AarTransform: /home/runner/.gradle/caches/8.11.1/transforms/48e4941a7a9ae17669c37819052c40dc/transformed/jetified-activity-1.13.0 because:
2026-04-25T03:15:16.4332264Z   Caching not enabled.
2026-04-25T03:15:16.4333513Z Caching disabled for AarTransform: /home/runner/.gradle/caches/8.11.1/transforms/53dd3c85cf1ee483c56fc5c2dad6254c/transformed/jetified-activity-compose-1.13.0 because:
2026-04-25T03:15:16.4334627Z   Caching not enabled.
2026-04-25T03:15:16.4335626Z Caching disabled for AarTransform: /home/runner/.gradle/caches/8.11.1/transforms/d1ab2c85c5c7edaa9d5c11f390bc78b5/transformed/jetified-activity-ktx-1.13.0 because:
2026-04-25T03:15:16.4336687Z   Caching not enabled.
2026-04-25T03:15:16.4337679Z Caching disabled for AarTransform: /home/runner/.gradle/caches/8.11.1/transforms/5df67e3eb4b626cdffa8926a04c266c2/transformed/jetified-autofill-1.0.0 because:
2026-04-25T03:15:16.4338743Z   Caching not enabled.
2026-04-25T03:15:16.4339704Z Caching disabled for AarTransform: /home/runner/.gradle/caches/8.11.1/transforms/662be86d238395fbab679cf99a3cc778/transformed/jetified-graphics-path-1.0.1 because:
2026-04-25T03:15:16.4340774Z   Caching not enabled.
2026-04-25T03:15:16.4341833Z Caching disabled for AarTransform: /home/runner/.gradle/caches/8.11.1/transforms/b927945fff1b83fd5b90253cf52886eb/transformed/core-1.18.0 because:
2026-04-25T03:15:16.4342768Z   Caching not enabled.
2026-04-25T03:15:16.4343721Z Caching disabled for AarTransform: /home/runner/.gradle/caches/8.11.1/transforms/3abacfca74cef8bd79f4f6b076410e62/transformed/jetified-emoji2-1.4.0 because:
2026-04-25T03:15:16.4345135Z   Caching not enabled.
2026-04-25T03:15:16.4346186Z Caching disabled for AarTransform: /home/runner/.gradle/caches/8.11.1/transforms/55cf9782038afb4eca1c9ad7a53816b0/transformed/jetified-lifecycle-process-2.9.4 because:
2026-04-25T03:15:16.4347270Z   Caching not enabled.
2026-04-25T03:15:16.4348337Z Caching disabled for AarTransform: /home/runner/.gradle/caches/8.11.1/transforms/e5966598a904df0b6971f2fde25eb623/transformed/jetified-lifecycle-viewmodel-ktx-2.9.4 because:
2026-04-25T03:15:16.4349477Z   Caching not enabled.
2026-04-25T03:15:16.4350471Z Caching disabled for AarTransform: /home/runner/.gradle/caches/8.11.1/transforms/dcb821152cd722531076c60d0c53d0da/transformed/lifecycle-livedata-core-2.9.4 because:
2026-04-25T03:15:16.4351535Z   Caching not enabled.
2026-04-25T03:15:16.4352759Z Caching disabled for AarTransform: /home/runner/.gradle/caches/8.11.1/transforms/4a12e9705d8182394b2895d78dca45b0/transformed/jetified-lifecycle-runtime-ktx because:
2026-04-25T03:15:16.4353824Z   Caching not enabled.
2026-04-25T03:15:16.4354811Z Caching disabled for AarTransform: /home/runner/.gradle/caches/8.11.1/transforms/d0b493c96f80168d73839878faae7e02/transformed/jetified-runtime-annotation because:
2026-04-25T03:15:16.4355966Z   Caching not enabled.
2026-04-25T03:15:16.4357007Z Caching disabled for AarTransform: /home/runner/.gradle/caches/8.11.1/transforms/a64ed8a71f0f7948e723ef829bd51212/transformed/jetified-lifecycle-viewmodel-release because:
2026-04-25T03:15:16.4358121Z   Caching not enabled.
2026-04-25T03:15:16.4359146Z Caching disabled for AarTransform: /home/runner/.gradle/caches/8.11.1/transforms/0c87c26b3896778e2229d65b48e54d08/transformed/jetified-savedstate-release because:
2026-04-25T03:15:16.4360254Z   Caching not enabled.
2026-04-25T03:15:16.4361257Z Caching disabled for AarTransform: /home/runner/.gradle/caches/8.11.1/transforms/cc83dad95e58bd620bfba7008db487cb/transformed/jetified-savedstate-ktx-1.3.3 because:
2026-04-25T03:15:16.4362571Z   Caching not enabled.
2026-04-25T03:15:16.4363545Z Caching disabled for AarTransform: /home/runner/.gradle/caches/8.11.1/transforms/d5c9e7a4fbd5dcfd5d2f0355c0178367/transformed/jetified-savedstate-compose because:
2026-04-25T03:15:16.4364627Z   Caching not enabled.
2026-04-25T03:15:16.4365543Z Caching disabled for AarTransform: /home/runner/.gradle/caches/8.11.1/transforms/a0cbf74fe970c04208d9e439d908ddbc/transformed/jetified-runtime because:
2026-04-25T03:15:16.4366820Z   Caching not enabled.
2026-04-25T03:15:16.4367842Z Caching disabled for AarTransform: /home/runner/.gradle/caches/8.11.1/transforms/a4d3c1473a3d4a75eb5d1b0908f28da9/transformed/jetified-runtime-saveable because:
2026-04-25T03:15:16.4369170Z   Caching not enabled.
2026-04-25T03:15:16.4370273Z Caching disabled for AarTransform: /home/runner/.gradle/caches/8.11.1/transforms/80255bca652ba087d4065dc2faf39e1a/transformed/jetified-lifecycle-runtime-compose-release because:
2026-04-25T03:15:16.4371398Z   Caching not enabled.
2026-04-25T03:15:16.4372880Z Caching disabled for AarTransform: /home/runner/.gradle/caches/8.11.1/transforms/a71723d6dcbc6be65ef2918cb3811f9c/transformed/jetified-lifecycle-viewmodel-savedstate-release because:
2026-04-25T03:15:16.4374198Z   Caching not enabled.
2026-04-25T03:15:16.4375285Z Caching disabled for AarTransform: /home/runner/.gradle/caches/8.11.1/transforms/f5f3e112a8bc5346f87af9a240971861/transformed/jetified-customview-poolingcontainer-1.0.0 because:
2026-04-25T03:15:16.4376435Z   Caching not enabled.
2026-04-25T03:15:16.4377456Z Caching disabled for AarTransform: /home/runner/.gradle/caches/8.11.1/transforms/65b45c9026b2bd4459a92bff687b8cdd/transformed/jetified-lifecycle-runtime-release because:
2026-04-25T03:15:16.4378568Z   Caching not enabled.
2026-04-25T03:15:16.4379557Z Caching disabled for AarTransform: /home/runner/.gradle/caches/8.11.1/transforms/bc2ce13905b20cb4f5958c45d1c9d573/transformed/jetified-core-ktx-1.18.0 because:
2026-04-25T03:15:16.4380551Z   Caching not enabled.
2026-04-25T03:15:16.4381481Z Caching disabled for AarTransform: /home/runner/.gradle/caches/8.11.1/transforms/e8dc695c4c5bdd0cf72b059e2d23cf12/transformed/jetified-room3-runtime because:
2026-04-25T03:15:16.4382727Z   Caching not enabled.
2026-04-25T03:15:16.4383727Z Caching disabled for AarTransform: /home/runner/.gradle/caches/8.11.1/transforms/269f2e4e646d8543a7b2c254a4b93a7f/transformed/jetified-core-viewtree-1.0.0 because:
2026-04-25T03:15:16.4384778Z   Caching not enabled.
2026-04-25T03:15:16.4385830Z Caching disabled for AarTransform: /home/runner/.gradle/caches/8.11.1/transforms/322ae4830614cf31fd29d75d5510d387/transformed/jetified-annotation-experimental-1.5.0 because:
2026-04-25T03:15:16.4387023Z   Caching not enabled.
2026-04-25T03:15:16.4388011Z Caching disabled for AarTransform: /home/runner/.gradle/caches/8.11.1/transforms/f183e16ca5302cbdac9b4ad366abf41f/transformed/jetified-profileinstaller-1.4.0 because:
2026-04-25T03:15:16.4389132Z   Caching not enabled.
2026-04-25T03:15:16.4390162Z Caching disabled for AarTransform: /home/runner/.gradle/caches/8.11.1/transforms/b28d6fd91b6acc053f31c2d921c622fc/transformed/jetified-startup-runtime-1.1.1 because:
2026-04-25T03:15:16.4392653Z   Caching not enabled.
2026-04-25T03:15:16.4393625Z Caching disabled for AarTransform: /home/runner/.gradle/caches/8.11.1/transforms/ae121b1900a7c948b2862f422c9c5a93/transformed/jetified-tracing-1.2.0 because:
2026-04-25T03:15:16.4394648Z   Caching not enabled.
2026-04-25T03:15:16.4395587Z Caching disabled for AarTransform: /home/runner/.gradle/caches/8.11.1/transforms/05d0b6d4d2e67536598763bde6059c13/transformed/interpolator-1.0.0 because:
2026-04-25T03:15:16.4396610Z   Caching not enabled.
2026-04-25T03:15:16.4397589Z Caching disabled for AarTransform: /home/runner/.gradle/caches/8.11.1/transforms/93dc7ef43c96d012f7f54d4eefcc3a71/transformed/versionedparcelable-1.1.1 because:
2026-04-25T03:15:16.4398638Z   Caching not enabled.
2026-04-25T03:15:16.4399543Z Caching disabled for AarTransform: /home/runner/.gradle/caches/8.11.1/transforms/c3bd2d9e6c8cd1fbb7860453d0102ec6/transformed/core-runtime-2.2.0 because:
2026-04-25T03:15:16.4400593Z   Caching not enabled.
2026-04-25T03:15:16.4401771Z Caching disabled for AarTransform: /home/runner/.gradle/caches/8.11.1/transforms/604fc49abdfe089f289a91472a0596e5/transformed/jetified-sqlite-framework because:
2026-04-25T03:15:16.4402863Z   Caching not enabled.
2026-04-25T03:15:16.4404049Z Caching disabled for AarTransform: /home/runner/.gradle/caches/8.11.1/transforms/a3448bc9557eef07cb20e2e3acd94a98/transformed/jetified-sqlite-async because:
2026-04-25T03:15:16.4405086Z   Caching not enabled.
2026-04-25T03:15:16.4406179Z Caching disabled for AarTransform: /home/runner/.gradle/caches/8.11.1/transforms/0d88d4ca6e3f9c9ab59ee57b9789223f/transformed/jetified-sqlite because:
2026-04-25T03:15:16.4407220Z   Caching not enabled.
2026-04-25T03:15:16.4407683Z Caching disabled for task ':app:mapDebugSourceSetPaths' because:
2026-04-25T03:15:16.4408216Z   Caching has been disabled for the task
2026-04-25T03:15:16.4408739Z Task ':app:mapDebugSourceSetPaths' is not up-to-date because:
2026-04-25T03:15:16.4409260Z   No history is available.
2026-04-25T03:15:16.4409872Z Resolve mutations for :app:generateDebugResources (Thread[Execution worker,5,main]) started.
2026-04-25T03:15:16.4410722Z :app:generateDebugResources (Thread[included builds,5,main]) started.
2026-04-25T03:15:16.4411177Z 
2026-04-25T03:15:16.4411342Z > Task :app:generateDebugResources
2026-04-25T03:15:16.4412284Z Build cache key for task ':app:generateDebugResources' is f7884275523bc9984bddd6fb555ca67d
2026-04-25T03:15:16.4413055Z Task ':app:generateDebugResources' is not up-to-date because:
2026-04-25T03:15:16.4413567Z   No history is available.
2026-04-25T03:15:16.4414257Z Stored cache entry for task ':app:generateDebugResources' with cache key f7884275523bc9984bddd6fb555ca67d
2026-04-25T03:15:16.4415217Z Resolve mutations for :app:mergeDebugResources (Thread[included builds,5,main]) started.
2026-04-25T03:15:16.4416057Z :app:mergeDebugResources (Thread[included builds,5,main]) started.
2026-04-25T03:15:17.1103022Z Resolve mutations for :app:packageDebugResources (Thread[Execution worker,5,main]) started.
2026-04-25T03:15:17.1104115Z :app:packageDebugResources (Thread[Execution worker,5,main]) started.
2026-04-25T03:15:17.2080893Z 
2026-04-25T03:15:17.2081956Z > Task :app:packageDebugResources
2026-04-25T03:15:17.2082996Z Build cache key for task ':app:packageDebugResources' is 01aa80ea2525a296f708d400d2466cec
2026-04-25T03:15:17.2084095Z Task ':app:packageDebugResources' is not up-to-date because:
2026-04-25T03:15:17.2084821Z   No history is available.
2026-04-25T03:15:17.2085608Z The input changes require a full rebuild for incremental task ':app:packageDebugResources'.
2026-04-25T03:15:17.2086666Z [MergeResources] Inputs are non-incremental full task action.
2026-04-25T03:15:17.2087750Z Stored cache entry for task ':app:packageDebugResources' with cache key 01aa80ea2525a296f708d400d2466cec
2026-04-25T03:15:17.2089556Z Resolve mutations for :app:parseDebugLocalResources (Thread[Execution worker,5,main]) started.
2026-04-25T03:15:17.2090596Z :app:parseDebugLocalResources (Thread[Execution worker,5,main]) started.
2026-04-25T03:15:17.9086796Z 
2026-04-25T03:15:17.9087552Z > Task :app:mergeDebugResources
2026-04-25T03:15:17.9088626Z Build cache key for task ':app:mergeDebugResources' is 370635b318a25d7bb66f3070d185f8ba
2026-04-25T03:15:17.9089656Z Task ':app:mergeDebugResources' is not up-to-date because:
2026-04-25T03:15:17.9090334Z   No history is available.
2026-04-25T03:15:17.9091104Z The input changes require a full rebuild for incremental task ':app:mergeDebugResources'.
2026-04-25T03:15:17.9092334Z [MergeResources] Inputs are non-incremental full task action.
2026-04-25T03:15:17.9094747Z Compiling XML table /home/runner/work/flashcard-app/flashcard-app/app/build/intermediates/incremental/debug/mergeDebugResources/merged.dir/values-hi/values-hi.xml to /home/runner/work/flashcard-app/flashcard-app/app/build/intermediates/merged_res/debug/mergeDebugResources/values-hi_values-hi.arsc.flat
2026-04-25T03:15:17.9098635Z Compiling XML table /home/runner/work/flashcard-app/flashcard-app/app/build/intermediates/incremental/debug/mergeDebugResources/merged.dir/values/values.xml to /home/runner/work/flashcard-app/flashcard-app/app/build/intermediates/merged_res/debug/mergeDebugResources/values_values.arsc.flat
2026-04-25T03:15:17.9102618Z Compiling XML table /home/runner/work/flashcard-app/flashcard-app/app/build/intermediates/incremental/debug/mergeDebugResources/merged.dir/values-de/values-de.xml to /home/runner/work/flashcard-app/flashcard-app/app/build/intermediates/merged_res/debug/mergeDebugResources/values-de_values-de.arsc.flat
2026-04-25T03:15:17.9107242Z Compiling XML table /home/runner/work/flashcard-app/flashcard-app/app/build/intermediates/incremental/debug/mergeDebugResources/merged.dir/values-hr/values-hr.xml to /home/runner/work/flashcard-app/flashcard-app/app/build/intermediates/merged_res/debug/mergeDebugResources/values-hr_values-hr.arsc.flat
2026-04-25T03:15:17.9111160Z Compiling XML table /home/runner/work/flashcard-app/flashcard-app/app/build/intermediates/incremental/debug/mergeDebugResources/merged.dir/values-lt/values-lt.xml to /home/runner/work/flashcard-app/flashcard-app/app/build/intermediates/merged_res/debug/mergeDebugResources/values-lt_values-lt.arsc.flat
2026-04-25T03:15:17.9115381Z Compiling XML table /home/runner/work/flashcard-app/flashcard-app/app/build/intermediates/incremental/debug/mergeDebugResources/merged.dir/values-en-rIN/values-en-rIN.xml to /home/runner/work/flashcard-app/flashcard-app/app/build/intermediates/merged_res/debug/mergeDebugResources/values-en-rIN_values-en-rIN.arsc.flat
2026-04-25T03:15:17.9119433Z Compiling XML table /home/runner/work/flashcard-app/flashcard-app/app/build/intermediates/incremental/debug/mergeDebugResources/merged.dir/values-hy/values-hy.xml to /home/runner/work/flashcard-app/flashcard-app/app/build/intermediates/merged_res/debug/mergeDebugResources/values-hy_values-hy.arsc.flat
2026-04-25T03:15:17.9123456Z Compiling XML table /home/runner/work/flashcard-app/flashcard-app/app/build/intermediates/incremental/debug/mergeDebugResources/merged.dir/values-pt/values-pt.xml to /home/runner/work/flashcard-app/flashcard-app/app/build/intermediates/merged_res/debug/mergeDebugResources/values-pt_values-pt.arsc.flat
2026-04-25T03:15:17.9127298Z Compiling XML table /home/runner/work/flashcard-app/flashcard-app/app/build/intermediates/incremental/debug/mergeDebugResources/merged.dir/values-mk/values-mk.xml to /home/runner/work/flashcard-app/flashcard-app/app/build/intermediates/merged_res/debug/mergeDebugResources/values-mk_values-mk.arsc.flat
2026-04-25T03:15:17.9131065Z Compiling XML table /home/runner/work/flashcard-app/flashcard-app/app/build/intermediates/incremental/debug/mergeDebugResources/merged.dir/values-ml/values-ml.xml to /home/runner/work/flashcard-app/flashcard-app/app/build/intermediates/merged_res/debug/mergeDebugResources/values-ml_values-ml.arsc.flat
2026-04-25T03:15:17.9134842Z Compiling XML table /home/runner/work/flashcard-app/flashcard-app/app/build/intermediates/incremental/debug/mergeDebugResources/merged.dir/values-hu/values-hu.xml to /home/runner/work/flashcard-app/flashcard-app/app/build/intermediates/merged_res/debug/mergeDebugResources/values-hu_values-hu.arsc.flat
2026-04-25T03:15:17.9138680Z Compiling XML table /home/runner/work/flashcard-app/flashcard-app/app/build/intermediates/incremental/debug/mergeDebugResources/merged.dir/values-mr/values-mr.xml to /home/runner/work/flashcard-app/flashcard-app/app/build/intermediates/merged_res/debug/mergeDebugResources/values-mr_values-mr.arsc.flat
2026-04-25T03:15:17.9142928Z Compiling XML table /home/runner/work/flashcard-app/flashcard-app/app/build/intermediates/incremental/debug/mergeDebugResources/merged.dir/values-af/values-af.xml to /home/runner/work/flashcard-app/flashcard-app/app/build/intermediates/merged_res/debug/mergeDebugResources/values-af_values-af.arsc.flat
2026-04-25T03:15:17.9146885Z Compiling XML table /home/runner/work/flashcard-app/flashcard-app/app/build/intermediates/incremental/debug/mergeDebugResources/merged.dir/values-ur/values-ur.xml to /home/runner/work/flashcard-app/flashcard-app/app/build/intermediates/merged_res/debug/mergeDebugResources/values-ur_values-ur.arsc.flat
2026-04-25T03:15:17.9150667Z Compiling XML table /home/runner/work/flashcard-app/flashcard-app/app/build/intermediates/incremental/debug/mergeDebugResources/merged.dir/values-ms/values-ms.xml to /home/runner/work/flashcard-app/flashcard-app/app/build/intermediates/merged_res/debug/mergeDebugResources/values-ms_values-ms.arsc.flat
2026-04-25T03:15:17.9155353Z Compiling XML table /home/runner/work/flashcard-app/flashcard-app/app/build/intermediates/incremental/debug/mergeDebugResources/merged.dir/values-el/values-el.xml to /home/runner/work/flashcard-app/flashcard-app/app/build/intermediates/merged_res/debug/mergeDebugResources/values-el_values-el.arsc.flat
2026-04-25T03:15:17.9159134Z Compiling XML table /home/runner/work/flashcard-app/flashcard-app/app/build/intermediates/incremental/debug/mergeDebugResources/merged.dir/values-uz/values-uz.xml to /home/runner/work/flashcard-app/flashcard-app/app/build/intermediates/merged_res/debug/mergeDebugResources/values-uz_values-uz.arsc.flat
2026-04-25T03:15:17.9163200Z Compiling XML table /home/runner/work/flashcard-app/flashcard-app/app/build/intermediates/incremental/debug/mergeDebugResources/merged.dir/values-is/values-is.xml to /home/runner/work/flashcard-app/flashcard-app/app/build/intermediates/merged_res/debug/mergeDebugResources/values-is_values-is.arsc.flat
2026-04-25T03:15:17.9167102Z Compiling XML table /home/runner/work/flashcard-app/flashcard-app/app/build/intermediates/incremental/debug/mergeDebugResources/merged.dir/values-it/values-it.xml to /home/runner/work/flashcard-app/flashcard-app/app/build/intermediates/merged_res/debug/mergeDebugResources/values-it_values-it.arsc.flat
2026-04-25T03:15:17.9170912Z Compiling XML table /home/runner/work/flashcard-app/flashcard-app/app/build/intermediates/incremental/debug/mergeDebugResources/merged.dir/values-in/values-in.xml to /home/runner/work/flashcard-app/flashcard-app/app/build/intermediates/merged_res/debug/mergeDebugResources/values-in_values-in.arsc.flat
2026-04-25T03:15:17.9175287Z Compiling XML table /home/runner/work/flashcard-app/flashcard-app/app/build/intermediates/incremental/debug/mergeDebugResources/merged.dir/values-b+sr+Latn/values-b+sr+Latn.xml to /home/runner/work/flashcard-app/flashcard-app/app/build/intermediates/merged_res/debug/mergeDebugResources/values-b+sr+Latn_values-b+sr+Latn.arsc.flat
2026-04-25T03:15:17.9179415Z Compiling XML table /home/runner/work/flashcard-app/flashcard-app/app/build/intermediates/incremental/debug/mergeDebugResources/merged.dir/values-iw/values-iw.xml to /home/runner/work/flashcard-app/flashcard-app/app/build/intermediates/merged_res/debug/mergeDebugResources/values-iw_values-iw.arsc.flat
2026-04-25T03:15:17.9183625Z Compiling XML table /home/runner/work/flashcard-app/flashcard-app/app/build/intermediates/incremental/debug/mergeDebugResources/merged.dir/values-zh-rHK/values-zh-rHK.xml to /home/runner/work/flashcard-app/flashcard-app/app/build/intermediates/merged_res/debug/mergeDebugResources/values-zh-rHK_values-zh-rHK.arsc.flat
2026-04-25T03:15:17.9187619Z Compiling XML table /home/runner/work/flashcard-app/flashcard-app/app/build/intermediates/incremental/debug/mergeDebugResources/merged.dir/values-eu/values-eu.xml to /home/runner/work/flashcard-app/flashcard-app/app/build/intermediates/merged_res/debug/mergeDebugResources/values-eu_values-eu.arsc.flat
2026-04-25T03:15:17.9191501Z Compiling XML table /home/runner/work/flashcard-app/flashcard-app/app/build/intermediates/incremental/debug/mergeDebugResources/merged.dir/values-ar/values-ar.xml to /home/runner/work/flashcard-app/flashcard-app/app/build/intermediates/merged_res/debug/mergeDebugResources/values-ar_values-ar.arsc.flat
2026-04-25T03:15:17.9195507Z Compiling XML table /home/runner/work/flashcard-app/flashcard-app/app/build/intermediates/incremental/debug/mergeDebugResources/merged.dir/values-am/values-am.xml to /home/runner/work/flashcard-app/flashcard-app/app/build/intermediates/merged_res/debug/mergeDebugResources/values-am_values-am.arsc.flat
2026-04-25T03:15:17.9199388Z Compiling XML table /home/runner/work/flashcard-app/flashcard-app/app/build/intermediates/incremental/debug/mergeDebugResources/merged.dir/values-es-rUS/values-es-rUS.xml to /home/runner/work/flashcard-app/flashcard-app/app/build/intermediates/merged_res/debug/mergeDebugResources/values-es-rUS_values-es-rUS.arsc.flat
2026-04-25T03:15:17.9204097Z Compiling XML table /home/runner/work/flashcard-app/flashcard-app/app/build/intermediates/incremental/debug/mergeDebugResources/merged.dir/values-nb/values-nb.xml to /home/runner/work/flashcard-app/flashcard-app/app/build/intermediates/merged_res/debug/mergeDebugResources/values-nb_values-nb.arsc.flat
2026-04-25T03:15:17.9207958Z Compiling XML table /home/runner/work/flashcard-app/flashcard-app/app/build/intermediates/incremental/debug/mergeDebugResources/merged.dir/values-et/values-et.xml to /home/runner/work/flashcard-app/flashcard-app/app/build/intermediates/merged_res/debug/mergeDebugResources/values-et_values-et.arsc.flat
2026-04-25T03:15:17.9211927Z Compiling XML table /home/runner/work/flashcard-app/flashcard-app/app/build/intermediates/incremental/debug/mergeDebugResources/merged.dir/values-az/values-az.xml to /home/runner/work/flashcard-app/flashcard-app/app/build/intermediates/merged_res/debug/mergeDebugResources/values-az_values-az.arsc.flat
2026-04-25T03:15:17.9215832Z Compiling XML table /home/runner/work/flashcard-app/flashcard-app/app/build/intermediates/incremental/debug/mergeDebugResources/merged.dir/values-pt-rPT/values-pt-rPT.xml to /home/runner/work/flashcard-app/flashcard-app/app/build/intermediates/merged_res/debug/mergeDebugResources/values-pt-rPT_values-pt-rPT.arsc.flat
2026-04-25T03:15:17.9219910Z Compiling XML table /home/runner/work/flashcard-app/flashcard-app/app/build/intermediates/incremental/debug/mergeDebugResources/merged.dir/values-vi/values-vi.xml to /home/runner/work/flashcard-app/flashcard-app/app/build/intermediates/merged_res/debug/mergeDebugResources/values-vi_values-vi.arsc.flat
2026-04-25T03:15:17.9223928Z Compiling XML table /home/runner/work/flashcard-app/flashcard-app/app/build/intermediates/incremental/debug/mergeDebugResources/merged.dir/values-ro/values-ro.xml to /home/runner/work/flashcard-app/flashcard-app/app/build/intermediates/merged_res/debug/mergeDebugResources/values-ro_values-ro.arsc.flat
2026-04-25T03:15:17.9227797Z Compiling XML table /home/runner/work/flashcard-app/flashcard-app/app/build/intermediates/incremental/debug/mergeDebugResources/merged.dir/values-nl/values-nl.xml to /home/runner/work/flashcard-app/flashcard-app/app/build/intermediates/merged_res/debug/mergeDebugResources/values-nl_values-nl.arsc.flat
2026-04-25T03:15:17.9231889Z Compiling XML table /home/runner/work/flashcard-app/flashcard-app/app/build/intermediates/incremental/debug/mergeDebugResources/merged.dir/values-ne/values-ne.xml to /home/runner/work/flashcard-app/flashcard-app/app/build/intermediates/merged_res/debug/mergeDebugResources/values-ne_values-ne.arsc.flat
2026-04-25T03:15:17.9235698Z Compiling XML table /home/runner/work/flashcard-app/flashcard-app/app/build/intermediates/incremental/debug/mergeDebugResources/merged.dir/values-fi/values-fi.xml to /home/runner/work/flashcard-app/flashcard-app/app/build/intermediates/merged_res/debug/mergeDebugResources/values-fi_values-fi.arsc.flat
2026-04-25T03:15:17.9238935Z Compiling XML table /home/runner/work/flashcard-app/flashcard-app/app/build/intermediates/incremental/debug/mergeDebugResources/merged.dir/values-ru/values-ru.xml to /home/runner/work/flashcard-app/flashcard-app/app/build/intermediates/merged_res/debug/mergeDebugResources/values-ru_values-ru.arsc.flat
2026-04-25T03:15:17.9242470Z Compiling XML table /home/runner/work/flashcard-app/flashcard-app/app/build/intermediates/incremental/debug/mergeDebugResources/merged.dir/values-fr/values-fr.xml to /home/runner/work/flashcard-app/flashcard-app/app/build/intermediates/merged_res/debug/mergeDebugResources/values-fr_values-fr.arsc.flat
2026-04-25T03:15:17.9244477Z Compiling XML table /home/runner/work/flashcard-app/flashcard-app/app/build/intermediates/incremental/debug/mergeDebugResources/merged.dir/values-bn/values-bn.xml to /home/runner/work/flashcard-app/flashcard-app/app/build/intermediates/merged_res/debug/mergeDebugResources/values-bn_values-bn.arsc.flat
2026-04-25T03:15:17.9246859Z Compiling XML table /home/runner/work/flashcard-app/flashcard-app/app/build/intermediates/incremental/debug/mergeDebugResources/merged.dir/values-zu/values-zu.xml to /home/runner/work/flashcard-app/flashcard-app/app/build/intermediates/merged_res/debug/mergeDebugResources/values-zu_values-zu.arsc.flat
2026-04-25T03:15:17.9248920Z Compiling XML table /home/runner/work/flashcard-app/flashcard-app/app/build/intermediates/incremental/debug/mergeDebugResources/merged.dir/values-en-rGB/values-en-rGB.xml to /home/runner/work/flashcard-app/flashcard-app/app/build/intermediates/merged_res/debug/mergeDebugResources/values-en-rGB_values-en-rGB.arsc.flat
2026-04-25T03:15:17.9251195Z Compiling XML table /home/runner/work/flashcard-app/flashcard-app/app/build/intermediates/incremental/debug/mergeDebugResources/merged.dir/values-ka/values-ka.xml to /home/runner/work/flashcard-app/flashcard-app/app/build/intermediates/merged_res/debug/mergeDebugResources/values-ka_values-ka.arsc.flat
2026-04-25T03:15:17.9253450Z Compiling XML table /home/runner/work/flashcard-app/flashcard-app/app/build/intermediates/incremental/debug/mergeDebugResources/merged.dir/values-be/values-be.xml to /home/runner/work/flashcard-app/flashcard-app/app/build/intermediates/merged_res/debug/mergeDebugResources/values-be_values-be.arsc.flat
2026-04-25T03:15:17.9255440Z Compiling XML table /home/runner/work/flashcard-app/flashcard-app/app/build/intermediates/incremental/debug/mergeDebugResources/merged.dir/values-sl/values-sl.xml to /home/runner/work/flashcard-app/flashcard-app/app/build/intermediates/merged_res/debug/mergeDebugResources/values-sl_values-sl.arsc.flat
2026-04-25T03:15:17.9257416Z Compiling XML table /home/runner/work/flashcard-app/flashcard-app/app/build/intermediates/incremental/debug/mergeDebugResources/merged.dir/values-sq/values-sq.xml to /home/runner/work/flashcard-app/flashcard-app/app/build/intermediates/merged_res/debug/mergeDebugResources/values-sq_values-sq.arsc.flat
2026-04-25T03:15:17.9259492Z Compiling XML table /home/runner/work/flashcard-app/flashcard-app/app/build/intermediates/incremental/debug/mergeDebugResources/merged.dir/values-bg/values-bg.xml to /home/runner/work/flashcard-app/flashcard-app/app/build/intermediates/merged_res/debug/mergeDebugResources/values-bg_values-bg.arsc.flat
2026-04-25T03:15:17.9261499Z Compiling XML table /home/runner/work/flashcard-app/flashcard-app/app/build/intermediates/incremental/debug/mergeDebugResources/merged.dir/values-km/values-km.xml to /home/runner/work/flashcard-app/flashcard-app/app/build/intermediates/merged_res/debug/mergeDebugResources/values-km_values-km.arsc.flat
2026-04-25T03:15:17.9263631Z Compiling XML table /home/runner/work/flashcard-app/flashcard-app/app/build/intermediates/incremental/debug/mergeDebugResources/merged.dir/values-kk/values-kk.xml to /home/runner/work/flashcard-app/flashcard-app/app/build/intermediates/merged_res/debug/mergeDebugResources/values-kk_values-kk.arsc.flat
2026-04-25T03:15:17.9265616Z Compiling XML table /home/runner/work/flashcard-app/flashcard-app/app/build/intermediates/incremental/debug/mergeDebugResources/merged.dir/values-bs/values-bs.xml to /home/runner/work/flashcard-app/flashcard-app/app/build/intermediates/merged_res/debug/mergeDebugResources/values-bs_values-bs.arsc.flat
2026-04-25T03:15:17.9267617Z Compiling XML table /home/runner/work/flashcard-app/flashcard-app/app/build/intermediates/incremental/debug/mergeDebugResources/merged.dir/values-or/values-or.xml to /home/runner/work/flashcard-app/flashcard-app/app/build/intermediates/merged_res/debug/mergeDebugResources/values-or_values-or.arsc.flat
2026-04-25T03:15:17.9269586Z Compiling XML table /home/runner/work/flashcard-app/flashcard-app/app/build/intermediates/incremental/debug/mergeDebugResources/merged.dir/values-sk/values-sk.xml to /home/runner/work/flashcard-app/flashcard-app/app/build/intermediates/merged_res/debug/mergeDebugResources/values-sk_values-sk.arsc.flat
2026-04-25T03:15:17.9271639Z Compiling XML table /home/runner/work/flashcard-app/flashcard-app/app/build/intermediates/incremental/debug/mergeDebugResources/merged.dir/values-ko/values-ko.xml to /home/runner/work/flashcard-app/flashcard-app/app/build/intermediates/merged_res/debug/mergeDebugResources/values-ko_values-ko.arsc.flat
2026-04-25T03:15:17.9273911Z Compiling XML table /home/runner/work/flashcard-app/flashcard-app/app/build/intermediates/incremental/debug/mergeDebugResources/merged.dir/values-ky/values-ky.xml to /home/runner/work/flashcard-app/flashcard-app/app/build/intermediates/merged_res/debug/mergeDebugResources/values-ky_values-ky.arsc.flat
2026-04-25T03:15:17.9275884Z Compiling XML table /home/runner/work/flashcard-app/flashcard-app/app/build/intermediates/incremental/debug/mergeDebugResources/merged.dir/values-ta/values-ta.xml to /home/runner/work/flashcard-app/flashcard-app/app/build/intermediates/merged_res/debug/mergeDebugResources/values-ta_values-ta.arsc.flat
2026-04-25T03:15:17.9277858Z Compiling XML table /home/runner/work/flashcard-app/flashcard-app/app/build/intermediates/incremental/debug/mergeDebugResources/merged.dir/values-sr/values-sr.xml to /home/runner/work/flashcard-app/flashcard-app/app/build/intermediates/merged_res/debug/mergeDebugResources/values-sr_values-sr.arsc.flat
2026-04-25T03:15:17.9279893Z Compiling XML table /home/runner/work/flashcard-app/flashcard-app/app/build/intermediates/incremental/debug/mergeDebugResources/merged.dir/values-te/values-te.xml to /home/runner/work/flashcard-app/flashcard-app/app/build/intermediates/merged_res/debug/mergeDebugResources/values-te_values-te.arsc.flat
2026-04-25T03:15:17.9281959Z Compiling XML table /home/runner/work/flashcard-app/flashcard-app/app/build/intermediates/incremental/debug/mergeDebugResources/merged.dir/values-cs/values-cs.xml to /home/runner/work/flashcard-app/flashcard-app/app/build/intermediates/merged_res/debug/mergeDebugResources/values-cs_values-cs.arsc.flat
2026-04-25T03:15:17.9283947Z Compiling XML table /home/runner/work/flashcard-app/flashcard-app/app/build/intermediates/incremental/debug/mergeDebugResources/merged.dir/values-pl/values-pl.xml to /home/runner/work/flashcard-app/flashcard-app/app/build/intermediates/merged_res/debug/mergeDebugResources/values-pl_values-pl.arsc.flat
2026-04-25T03:15:17.9285937Z Compiling XML table /home/runner/work/flashcard-app/flashcard-app/app/build/intermediates/incremental/debug/mergeDebugResources/merged.dir/values-kn/values-kn.xml to /home/runner/work/flashcard-app/flashcard-app/app/build/intermediates/merged_res/debug/mergeDebugResources/values-kn_values-kn.arsc.flat
2026-04-25T03:15:17.9287903Z Compiling XML table /home/runner/work/flashcard-app/flashcard-app/app/build/intermediates/incremental/debug/mergeDebugResources/merged.dir/values-tl/values-tl.xml to /home/runner/work/flashcard-app/flashcard-app/app/build/intermediates/merged_res/debug/mergeDebugResources/values-tl_values-tl.arsc.flat
2026-04-25T03:15:17.9289884Z Compiling XML table /home/runner/work/flashcard-app/flashcard-app/app/build/intermediates/incremental/debug/mergeDebugResources/merged.dir/values-gl/values-gl.xml to /home/runner/work/flashcard-app/flashcard-app/app/build/intermediates/merged_res/debug/mergeDebugResources/values-gl_values-gl.arsc.flat
2026-04-25T03:15:17.9292069Z Compiling XML table /home/runner/work/flashcard-app/flashcard-app/app/build/intermediates/incremental/debug/mergeDebugResources/merged.dir/values-lo/values-lo.xml to /home/runner/work/flashcard-app/flashcard-app/app/build/intermediates/merged_res/debug/mergeDebugResources/values-lo_values-lo.arsc.flat
2026-04-25T03:15:17.9294146Z Compiling XML table /home/runner/work/flashcard-app/flashcard-app/app/build/intermediates/incremental/debug/mergeDebugResources/merged.dir/values-en-rAU/values-en-rAU.xml to /home/runner/work/flashcard-app/flashcard-app/app/build/intermediates/merged_res/debug/mergeDebugResources/values-en-rAU_values-en-rAU.arsc.flat
2026-04-25T03:15:17.9296194Z Compiling XML table /home/runner/work/flashcard-app/flashcard-app/app/build/intermediates/incremental/debug/mergeDebugResources/merged.dir/values-lv/values-lv.xml to /home/runner/work/flashcard-app/flashcard-app/app/build/intermediates/merged_res/debug/mergeDebugResources/values-lv_values-lv.arsc.flat
2026-04-25T03:15:17.9298494Z Compiling XML table /home/runner/work/flashcard-app/flashcard-app/app/build/intermediates/incremental/debug/mergeDebugResources/merged.dir/values-pt-rBR/values-pt-rBR.xml to /home/runner/work/flashcard-app/flashcard-app/app/build/intermediates/merged_res/debug/mergeDebugResources/values-pt-rBR_values-pt-rBR.arsc.flat
2026-04-25T03:15:17.9300545Z Compiling XML table /home/runner/work/flashcard-app/flashcard-app/app/build/intermediates/incremental/debug/mergeDebugResources/merged.dir/values-th/values-th.xml to /home/runner/work/flashcard-app/flashcard-app/app/build/intermediates/merged_res/debug/mergeDebugResources/values-th_values-th.arsc.flat
2026-04-25T03:15:17.9302665Z Compiling XML table /home/runner/work/flashcard-app/flashcard-app/app/build/intermediates/incremental/debug/mergeDebugResources/merged.dir/values-uk/values-uk.xml to /home/runner/work/flashcard-app/flashcard-app/app/build/intermediates/merged_res/debug/mergeDebugResources/values-uk_values-uk.arsc.flat
2026-04-25T03:15:17.9304655Z Compiling XML table /home/runner/work/flashcard-app/flashcard-app/app/build/intermediates/incremental/debug/mergeDebugResources/merged.dir/values-mn/values-mn.xml to /home/runner/work/flashcard-app/flashcard-app/app/build/intermediates/merged_res/debug/mergeDebugResources/values-mn_values-mn.arsc.flat
2026-04-25T03:15:17.9306621Z Compiling XML table /home/runner/work/flashcard-app/flashcard-app/app/build/intermediates/incremental/debug/mergeDebugResources/merged.dir/values-tr/values-tr.xml to /home/runner/work/flashcard-app/flashcard-app/app/build/intermediates/merged_res/debug/mergeDebugResources/values-tr_values-tr.arsc.flat
2026-04-25T03:15:17.9308653Z Compiling XML table /home/runner/work/flashcard-app/flashcard-app/app/build/intermediates/incremental/debug/mergeDebugResources/merged.dir/values-fr-rCA/values-fr-rCA.xml to /home/runner/work/flashcard-app/flashcard-app/app/build/intermediates/merged_res/debug/mergeDebugResources/values-fr-rCA_values-fr-rCA.arsc.flat
2026-04-25T03:15:17.9310758Z Compiling XML table /home/runner/work/flashcard-app/flashcard-app/app/build/intermediates/incremental/debug/mergeDebugResources/merged.dir/values-zh-rTW/values-zh-rTW.xml to /home/runner/work/flashcard-app/flashcard-app/app/build/intermediates/merged_res/debug/mergeDebugResources/values-zh-rTW_values-zh-rTW.arsc.flat
2026-04-25T03:15:17.9312914Z Compiling XML table /home/runner/work/flashcard-app/flashcard-app/app/build/intermediates/incremental/debug/mergeDebugResources/merged.dir/values-my/values-my.xml to /home/runner/work/flashcard-app/flashcard-app/app/build/intermediates/merged_res/debug/mergeDebugResources/values-my_values-my.arsc.flat
2026-04-25T03:15:17.9314897Z Compiling XML table /home/runner/work/flashcard-app/flashcard-app/app/build/intermediates/incremental/debug/mergeDebugResources/merged.dir/values-es/values-es.xml to /home/runner/work/flashcard-app/flashcard-app/app/build/intermediates/merged_res/debug/mergeDebugResources/values-es_values-es.arsc.flat
2026-04-25T03:15:17.9316885Z Compiling XML table /home/runner/work/flashcard-app/flashcard-app/app/build/intermediates/incremental/debug/mergeDebugResources/merged.dir/values-as/values-as.xml to /home/runner/work/flashcard-app/flashcard-app/app/build/intermediates/merged_res/debug/mergeDebugResources/values-as_values-as.arsc.flat
2026-04-25T03:15:17.9318845Z Compiling XML table /home/runner/work/flashcard-app/flashcard-app/app/build/intermediates/incremental/debug/mergeDebugResources/merged.dir/values-ja/values-ja.xml to /home/runner/work/flashcard-app/flashcard-app/app/build/intermediates/merged_res/debug/mergeDebugResources/values-ja_values-ja.arsc.flat
2026-04-25T03:15:17.9320819Z Compiling XML table /home/runner/work/flashcard-app/flashcard-app/app/build/intermediates/incremental/debug/mergeDebugResources/merged.dir/values-fa/values-fa.xml to /home/runner/work/flashcard-app/flashcard-app/app/build/intermediates/merged_res/debug/mergeDebugResources/values-fa_values-fa.arsc.flat
2026-04-25T03:15:17.9323347Z Compiling XML table /home/runner/work/flashcard-app/flashcard-app/app/build/intermediates/incremental/debug/mergeDebugResources/merged.dir/values-zh-rCN/values-zh-rCN.xml to /home/runner/work/flashcard-app/flashcard-app/app/build/intermediates/merged_res/debug/mergeDebugResources/values-zh-rCN_values-zh-rCN.arsc.flat
2026-04-25T03:15:17.9325483Z Compiling XML table /home/runner/work/flashcard-app/flashcard-app/app/build/intermediates/incremental/debug/mergeDebugResources/merged.dir/values-en-rXC/values-en-rXC.xml to /home/runner/work/flashcard-app/flashcard-app/app/build/intermediates/merged_res/debug/mergeDebugResources/values-en-rXC_values-en-rXC.arsc.flat
2026-04-25T03:15:17.9327570Z Compiling XML table /home/runner/work/flashcard-app/flashcard-app/app/build/intermediates/incremental/debug/mergeDebugResources/merged.dir/values-en-rCA/values-en-rCA.xml to /home/runner/work/flashcard-app/flashcard-app/app/build/intermediates/merged_res/debug/mergeDebugResources/values-en-rCA_values-en-rCA.arsc.flat
2026-04-25T03:15:17.9329629Z Compiling XML table /home/runner/work/flashcard-app/flashcard-app/app/build/intermediates/incremental/debug/mergeDebugResources/merged.dir/values-si/values-si.xml to /home/runner/work/flashcard-app/flashcard-app/app/build/intermediates/merged_res/debug/mergeDebugResources/values-si_values-si.arsc.flat
2026-04-25T03:15:17.9331834Z Compiling XML table /home/runner/work/flashcard-app/flashcard-app/app/build/intermediates/incremental/debug/mergeDebugResources/merged.dir/values-ca/values-ca.xml to /home/runner/work/flashcard-app/flashcard-app/app/build/intermediates/merged_res/debug/mergeDebugResources/values-ca_values-ca.arsc.flat
2026-04-25T03:15:17.9334199Z Compiling XML table /home/runner/work/flashcard-app/flashcard-app/app/build/intermediates/incremental/debug/mergeDebugResources/merged.dir/values-sv/values-sv.xml to /home/runner/work/flashcard-app/flashcard-app/app/build/intermediates/merged_res/debug/mergeDebugResources/values-sv_values-sv.arsc.flat
2026-04-25T03:15:17.9336194Z Compiling XML table /home/runner/work/flashcard-app/flashcard-app/app/build/intermediates/incremental/debug/mergeDebugResources/merged.dir/values-sw/values-sw.xml to /home/runner/work/flashcard-app/flashcard-app/app/build/intermediates/merged_res/debug/mergeDebugResources/values-sw_values-sw.arsc.flat
2026-04-25T03:15:17.9338163Z Compiling XML table /home/runner/work/flashcard-app/flashcard-app/app/build/intermediates/incremental/debug/mergeDebugResources/merged.dir/values-gu/values-gu.xml to /home/runner/work/flashcard-app/flashcard-app/app/build/intermediates/merged_res/debug/mergeDebugResources/values-gu_values-gu.arsc.flat
2026-04-25T03:15:17.9340204Z Compiling XML table /home/runner/work/flashcard-app/flashcard-app/app/build/intermediates/incremental/debug/mergeDebugResources/merged.dir/values-pa/values-pa.xml to /home/runner/work/flashcard-app/flashcard-app/app/build/intermediates/merged_res/debug/mergeDebugResources/values-pa_values-pa.arsc.flat
2026-04-25T03:15:17.9342344Z Compiling XML table /home/runner/work/flashcard-app/flashcard-app/app/build/intermediates/incremental/debug/mergeDebugResources/merged.dir/values-da/values-da.xml to /home/runner/work/flashcard-app/flashcard-app/app/build/intermediates/merged_res/debug/mergeDebugResources/values-da_values-da.arsc.flat
2026-04-25T03:15:17.9343670Z Stored cache entry for task ':app:mergeDebugResources' with cache key 370635b318a25d7bb66f3070d185f8ba
2026-04-25T03:15:18.1124592Z Resolve mutations for :app:createDebugCompatibleScreenManifests (Thread[included builds,5,main]) started.
2026-04-25T03:15:18.1183075Z :app:createDebugCompatibleScreenManifests (Thread[Execution worker Thread 3,5,main]) started.
2026-04-25T03:15:18.1212042Z 
2026-04-25T03:15:18.1238885Z > Task :app:createDebugCompatibleScreenManifests
2026-04-25T03:15:18.1268448Z Caching disabled for task ':app:createDebugCompatibleScreenManifests' because:
2026-04-25T03:15:18.1333929Z   Caching has been disabled for the task
2026-04-25T03:15:18.1361142Z Task ':app:createDebugCompatibleScreenManifests' is not up-to-date because:
2026-04-25T03:15:18.1387536Z   No history is available.
2026-04-25T03:15:18.1432843Z Resolve mutations for :app:extractDeepLinksDebug (Thread[Execution worker Thread 3,5,main]) started.
2026-04-25T03:15:18.1447090Z :app:extractDeepLinksDebug (Thread[Execution worker Thread 3,5,main]) started.
2026-04-25T03:15:18.1456293Z 
2026-04-25T03:15:18.1493762Z > Task :app:extractDeepLinksDebug
2026-04-25T03:15:18.1503249Z Build cache key for task ':app:extractDeepLinksDebug' is 3e53aeee61b486b3b4c58537cd6ba963
2026-04-25T03:15:18.1528226Z Task ':app:extractDeepLinksDebug' is not up-to-date because:
2026-04-25T03:15:18.1547525Z   No history is available.
2026-04-25T03:15:18.1548322Z Stored cache entry for task ':app:extractDeepLinksDebug' with cache key 3e53aeee61b486b3b4c58537cd6ba963
2026-04-25T03:15:18.1549501Z Resolve mutations for :app:processDebugMainManifest (Thread[Execution worker Thread 3,5,main]) started.
2026-04-25T03:15:18.1550568Z :app:processDebugMainManifest (Thread[Execution worker Thread 3,5,main]) started.
2026-04-25T03:15:18.2095215Z 
2026-04-25T03:15:18.2096393Z > Task :app:parseDebugLocalResources
2026-04-25T03:15:18.2097276Z Transforming android.jar with PlatformAttrTransform
2026-04-25T03:15:18.2097901Z Transforming android.jar with PlatformAttrTransform
2026-04-25T03:15:18.2098425Z Transforming android.jar with PlatformAttrTransform
2026-04-25T03:15:18.2099453Z Build cache key for PlatformAttrTransform: /usr/local/lib/android/sdk/platforms/android-36/android.jar is 05574b74ea99823886b93eafbb2151e5
2026-04-25T03:15:18.2101017Z Stored cache entry for PlatformAttrTransform: /usr/local/lib/android/sdk/platforms/android-36/android.jar with cache key 05574b74ea99823886b93eafbb2151e5
2026-04-25T03:15:18.2102447Z Transforming android.jar with PlatformAttrTransform
2026-04-25T03:15:18.2102996Z Transforming android.jar with PlatformAttrTransform
2026-04-25T03:15:18.2103525Z Transforming android.jar with PlatformAttrTransform
2026-04-25T03:15:18.2105344Z Build cache key for task ':app:parseDebugLocalResources' is bdfaa797ec0c711e10601e8cf69e0f77
2026-04-25T03:15:18.2106163Z Task ':app:parseDebugLocalResources' is not up-to-date because:
2026-04-25T03:15:18.2106708Z   No history is available.
2026-04-25T03:15:18.2107344Z The input changes require a full rebuild for incremental task ':app:parseDebugLocalResources'.
2026-04-25T03:15:18.2108109Z Transforming android.jar with PlatformAttrTransform
2026-04-25T03:15:18.2108644Z Transforming android.jar with PlatformAttrTransform
2026-04-25T03:15:18.2109154Z Transforming android.jar with PlatformAttrTransform
2026-04-25T03:15:18.2109977Z Stored cache entry for task ':app:parseDebugLocalResources' with cache key bdfaa797ec0c711e10601e8cf69e0f77
2026-04-25T03:15:18.4086257Z 
2026-04-25T03:15:18.4087272Z > Task :app:processDebugMainManifest
2026-04-25T03:15:18.4102396Z Transforming navigationevent.aar (androidx.navigationevent:navigationevent-android:1.0.0) with JetifyTransform
2026-04-25T03:15:18.4107010Z Transforming navigationevent.aar (androidx.navigationevent:navigationevent-android:1.0.0) with ExtractAarTransform
2026-04-25T03:15:18.4108675Z Transforming navigationevent.aar (androidx.navigationevent:navigationevent-android:1.0.0) with AarTransform
2026-04-25T03:15:18.4110903Z Transforming navigationevent-compose.aar (androidx.navigationevent:navigationevent-compose-android:1.0.0) with JetifyTransform
2026-04-25T03:15:18.4112737Z Transforming navigationevent-compose.aar (androidx.navigationevent:navigationevent-compose-android:1.0.0) with ExtractAarTransform
2026-04-25T03:15:18.4114411Z Transforming navigationevent-compose.aar (androidx.navigationevent:navigationevent-compose-android:1.0.0) with AarTransform
2026-04-25T03:15:18.4115887Z Transforming material3-release.aar (androidx.compose.material3:material3-android:1.2.1) with JetifyTransform
2026-04-25T03:15:18.4117302Z Transforming material3-release.aar (androidx.compose.material3:material3-android:1.2.1) with ExtractAarTransform
2026-04-25T03:15:18.4119178Z Transforming material3-release.aar (androidx.compose.material3:material3-android:1.2.1) with AarTransform
2026-04-25T03:15:18.4120698Z Transforming ui-tooling-data.aar (androidx.compose.ui:ui-tooling-data-android:1.9.2) with JetifyTransform
2026-04-25T03:15:18.4122199Z Transforming ui-tooling-data.aar (androidx.compose.ui:ui-tooling-data-android:1.9.2) with ExtractAarTransform
2026-04-25T03:15:18.4123505Z Transforming ui-tooling-data.aar (androidx.compose.ui:ui-tooling-data-android:1.9.2) with AarTransform
2026-04-25T03:15:18.4124905Z Transforming foundation-layout.aar (androidx.compose.foundation:foundation-layout-android:1.9.2) with JetifyTransform
2026-04-25T03:15:18.4126441Z Transforming foundation-layout.aar (androidx.compose.foundation:foundation-layout-android:1.9.2) with ExtractAarTransform
2026-04-25T03:15:18.4127936Z Transforming foundation-layout.aar (androidx.compose.foundation:foundation-layout-android:1.9.2) with AarTransform
2026-04-25T03:15:18.4129378Z Transforming foundation-release.aar (androidx.compose.foundation:foundation-android:1.9.2) with JetifyTransform
2026-04-25T03:15:18.4130821Z Transforming foundation-release.aar (androidx.compose.foundation:foundation-android:1.9.2) with ExtractAarTransform
2026-04-25T03:15:18.4132301Z Transforming foundation-release.aar (androidx.compose.foundation:foundation-android:1.9.2) with AarTransform
2026-04-25T03:15:18.4133459Z Transforming animation.aar (androidx.compose.animation:animation-android:1.9.2) with JetifyTransform
2026-04-25T03:15:18.4134664Z Transforming animation.aar (androidx.compose.animation:animation-android:1.9.2) with ExtractAarTransform
2026-04-25T03:15:18.4135907Z Transforming animation.aar (androidx.compose.animation:animation-android:1.9.2) with AarTransform
2026-04-25T03:15:18.4137208Z Transforming animation-core.aar (androidx.compose.animation:animation-core-android:1.9.2) with JetifyTransform
2026-04-25T03:15:18.4138632Z Transforming animation-core.aar (androidx.compose.animation:animation-core-android:1.9.2) with ExtractAarTransform
2026-04-25T03:15:18.4140042Z Transforming animation-core.aar (androidx.compose.animation:animation-core-android:1.9.2) with AarTransform
2026-04-25T03:15:18.4141293Z Transforming ui-unit.aar (androidx.compose.ui:ui-unit-android:1.9.2) with JetifyTransform
2026-04-25T03:15:18.4142646Z Transforming ui-unit.aar (androidx.compose.ui:ui-unit-android:1.9.2) with ExtractAarTransform
2026-04-25T03:15:18.4143786Z Transforming ui-unit.aar (androidx.compose.ui:ui-unit-android:1.9.2) with AarTransform
2026-04-25T03:15:18.4145049Z Transforming ui-geometry.aar (androidx.compose.ui:ui-geometry-android:1.9.2) with JetifyTransform
2026-04-25T03:15:18.4146337Z Transforming ui-geometry.aar (androidx.compose.ui:ui-geometry-android:1.9.2) with ExtractAarTransform
2026-04-25T03:15:18.4147564Z Transforming ui-geometry.aar (androidx.compose.ui:ui-geometry-android:1.9.2) with AarTransform
2026-04-25T03:15:18.4148922Z Transforming ui-tooling-preview.aar (androidx.compose.ui:ui-tooling-preview-android:1.9.2) with JetifyTransform
2026-04-25T03:15:18.4150360Z Transforming ui-tooling-preview.aar (androidx.compose.ui:ui-tooling-preview-android:1.9.2) with ExtractAarTransform
2026-04-25T03:15:18.4151996Z Transforming ui-tooling-preview.aar (androidx.compose.ui:ui-tooling-preview-android:1.9.2) with AarTransform
2026-04-25T03:15:18.4153271Z Transforming ui-util.aar (androidx.compose.ui:ui-util-android:1.9.2) with JetifyTransform
2026-04-25T03:15:18.4154397Z Transforming ui-util.aar (androidx.compose.ui:ui-util-android:1.9.2) with ExtractAarTransform
2026-04-25T03:15:18.4155507Z Transforming ui-util.aar (androidx.compose.ui:ui-util-android:1.9.2) with AarTransform
2026-04-25T03:15:18.4156566Z Transforming ui-text.aar (androidx.compose.ui:ui-text-android:1.9.2) with JetifyTransform
2026-04-25T03:15:18.4157700Z Transforming ui-text.aar (androidx.compose.ui:ui-text-android:1.9.2) with ExtractAarTransform
2026-04-25T03:15:18.4159120Z Transforming ui-text.aar (androidx.compose.ui:ui-text-android:1.9.2) with AarTransform
2026-04-25T03:15:18.4160491Z Transforming ui-graphics-release.aar (androidx.compose.ui:ui-graphics-android:1.9.2) with JetifyTransform
2026-04-25T03:15:18.4162332Z Transforming ui-graphics-release.aar (androidx.compose.ui:ui-graphics-android:1.9.2) with ExtractAarTransform
2026-04-25T03:15:18.4163574Z Transforming ui-graphics-release.aar (androidx.compose.ui:ui-graphics-android:1.9.2) with AarTransform
2026-04-25T03:15:18.4164647Z Transforming ui-tooling.aar (androidx.compose.ui:ui-tooling-android:1.9.2) with JetifyTransform
2026-04-25T03:15:18.4165684Z Transforming ui-tooling.aar (androidx.compose.ui:ui-tooling-android:1.9.2) with ExtractAarTransform
2026-04-25T03:15:18.4166680Z Transforming ui-tooling.aar (androidx.compose.ui:ui-tooling-android:1.9.2) with AarTransform
2026-04-25T03:15:18.4167719Z Transforming material-release.aar (androidx.compose.material:material-android:1.6.8) with JetifyTransform
2026-04-25T03:15:18.4168870Z Transforming material-release.aar (androidx.compose.material:material-android:1.6.8) with ExtractAarTransform
2026-04-25T03:15:18.4169996Z Transforming material-release.aar (androidx.compose.material:material-android:1.6.8) with AarTransform
2026-04-25T03:15:18.4171215Z Transforming material-ripple-release.aar (androidx.compose.material:material-ripple-android:1.6.8) with JetifyTransform
2026-04-25T03:15:18.4172724Z Transforming material-ripple-release.aar (androidx.compose.material:material-ripple-android:1.6.8) with ExtractAarTransform
2026-04-25T03:15:18.4174041Z Transforming material-ripple-release.aar (androidx.compose.material:material-ripple-android:1.6.8) with AarTransform
2026-04-25T03:15:18.4175356Z Transforming material-icons-core-release.aar (androidx.compose.material:material-icons-core-android:1.6.8) with JetifyTransform
2026-04-25T03:15:18.4176792Z Transforming material-icons-core-release.aar (androidx.compose.material:material-icons-core-android:1.6.8) with ExtractAarTransform
2026-04-25T03:15:18.4178217Z Transforming material-icons-core-release.aar (androidx.compose.material:material-icons-core-android:1.6.8) with AarTransform
2026-04-25T03:15:18.4179344Z Transforming ui-release.aar (androidx.compose.ui:ui-android:1.9.2) with JetifyTransform
2026-04-25T03:15:18.4180286Z Transforming ui-release.aar (androidx.compose.ui:ui-android:1.9.2) with ExtractAarTransform
2026-04-25T03:15:18.4181188Z Transforming ui-release.aar (androidx.compose.ui:ui-android:1.9.2) with AarTransform
2026-04-25T03:15:18.4233095Z Transforming ui-test-manifest-1.9.2.aar (androidx.compose.ui:ui-test-manifest:1.9.2) with JetifyTransform
2026-04-25T03:15:18.4234331Z Transforming ui-test-manifest-1.9.2.aar (androidx.compose.ui:ui-test-manifest:1.9.2) with ExtractAarTransform
2026-04-25T03:15:18.4235487Z Transforming ui-test-manifest-1.9.2.aar (androidx.compose.ui:ui-test-manifest:1.9.2) with AarTransform
2026-04-25T03:15:18.4236576Z Transforming activity-ktx-1.13.0.aar (androidx.activity:activity-ktx:1.13.0) with JetifyTransform
2026-04-25T03:15:18.4237684Z Transforming activity-ktx-1.13.0.aar (androidx.activity:activity-ktx:1.13.0) with ExtractAarTransform
2026-04-25T03:15:18.4238755Z Transforming activity-ktx-1.13.0.aar (androidx.activity:activity-ktx:1.13.0) with AarTransform
2026-04-25T03:15:18.4239765Z Transforming activity-1.13.0.aar (androidx.activity:activity:1.13.0) with JetifyTransform
2026-04-25T03:15:18.4241224Z Caching disabled for AarTransform: /home/runner/.gradle/caches/8.11.1/transforms/cb6f1b90199c63645d75112bc87b7505/transformed/jetified-navigationevent because:
2026-04-25T03:15:18.4242582Z   Caching not enabled.
2026-04-25T03:15:18.4243228Z Transforming activity-1.13.0.aar (androidx.activity:activity:1.13.0) with ExtractAarTransform
2026-04-25T03:15:18.4244281Z Transforming activity-1.13.0.aar (androidx.activity:activity:1.13.0) with AarTransform
2026-04-25T03:15:18.4245336Z Transforming activity-compose-1.13.0.aar (androidx.activity:activity-compose:1.13.0) with JetifyTransform
2026-04-25T03:15:18.4246935Z Transforming activity-compose-1.13.0.aar (androidx.activity:activity-compose:1.13.0) with ExtractAarTransform
2026-04-25T03:15:18.4248106Z Transforming activity-compose-1.13.0.aar (androidx.activity:activity-compose:1.13.0) with AarTransform
2026-04-25T03:15:18.4249373Z Transforming autofill-1.0.0.aar (androidx.autofill:autofill:1.0.0) with JetifyTransform
2026-04-25T03:15:18.4250353Z Transforming autofill-1.0.0.aar (androidx.autofill:autofill:1.0.0) with ExtractAarTransform
2026-04-25T03:15:18.4251306Z Transforming autofill-1.0.0.aar (androidx.autofill:autofill:1.0.0) with AarTransform
2026-04-25T03:15:18.4252506Z Transforming graphics-path-1.0.1.aar (androidx.graphics:graphics-path:1.0.1) with JetifyTransform
2026-04-25T03:15:18.4253595Z Transforming graphics-path-1.0.1.aar (androidx.graphics:graphics-path:1.0.1) with ExtractAarTransform
2026-04-25T03:15:18.4254662Z Transforming graphics-path-1.0.1.aar (androidx.graphics:graphics-path:1.0.1) with AarTransform
2026-04-25T03:15:18.4255594Z Transforming emoji2-1.4.0.aar (androidx.emoji2:emoji2:1.4.0) with JetifyTransform
2026-04-25T03:15:18.4256450Z Transforming emoji2-1.4.0.aar (androidx.emoji2:emoji2:1.4.0) with ExtractAarTransform
2026-04-25T03:15:18.4257299Z Transforming emoji2-1.4.0.aar (androidx.emoji2:emoji2:1.4.0) with AarTransform
2026-04-25T03:15:18.4258091Z Transforming core-1.18.0.aar (androidx.core:core:1.18.0) with JetifyTransform
2026-04-25T03:15:18.4258897Z Transforming core-1.18.0.aar (androidx.core:core:1.18.0) with ExtractAarTransform
2026-04-25T03:15:18.4259706Z Transforming core-1.18.0.aar (androidx.core:core:1.18.0) with AarTransform
2026-04-25T03:15:18.4260490Z Transforming core-1.18.0.aar (androidx.core:core:1.18.0) with JetifyTransform
2026-04-25T03:15:18.4261302Z Transforming core-1.18.0.aar (androidx.core:core:1.18.0) with ExtractAarTransform
2026-04-25T03:15:18.4292597Z Transforming core-1.18.0.aar (androidx.core:core:1.18.0) with AarTransform
2026-04-25T03:15:18.4293557Z Transforming lifecycle-process-2.9.4.aar (androidx.lifecycle:lifecycle-process:2.9.4) with JetifyTransform
2026-04-25T03:15:18.4295124Z Caching disabled for AarTransform: /home/runner/.gradle/caches/8.11.1/transforms/582a976f3ede713cacde1265effd907c/transformed/jetified-navigationevent-compose because:
2026-04-25T03:15:18.4296286Z   Caching not enabled.
2026-04-25T03:15:18.4297062Z Transforming lifecycle-process-2.9.4.aar (androidx.lifecycle:lifecycle-process:2.9.4) with ExtractAarTransform
2026-04-25T03:15:18.4298610Z Caching disabled for AarTransform: /home/runner/.gradle/caches/8.11.1/transforms/66c16c3f7f6d02b975cabce6ff0bea36/transformed/jetified-ui-tooling-data because:
2026-04-25T03:15:18.4299729Z   Caching not enabled.
2026-04-25T03:15:18.4300793Z Caching disabled for AarTransform: /home/runner/.gradle/caches/8.11.1/transforms/ad2dd3899eea144a1aa94a7a61cd2837/transformed/jetified-foundation-layout because:
2026-04-25T03:15:18.4302098Z   Caching not enabled.
2026-04-25T03:15:18.4302798Z Transforming lifecycle-process-2.9.4.aar (androidx.lifecycle:lifecycle-process:2.9.4) with AarTransform
2026-04-25T03:15:18.4304054Z Transforming lifecycle-viewmodel-ktx-2.9.4.aar (androidx.lifecycle:lifecycle-viewmodel-ktx:2.9.4) with JetifyTransform
2026-04-25T03:15:18.4305415Z Transforming lifecycle-viewmodel-ktx-2.9.4.aar (androidx.lifecycle:lifecycle-viewmodel-ktx:2.9.4) with ExtractAarTransform
2026-04-25T03:15:18.4306800Z Transforming lifecycle-viewmodel-ktx-2.9.4.aar (androidx.lifecycle:lifecycle-viewmodel-ktx:2.9.4) with AarTransform
2026-04-25T03:15:18.4308170Z Transforming lifecycle-livedata-core-2.9.4.aar (androidx.lifecycle:lifecycle-livedata-core:2.9.4) with JetifyTransform
2026-04-25T03:15:18.4309549Z Transforming lifecycle-livedata-core-2.9.4.aar (androidx.lifecycle:lifecycle-livedata-core:2.9.4) with ExtractAarTransform
2026-04-25T03:15:18.4310903Z Transforming lifecycle-livedata-core-2.9.4.aar (androidx.lifecycle:lifecycle-livedata-core:2.9.4) with AarTransform
2026-04-25T03:15:18.4312401Z Transforming lifecycle-runtime-ktx.aar (androidx.lifecycle:lifecycle-runtime-ktx-android:2.9.4) with JetifyTransform
2026-04-25T03:15:18.4314154Z Transforming lifecycle-runtime-ktx.aar (androidx.lifecycle:lifecycle-runtime-ktx-android:2.9.4) with ExtractAarTransform
2026-04-25T03:15:18.4315504Z Transforming lifecycle-runtime-ktx.aar (androidx.lifecycle:lifecycle-runtime-ktx-android:2.9.4) with AarTransform
2026-04-25T03:15:18.4317049Z Transforming lifecycle-viewmodel-release.aar (androidx.lifecycle:lifecycle-viewmodel-android:2.9.4) with JetifyTransform
2026-04-25T03:15:18.4318549Z Transforming lifecycle-viewmodel-release.aar (androidx.lifecycle:lifecycle-viewmodel-android:2.9.4) with ExtractAarTransform
2026-04-25T03:15:18.4319978Z Transforming lifecycle-viewmodel-release.aar (androidx.lifecycle:lifecycle-viewmodel-android:2.9.4) with AarTransform
2026-04-25T03:15:18.4321395Z Transforming runtime-annotation.aar (androidx.compose.runtime:runtime-annotation-android:1.9.2) with JetifyTransform
2026-04-25T03:15:18.4322939Z Transforming runtime-annotation.aar (androidx.compose.runtime:runtime-annotation-android:1.9.2) with ExtractAarTransform
2026-04-25T03:15:18.4324331Z Transforming runtime-annotation.aar (androidx.compose.runtime:runtime-annotation-android:1.9.2) with AarTransform
2026-04-25T03:15:18.4325577Z Transforming savedstate-release.aar (androidx.savedstate:savedstate-android:1.3.3) with JetifyTransform
2026-04-25T03:15:18.4326798Z Transforming savedstate-release.aar (androidx.savedstate:savedstate-android:1.3.3) with ExtractAarTransform
2026-04-25T03:15:18.4327982Z Transforming savedstate-release.aar (androidx.savedstate:savedstate-android:1.3.3) with AarTransform
2026-04-25T03:15:18.4329112Z Transforming savedstate-ktx-1.3.3.aar (androidx.savedstate:savedstate-ktx:1.3.3) with JetifyTransform
2026-04-25T03:15:18.4330292Z Transforming savedstate-ktx-1.3.3.aar (androidx.savedstate:savedstate-ktx:1.3.3) with ExtractAarTransform
2026-04-25T03:15:18.4331409Z Transforming savedstate-ktx-1.3.3.aar (androidx.savedstate:savedstate-ktx:1.3.3) with AarTransform
2026-04-25T03:15:18.4332768Z Transforming savedstate-compose.aar (androidx.savedstate:savedstate-compose-android:1.3.3) with JetifyTransform
2026-04-25T03:15:18.4334132Z Transforming savedstate-compose.aar (androidx.savedstate:savedstate-compose-android:1.3.3) with ExtractAarTransform
2026-04-25T03:15:18.4335446Z Transforming savedstate-compose.aar (androidx.savedstate:savedstate-compose-android:1.3.3) with AarTransform
2026-04-25T03:15:18.4336607Z Transforming runtime.aar (androidx.compose.runtime:runtime-android:1.9.2) with JetifyTransform
2026-04-25T03:15:18.4337677Z Transforming runtime.aar (androidx.compose.runtime:runtime-android:1.9.2) with ExtractAarTransform
2026-04-25T03:15:18.4338732Z Transforming runtime.aar (androidx.compose.runtime:runtime-android:1.9.2) with AarTransform
2026-04-25T03:15:18.4339900Z Transforming runtime-saveable.aar (androidx.compose.runtime:runtime-saveable-android:1.9.2) with JetifyTransform
2026-04-25T03:15:18.4341224Z Transforming runtime-saveable.aar (androidx.compose.runtime:runtime-saveable-android:1.9.2) with ExtractAarTransform
2026-04-25T03:15:18.4342714Z Transforming runtime-saveable.aar (androidx.compose.runtime:runtime-saveable-android:1.9.2) with AarTransform
2026-04-25T03:15:18.4344230Z Transforming lifecycle-runtime-compose-release.aar (androidx.lifecycle:lifecycle-runtime-compose-android:2.9.4) with JetifyTransform
2026-04-25T03:15:18.4345893Z Transforming lifecycle-runtime-compose-release.aar (androidx.lifecycle:lifecycle-runtime-compose-android:2.9.4) with ExtractAarTransform
2026-04-25T03:15:18.4347547Z Transforming lifecycle-runtime-compose-release.aar (androidx.lifecycle:lifecycle-runtime-compose-android:2.9.4) with AarTransform
2026-04-25T03:15:18.4349042Z Transforming lifecycle-runtime-release.aar (androidx.lifecycle:lifecycle-runtime-android:2.9.4) with JetifyTransform
2026-04-25T03:15:18.4350458Z Transforming lifecycle-runtime-release.aar (androidx.lifecycle:lifecycle-runtime-android:2.9.4) with ExtractAarTransform
2026-04-25T03:15:18.4351999Z Transforming lifecycle-runtime-release.aar (androidx.lifecycle:lifecycle-runtime-android:2.9.4) with AarTransform
2026-04-25T03:15:18.4353804Z Transforming lifecycle-viewmodel-savedstate-release.aar (androidx.lifecycle:lifecycle-viewmodel-savedstate-android:2.9.4) with JetifyTransform
2026-04-25T03:15:18.4355840Z Transforming lifecycle-viewmodel-savedstate-release.aar (androidx.lifecycle:lifecycle-viewmodel-savedstate-android:2.9.4) with ExtractAarTransform
2026-04-25T03:15:18.4357685Z Transforming lifecycle-viewmodel-savedstate-release.aar (androidx.lifecycle:lifecycle-viewmodel-savedstate-android:2.9.4) with AarTransform
2026-04-25T03:15:18.4359368Z Transforming customview-poolingcontainer-1.0.0.aar (androidx.customview:customview-poolingcontainer:1.0.0) with JetifyTransform
2026-04-25T03:15:18.4360934Z Transforming customview-poolingcontainer-1.0.0.aar (androidx.customview:customview-poolingcontainer:1.0.0) with ExtractAarTransform
2026-04-25T03:15:18.4362624Z Transforming customview-poolingcontainer-1.0.0.aar (androidx.customview:customview-poolingcontainer:1.0.0) with AarTransform
2026-04-25T03:15:18.4363827Z Transforming core-ktx-1.18.0.aar (androidx.core:core-ktx:1.18.0) with JetifyTransform
2026-04-25T03:15:18.4364724Z Transforming core-ktx-1.18.0.aar (androidx.core:core-ktx:1.18.0) with ExtractAarTransform
2026-04-25T03:15:18.4365669Z Transforming core-ktx-1.18.0.aar (androidx.core:core-ktx:1.18.0) with AarTransform
2026-04-25T03:15:18.4366689Z Transforming room3-runtime.aar (androidx.room3:room3-runtime-android:3.0.0-alpha03) with JetifyTransform
2026-04-25T03:15:18.4367868Z Transforming room3-runtime.aar (androidx.room3:room3-runtime-android:3.0.0-alpha03) with ExtractAarTransform
2026-04-25T03:15:18.4369033Z Transforming room3-runtime.aar (androidx.room3:room3-runtime-android:3.0.0-alpha03) with AarTransform
2026-04-25T03:15:18.4370570Z Caching disabled for AarTransform: /home/runner/.gradle/caches/8.11.1/transforms/e184805bcc53f3a846e25bb745ddc742/transformed/jetified-foundation-release because:
2026-04-25T03:15:18.4371879Z   Caching not enabled.
2026-04-25T03:15:18.4372892Z Caching disabled for AarTransform: /home/runner/.gradle/caches/8.11.1/transforms/bfbadf3aa82e8d2c6f086b75adb8398a/transformed/jetified-animation because:
2026-04-25T03:15:18.4373920Z   Caching not enabled.
2026-04-25T03:15:18.4374496Z Transforming core-viewtree-1.0.0.aar (androidx.core:core-viewtree:1.0.0) with JetifyTransform
2026-04-25T03:15:18.4375501Z Transforming core-viewtree-1.0.0.aar (androidx.core:core-viewtree:1.0.0) with ExtractAarTransform
2026-04-25T03:15:18.4376518Z Transforming core-viewtree-1.0.0.aar (androidx.core:core-viewtree:1.0.0) with AarTransform
2026-04-25T03:15:18.4377687Z Transforming annotation-experimental-1.5.0.aar (androidx.annotation:annotation-experimental:1.5.0) with JetifyTransform
2026-04-25T03:15:18.4379042Z Transforming annotation-experimental-1.5.0.aar (androidx.annotation:annotation-experimental:1.5.0) with ExtractAarTransform
2026-04-25T03:15:18.4380291Z Transforming annotation-experimental-1.5.0.aar (androidx.annotation:annotation-experimental:1.5.0) with AarTransform
2026-04-25T03:15:18.4381450Z Transforming profileinstaller-1.4.0.aar (androidx.profileinstaller:profileinstaller:1.4.0) with JetifyTransform
2026-04-25T03:15:18.4382878Z Transforming profileinstaller-1.4.0.aar (androidx.profileinstaller:profileinstaller:1.4.0) with ExtractAarTransform
2026-04-25T03:15:18.4384098Z Transforming profileinstaller-1.4.0.aar (androidx.profileinstaller:profileinstaller:1.4.0) with AarTransform
2026-04-25T03:15:18.4385211Z Transforming startup-runtime-1.1.1.aar (androidx.startup:startup-runtime:1.1.1) with JetifyTransform
2026-04-25T03:15:18.4386297Z Transforming startup-runtime-1.1.1.aar (androidx.startup:startup-runtime:1.1.1) with ExtractAarTransform
2026-04-25T03:15:18.4387391Z Transforming startup-runtime-1.1.1.aar (androidx.startup:startup-runtime:1.1.1) with AarTransform
2026-04-25T03:15:18.4388343Z Transforming tracing-1.2.0.aar (androidx.tracing:tracing:1.2.0) with JetifyTransform
2026-04-25T03:15:18.4389249Z Transforming tracing-1.2.0.aar (androidx.tracing:tracing:1.2.0) with ExtractAarTransform
2026-04-25T03:15:18.4390429Z Transforming tracing-1.2.0.aar (androidx.tracing:tracing:1.2.0) with AarTransform
2026-04-25T03:15:18.4391389Z Transforming interpolator-1.0.0.aar (androidx.interpolator:interpolator:1.0.0) with JetifyTransform
2026-04-25T03:15:18.4392947Z Transforming interpolator-1.0.0.aar (androidx.interpolator:interpolator:1.0.0) with ExtractAarTransform
2026-04-25T03:15:18.4394047Z Transforming interpolator-1.0.0.aar (androidx.interpolator:interpolator:1.0.0) with AarTransform
2026-04-25T03:15:18.4395276Z Transforming versionedparcelable-1.1.1.aar (androidx.versionedparcelable:versionedparcelable:1.1.1) with JetifyTransform
2026-04-25T03:15:18.4396724Z Transforming versionedparcelable-1.1.1.aar (androidx.versionedparcelable:versionedparcelable:1.1.1) with ExtractAarTransform
2026-04-25T03:15:18.4398126Z Transforming versionedparcelable-1.1.1.aar (androidx.versionedparcelable:versionedparcelable:1.1.1) with AarTransform
2026-04-25T03:15:18.4399305Z Transforming core-runtime-2.2.0.aar (androidx.arch.core:core-runtime:2.2.0) with JetifyTransform
2026-04-25T03:15:18.4400369Z Transforming core-runtime-2.2.0.aar (androidx.arch.core:core-runtime:2.2.0) with ExtractAarTransform
2026-04-25T03:15:18.4401423Z Transforming core-runtime-2.2.0.aar (androidx.arch.core:core-runtime:2.2.0) with AarTransform
2026-04-25T03:15:18.4402778Z Transforming sqlite-framework.aar (androidx.sqlite:sqlite-framework-android:2.7.0-alpha03) with JetifyTransform
2026-04-25T03:15:18.4404086Z Transforming sqlite-framework.aar (androidx.sqlite:sqlite-framework-android:2.7.0-alpha03) with ExtractAarTransform
2026-04-25T03:15:18.4405405Z Transforming sqlite-framework.aar (androidx.sqlite:sqlite-framework-android:2.7.0-alpha03) with AarTransform
2026-04-25T03:15:18.4406574Z Transforming sqlite-async.aar (androidx.sqlite:sqlite-async-android:2.7.0-alpha03) with JetifyTransform
2026-04-25T03:15:18.4407726Z Transforming sqlite-async.aar (androidx.sqlite:sqlite-async-android:2.7.0-alpha03) with ExtractAarTransform
2026-04-25T03:15:18.4408725Z Transforming sqlite-async.aar (androidx.sqlite:sqlite-async-android:2.7.0-alpha03) with AarTransform
2026-04-25T03:15:18.4409753Z Transforming sqlite.aar (androidx.sqlite:sqlite-android:2.7.0-alpha03) with JetifyTransform
2026-04-25T03:15:18.4410748Z Transforming sqlite.aar (androidx.sqlite:sqlite-android:2.7.0-alpha03) with ExtractAarTransform
2026-04-25T03:15:18.4411859Z Transforming sqlite.aar (androidx.sqlite:sqlite-android:2.7.0-alpha03) with AarTransform
2026-04-25T03:15:18.4413172Z Caching disabled for AarTransform: /home/runner/.gradle/caches/8.11.1/transforms/4f81a84452a71c15e1af23c08dd42a82/transformed/jetified-animation-core because:
2026-04-25T03:15:18.4414254Z   Caching not enabled.
2026-04-25T03:15:18.4415233Z Caching disabled for AarTransform: /home/runner/.gradle/caches/8.11.1/transforms/8c21f5dbc4c774dc1f97ad88c52d3ccb/transformed/jetified-ui-unit because:
2026-04-25T03:15:18.4416257Z   Caching not enabled.
2026-04-25T03:15:18.4417250Z Caching disabled for AarTransform: /home/runner/.gradle/caches/8.11.1/transforms/9b3a85a633de8f9d1f1866feb4adf80b/transformed/jetified-ui-geometry because:
2026-04-25T03:15:18.4418237Z   Caching not enabled.
2026-04-25T03:15:18.4418856Z Caching disabled for AarTransform: /home/runner/.gradle/caches/8.11.1/transforms/62bbfe8dca9ed54bc4c0ab3b238d67e2/transformed/jetified-ui-tooling-preview because:
2026-04-25T03:15:18.4419522Z   Caching not enabled.
2026-04-25T03:15:18.4420098Z Caching disabled for AarTransform: /home/runner/.gradle/caches/8.11.1/transforms/1246a0f488a63f1831e1b5a8d10710b0/transformed/jetified-ui-util because:
2026-04-25T03:15:18.4420702Z   Caching not enabled.
2026-04-25T03:15:18.4421244Z Caching disabled for AarTransform: /home/runner/.gradle/caches/8.11.1/transforms/6aa2e2a68c2b334c6993af83152c0d73/transformed/jetified-ui-text because:
2026-04-25T03:15:18.4422206Z   Caching not enabled.
2026-04-25T03:15:18.4423240Z Caching disabled for AarTransform: /home/runner/.gradle/caches/8.11.1/transforms/a4d7fd655ff98528246c4656eb5f19ea/transformed/jetified-ui-graphics-release because:
2026-04-25T03:15:18.4424694Z   Caching not enabled.
2026-04-25T03:15:18.4425701Z Caching disabled for AarTransform: /home/runner/.gradle/caches/8.11.1/transforms/5444a948fcc572516c7b4f3972d025a3/transformed/jetified-ui-tooling because:
2026-04-25T03:15:18.4426988Z   Caching not enabled.
2026-04-25T03:15:18.4428021Z Caching disabled for AarTransform: /home/runner/.gradle/caches/8.11.1/transforms/1df681c407b8c6fa7d32611b26aedbfa/transformed/jetified-material-release because:
2026-04-25T03:15:18.4429147Z   Caching not enabled.
2026-04-25T03:15:18.4430194Z Caching disabled for AarTransform: /home/runner/.gradle/caches/8.11.1/transforms/5c922962d5224524f6f00173e6e6b098/transformed/jetified-material-ripple-release because:
2026-04-25T03:15:18.4431346Z   Caching not enabled.
2026-04-25T03:15:18.4432843Z Caching disabled for AarTransform: /home/runner/.gradle/caches/8.11.1/transforms/88af93a2b7c73505eec7264aa57b0fde/transformed/jetified-material-icons-core-release because:
2026-04-25T03:15:18.4434059Z   Caching not enabled.
2026-04-25T03:15:18.4435128Z Caching disabled for AarTransform: /home/runner/.gradle/caches/8.11.1/transforms/44e8b0036a8201959b70c71bcf364993/transformed/jetified-ui-test-manifest-1.9.2 because:
2026-04-25T03:15:18.4436276Z   Caching not enabled.
2026-04-25T03:15:18.4437271Z Caching disabled for AarTransform: /home/runner/.gradle/caches/8.11.1/transforms/f2771391fcc7f80b976540bba9ba7563/transformed/jetified-ui-release because:
2026-04-25T03:15:18.4438328Z   Caching not enabled.
2026-04-25T03:15:18.4439396Z Caching disabled for AarTransform: /home/runner/.gradle/caches/8.11.1/transforms/d1ab2c85c5c7edaa9d5c11f390bc78b5/transformed/jetified-activity-ktx-1.13.0 because:
2026-04-25T03:15:18.4440525Z   Caching not enabled.
2026-04-25T03:15:18.4441536Z Caching disabled for AarTransform: /home/runner/.gradle/caches/8.11.1/transforms/48e4941a7a9ae17669c37819052c40dc/transformed/jetified-activity-1.13.0 because:
2026-04-25T03:15:18.4442883Z   Caching not enabled.
2026-04-25T03:15:18.4444044Z Caching disabled for AarTransform: /home/runner/.gradle/caches/8.11.1/transforms/53dd3c85cf1ee483c56fc5c2dad6254c/transformed/jetified-activity-compose-1.13.0 because:
2026-04-25T03:15:18.4445200Z   Caching not enabled.
2026-04-25T03:15:18.4446243Z Caching disabled for AarTransform: /home/runner/.gradle/caches/8.11.1/transforms/5df67e3eb4b626cdffa8926a04c266c2/transformed/jetified-autofill-1.0.0 because:
2026-04-25T03:15:18.4447351Z   Caching not enabled.
2026-04-25T03:15:18.4448407Z Caching disabled for AarTransform: /home/runner/.gradle/caches/8.11.1/transforms/662be86d238395fbab679cf99a3cc778/transformed/jetified-graphics-path-1.0.1 because:
2026-04-25T03:15:18.4449528Z   Caching not enabled.
2026-04-25T03:15:18.4450541Z Caching disabled for AarTransform: /home/runner/.gradle/caches/8.11.1/transforms/3abacfca74cef8bd79f4f6b076410e62/transformed/jetified-emoji2-1.4.0 because:
2026-04-25T03:15:18.4451823Z   Caching not enabled.
2026-04-25T03:15:18.4452731Z Caching disabled for AarTransform: /home/runner/.gradle/caches/8.11.1/transforms/b927945fff1b83fd5b90253cf52886eb/transformed/core-1.18.0 because:
2026-04-25T03:15:18.4453693Z   Caching not enabled.
2026-04-25T03:15:18.4454761Z Caching disabled for AarTransform: /home/runner/.gradle/caches/8.11.1/transforms/55cf9782038afb4eca1c9ad7a53816b0/transformed/jetified-lifecycle-process-2.9.4 because:
2026-04-25T03:15:18.4455921Z   Caching not enabled.
2026-04-25T03:15:18.4457056Z Caching disabled for AarTransform: /home/runner/.gradle/caches/8.11.1/transforms/e5966598a904df0b6971f2fde25eb623/transformed/jetified-lifecycle-viewmodel-ktx-2.9.4 because:
2026-04-25T03:15:18.4458313Z   Caching not enabled.
2026-04-25T03:15:18.4459380Z Caching disabled for AarTransform: /home/runner/.gradle/caches/8.11.1/transforms/dcb821152cd722531076c60d0c53d0da/transformed/lifecycle-livedata-core-2.9.4 because:
2026-04-25T03:15:18.4460514Z   Caching not enabled.
2026-04-25T03:15:18.4461835Z Caching disabled for AarTransform: /home/runner/.gradle/caches/8.11.1/transforms/a64ed8a71f0f7948e723ef829bd51212/transformed/jetified-lifecycle-viewmodel-release because:
2026-04-25T03:15:18.4463305Z   Caching not enabled.
2026-04-25T03:15:18.4464570Z Caching disabled for AarTransform: /home/runner/.gradle/caches/8.11.1/transforms/4a12e9705d8182394b2895d78dca45b0/transformed/jetified-lifecycle-runtime-ktx because:
2026-04-25T03:15:18.4465753Z   Caching not enabled.
2026-04-25T03:15:18.4467389Z Caching disabled for AarTransform: /home/runner/.gradle/caches/8.11.1/transforms/d0b493c96f80168d73839878faae7e02/transformed/jetified-runtime-annotation because:
2026-04-25T03:15:18.4468537Z   Caching not enabled.
2026-04-25T03:15:18.4469595Z Caching disabled for AarTransform: /home/runner/.gradle/caches/8.11.1/transforms/0c87c26b3896778e2229d65b48e54d08/transformed/jetified-savedstate-release because:
2026-04-25T03:15:18.4470767Z   Caching not enabled.
2026-04-25T03:15:18.4471989Z Caching disabled for AarTransform: /home/runner/.gradle/caches/8.11.1/transforms/cc83dad95e58bd620bfba7008db487cb/transformed/jetified-savedstate-ktx-1.3.3 because:
2026-04-25T03:15:18.4473162Z   Caching not enabled.
2026-04-25T03:15:18.4474250Z Caching disabled for AarTransform: /home/runner/.gradle/caches/8.11.1/transforms/d5c9e7a4fbd5dcfd5d2f0355c0178367/transformed/jetified-savedstate-compose because:
2026-04-25T03:15:18.4490591Z   Caching not enabled.
2026-04-25T03:15:18.4491827Z Caching disabled for AarTransform: /home/runner/.gradle/caches/8.11.1/transforms/a0cbf74fe970c04208d9e439d908ddbc/transformed/jetified-runtime because:
2026-04-25T03:15:18.4492910Z   Caching not enabled.
2026-04-25T03:15:18.4493878Z Caching disabled for AarTransform: /home/runner/.gradle/caches/8.11.1/transforms/a4d3c1473a3d4a75eb5d1b0908f28da9/transformed/jetified-runtime-saveable because:
2026-04-25T03:15:18.4494936Z   Caching not enabled.
2026-04-25T03:15:18.4495999Z Caching disabled for AarTransform: /home/runner/.gradle/caches/8.11.1/transforms/65b45c9026b2bd4459a92bff687b8cdd/transformed/jetified-lifecycle-runtime-release because:
2026-04-25T03:15:18.4497163Z   Caching not enabled.
2026-04-25T03:15:18.4498316Z Caching disabled for AarTransform: /home/runner/.gradle/caches/8.11.1/transforms/a71723d6dcbc6be65ef2918cb3811f9c/transformed/jetified-lifecycle-viewmodel-savedstate-release because:
2026-04-25T03:15:18.4499605Z   Caching not enabled.
2026-04-25T03:15:18.4500780Z Caching disabled for AarTransform: /home/runner/.gradle/caches/8.11.1/transforms/80255bca652ba087d4065dc2faf39e1a/transformed/jetified-lifecycle-runtime-compose-release because:
2026-04-25T03:15:18.4502229Z   Caching not enabled.
2026-04-25T03:15:18.4503355Z Caching disabled for AarTransform: /home/runner/.gradle/caches/8.11.1/transforms/f5f3e112a8bc5346f87af9a240971861/transformed/jetified-customview-poolingcontainer-1.0.0 because:
2026-04-25T03:15:18.4504578Z   Caching not enabled.
2026-04-25T03:15:18.4505548Z Caching disabled for AarTransform: /home/runner/.gradle/caches/8.11.1/transforms/bc2ce13905b20cb4f5958c45d1c9d573/transformed/jetified-core-ktx-1.18.0 because:
2026-04-25T03:15:18.4506648Z   Caching not enabled.
2026-04-25T03:15:18.4507616Z Caching disabled for AarTransform: /home/runner/.gradle/caches/8.11.1/transforms/e8dc695c4c5bdd0cf72b059e2d23cf12/transformed/jetified-room3-runtime because:
2026-04-25T03:15:18.4508710Z   Caching not enabled.
2026-04-25T03:15:18.4509762Z Caching disabled for AarTransform: /home/runner/.gradle/caches/8.11.1/transforms/269f2e4e646d8543a7b2c254a4b93a7f/transformed/jetified-core-viewtree-1.0.0 because:
2026-04-25T03:15:18.4510866Z   Caching not enabled.
2026-04-25T03:15:18.4512118Z Caching disabled for AarTransform: /home/runner/.gradle/caches/8.11.1/transforms/e046490ec4aaa6520a9ff4e91fbcefea/transformed/jetified-material3-release because:
2026-04-25T03:15:18.4513240Z   Caching not enabled.
2026-04-25T03:15:18.4514370Z Caching disabled for AarTransform: /home/runner/.gradle/caches/8.11.1/transforms/322ae4830614cf31fd29d75d5510d387/transformed/jetified-annotation-experimental-1.5.0 because:
2026-04-25T03:15:18.4515845Z   Caching not enabled.
2026-04-25T03:15:18.4516838Z Caching disabled for AarTransform: /home/runner/.gradle/caches/8.11.1/transforms/f183e16ca5302cbdac9b4ad366abf41f/transformed/jetified-profileinstaller-1.4.0 because:
2026-04-25T03:15:18.4517985Z   Caching not enabled.
2026-04-25T03:15:18.4519240Z Caching disabled for AarTransform: /home/runner/.gradle/caches/8.11.1/transforms/b28d6fd91b6acc053f31c2d921c622fc/transformed/jetified-startup-runtime-1.1.1 because:
2026-04-25T03:15:18.4520442Z   Caching not enabled.
2026-04-25T03:15:18.4521404Z Caching disabled for AarTransform: /home/runner/.gradle/caches/8.11.1/transforms/ae121b1900a7c948b2862f422c9c5a93/transformed/jetified-tracing-1.2.0 because:
2026-04-25T03:15:18.4522635Z   Caching not enabled.
2026-04-25T03:15:18.4523587Z Caching disabled for AarTransform: /home/runner/.gradle/caches/8.11.1/transforms/05d0b6d4d2e67536598763bde6059c13/transformed/interpolator-1.0.0 because:
2026-04-25T03:15:18.4524623Z   Caching not enabled.
2026-04-25T03:15:18.4525659Z Caching disabled for AarTransform: /home/runner/.gradle/caches/8.11.1/transforms/93dc7ef43c96d012f7f54d4eefcc3a71/transformed/versionedparcelable-1.1.1 because:
2026-04-25T03:15:18.4526753Z   Caching not enabled.
2026-04-25T03:15:18.4527705Z Caching disabled for AarTransform: /home/runner/.gradle/caches/8.11.1/transforms/c3bd2d9e6c8cd1fbb7860453d0102ec6/transformed/core-runtime-2.2.0 because:
2026-04-25T03:15:18.4528734Z   Caching not enabled.
2026-04-25T03:15:18.4529715Z Caching disabled for AarTransform: /home/runner/.gradle/caches/8.11.1/transforms/a3448bc9557eef07cb20e2e3acd94a98/transformed/jetified-sqlite-async because:
2026-04-25T03:15:18.4530802Z   Caching not enabled.
2026-04-25T03:15:18.4532054Z Caching disabled for AarTransform: /home/runner/.gradle/caches/8.11.1/transforms/604fc49abdfe089f289a91472a0596e5/transformed/jetified-sqlite-framework because:
2026-04-25T03:15:18.4533171Z   Caching not enabled.
2026-04-25T03:15:18.4534132Z Caching disabled for AarTransform: /home/runner/.gradle/caches/8.11.1/transforms/0d88d4ca6e3f9c9ab59ee57b9789223f/transformed/jetified-sqlite because:
2026-04-25T03:15:18.4535152Z   Caching not enabled.
2026-04-25T03:15:18.4535904Z Transforming navigationevent.aar (androidx.navigationevent:navigationevent-android:1.0.0) with JetifyTransform
2026-04-25T03:15:18.4537140Z Transforming navigationevent.aar (androidx.navigationevent:navigationevent-android:1.0.0) with ExtractAarTransform
2026-04-25T03:15:18.4538406Z Transforming navigationevent.aar (androidx.navigationevent:navigationevent-android:1.0.0) with AarTransform
2026-04-25T03:15:18.4539749Z Transforming navigationevent-compose.aar (androidx.navigationevent:navigationevent-compose-android:1.0.0) with JetifyTransform
2026-04-25T03:15:18.4541220Z Transforming navigationevent-compose.aar (androidx.navigationevent:navigationevent-compose-android:1.0.0) with ExtractAarTransform
2026-04-25T03:15:18.4542999Z Transforming navigationevent-compose.aar (androidx.navigationevent:navigationevent-compose-android:1.0.0) with AarTransform
2026-04-25T03:15:18.4544404Z Transforming material3-release.aar (androidx.compose.material3:material3-android:1.2.1) with JetifyTransform
2026-04-25T03:15:18.4545654Z Transforming material3-release.aar (androidx.compose.material3:material3-android:1.2.1) with ExtractAarTransform
2026-04-25T03:15:18.4546855Z Transforming material3-release.aar (androidx.compose.material3:material3-android:1.2.1) with AarTransform
2026-04-25T03:15:18.4548014Z Transforming ui-tooling-data.aar (androidx.compose.ui:ui-tooling-data-android:1.9.2) with JetifyTransform
2026-04-25T03:15:18.4549194Z Transforming ui-tooling-data.aar (androidx.compose.ui:ui-tooling-data-android:1.9.2) with ExtractAarTransform
2026-04-25T03:15:18.4550353Z Transforming ui-tooling-data.aar (androidx.compose.ui:ui-tooling-data-android:1.9.2) with AarTransform
2026-04-25T03:15:18.4551928Z Transforming foundation-layout.aar (androidx.compose.foundation:foundation-layout-android:1.9.2) with JetifyTransform
2026-04-25T03:15:18.4553549Z Transforming foundation-layout.aar (androidx.compose.foundation:foundation-layout-android:1.9.2) with ExtractAarTransform
2026-04-25T03:15:18.4554867Z Transforming foundation-layout.aar (androidx.compose.foundation:foundation-layout-android:1.9.2) with AarTransform
2026-04-25T03:15:18.4556349Z Transforming foundation-release.aar (androidx.compose.foundation:foundation-android:1.9.2) with JetifyTransform
2026-04-25T03:15:18.4557875Z Caching disabled for AarTransform: /home/runner/.gradle/caches/8.11.1/transforms/cb6f1b90199c63645d75112bc87b7505/transformed/jetified-navigationevent because:
2026-04-25T03:15:18.4558956Z   Caching not enabled.
2026-04-25T03:15:18.4559751Z Transforming foundation-release.aar (androidx.compose.foundation:foundation-android:1.9.2) with ExtractAarTransform
2026-04-25T03:15:18.4561040Z Transforming foundation-release.aar (androidx.compose.foundation:foundation-android:1.9.2) with AarTransform
2026-04-25T03:15:18.4562399Z Transforming animation.aar (androidx.compose.animation:animation-android:1.9.2) with JetifyTransform
2026-04-25T03:15:18.4563513Z Transforming animation.aar (androidx.compose.animation:animation-android:1.9.2) with ExtractAarTransform
2026-04-25T03:15:18.4564608Z Transforming animation.aar (androidx.compose.animation:animation-android:1.9.2) with AarTransform
2026-04-25T03:15:18.4565727Z Transforming animation-core.aar (androidx.compose.animation:animation-core-android:1.9.2) with JetifyTransform
2026-04-25T03:15:18.4566936Z Transforming animation-core.aar (androidx.compose.animation:animation-core-android:1.9.2) with ExtractAarTransform
2026-04-25T03:15:18.4568136Z Transforming animation-core.aar (androidx.compose.animation:animation-core-android:1.9.2) with AarTransform
2026-04-25T03:15:18.4569178Z Transforming ui-unit.aar (androidx.compose.ui:ui-unit-android:1.9.2) with JetifyTransform
2026-04-25T03:15:18.4570104Z Transforming ui-unit.aar (androidx.compose.ui:ui-unit-android:1.9.2) with ExtractAarTransform
2026-04-25T03:15:18.4571035Z Transforming ui-unit.aar (androidx.compose.ui:ui-unit-android:1.9.2) with AarTransform
2026-04-25T03:15:18.4572195Z Transforming ui-geometry.aar (androidx.compose.ui:ui-geometry-android:1.9.2) with JetifyTransform
2026-04-25T03:15:18.4573214Z Transforming ui-geometry.aar (androidx.compose.ui:ui-geometry-android:1.9.2) with ExtractAarTransform
2026-04-25T03:15:18.4574233Z Transforming ui-geometry.aar (androidx.compose.ui:ui-geometry-android:1.9.2) with AarTransform
2026-04-25T03:15:18.4575333Z Transforming ui-tooling-preview.aar (androidx.compose.ui:ui-tooling-preview-android:1.9.2) with JetifyTransform
2026-04-25T03:15:18.4576608Z Transforming ui-tooling-preview.aar (androidx.compose.ui:ui-tooling-preview-android:1.9.2) with ExtractAarTransform
2026-04-25T03:15:18.4577882Z Transforming ui-tooling-preview.aar (androidx.compose.ui:ui-tooling-preview-android:1.9.2) with AarTransform
2026-04-25T03:15:18.4578984Z Transforming ui-util.aar (androidx.compose.ui:ui-util-android:1.9.2) with JetifyTransform
2026-04-25T03:15:18.4579969Z Transforming ui-util.aar (androidx.compose.ui:ui-util-android:1.9.2) with ExtractAarTransform
2026-04-25T03:15:18.4580926Z Transforming ui-util.aar (androidx.compose.ui:ui-util-android:1.9.2) with AarTransform
2026-04-25T03:15:18.4582061Z Transforming ui-text.aar (androidx.compose.ui:ui-text-android:1.9.2) with JetifyTransform
2026-04-25T03:15:18.4583029Z Transforming ui-text.aar (androidx.compose.ui:ui-text-android:1.9.2) with ExtractAarTransform
2026-04-25T03:15:18.4583981Z Transforming ui-text.aar (androidx.compose.ui:ui-text-android:1.9.2) with AarTransform
2026-04-25T03:15:18.4585019Z Transforming ui-graphics-release.aar (androidx.compose.ui:ui-graphics-android:1.9.2) with JetifyTransform
2026-04-25T03:15:18.4586227Z Transforming ui-graphics-release.aar (androidx.compose.ui:ui-graphics-android:1.9.2) with ExtractAarTransform
2026-04-25T03:15:18.4587422Z Transforming ui-graphics-release.aar (androidx.compose.ui:ui-graphics-android:1.9.2) with AarTransform
2026-04-25T03:15:18.4588522Z Transforming ui-tooling.aar (androidx.compose.ui:ui-tooling-android:1.9.2) with JetifyTransform
2026-04-25T03:15:18.4589840Z Transforming ui-tooling.aar (androidx.compose.ui:ui-tooling-android:1.9.2) with ExtractAarTransform
2026-04-25T03:15:18.4590890Z Transforming ui-tooling.aar (androidx.compose.ui:ui-tooling-android:1.9.2) with AarTransform
2026-04-25T03:15:18.4592327Z Transforming material-release.aar (androidx.compose.material:material-android:1.6.8) with JetifyTransform
2026-04-25T03:15:18.4593847Z Caching disabled for AarTransform: /home/runner/.gradle/caches/8.11.1/transforms/582a976f3ede713cacde1265effd907c/transformed/jetified-navigationevent-compose because:
2026-04-25T03:15:18.4594972Z   Caching not enabled.
2026-04-25T03:15:18.4595729Z Transforming material-release.aar (androidx.compose.material:material-android:1.6.8) with ExtractAarTransform
2026-04-25T03:15:18.4596906Z Transforming material-release.aar (androidx.compose.material:material-android:1.6.8) with AarTransform
2026-04-25T03:15:18.4598137Z Transforming material-ripple-release.aar (androidx.compose.material:material-ripple-android:1.6.8) with JetifyTransform
2026-04-25T03:15:18.4599515Z Transforming material-ripple-release.aar (androidx.compose.material:material-ripple-android:1.6.8) with ExtractAarTransform
2026-04-25T03:15:18.4600875Z Transforming material-ripple-release.aar (androidx.compose.material:material-ripple-android:1.6.8) with AarTransform
2026-04-25T03:15:18.4602469Z Transforming material-icons-core-release.aar (androidx.compose.material:material-icons-core-android:1.6.8) with JetifyTransform
2026-04-25T03:15:18.4603959Z Transforming material-icons-core-release.aar (androidx.compose.material:material-icons-core-android:1.6.8) with ExtractAarTransform
2026-04-25T03:15:18.4605451Z Transforming material-icons-core-release.aar (androidx.compose.material:material-icons-core-android:1.6.8) with AarTransform
2026-04-25T03:15:18.4606643Z Transforming ui-release.aar (androidx.compose.ui:ui-android:1.9.2) with JetifyTransform
2026-04-25T03:15:18.4607604Z Transforming ui-release.aar (androidx.compose.ui:ui-android:1.9.2) with ExtractAarTransform
2026-04-25T03:15:18.4608557Z Transforming ui-release.aar (androidx.compose.ui:ui-android:1.9.2) with AarTransform
2026-04-25T03:15:18.4609596Z Transforming ui-test-manifest-1.9.2.aar (androidx.compose.ui:ui-test-manifest:1.9.2) with JetifyTransform
2026-04-25T03:15:18.4610811Z Transforming ui-test-manifest-1.9.2.aar (androidx.compose.ui:ui-test-manifest:1.9.2) with ExtractAarTransform
2026-04-25T03:15:18.4612199Z Transforming ui-test-manifest-1.9.2.aar (androidx.compose.ui:ui-test-manifest:1.9.2) with AarTransform
2026-04-25T03:15:18.4613282Z Transforming activity-ktx-1.13.0.aar (androidx.activity:activity-ktx:1.13.0) with JetifyTransform
2026-04-25T03:15:18.4614321Z Transforming activity-ktx-1.13.0.aar (androidx.activity:activity-ktx:1.13.0) with ExtractAarTransform
2026-04-25T03:15:18.4615408Z Transforming activity-ktx-1.13.0.aar (androidx.activity:activity-ktx:1.13.0) with AarTransform
2026-04-25T03:15:18.4616389Z Transforming activity-1.13.0.aar (androidx.activity:activity:1.13.0) with JetifyTransform
2026-04-25T03:15:18.4617378Z Transforming activity-1.13.0.aar (androidx.activity:activity:1.13.0) with ExtractAarTransform
2026-04-25T03:15:18.4618321Z Transforming activity-1.13.0.aar (androidx.activity:activity:1.13.0) with AarTransform
2026-04-25T03:15:18.4619354Z Transforming activity-compose-1.13.0.aar (androidx.activity:activity-compose:1.13.0) with JetifyTransform
2026-04-25T03:15:18.4620534Z Transforming activity-compose-1.13.0.aar (androidx.activity:activity-compose:1.13.0) with ExtractAarTransform
2026-04-25T03:15:18.4621858Z Transforming activity-compose-1.13.0.aar (androidx.activity:activity-compose:1.13.0) with AarTransform
2026-04-25T03:15:18.4622877Z Transforming autofill-1.0.0.aar (androidx.autofill:autofill:1.0.0) with JetifyTransform
2026-04-25T03:15:18.4623824Z Transforming autofill-1.0.0.aar (androidx.autofill:autofill:1.0.0) with ExtractAarTransform
2026-04-25T03:15:18.4624763Z Transforming autofill-1.0.0.aar (androidx.autofill:autofill:1.0.0) with AarTransform
2026-04-25T03:15:18.4626006Z Transforming graphics-path-1.0.1.aar (androidx.graphics:graphics-path:1.0.1) with JetifyTransform
2026-04-25T03:15:18.4627107Z Transforming graphics-path-1.0.1.aar (androidx.graphics:graphics-path:1.0.1) with ExtractAarTransform
2026-04-25T03:15:18.4628377Z Transforming graphics-path-1.0.1.aar (androidx.graphics:graphics-path:1.0.1) with AarTransform
2026-04-25T03:15:18.4629345Z Transforming emoji2-1.4.0.aar (androidx.emoji2:emoji2:1.4.0) with JetifyTransform
2026-04-25T03:15:18.4630225Z Transforming emoji2-1.4.0.aar (androidx.emoji2:emoji2:1.4.0) with ExtractAarTransform
2026-04-25T03:15:18.4631080Z Transforming emoji2-1.4.0.aar (androidx.emoji2:emoji2:1.4.0) with AarTransform
2026-04-25T03:15:18.4632041Z Transforming core-1.18.0.aar (androidx.core:core:1.18.0) with JetifyTransform
2026-04-25T03:15:18.4632797Z Transforming core-1.18.0.aar (androidx.core:core:1.18.0) with ExtractAarTransform
2026-04-25T03:15:18.4633523Z Transforming core-1.18.0.aar (androidx.core:core:1.18.0) with AarTransform
2026-04-25T03:15:18.4634265Z Transforming core-1.18.0.aar (androidx.core:core:1.18.0) with JetifyTransform
2026-04-25T03:15:18.4635029Z Transforming core-1.18.0.aar (androidx.core:core:1.18.0) with ExtractAarTransform
2026-04-25T03:15:18.4635803Z Transforming core-1.18.0.aar (androidx.core:core:1.18.0) with AarTransform
2026-04-25T03:15:18.4636719Z Transforming lifecycle-process-2.9.4.aar (androidx.lifecycle:lifecycle-process:2.9.4) with JetifyTransform
2026-04-25T03:15:18.4637910Z Transforming lifecycle-process-2.9.4.aar (androidx.lifecycle:lifecycle-process:2.9.4) with ExtractAarTransform
2026-04-25T03:15:18.4639099Z Transforming lifecycle-process-2.9.4.aar (androidx.lifecycle:lifecycle-process:2.9.4) with AarTransform
2026-04-25T03:15:18.4640364Z Transforming lifecycle-viewmodel-ktx-2.9.4.aar (androidx.lifecycle:lifecycle-viewmodel-ktx:2.9.4) with JetifyTransform
2026-04-25T03:15:18.4641985Z Transforming lifecycle-viewmodel-ktx-2.9.4.aar (androidx.lifecycle:lifecycle-viewmodel-ktx:2.9.4) with ExtractAarTransform
2026-04-25T03:15:18.4643376Z Transforming lifecycle-viewmodel-ktx-2.9.4.aar (androidx.lifecycle:lifecycle-viewmodel-ktx:2.9.4) with AarTransform
2026-04-25T03:15:18.4644781Z Transforming lifecycle-livedata-core-2.9.4.aar (androidx.lifecycle:lifecycle-livedata-core:2.9.4) with JetifyTransform
2026-04-25T03:15:18.4646146Z Transforming lifecycle-livedata-core-2.9.4.aar (androidx.lifecycle:lifecycle-livedata-core:2.9.4) with ExtractAarTransform
2026-04-25T03:15:18.4647508Z Transforming lifecycle-livedata-core-2.9.4.aar (androidx.lifecycle:lifecycle-livedata-core:2.9.4) with AarTransform
2026-04-25T03:15:18.4648845Z Transforming lifecycle-runtime-ktx.aar (androidx.lifecycle:lifecycle-runtime-ktx-android:2.9.4) with JetifyTransform
2026-04-25T03:15:18.4650255Z Transforming lifecycle-runtime-ktx.aar (androidx.lifecycle:lifecycle-runtime-ktx-android:2.9.4) with ExtractAarTransform
2026-04-25T03:15:18.4651803Z Transforming lifecycle-runtime-ktx.aar (androidx.lifecycle:lifecycle-runtime-ktx-android:2.9.4) with AarTransform
2026-04-25T03:15:18.4653159Z Transforming lifecycle-viewmodel-release.aar (androidx.lifecycle:lifecycle-viewmodel-android:2.9.4) with JetifyTransform
2026-04-25T03:15:18.4654567Z Transforming lifecycle-viewmodel-release.aar (androidx.lifecycle:lifecycle-viewmodel-android:2.9.4) with ExtractAarTransform
2026-04-25T03:15:18.4655948Z Transforming lifecycle-viewmodel-release.aar (androidx.lifecycle:lifecycle-viewmodel-android:2.9.4) with AarTransform
2026-04-25T03:15:18.4657257Z Transforming runtime-annotation.aar (androidx.compose.runtime:runtime-annotation-android:1.9.2) with JetifyTransform
2026-04-25T03:15:18.4658585Z Transforming runtime-annotation.aar (androidx.compose.runtime:runtime-annotation-android:1.9.2) with ExtractAarTransform
2026-04-25T03:15:18.4659884Z Transforming runtime-annotation.aar (androidx.compose.runtime:runtime-annotation-android:1.9.2) with AarTransform
2026-04-25T03:15:18.4661081Z Transforming savedstate-release.aar (androidx.savedstate:savedstate-android:1.3.3) with JetifyTransform
2026-04-25T03:15:18.4662785Z Transforming savedstate-release.aar (androidx.savedstate:savedstate-android:1.3.3) with ExtractAarTransform
2026-04-25T03:15:18.4664229Z Transforming savedstate-release.aar (androidx.savedstate:savedstate-android:1.3.3) with AarTransform
2026-04-25T03:15:18.4665325Z Transforming savedstate-ktx-1.3.3.aar (androidx.savedstate:savedstate-ktx:1.3.3) with JetifyTransform
2026-04-25T03:15:18.4666434Z Transforming savedstate-ktx-1.3.3.aar (androidx.savedstate:savedstate-ktx:1.3.3) with ExtractAarTransform
2026-04-25T03:15:18.4667527Z Transforming savedstate-ktx-1.3.3.aar (androidx.savedstate:savedstate-ktx:1.3.3) with AarTransform
2026-04-25T03:15:18.4668701Z Transforming savedstate-compose.aar (androidx.savedstate:savedstate-compose-android:1.3.3) with JetifyTransform
2026-04-25T03:15:18.4669944Z Transforming savedstate-compose.aar (androidx.savedstate:savedstate-compose-android:1.3.3) with ExtractAarTransform
2026-04-25T03:15:18.4671208Z Transforming savedstate-compose.aar (androidx.savedstate:savedstate-compose-android:1.3.3) with AarTransform
2026-04-25T03:15:18.4672538Z Transforming runtime.aar (androidx.compose.runtime:runtime-android:1.9.2) with JetifyTransform
2026-04-25T03:15:18.4673601Z Transforming runtime.aar (androidx.compose.runtime:runtime-android:1.9.2) with ExtractAarTransform
2026-04-25T03:15:18.4674630Z Transforming runtime.aar (androidx.compose.runtime:runtime-android:1.9.2) with AarTransform
2026-04-25T03:15:18.4675779Z Transforming runtime-saveable.aar (androidx.compose.runtime:runtime-saveable-android:1.9.2) with JetifyTransform
2026-04-25T03:15:18.4677048Z Transforming runtime-saveable.aar (androidx.compose.runtime:runtime-saveable-android:1.9.2) with ExtractAarTransform
2026-04-25T03:15:18.4678286Z Transforming runtime-saveable.aar (androidx.compose.runtime:runtime-saveable-android:1.9.2) with AarTransform
2026-04-25T03:15:18.4679829Z Caching disabled for AarTransform: /home/runner/.gradle/caches/8.11.1/transforms/e046490ec4aaa6520a9ff4e91fbcefea/transformed/jetified-material3-release because:
2026-04-25T03:15:18.4680948Z   Caching not enabled.
2026-04-25T03:15:18.4682090Z Transforming lifecycle-runtime-compose-release.aar (androidx.lifecycle:lifecycle-runtime-compose-android:2.9.4) with JetifyTransform
2026-04-25T03:15:18.4683734Z Transforming lifecycle-runtime-compose-release.aar (androidx.lifecycle:lifecycle-runtime-compose-android:2.9.4) with ExtractAarTransform
2026-04-25T03:15:18.4685341Z Transforming lifecycle-runtime-compose-release.aar (androidx.lifecycle:lifecycle-runtime-compose-android:2.9.4) with AarTransform
2026-04-25T03:15:18.4686853Z Transforming lifecycle-runtime-release.aar (androidx.lifecycle:lifecycle-runtime-android:2.9.4) with JetifyTransform
2026-04-25T03:15:18.4688257Z Transforming lifecycle-runtime-release.aar (androidx.lifecycle:lifecycle-runtime-android:2.9.4) with ExtractAarTransform
2026-04-25T03:15:18.4689636Z Transforming lifecycle-runtime-release.aar (androidx.lifecycle:lifecycle-runtime-android:2.9.4) with AarTransform
2026-04-25T03:15:18.4691198Z Transforming lifecycle-viewmodel-savedstate-release.aar (androidx.lifecycle:lifecycle-viewmodel-savedstate-android:2.9.4) with JetifyTransform
2026-04-25T03:15:18.4693279Z Transforming lifecycle-viewmodel-savedstate-release.aar (androidx.lifecycle:lifecycle-viewmodel-savedstate-android:2.9.4) with ExtractAarTransform
2026-04-25T03:15:18.4695116Z Transforming lifecycle-viewmodel-savedstate-release.aar (androidx.lifecycle:lifecycle-viewmodel-savedstate-android:2.9.4) with AarTransform
2026-04-25T03:15:18.4696758Z Transforming customview-poolingcontainer-1.0.0.aar (androidx.customview:customview-poolingcontainer:1.0.0) with JetifyTransform
2026-04-25T03:15:18.4698479Z Caching disabled for AarTransform: /home/runner/.gradle/caches/8.11.1/transforms/ad2dd3899eea144a1aa94a7a61cd2837/transformed/jetified-foundation-layout because:
2026-04-25T03:15:18.4699616Z   Caching not enabled.
2026-04-25T03:15:18.4700645Z Caching disabled for AarTransform: /home/runner/.gradle/caches/8.11.1/transforms/66c16c3f7f6d02b975cabce6ff0bea36/transformed/jetified-ui-tooling-data because:
2026-04-25T03:15:18.4702197Z   Caching not enabled.
2026-04-25T03:15:18.4703416Z Caching disabled for AarTransform: /home/runner/.gradle/caches/8.11.1/transforms/e184805bcc53f3a846e25bb745ddc742/transformed/jetified-foundation-release because:
2026-04-25T03:15:18.4704510Z   Caching not enabled.
2026-04-25T03:15:18.4705473Z Caching disabled for AarTransform: /home/runner/.gradle/caches/8.11.1/transforms/bfbadf3aa82e8d2c6f086b75adb8398a/transformed/jetified-animation because:
2026-04-25T03:15:18.4706549Z   Caching not enabled.
2026-04-25T03:15:18.4707513Z Caching disabled for AarTransform: /home/runner/.gradle/caches/8.11.1/transforms/4f81a84452a71c15e1af23c08dd42a82/transformed/jetified-animation-core because:
2026-04-25T03:15:18.4708587Z   Caching not enabled.
2026-04-25T03:15:18.4709502Z Transforming customview-poolingcontainer-1.0.0.aar (androidx.customview:customview-poolingcontainer:1.0.0) with ExtractAarTransform
2026-04-25T03:15:18.4711035Z Transforming customview-poolingcontainer-1.0.0.aar (androidx.customview:customview-poolingcontainer:1.0.0) with AarTransform
2026-04-25T03:15:18.4712411Z Transforming core-ktx-1.18.0.aar (androidx.core:core-ktx:1.18.0) with JetifyTransform
2026-04-25T03:15:18.4713272Z Transforming core-ktx-1.18.0.aar (androidx.core:core-ktx:1.18.0) with ExtractAarTransform
2026-04-25T03:15:18.4714116Z Transforming core-ktx-1.18.0.aar (androidx.core:core-ktx:1.18.0) with AarTransform
2026-04-25T03:15:18.4715090Z Transforming room3-runtime.aar (androidx.room3:room3-runtime-android:3.0.0-alpha03) with JetifyTransform
2026-04-25T03:15:18.4716242Z Transforming room3-runtime.aar (androidx.room3:room3-runtime-android:3.0.0-alpha03) with ExtractAarTransform
2026-04-25T03:15:18.4717378Z Transforming room3-runtime.aar (androidx.room3:room3-runtime-android:3.0.0-alpha03) with AarTransform
2026-04-25T03:15:18.4718388Z Transforming core-viewtree-1.0.0.aar (androidx.core:core-viewtree:1.0.0) with JetifyTransform
2026-04-25T03:15:18.4719411Z Transforming core-viewtree-1.0.0.aar (androidx.core:core-viewtree:1.0.0) with ExtractAarTransform
2026-04-25T03:15:18.4720406Z Transforming core-viewtree-1.0.0.aar (androidx.core:core-viewtree:1.0.0) with AarTransform
2026-04-25T03:15:18.4721800Z Transforming annotation-experimental-1.5.0.aar (androidx.annotation:annotation-experimental:1.5.0) with JetifyTransform
2026-04-25T03:15:18.4723198Z Transforming annotation-experimental-1.5.0.aar (androidx.annotation:annotation-experimental:1.5.0) with ExtractAarTransform
2026-04-25T03:15:18.4724581Z Transforming annotation-experimental-1.5.0.aar (androidx.annotation:annotation-experimental:1.5.0) with AarTransform
2026-04-25T03:15:18.4725920Z Transforming profileinstaller-1.4.0.aar (androidx.profileinstaller:profileinstaller:1.4.0) with JetifyTransform
2026-04-25T03:15:18.4727183Z Transforming profileinstaller-1.4.0.aar (androidx.profileinstaller:profileinstaller:1.4.0) with ExtractAarTransform
2026-04-25T03:15:18.4728481Z Transforming profileinstaller-1.4.0.aar (androidx.profileinstaller:profileinstaller:1.4.0) with AarTransform
2026-04-25T03:15:18.4729671Z Transforming startup-runtime-1.1.1.aar (androidx.startup:startup-runtime:1.1.1) with JetifyTransform
2026-04-25T03:15:18.4731101Z Caching disabled for AarTransform: /home/runner/.gradle/caches/8.11.1/transforms/9b3a85a633de8f9d1f1866feb4adf80b/transformed/jetified-ui-geometry because:
2026-04-25T03:15:18.4732399Z   Caching not enabled.
2026-04-25T03:15:18.4733111Z Transforming startup-runtime-1.1.1.aar (androidx.startup:startup-runtime:1.1.1) with ExtractAarTransform
2026-04-25T03:15:18.4734236Z Transforming startup-runtime-1.1.1.aar (androidx.startup:startup-runtime:1.1.1) with AarTransform
2026-04-25T03:15:18.4735667Z Caching disabled for AarTransform: /home/runner/.gradle/caches/8.11.1/transforms/8c21f5dbc4c774dc1f97ad88c52d3ccb/transformed/jetified-ui-unit because:
2026-04-25T03:15:18.4736701Z   Caching not enabled.
2026-04-25T03:15:18.4737530Z Transforming tracing-1.2.0.aar (androidx.tracing:tracing:1.2.0) with JetifyTransform
2026-04-25T03:15:18.4738410Z Transforming tracing-1.2.0.aar (androidx.tracing:tracing:1.2.0) with ExtractAarTransform
2026-04-25T03:15:18.4739297Z Transforming tracing-1.2.0.aar (androidx.tracing:tracing:1.2.0) with AarTransform
2026-04-25T03:15:18.4740478Z Transforming interpolator-1.0.0.aar (androidx.interpolator:interpolator:1.0.0) with JetifyTransform
2026-04-25T03:15:18.4741911Z Transforming interpolator-1.0.0.aar (androidx.interpolator:interpolator:1.0.0) with ExtractAarTransform
2026-04-25T03:15:18.4743005Z Transforming interpolator-1.0.0.aar (androidx.interpolator:interpolator:1.0.0) with AarTransform
2026-04-25T03:15:18.4744331Z Transforming versionedparcelable-1.1.1.aar (androidx.versionedparcelable:versionedparcelable:1.1.1) with JetifyTransform
2026-04-25T03:15:18.4745786Z Transforming versionedparcelable-1.1.1.aar (androidx.versionedparcelable:versionedparcelable:1.1.1) with ExtractAarTransform
2026-04-25T03:15:18.4747286Z Transforming versionedparcelable-1.1.1.aar (androidx.versionedparcelable:versionedparcelable:1.1.1) with AarTransform
2026-04-25T03:15:18.4748503Z Transforming core-runtime-2.2.0.aar (androidx.arch.core:core-runtime:2.2.0) with JetifyTransform
2026-04-25T03:15:18.4749590Z Transforming core-runtime-2.2.0.aar (androidx.arch.core:core-runtime:2.2.0) with ExtractAarTransform
2026-04-25T03:15:18.4750631Z Transforming core-runtime-2.2.0.aar (androidx.arch.core:core-runtime:2.2.0) with AarTransform
2026-04-25T03:15:18.4751966Z Transforming sqlite-framework.aar (androidx.sqlite:sqlite-framework-android:2.7.0-alpha03) with JetifyTransform
2026-04-25T03:15:18.4753296Z Transforming sqlite-framework.aar (androidx.sqlite:sqlite-framework-android:2.7.0-alpha03) with ExtractAarTransform
2026-04-25T03:15:18.4754588Z Transforming sqlite-framework.aar (androidx.sqlite:sqlite-framework-android:2.7.0-alpha03) with AarTransform
2026-04-25T03:15:18.4755786Z Transforming sqlite-async.aar (androidx.sqlite:sqlite-async-android:2.7.0-alpha03) with JetifyTransform
2026-04-25T03:15:18.4756975Z Transforming sqlite-async.aar (androidx.sqlite:sqlite-async-android:2.7.0-alpha03) with ExtractAarTransform
2026-04-25T03:15:18.4758148Z Transforming sqlite-async.aar (androidx.sqlite:sqlite-async-android:2.7.0-alpha03) with AarTransform
2026-04-25T03:15:18.4759225Z Transforming sqlite.aar (androidx.sqlite:sqlite-android:2.7.0-alpha03) with JetifyTransform
2026-04-25T03:15:18.4760260Z Transforming sqlite.aar (androidx.sqlite:sqlite-android:2.7.0-alpha03) with ExtractAarTransform
2026-04-25T03:15:18.4761250Z Transforming sqlite.aar (androidx.sqlite:sqlite-android:2.7.0-alpha03) with AarTransform
2026-04-25T03:15:18.4762892Z Caching disabled for AarTransform: /home/runner/.gradle/caches/8.11.1/transforms/62bbfe8dca9ed54bc4c0ab3b238d67e2/transformed/jetified-ui-tooling-preview because:
2026-04-25T03:15:18.4764082Z   Caching not enabled.
2026-04-25T03:15:18.4765081Z Caching disabled for AarTransform: /home/runner/.gradle/caches/8.11.1/transforms/1246a0f488a63f1831e1b5a8d10710b0/transformed/jetified-ui-util because:
2026-04-25T03:15:18.4766140Z   Caching not enabled.
2026-04-25T03:15:18.4767125Z Caching disabled for AarTransform: /home/runner/.gradle/caches/8.11.1/transforms/6aa2e2a68c2b334c6993af83152c0d73/transformed/jetified-ui-text because:
2026-04-25T03:15:18.4768190Z   Caching not enabled.
2026-04-25T03:15:18.4769190Z Caching disabled for AarTransform: /home/runner/.gradle/caches/8.11.1/transforms/5444a948fcc572516c7b4f3972d025a3/transformed/jetified-ui-tooling because:
2026-04-25T03:15:18.4770277Z   Caching not enabled.
2026-04-25T03:15:18.4771342Z Caching disabled for AarTransform: /home/runner/.gradle/caches/8.11.1/transforms/a4d7fd655ff98528246c4656eb5f19ea/transformed/jetified-ui-graphics-release because:
2026-04-25T03:15:18.4772630Z   Caching not enabled.
2026-04-25T03:15:18.4773604Z Caching disabled for AarTransform: /home/runner/.gradle/caches/8.11.1/transforms/1df681c407b8c6fa7d32611b26aedbfa/transformed/jetified-material-release because:
2026-04-25T03:15:18.4774983Z   Caching not enabled.
2026-04-25T03:15:18.4776039Z Caching disabled for AarTransform: /home/runner/.gradle/caches/8.11.1/transforms/5c922962d5224524f6f00173e6e6b098/transformed/jetified-material-ripple-release because:
2026-04-25T03:15:18.4777175Z   Caching not enabled.
2026-04-25T03:15:18.4778432Z Caching disabled for AarTransform: /home/runner/.gradle/caches/8.11.1/transforms/88af93a2b7c73505eec7264aa57b0fde/transformed/jetified-material-icons-core-release because:
2026-04-25T03:15:18.4779634Z   Caching not enabled.
2026-04-25T03:15:18.4780622Z Caching disabled for AarTransform: /home/runner/.gradle/caches/8.11.1/transforms/f2771391fcc7f80b976540bba9ba7563/transformed/jetified-ui-release because:
2026-04-25T03:15:18.4781890Z   Caching not enabled.
2026-04-25T03:15:18.4782900Z Caching disabled for AarTransform: /home/runner/.gradle/caches/8.11.1/transforms/44e8b0036a8201959b70c71bcf364993/transformed/jetified-ui-test-manifest-1.9.2 because:
2026-04-25T03:15:18.4784061Z   Caching not enabled.
2026-04-25T03:15:18.4785123Z Caching disabled for AarTransform: /home/runner/.gradle/caches/8.11.1/transforms/d1ab2c85c5c7edaa9d5c11f390bc78b5/transformed/jetified-activity-ktx-1.13.0 because:
2026-04-25T03:15:18.4786264Z   Caching not enabled.
2026-04-25T03:15:18.4787287Z Caching disabled for AarTransform: /home/runner/.gradle/caches/8.11.1/transforms/48e4941a7a9ae17669c37819052c40dc/transformed/jetified-activity-1.13.0 because:
2026-04-25T03:15:18.4788394Z   Caching not enabled.
2026-04-25T03:15:18.4789496Z Caching disabled for AarTransform: /home/runner/.gradle/caches/8.11.1/transforms/53dd3c85cf1ee483c56fc5c2dad6254c/transformed/jetified-activity-compose-1.13.0 because:
2026-04-25T03:15:18.4790631Z   Caching not enabled.
2026-04-25T03:15:18.4791810Z Caching disabled for AarTransform: /home/runner/.gradle/caches/8.11.1/transforms/5df67e3eb4b626cdffa8926a04c266c2/transformed/jetified-autofill-1.0.0 because:
2026-04-25T03:15:18.4792927Z   Caching not enabled.
2026-04-25T03:15:18.4794005Z Caching disabled for AarTransform: /home/runner/.gradle/caches/8.11.1/transforms/662be86d238395fbab679cf99a3cc778/transformed/jetified-graphics-path-1.0.1 because:
2026-04-25T03:15:18.4795155Z   Caching not enabled.
2026-04-25T03:15:18.4796181Z Caching disabled for AarTransform: /home/runner/.gradle/caches/8.11.1/transforms/3abacfca74cef8bd79f4f6b076410e62/transformed/jetified-emoji2-1.4.0 because:
2026-04-25T03:15:18.4797296Z   Caching not enabled.
2026-04-25T03:15:18.4798386Z Caching disabled for AarTransform: /home/runner/.gradle/caches/8.11.1/transforms/55cf9782038afb4eca1c9ad7a53816b0/transformed/jetified-lifecycle-process-2.9.4 because:
2026-04-25T03:15:18.4799600Z   Caching not enabled.
2026-04-25T03:15:18.4800529Z Caching disabled for AarTransform: /home/runner/.gradle/caches/8.11.1/transforms/b927945fff1b83fd5b90253cf52886eb/transformed/core-1.18.0 because:
2026-04-25T03:15:18.4801696Z   Caching not enabled.
2026-04-25T03:15:18.4802830Z Caching disabled for AarTransform: /home/runner/.gradle/caches/8.11.1/transforms/e5966598a904df0b6971f2fde25eb623/transformed/jetified-lifecycle-viewmodel-ktx-2.9.4 because:
2026-04-25T03:15:18.4804051Z   Caching not enabled.
2026-04-25T03:15:18.4805127Z Caching disabled for AarTransform: /home/runner/.gradle/caches/8.11.1/transforms/dcb821152cd722531076c60d0c53d0da/transformed/lifecycle-livedata-core-2.9.4 because:
2026-04-25T03:15:18.4806289Z   Caching not enabled.
2026-04-25T03:15:18.4807350Z Caching disabled for AarTransform: /home/runner/.gradle/caches/8.11.1/transforms/4a12e9705d8182394b2895d78dca45b0/transformed/jetified-lifecycle-runtime-ktx because:
2026-04-25T03:15:18.4808783Z   Caching not enabled.
2026-04-25T03:15:18.4809902Z Caching disabled for AarTransform: /home/runner/.gradle/caches/8.11.1/transforms/a64ed8a71f0f7948e723ef829bd51212/transformed/jetified-lifecycle-viewmodel-release because:
2026-04-25T03:15:18.4811103Z   Caching not enabled.
2026-04-25T03:15:18.4812271Z Caching disabled for AarTransform: /home/runner/.gradle/caches/8.11.1/transforms/0c87c26b3896778e2229d65b48e54d08/transformed/jetified-savedstate-release because:
2026-04-25T03:15:18.4813560Z   Caching not enabled.
2026-04-25T03:15:18.4814620Z Caching disabled for AarTransform: /home/runner/.gradle/caches/8.11.1/transforms/d0b493c96f80168d73839878faae7e02/transformed/jetified-runtime-annotation because:
2026-04-25T03:15:18.4815919Z   Caching not enabled.
2026-04-25T03:15:18.4816917Z Caching disabled for AarTransform: /home/runner/.gradle/caches/8.11.1/transforms/cc83dad95e58bd620bfba7008db487cb/transformed/jetified-savedstate-ktx-1.3.3 because:
2026-04-25T03:15:18.4818032Z   Caching not enabled.
2026-04-25T03:15:18.4819213Z Caching disabled for AarTransform: /home/runner/.gradle/caches/8.11.1/transforms/d5c9e7a4fbd5dcfd5d2f0355c0178367/transformed/jetified-savedstate-compose because:
2026-04-25T03:15:18.4820349Z   Caching not enabled.
2026-04-25T03:15:18.4821287Z Caching disabled for AarTransform: /home/runner/.gradle/caches/8.11.1/transforms/a0cbf74fe970c04208d9e439d908ddbc/transformed/jetified-runtime because:
2026-04-25T03:15:18.4822500Z   Caching not enabled.
2026-04-25T03:15:18.4823527Z Caching disabled for AarTransform: /home/runner/.gradle/caches/8.11.1/transforms/a4d3c1473a3d4a75eb5d1b0908f28da9/transformed/jetified-runtime-saveable because:
2026-04-25T03:15:18.4824635Z   Caching not enabled.
2026-04-25T03:15:18.4825812Z Caching disabled for AarTransform: /home/runner/.gradle/caches/8.11.1/transforms/80255bca652ba087d4065dc2faf39e1a/transformed/jetified-lifecycle-runtime-compose-release because:
2026-04-25T03:15:18.4827037Z   Caching not enabled.
2026-04-25T03:15:18.4828048Z Caching disabled for AarTransform: /home/runner/.gradle/caches/8.11.1/transforms/65b45c9026b2bd4459a92bff687b8cdd/transformed/jetified-lifecycle-runtime-release because:
2026-04-25T03:15:18.4829126Z   Caching not enabled.
2026-04-25T03:15:18.4830281Z Caching disabled for AarTransform: /home/runner/.gradle/caches/8.11.1/transforms/a71723d6dcbc6be65ef2918cb3811f9c/transformed/jetified-lifecycle-viewmodel-savedstate-release because:
2026-04-25T03:15:18.4831813Z   Caching not enabled.
2026-04-25T03:15:18.4832938Z Caching disabled for AarTransform: /home/runner/.gradle/caches/8.11.1/transforms/f5f3e112a8bc5346f87af9a240971861/transformed/jetified-customview-poolingcontainer-1.0.0 because:
2026-04-25T03:15:18.4834151Z   Caching not enabled.
2026-04-25T03:15:18.4835178Z Caching disabled for AarTransform: /home/runner/.gradle/caches/8.11.1/transforms/bc2ce13905b20cb4f5958c45d1c9d573/transformed/jetified-core-ktx-1.18.0 because:
2026-04-25T03:15:18.4836271Z   Caching not enabled.
2026-04-25T03:15:18.4837300Z Caching disabled for AarTransform: /home/runner/.gradle/caches/8.11.1/transforms/269f2e4e646d8543a7b2c254a4b93a7f/transformed/jetified-core-viewtree-1.0.0 because:
2026-04-25T03:15:18.4838419Z   Caching not enabled.
2026-04-25T03:15:18.4839396Z Caching disabled for AarTransform: /home/runner/.gradle/caches/8.11.1/transforms/e8dc695c4c5bdd0cf72b059e2d23cf12/transformed/jetified-room3-runtime because:
2026-04-25T03:15:18.4840469Z   Caching not enabled.
2026-04-25T03:15:18.4841790Z Caching disabled for AarTransform: /home/runner/.gradle/caches/8.11.1/transforms/322ae4830614cf31fd29d75d5510d387/transformed/jetified-annotation-experimental-1.5.0 because:
2026-04-25T03:15:18.4842980Z   Caching not enabled.
2026-04-25T03:15:18.4844113Z Caching disabled for AarTransform: /home/runner/.gradle/caches/8.11.1/transforms/f183e16ca5302cbdac9b4ad366abf41f/transformed/jetified-profileinstaller-1.4.0 because:
2026-04-25T03:15:18.4845268Z   Caching not enabled.
2026-04-25T03:15:18.4846323Z Caching disabled for AarTransform: /home/runner/.gradle/caches/8.11.1/transforms/b28d6fd91b6acc053f31c2d921c622fc/transformed/jetified-startup-runtime-1.1.1 because:
2026-04-25T03:15:18.4847451Z   Caching not enabled.
2026-04-25T03:15:18.4848443Z Caching disabled for AarTransform: /home/runner/.gradle/caches/8.11.1/transforms/ae121b1900a7c948b2862f422c9c5a93/transformed/jetified-tracing-1.2.0 because:
2026-04-25T03:15:18.4849511Z   Caching not enabled.
2026-04-25T03:15:18.4850783Z Caching disabled for AarTransform: /home/runner/.gradle/caches/8.11.1/transforms/05d0b6d4d2e67536598763bde6059c13/transformed/interpolator-1.0.0 because:
2026-04-25T03:15:18.4852050Z   Caching not enabled.
2026-04-25T03:15:18.4853203Z Caching disabled for AarTransform: /home/runner/.gradle/caches/8.11.1/transforms/c3bd2d9e6c8cd1fbb7860453d0102ec6/transformed/core-runtime-2.2.0 because:
2026-04-25T03:15:18.4854249Z   Caching not enabled.
2026-04-25T03:15:18.4855267Z Caching disabled for AarTransform: /home/runner/.gradle/caches/8.11.1/transforms/604fc49abdfe089f289a91472a0596e5/transformed/jetified-sqlite-framework because:
2026-04-25T03:15:18.4856375Z   Caching not enabled.
2026-04-25T03:15:18.4857399Z Caching disabled for AarTransform: /home/runner/.gradle/caches/8.11.1/transforms/93dc7ef43c96d012f7f54d4eefcc3a71/transformed/versionedparcelable-1.1.1 because:
2026-04-25T03:15:18.4858534Z   Caching not enabled.
2026-04-25T03:15:18.4859545Z Caching disabled for AarTransform: /home/runner/.gradle/caches/8.11.1/transforms/a3448bc9557eef07cb20e2e3acd94a98/transformed/jetified-sqlite-async because:
2026-04-25T03:15:18.4860627Z   Caching not enabled.
2026-04-25T03:15:18.4866502Z Caching disabled for AarTransform: /home/runner/.gradle/caches/8.11.1/transforms/0d88d4ca6e3f9c9ab59ee57b9789223f/transformed/jetified-sqlite because:
2026-04-25T03:15:18.4867657Z   Caching not enabled.
2026-04-25T03:15:18.4868297Z Build cache key for task ':app:processDebugMainManifest' is fa683030ef7bfe844cb86ccbec7cb064
2026-04-25T03:15:18.4869146Z Task ':app:processDebugMainManifest' is not up-to-date because:
2026-04-25T03:15:18.4869683Z   No history is available.
2026-04-25T03:15:18.4870763Z Loading library manifest /home/runner/.gradle/caches/8.11.1/transforms/cb6f1b90199c63645d75112bc87b7505/transformed/jetified-navigationevent/AndroidManifest.xml
2026-04-25T03:15:18.4872878Z Loading library manifest /home/runner/.gradle/caches/8.11.1/transforms/582a976f3ede713cacde1265effd907c/transformed/jetified-navigationevent-compose/AndroidManifest.xml
2026-04-25T03:15:18.4874810Z Loading library manifest /home/runner/.gradle/caches/8.11.1/transforms/e046490ec4aaa6520a9ff4e91fbcefea/transformed/jetified-material3-release/AndroidManifest.xml
2026-04-25T03:15:18.4876708Z Loading library manifest /home/runner/.gradle/caches/8.11.1/transforms/66c16c3f7f6d02b975cabce6ff0bea36/transformed/jetified-ui-tooling-data/AndroidManifest.xml
2026-04-25T03:15:18.4878559Z Loading library manifest /home/runner/.gradle/caches/8.11.1/transforms/ad2dd3899eea144a1aa94a7a61cd2837/transformed/jetified-foundation-layout/AndroidManifest.xml
2026-04-25T03:15:18.4880482Z Loading library manifest /home/runner/.gradle/caches/8.11.1/transforms/e184805bcc53f3a846e25bb745ddc742/transformed/jetified-foundation-release/AndroidManifest.xml
2026-04-25T03:15:18.4882537Z Loading library manifest /home/runner/.gradle/caches/8.11.1/transforms/bfbadf3aa82e8d2c6f086b75adb8398a/transformed/jetified-animation/AndroidManifest.xml
2026-04-25T03:15:18.4884349Z Loading library manifest /home/runner/.gradle/caches/8.11.1/transforms/4f81a84452a71c15e1af23c08dd42a82/transformed/jetified-animation-core/AndroidManifest.xml
2026-04-25T03:15:18.4886182Z Loading library manifest /home/runner/.gradle/caches/8.11.1/transforms/8c21f5dbc4c774dc1f97ad88c52d3ccb/transformed/jetified-ui-unit/AndroidManifest.xml
2026-04-25T03:15:18.4887959Z Loading library manifest /home/runner/.gradle/caches/8.11.1/transforms/9b3a85a633de8f9d1f1866feb4adf80b/transformed/jetified-ui-geometry/AndroidManifest.xml
2026-04-25T03:15:18.4889834Z Loading library manifest /home/runner/.gradle/caches/8.11.1/transforms/62bbfe8dca9ed54bc4c0ab3b238d67e2/transformed/jetified-ui-tooling-preview/AndroidManifest.xml
2026-04-25T03:15:18.4891860Z Loading library manifest /home/runner/.gradle/caches/8.11.1/transforms/1246a0f488a63f1831e1b5a8d10710b0/transformed/jetified-ui-util/AndroidManifest.xml
2026-04-25T03:15:18.4893631Z Loading library manifest /home/runner/.gradle/caches/8.11.1/transforms/6aa2e2a68c2b334c6993af83152c0d73/transformed/jetified-ui-text/AndroidManifest.xml
2026-04-25T03:15:18.4895766Z Loading library manifest /home/runner/.gradle/caches/8.11.1/transforms/a4d7fd655ff98528246c4656eb5f19ea/transformed/jetified-ui-graphics-release/AndroidManifest.xml
2026-04-25T03:15:18.4897771Z Loading library manifest /home/runner/.gradle/caches/8.11.1/transforms/5444a948fcc572516c7b4f3972d025a3/transformed/jetified-ui-tooling/AndroidManifest.xml
2026-04-25T03:15:18.4899569Z Loading library manifest /home/runner/.gradle/caches/8.11.1/transforms/1df681c407b8c6fa7d32611b26aedbfa/transformed/jetified-material-release/AndroidManifest.xml
2026-04-25T03:15:18.4901383Z Loading library manifest /home/runner/.gradle/caches/8.11.1/transforms/5c922962d5224524f6f00173e6e6b098/transformed/jetified-material-ripple-release/AndroidManifest.xml
2026-04-25T03:15:18.4903595Z Loading library manifest /home/runner/.gradle/caches/8.11.1/transforms/88af93a2b7c73505eec7264aa57b0fde/transformed/jetified-material-icons-core-release/AndroidManifest.xml
2026-04-25T03:15:18.4905539Z Loading library manifest /home/runner/.gradle/caches/8.11.1/transforms/f2771391fcc7f80b976540bba9ba7563/transformed/jetified-ui-release/AndroidManifest.xml
2026-04-25T03:15:18.4907401Z Loading library manifest /home/runner/.gradle/caches/8.11.1/transforms/44e8b0036a8201959b70c71bcf364993/transformed/jetified-ui-test-manifest-1.9.2/AndroidManifest.xml
2026-04-25T03:15:18.4909363Z Loading library manifest /home/runner/.gradle/caches/8.11.1/transforms/d1ab2c85c5c7edaa9d5c11f390bc78b5/transformed/jetified-activity-ktx-1.13.0/AndroidManifest.xml
2026-04-25T03:15:18.4911254Z Loading library manifest /home/runner/.gradle/caches/8.11.1/transforms/48e4941a7a9ae17669c37819052c40dc/transformed/jetified-activity-1.13.0/AndroidManifest.xml
2026-04-25T03:15:18.4913357Z Loading library manifest /home/runner/.gradle/caches/8.11.1/transforms/53dd3c85cf1ee483c56fc5c2dad6254c/transformed/jetified-activity-compose-1.13.0/AndroidManifest.xml
2026-04-25T03:15:18.4915292Z Loading library manifest /home/runner/.gradle/caches/8.11.1/transforms/5df67e3eb4b626cdffa8926a04c266c2/transformed/jetified-autofill-1.0.0/AndroidManifest.xml
2026-04-25T03:15:18.4917180Z Loading library manifest /home/runner/.gradle/caches/8.11.1/transforms/662be86d238395fbab679cf99a3cc778/transformed/jetified-graphics-path-1.0.1/AndroidManifest.xml
2026-04-25T03:15:18.4919088Z Loading library manifest /home/runner/.gradle/caches/8.11.1/transforms/3abacfca74cef8bd79f4f6b076410e62/transformed/jetified-emoji2-1.4.0/AndroidManifest.xml
2026-04-25T03:15:18.4920839Z Loading library manifest /home/runner/.gradle/caches/8.11.1/transforms/b927945fff1b83fd5b90253cf52886eb/transformed/core-1.18.0/AndroidManifest.xml
2026-04-25T03:15:18.4922841Z Loading library manifest /home/runner/.gradle/caches/8.11.1/transforms/55cf9782038afb4eca1c9ad7a53816b0/transformed/jetified-lifecycle-process-2.9.4/AndroidManifest.xml
2026-04-25T03:15:18.4924901Z Loading library manifest /home/runner/.gradle/caches/8.11.1/transforms/e5966598a904df0b6971f2fde25eb623/transformed/jetified-lifecycle-viewmodel-ktx-2.9.4/AndroidManifest.xml
2026-04-25T03:15:18.4926921Z Loading library manifest /home/runner/.gradle/caches/8.11.1/transforms/dcb821152cd722531076c60d0c53d0da/transformed/lifecycle-livedata-core-2.9.4/AndroidManifest.xml
2026-04-25T03:15:18.4928886Z Loading library manifest /home/runner/.gradle/caches/8.11.1/transforms/4a12e9705d8182394b2895d78dca45b0/transformed/jetified-lifecycle-runtime-ktx/AndroidManifest.xml
2026-04-25T03:15:18.4930885Z Loading library manifest /home/runner/.gradle/caches/8.11.1/transforms/a64ed8a71f0f7948e723ef829bd51212/transformed/jetified-lifecycle-viewmodel-release/AndroidManifest.xml
2026-04-25T03:15:18.4933043Z Loading library manifest /home/runner/.gradle/caches/8.11.1/transforms/d0b493c96f80168d73839878faae7e02/transformed/jetified-runtime-annotation/AndroidManifest.xml
2026-04-25T03:15:18.4934946Z Loading library manifest /home/runner/.gradle/caches/8.11.1/transforms/0c87c26b3896778e2229d65b48e54d08/transformed/jetified-savedstate-release/AndroidManifest.xml
2026-04-25T03:15:18.4937079Z Loading library manifest /home/runner/.gradle/caches/8.11.1/transforms/cc83dad95e58bd620bfba7008db487cb/transformed/jetified-savedstate-ktx-1.3.3/AndroidManifest.xml
2026-04-25T03:15:18.4939167Z Loading library manifest /home/runner/.gradle/caches/8.11.1/transforms/d5c9e7a4fbd5dcfd5d2f0355c0178367/transformed/jetified-savedstate-compose/AndroidManifest.xml
2026-04-25T03:15:18.4940915Z Loading library manifest /home/runner/.gradle/caches/8.11.1/transforms/a0cbf74fe970c04208d9e439d908ddbc/transformed/jetified-runtime/AndroidManifest.xml
2026-04-25T03:15:18.4942924Z Loading library manifest /home/runner/.gradle/caches/8.11.1/transforms/a4d3c1473a3d4a75eb5d1b0908f28da9/transformed/jetified-runtime-saveable/AndroidManifest.xml
2026-04-25T03:15:18.4944920Z Loading library manifest /home/runner/.gradle/caches/8.11.1/transforms/80255bca652ba087d4065dc2faf39e1a/transformed/jetified-lifecycle-runtime-compose-release/AndroidManifest.xml
2026-04-25T03:15:18.4946947Z Loading library manifest /home/runner/.gradle/caches/8.11.1/transforms/65b45c9026b2bd4459a92bff687b8cdd/transformed/jetified-lifecycle-runtime-release/AndroidManifest.xml
2026-04-25T03:15:18.4949048Z Loading library manifest /home/runner/.gradle/caches/8.11.1/transforms/a71723d6dcbc6be65ef2918cb3811f9c/transformed/jetified-lifecycle-viewmodel-savedstate-release/AndroidManifest.xml
2026-04-25T03:15:18.4951161Z Loading library manifest /home/runner/.gradle/caches/8.11.1/transforms/f5f3e112a8bc5346f87af9a240971861/transformed/jetified-customview-poolingcontainer-1.0.0/AndroidManifest.xml
2026-04-25T03:15:18.4953346Z Loading library manifest /home/runner/.gradle/caches/8.11.1/transforms/bc2ce13905b20cb4f5958c45d1c9d573/transformed/jetified-core-ktx-1.18.0/AndroidManifest.xml
2026-04-25T03:15:18.4955096Z Loading library manifest /home/runner/.gradle/caches/8.11.1/transforms/e8dc695c4c5bdd0cf72b059e2d23cf12/transformed/jetified-room3-runtime/AndroidManifest.xml
2026-04-25T03:15:18.4956866Z Loading library manifest /home/runner/.gradle/caches/8.11.1/transforms/269f2e4e646d8543a7b2c254a4b93a7f/transformed/jetified-core-viewtree-1.0.0/AndroidManifest.xml
2026-04-25T03:15:18.4958883Z Loading library manifest /home/runner/.gradle/caches/8.11.1/transforms/322ae4830614cf31fd29d75d5510d387/transformed/jetified-annotation-experimental-1.5.0/AndroidManifest.xml
2026-04-25T03:15:18.4960915Z Loading library manifest /home/runner/.gradle/caches/8.11.1/transforms/f183e16ca5302cbdac9b4ad366abf41f/transformed/jetified-profileinstaller-1.4.0/AndroidManifest.xml
2026-04-25T03:15:18.4963126Z Loading library manifest /home/runner/.gradle/caches/8.11.1/transforms/b28d6fd91b6acc053f31c2d921c622fc/transformed/jetified-startup-runtime-1.1.1/AndroidManifest.xml
2026-04-25T03:15:18.4965025Z Loading library manifest /home/runner/.gradle/caches/8.11.1/transforms/ae121b1900a7c948b2862f422c9c5a93/transformed/jetified-tracing-1.2.0/AndroidManifest.xml
2026-04-25T03:15:18.4966809Z Loading library manifest /home/runner/.gradle/caches/8.11.1/transforms/05d0b6d4d2e67536598763bde6059c13/transformed/interpolator-1.0.0/AndroidManifest.xml
2026-04-25T03:15:18.4968638Z Loading library manifest /home/runner/.gradle/caches/8.11.1/transforms/93dc7ef43c96d012f7f54d4eefcc3a71/transformed/versionedparcelable-1.1.1/AndroidManifest.xml
2026-04-25T03:15:18.4970441Z Loading library manifest /home/runner/.gradle/caches/8.11.1/transforms/c3bd2d9e6c8cd1fbb7860453d0102ec6/transformed/core-runtime-2.2.0/AndroidManifest.xml
2026-04-25T03:15:18.4972444Z Loading library manifest /home/runner/.gradle/caches/8.11.1/transforms/604fc49abdfe089f289a91472a0596e5/transformed/jetified-sqlite-framework/AndroidManifest.xml
2026-04-25T03:15:18.4974270Z Loading library manifest /home/runner/.gradle/caches/8.11.1/transforms/a3448bc9557eef07cb20e2e3acd94a98/transformed/jetified-sqlite-async/AndroidManifest.xml
2026-04-25T03:15:18.4975938Z Loading library manifest /home/runner/.gradle/caches/8.11.1/transforms/0d88d4ca6e3f9c9ab59ee57b9789223f/transformed/jetified-sqlite/AndroidManifest.xml
2026-04-25T03:15:18.4977345Z Merging main manifest /home/runner/work/flashcard-app/flashcard-app/app/src/main/AndroidManifest.xml
2026-04-25T03:15:18.4977998Z 
2026-04-25T03:15:18.4979040Z Merging library manifest /home/runner/.gradle/caches/8.11.1/transforms/cb6f1b90199c63645d75112bc87b7505/transformed/jetified-navigationevent/AndroidManifest.xml
2026-04-25T03:15:18.4980668Z Merging manifest with lower [androidx.navigationevent:navigationevent-android:1.0.0] AndroidManifest.xml:2:1-7:12
2026-04-25T03:15:18.4981532Z uses-sdk defined in both files...
2026-04-25T03:15:18.4982458Z Merging uses-sdk with lower [androidx.navigationevent:navigationevent-android:1.0.0] AndroidManifest.xml:5:5-44
2026-04-25T03:15:18.4983433Z Merging library manifest /home/runner/.gradle/caches/8.11.1/transforms/582a976f3ede713cacde1265effd907c/transformed/jetified-navigationevent-compose/AndroidManifest.xml
2026-04-25T03:15:18.4984383Z Merging manifest with lower [androidx.navigationevent:navigationevent-compose-android:1.0.0] AndroidManifest.xml:2:1-7:12
2026-04-25T03:15:18.4984921Z uses-sdk defined in both files...
2026-04-25T03:15:18.4985425Z Merging uses-sdk with lower [androidx.navigationevent:navigationevent-compose-android:1.0.0] AndroidManifest.xml:5:5-44
2026-04-25T03:15:18.4986349Z Merging library manifest /home/runner/.gradle/caches/8.11.1/transforms/e046490ec4aaa6520a9ff4e91fbcefea/transformed/jetified-material3-release/AndroidManifest.xml
2026-04-25T03:15:18.4987234Z Merging manifest with lower [androidx.compose.material3:material3-android:1.2.1] AndroidManifest.xml:17:1-22:12
2026-04-25T03:15:18.4987717Z uses-sdk defined in both files...
2026-04-25T03:15:18.4988170Z Merging uses-sdk with lower [androidx.compose.material3:material3-android:1.2.1] AndroidManifest.xml:20:5-44
2026-04-25T03:15:18.4989023Z Merging library manifest /home/runner/.gradle/caches/8.11.1/transforms/66c16c3f7f6d02b975cabce6ff0bea36/transformed/jetified-ui-tooling-data/AndroidManifest.xml
2026-04-25T03:15:18.4989871Z Merging manifest with lower [androidx.compose.ui:ui-tooling-data-android:1.9.2] AndroidManifest.xml:2:1-7:12
2026-04-25T03:15:18.4990335Z uses-sdk defined in both files...
2026-04-25T03:15:18.4990755Z Merging uses-sdk with lower [androidx.compose.ui:ui-tooling-data-android:1.9.2] AndroidManifest.xml:5:5-44
2026-04-25T03:15:18.4991818Z Merging library manifest /home/runner/.gradle/caches/8.11.1/transforms/ad2dd3899eea144a1aa94a7a61cd2837/transformed/jetified-foundation-layout/AndroidManifest.xml
2026-04-25T03:15:18.4993383Z Merging manifest with lower [androidx.compose.foundation:foundation-layout-android:1.9.2] AndroidManifest.xml:2:1-7:12
2026-04-25T03:15:18.4994256Z uses-sdk defined in both files...
2026-04-25T03:15:18.4995072Z Merging uses-sdk with lower [androidx.compose.foundation:foundation-layout-android:1.9.2] AndroidManifest.xml:5:5-44
2026-04-25T03:15:18.4996636Z Merging library manifest /home/runner/.gradle/caches/8.11.1/transforms/e184805bcc53f3a846e25bb745ddc742/transformed/jetified-foundation-release/AndroidManifest.xml
2026-04-25T03:15:18.4998171Z Merging manifest with lower [androidx.compose.foundation:foundation-android:1.9.2] AndroidManifest.xml:2:1-7:12
2026-04-25T03:15:18.4999006Z uses-sdk defined in both files...
2026-04-25T03:15:18.4999785Z Merging uses-sdk with lower [androidx.compose.foundation:foundation-android:1.9.2] AndroidManifest.xml:5:5-44
2026-04-25T03:15:18.5001248Z Merging library manifest /home/runner/.gradle/caches/8.11.1/transforms/bfbadf3aa82e8d2c6f086b75adb8398a/transformed/jetified-animation/AndroidManifest.xml
2026-04-25T03:15:18.5002911Z Merging manifest with lower [androidx.compose.animation:animation-android:1.9.2] AndroidManifest.xml:2:1-7:12
2026-04-25T03:15:18.5003729Z uses-sdk defined in both files...
2026-04-25T03:15:18.5004455Z Merging uses-sdk with lower [androidx.compose.animation:animation-android:1.9.2] AndroidManifest.xml:5:5-44
2026-04-25T03:15:18.5005953Z Merging library manifest /home/runner/.gradle/caches/8.11.1/transforms/4f81a84452a71c15e1af23c08dd42a82/transformed/jetified-animation-core/AndroidManifest.xml
2026-04-25T03:15:18.5007759Z Merging manifest with lower [androidx.compose.animation:animation-core-android:1.9.2] AndroidManifest.xml:2:1-7:12
2026-04-25T03:15:18.5008598Z uses-sdk defined in both files...
2026-04-25T03:15:18.5009596Z Merging uses-sdk with lower [androidx.compose.animation:animation-core-android:1.9.2] AndroidManifest.xml:5:5-44
2026-04-25T03:15:18.5011054Z Merging library manifest /home/runner/.gradle/caches/8.11.1/transforms/8c21f5dbc4c774dc1f97ad88c52d3ccb/transformed/jetified-ui-unit/AndroidManifest.xml
2026-04-25T03:15:18.5012613Z Merging manifest with lower [androidx.compose.ui:ui-unit-android:1.9.2] AndroidManifest.xml:2:1-7:12
2026-04-25T03:15:18.5013347Z uses-sdk defined in both files...
2026-04-25T03:15:18.5014025Z Merging uses-sdk with lower [androidx.compose.ui:ui-unit-android:1.9.2] AndroidManifest.xml:5:5-44
2026-04-25T03:15:18.5015408Z Merging library manifest /home/runner/.gradle/caches/8.11.1/transforms/9b3a85a633de8f9d1f1866feb4adf80b/transformed/jetified-ui-geometry/AndroidManifest.xml
2026-04-25T03:15:18.5016824Z Merging manifest with lower [androidx.compose.ui:ui-geometry-android:1.9.2] AndroidManifest.xml:2:1-7:12
2026-04-25T03:15:18.5017593Z uses-sdk defined in both files...
2026-04-25T03:15:18.5018309Z Merging uses-sdk with lower [androidx.compose.ui:ui-geometry-android:1.9.2] AndroidManifest.xml:5:5-44
2026-04-25T03:15:18.5019749Z Merging library manifest /home/runner/.gradle/caches/8.11.1/transforms/62bbfe8dca9ed54bc4c0ab3b238d67e2/transformed/jetified-ui-tooling-preview/AndroidManifest.xml
2026-04-25T03:15:18.5020662Z Merging manifest with lower [androidx.compose.ui:ui-tooling-preview-android:1.9.2] AndroidManifest.xml:17:1-22:12
2026-04-25T03:15:18.5021149Z uses-sdk defined in both files...
2026-04-25T03:15:18.5021776Z Merging uses-sdk with lower [androidx.compose.ui:ui-tooling-preview-android:1.9.2] AndroidManifest.xml:20:5-44
2026-04-25T03:15:18.5023049Z Merging library manifest /home/runner/.gradle/caches/8.11.1/transforms/1246a0f488a63f1831e1b5a8d10710b0/transformed/jetified-ui-util/AndroidManifest.xml
2026-04-25T03:15:18.5024412Z Merging manifest with lower [androidx.compose.ui:ui-util-android:1.9.2] AndroidManifest.xml:2:1-7:12
2026-04-25T03:15:18.5025158Z uses-sdk defined in both files...
2026-04-25T03:15:18.5025808Z Merging uses-sdk with lower [androidx.compose.ui:ui-util-android:1.9.2] AndroidManifest.xml:5:5-44
2026-04-25T03:15:18.5027153Z Merging library manifest /home/runner/.gradle/caches/8.11.1/transforms/6aa2e2a68c2b334c6993af83152c0d73/transformed/jetified-ui-text/AndroidManifest.xml
2026-04-25T03:15:18.5028497Z Merging manifest with lower [androidx.compose.ui:ui-text-android:1.9.2] AndroidManifest.xml:2:1-7:12
2026-04-25T03:15:18.5029214Z uses-sdk defined in both files...
2026-04-25T03:15:18.5029871Z Merging uses-sdk with lower [androidx.compose.ui:ui-text-android:1.9.2] AndroidManifest.xml:5:5-44
2026-04-25T03:15:18.5031292Z Merging library manifest /home/runner/.gradle/caches/8.11.1/transforms/a4d7fd655ff98528246c4656eb5f19ea/transformed/jetified-ui-graphics-release/AndroidManifest.xml
2026-04-25T03:15:18.5032864Z Merging manifest with lower [androidx.compose.ui:ui-graphics-android:1.9.2] AndroidManifest.xml:2:1-7:12
2026-04-25T03:15:18.5033647Z uses-sdk defined in both files...
2026-04-25T03:15:18.5034304Z Merging uses-sdk with lower [androidx.compose.ui:ui-graphics-android:1.9.2] AndroidManifest.xml:5:5-44
2026-04-25T03:15:18.5035718Z Merging library manifest /home/runner/.gradle/caches/8.11.1/transforms/5444a948fcc572516c7b4f3972d025a3/transformed/jetified-ui-tooling/AndroidManifest.xml
2026-04-25T03:15:18.5037122Z Merging manifest with lower [androidx.compose.ui:ui-tooling-android:1.9.2] AndroidManifest.xml:17:1-28:12
2026-04-25T03:15:18.5037898Z uses-sdk defined in both files...
2026-04-25T03:15:18.5038594Z Merging uses-sdk with lower [androidx.compose.ui:ui-tooling-android:1.9.2] AndroidManifest.xml:20:5-44
2026-04-25T03:15:18.5039344Z application defined in both files...
2026-04-25T03:15:18.5040120Z Merging application with lower [androidx.compose.ui:ui-tooling-android:1.9.2] AndroidManifest.xml:22:5-26:19
2026-04-25T03:15:18.5041181Z Adopted [activity: null]
2026-04-25T03:15:18.5042437Z Merging library manifest /home/runner/.gradle/caches/8.11.1/transforms/1df681c407b8c6fa7d32611b26aedbfa/transformed/jetified-material-release/AndroidManifest.xml
2026-04-25T03:15:18.5044201Z Merging manifest with lower [androidx.compose.material:material-android:1.6.8] AndroidManifest.xml:2:1-7:12
2026-04-25T03:15:18.5045010Z uses-sdk defined in both files...
2026-04-25T03:15:18.5045754Z Merging uses-sdk with lower [androidx.compose.material:material-android:1.6.8] AndroidManifest.xml:5:5-44
2026-04-25T03:15:18.5047275Z Merging library manifest /home/runner/.gradle/caches/8.11.1/transforms/5c922962d5224524f6f00173e6e6b098/transformed/jetified-material-ripple-release/AndroidManifest.xml
2026-04-25T03:15:18.5048848Z Merging manifest with lower [androidx.compose.material:material-ripple-android:1.6.8] AndroidManifest.xml:2:1-7:12
2026-04-25T03:15:18.5049679Z uses-sdk defined in both files...
2026-04-25T03:15:18.5050465Z Merging uses-sdk with lower [androidx.compose.material:material-ripple-android:1.6.8] AndroidManifest.xml:5:5-44
2026-04-25T03:15:18.5052302Z Merging library manifest /home/runner/.gradle/caches/8.11.1/transforms/88af93a2b7c73505eec7264aa57b0fde/transformed/jetified-material-icons-core-release/AndroidManifest.xml
2026-04-25T03:15:18.5053954Z Merging manifest with lower [androidx.compose.material:material-icons-core-android:1.6.8] AndroidManifest.xml:2:1-7:12
2026-04-25T03:15:18.5054830Z uses-sdk defined in both files...
2026-04-25T03:15:18.5055625Z Merging uses-sdk with lower [androidx.compose.material:material-icons-core-android:1.6.8] AndroidManifest.xml:5:5-44
2026-04-25T03:15:18.5057135Z Merging library manifest /home/runner/.gradle/caches/8.11.1/transforms/f2771391fcc7f80b976540bba9ba7563/transformed/jetified-ui-release/AndroidManifest.xml
2026-04-25T03:15:18.5058522Z Merging manifest with lower [androidx.compose.ui:ui-android:1.9.2] AndroidManifest.xml:2:1-7:12
2026-04-25T03:15:18.5059236Z uses-sdk defined in both files...
2026-04-25T03:15:18.5059877Z Merging uses-sdk with lower [androidx.compose.ui:ui-android:1.9.2] AndroidManifest.xml:5:5-44
2026-04-25T03:15:18.5061304Z Merging library manifest /home/runner/.gradle/caches/8.11.1/transforms/44e8b0036a8201959b70c71bcf364993/transformed/jetified-ui-test-manifest-1.9.2/AndroidManifest.xml
2026-04-25T03:15:18.5062967Z Merging manifest with lower [androidx.compose.ui:ui-test-manifest:1.9.2] AndroidManifest.xml:17:1-29:12
2026-04-25T03:15:18.5063720Z uses-sdk defined in both files...
2026-04-25T03:15:18.5064395Z Merging uses-sdk with lower [androidx.compose.ui:ui-test-manifest:1.9.2] AndroidManifest.xml:20:5-44
2026-04-25T03:15:18.5065147Z application defined in both files...
2026-04-25T03:15:18.5065899Z Merging application with lower [androidx.compose.ui:ui-test-manifest:1.9.2] AndroidManifest.xml:22:5-27:19
2026-04-25T03:15:18.5066678Z Adopted [activity: null]
2026-04-25T03:15:18.5067609Z Merging library manifest /home/runner/.gradle/caches/8.11.1/transforms/d1ab2c85c5c7edaa9d5c11f390bc78b5/transformed/jetified-activity-ktx-1.13.0/AndroidManifest.xml
2026-04-25T03:15:18.5069050Z Merging manifest with lower [androidx.activity:activity-ktx:1.13.0] AndroidManifest.xml:2:1-7:12
2026-04-25T03:15:18.5069792Z uses-sdk defined in both files...
2026-04-25T03:15:18.5070439Z Merging uses-sdk with lower [androidx.activity:activity-ktx:1.13.0] AndroidManifest.xml:5:5-44
2026-04-25T03:15:18.5071984Z Merging library manifest /home/runner/.gradle/caches/8.11.1/transforms/48e4941a7a9ae17669c37819052c40dc/transformed/jetified-activity-1.13.0/AndroidManifest.xml
2026-04-25T03:15:18.5073392Z Merging manifest with lower [androidx.activity:activity:1.13.0] AndroidManifest.xml:17:1-22:12
2026-04-25T03:15:18.5074053Z uses-sdk defined in both files...
2026-04-25T03:15:18.5074697Z Merging uses-sdk with lower [androidx.activity:activity:1.13.0] AndroidManifest.xml:20:5-44
2026-04-25T03:15:18.5076157Z Merging library manifest /home/runner/.gradle/caches/8.11.1/transforms/53dd3c85cf1ee483c56fc5c2dad6254c/transformed/jetified-activity-compose-1.13.0/AndroidManifest.xml
2026-04-25T03:15:18.5077992Z Merging manifest with lower [androidx.activity:activity-compose:1.13.0] AndroidManifest.xml:2:1-7:12
2026-04-25T03:15:18.5078748Z uses-sdk defined in both files...
2026-04-25T03:15:18.5079638Z Merging uses-sdk with lower [androidx.activity:activity-compose:1.13.0] AndroidManifest.xml:5:5-44
2026-04-25T03:15:18.5081088Z Merging library manifest /home/runner/.gradle/caches/8.11.1/transforms/5df67e3eb4b626cdffa8926a04c266c2/transformed/jetified-autofill-1.0.0/AndroidManifest.xml
2026-04-25T03:15:18.5082640Z Merging manifest with lower [androidx.autofill:autofill:1.0.0] AndroidManifest.xml:17:1-24:12
2026-04-25T03:15:18.5083352Z uses-sdk defined in both files...
2026-04-25T03:15:18.5083998Z Merging uses-sdk with lower [androidx.autofill:autofill:1.0.0] AndroidManifest.xml:20:5-22:41
2026-04-25T03:15:18.5085349Z Merging library manifest /home/runner/.gradle/caches/8.11.1/transforms/662be86d238395fbab679cf99a3cc778/transformed/jetified-graphics-path-1.0.1/AndroidManifest.xml
2026-04-25T03:15:18.5086589Z Merging manifest with lower [androidx.graphics:graphics-path:1.0.1] AndroidManifest.xml:2:1-7:12
2026-04-25T03:15:18.5087218Z uses-sdk defined in both files...
2026-04-25T03:15:18.5087854Z Merging uses-sdk with lower [androidx.graphics:graphics-path:1.0.1] AndroidManifest.xml:5:5-44
2026-04-25T03:15:18.5089163Z Merging library manifest /home/runner/.gradle/caches/8.11.1/transforms/3abacfca74cef8bd79f4f6b076410e62/transformed/jetified-emoji2-1.4.0/AndroidManifest.xml
2026-04-25T03:15:18.5090444Z Merging manifest with lower [androidx.emoji2:emoji2:1.4.0] AndroidManifest.xml:17:1-35:12
2026-04-25T03:15:18.5091127Z uses-sdk defined in both files...
2026-04-25T03:15:18.5092043Z Merging uses-sdk with lower [androidx.emoji2:emoji2:1.4.0] AndroidManifest.xml:21:5-44
2026-04-25T03:15:18.5092704Z application defined in both files...
2026-04-25T03:15:18.5093297Z Merging application with lower [androidx.emoji2:emoji2:1.4.0] AndroidManifest.xml:23:5-33:19
2026-04-25T03:15:18.5093925Z Adopted [provider: null]
2026-04-25T03:15:18.5094808Z Merging library manifest /home/runner/.gradle/caches/8.11.1/transforms/b927945fff1b83fd5b90253cf52886eb/transformed/core-1.18.0/AndroidManifest.xml
2026-04-25T03:15:18.5096021Z Merging manifest with lower [androidx.core:core:1.18.0] AndroidManifest.xml:17:1-30:12
2026-04-25T03:15:18.5096660Z uses-sdk defined in both files...
2026-04-25T03:15:18.5097223Z Merging uses-sdk with lower [androidx.core:core:1.18.0] AndroidManifest.xml:20:5-44
2026-04-25T03:15:18.5097798Z Adopted [permission: null]
2026-04-25T03:15:18.5098152Z Adopted [uses-permission: null]
2026-04-25T03:15:18.5098525Z application defined in both files...
2026-04-25T03:15:18.5099099Z Merging application with lower [androidx.core:core:1.18.0] AndroidManifest.xml:28:5-89
2026-04-25T03:15:18.5100323Z Merging library manifest /home/runner/.gradle/caches/8.11.1/transforms/55cf9782038afb4eca1c9ad7a53816b0/transformed/jetified-lifecycle-process-2.9.4/AndroidManifest.xml
2026-04-25T03:15:18.5101906Z Merging manifest with lower [androidx.lifecycle:lifecycle-process:2.9.4] AndroidManifest.xml:17:1-35:12
2026-04-25T03:15:18.5102571Z uses-sdk defined in both files...
2026-04-25T03:15:18.5103228Z Merging uses-sdk with lower [androidx.lifecycle:lifecycle-process:2.9.4] AndroidManifest.xml:21:5-44
2026-04-25T03:15:18.5103890Z application defined in both files...
2026-04-25T03:15:18.5104591Z Merging application with lower [androidx.lifecycle:lifecycle-process:2.9.4] AndroidManifest.xml:23:5-33:19
2026-04-25T03:15:18.5105524Z provider#androidx.startup.InitializationProvider defined in both files...
2026-04-25T03:15:18.5106688Z Merging provider#androidx.startup.InitializationProvider with lower [androidx.lifecycle:lifecycle-process:2.9.4] AndroidManifest.xml:24:9-32:20
2026-04-25T03:15:18.5107710Z Adopted [meta-data: null]
2026-04-25T03:15:18.5108851Z Merging library manifest /home/runner/.gradle/caches/8.11.1/transforms/e5966598a904df0b6971f2fde25eb623/transformed/jetified-lifecycle-viewmodel-ktx-2.9.4/AndroidManifest.xml
2026-04-25T03:15:18.5110658Z Merging manifest with lower [androidx.lifecycle:lifecycle-viewmodel-ktx:2.9.4] AndroidManifest.xml:2:1-7:12
2026-04-25T03:15:18.5111452Z uses-sdk defined in both files...
2026-04-25T03:15:18.5112601Z Merging uses-sdk with lower [androidx.lifecycle:lifecycle-viewmodel-ktx:2.9.4] AndroidManifest.xml:5:5-44
2026-04-25T03:15:18.5114022Z Merging library manifest /home/runner/.gradle/caches/8.11.1/transforms/dcb821152cd722531076c60d0c53d0da/transformed/lifecycle-livedata-core-2.9.4/AndroidManifest.xml
2026-04-25T03:15:18.5115533Z Merging manifest with lower [androidx.lifecycle:lifecycle-livedata-core:2.9.4] AndroidManifest.xml:17:1-22:12
2026-04-25T03:15:18.5116343Z uses-sdk defined in both files...
2026-04-25T03:15:18.5117016Z Merging uses-sdk with lower [androidx.lifecycle:lifecycle-livedata-core:2.9.4] AndroidManifest.xml:20:5-44
2026-04-25T03:15:18.5118428Z Merging library manifest /home/runner/.gradle/caches/8.11.1/transforms/4a12e9705d8182394b2895d78dca45b0/transformed/jetified-lifecycle-runtime-ktx/AndroidManifest.xml
2026-04-25T03:15:18.5120044Z Merging manifest with lower [androidx.lifecycle:lifecycle-runtime-ktx-android:2.9.4] AndroidManifest.xml:2:1-7:12
2026-04-25T03:15:18.5120853Z uses-sdk defined in both files...
2026-04-25T03:15:18.5121807Z Merging uses-sdk with lower [androidx.lifecycle:lifecycle-runtime-ktx-android:2.9.4] AndroidManifest.xml:5:5-44
2026-04-25T03:15:18.5123444Z Merging library manifest /home/runner/.gradle/caches/8.11.1/transforms/a64ed8a71f0f7948e723ef829bd51212/transformed/jetified-lifecycle-viewmodel-release/AndroidManifest.xml
2026-04-25T03:15:18.5124968Z Merging manifest with lower [androidx.lifecycle:lifecycle-viewmodel-android:2.9.4] AndroidManifest.xml:17:1-22:12
2026-04-25T03:15:18.5125709Z uses-sdk defined in both files...
2026-04-25T03:15:18.5126384Z Merging uses-sdk with lower [androidx.lifecycle:lifecycle-viewmodel-android:2.9.4] AndroidManifest.xml:20:5-44
2026-04-25T03:15:18.5127762Z Merging library manifest /home/runner/.gradle/caches/8.11.1/transforms/d0b493c96f80168d73839878faae7e02/transformed/jetified-runtime-annotation/AndroidManifest.xml
2026-04-25T03:15:18.5129134Z Merging manifest with lower [androidx.compose.runtime:runtime-annotation-android:1.9.2] AndroidManifest.xml:2:1-7:12
2026-04-25T03:15:18.5129877Z uses-sdk defined in both files...
2026-04-25T03:15:18.5130580Z Merging uses-sdk with lower [androidx.compose.runtime:runtime-annotation-android:1.9.2] AndroidManifest.xml:5:5-44
2026-04-25T03:15:18.5132213Z Merging library manifest /home/runner/.gradle/caches/8.11.1/transforms/0c87c26b3896778e2229d65b48e54d08/transformed/jetified-savedstate-release/AndroidManifest.xml
2026-04-25T03:15:18.5133554Z Merging manifest with lower [androidx.savedstate:savedstate-android:1.3.3] AndroidManifest.xml:17:1-22:12
2026-04-25T03:15:18.5134178Z uses-sdk defined in both files...
2026-04-25T03:15:18.5134824Z Merging uses-sdk with lower [androidx.savedstate:savedstate-android:1.3.3] AndroidManifest.xml:20:5-44
2026-04-25T03:15:18.5135918Z Merging library manifest /home/runner/.gradle/caches/8.11.1/transforms/cc83dad95e58bd620bfba7008db487cb/transformed/jetified-savedstate-ktx-1.3.3/AndroidManifest.xml
2026-04-25T03:15:18.5136798Z Merging manifest with lower [androidx.savedstate:savedstate-ktx:1.3.3] AndroidManifest.xml:2:1-7:12
2026-04-25T03:15:18.5137243Z uses-sdk defined in both files...
2026-04-25T03:15:18.5137661Z Merging uses-sdk with lower [androidx.savedstate:savedstate-ktx:1.3.3] AndroidManifest.xml:5:5-44
2026-04-25T03:15:18.5138501Z Merging library manifest /home/runner/.gradle/caches/8.11.1/transforms/d5c9e7a4fbd5dcfd5d2f0355c0178367/transformed/jetified-savedstate-compose/AndroidManifest.xml
2026-04-25T03:15:18.5139402Z Merging manifest with lower [androidx.savedstate:savedstate-compose-android:1.3.3] AndroidManifest.xml:2:1-7:12
2026-04-25T03:15:18.5139893Z uses-sdk defined in both files...
2026-04-25T03:15:18.5140344Z Merging uses-sdk with lower [androidx.savedstate:savedstate-compose-android:1.3.3] AndroidManifest.xml:5:5-44
2026-04-25T03:15:18.5141402Z Merging library manifest /home/runner/.gradle/caches/8.11.1/transforms/a0cbf74fe970c04208d9e439d908ddbc/transformed/jetified-runtime/AndroidManifest.xml
2026-04-25T03:15:18.5142602Z Merging manifest with lower [androidx.compose.runtime:runtime-android:1.9.2] AndroidManifest.xml:2:1-7:12
2026-04-25T03:15:18.5143079Z uses-sdk defined in both files...
2026-04-25T03:15:18.5143506Z Merging uses-sdk with lower [androidx.compose.runtime:runtime-android:1.9.2] AndroidManifest.xml:5:5-44
2026-04-25T03:15:18.5144384Z Merging library manifest /home/runner/.gradle/caches/8.11.1/transforms/a4d3c1473a3d4a75eb5d1b0908f28da9/transformed/jetified-runtime-saveable/AndroidManifest.xml
2026-04-25T03:15:18.5145271Z Merging manifest with lower [androidx.compose.runtime:runtime-saveable-android:1.9.2] AndroidManifest.xml:2:1-7:12
2026-04-25T03:15:18.5145756Z uses-sdk defined in both files...
2026-04-25T03:15:18.5146218Z Merging uses-sdk with lower [androidx.compose.runtime:runtime-saveable-android:1.9.2] AndroidManifest.xml:5:5-44
2026-04-25T03:15:18.5147172Z Merging library manifest /home/runner/.gradle/caches/8.11.1/transforms/80255bca652ba087d4065dc2faf39e1a/transformed/jetified-lifecycle-runtime-compose-release/AndroidManifest.xml
2026-04-25T03:15:18.5148166Z Merging manifest with lower [androidx.lifecycle:lifecycle-runtime-compose-android:2.9.4] AndroidManifest.xml:2:1-7:12
2026-04-25T03:15:18.5148674Z uses-sdk defined in both files...
2026-04-25T03:15:18.5149137Z Merging uses-sdk with lower [androidx.lifecycle:lifecycle-runtime-compose-android:2.9.4] AndroidManifest.xml:5:5-44
2026-04-25T03:15:18.5150518Z Merging library manifest /home/runner/.gradle/caches/8.11.1/transforms/65b45c9026b2bd4459a92bff687b8cdd/transformed/jetified-lifecycle-runtime-release/AndroidManifest.xml
2026-04-25T03:15:18.5152270Z Merging manifest with lower [androidx.lifecycle:lifecycle-runtime-android:2.9.4] AndroidManifest.xml:17:1-22:12
2026-04-25T03:15:18.5153105Z uses-sdk defined in both files...
2026-04-25T03:15:18.5154337Z Merging uses-sdk with lower [androidx.lifecycle:lifecycle-runtime-android:2.9.4] AndroidManifest.xml:20:5-44
2026-04-25T03:15:18.5156771Z Merging library manifest /home/runner/.gradle/caches/8.11.1/transforms/a71723d6dcbc6be65ef2918cb3811f9c/transformed/jetified-lifecycle-viewmodel-savedstate-release/AndroidManifest.xml
2026-04-25T03:15:18.5157939Z Merging manifest with lower [androidx.lifecycle:lifecycle-viewmodel-savedstate-android:2.9.4] AndroidManifest.xml:17:1-22:12
2026-04-25T03:15:18.5158524Z uses-sdk defined in both files...
2026-04-25T03:15:18.5159039Z Merging uses-sdk with lower [androidx.lifecycle:lifecycle-viewmodel-savedstate-android:2.9.4] AndroidManifest.xml:20:5-44
2026-04-25T03:15:18.5160410Z Merging library manifest /home/runner/.gradle/caches/8.11.1/transforms/f5f3e112a8bc5346f87af9a240971861/transformed/jetified-customview-poolingcontainer-1.0.0/AndroidManifest.xml
2026-04-25T03:15:18.5161989Z Merging manifest with lower [androidx.customview:customview-poolingcontainer:1.0.0] AndroidManifest.xml:17:1-23:12
2026-04-25T03:15:18.5162512Z uses-sdk defined in both files...
2026-04-25T03:15:18.5162988Z Merging uses-sdk with lower [androidx.customview:customview-poolingcontainer:1.0.0] AndroidManifest.xml:20:5-21:38
2026-04-25T03:15:18.5164139Z Merging library manifest /home/runner/.gradle/caches/8.11.1/transforms/bc2ce13905b20cb4f5958c45d1c9d573/transformed/jetified-core-ktx-1.18.0/AndroidManifest.xml
2026-04-25T03:15:18.5164953Z Merging manifest with lower [androidx.core:core-ktx:1.18.0] AndroidManifest.xml:2:1-7:12
2026-04-25T03:15:18.5165354Z uses-sdk defined in both files...
2026-04-25T03:15:18.5165711Z Merging uses-sdk with lower [androidx.core:core-ktx:1.18.0] AndroidManifest.xml:5:5-44
2026-04-25T03:15:18.5166490Z Merging library manifest /home/runner/.gradle/caches/8.11.1/transforms/e8dc695c4c5bdd0cf72b059e2d23cf12/transformed/jetified-room3-runtime/AndroidManifest.xml
2026-04-25T03:15:18.5167573Z Merging manifest with lower [androidx.room3:room3-runtime-android:3.0.0-alpha03] AndroidManifest.xml:17:1-31:12
2026-04-25T03:15:18.5168055Z uses-sdk defined in both files...
2026-04-25T03:15:18.5168499Z Merging uses-sdk with lower [androidx.room3:room3-runtime-android:3.0.0-alpha03] AndroidManifest.xml:21:5-44
2026-04-25T03:15:18.5169083Z application defined in both files...
2026-04-25T03:15:18.5169572Z Merging application with lower [androidx.room3:room3-runtime-android:3.0.0-alpha03] AndroidManifest.xml:23:5-29:19
2026-04-25T03:15:18.5170229Z Adopted [service: null]
2026-04-25T03:15:18.5171201Z Merging library manifest /home/runner/.gradle/caches/8.11.1/transforms/269f2e4e646d8543a7b2c254a4b93a7f/transformed/jetified-core-viewtree-1.0.0/AndroidManifest.xml
2026-04-25T03:15:18.5172251Z Merging manifest with lower [androidx.core:core-viewtree:1.0.0] AndroidManifest.xml:2:1-7:12
2026-04-25T03:15:18.5172841Z uses-sdk defined in both files...
2026-04-25T03:15:18.5173245Z Merging uses-sdk with lower [androidx.core:core-viewtree:1.0.0] AndroidManifest.xml:5:5-44
2026-04-25T03:15:18.5174140Z Merging library manifest /home/runner/.gradle/caches/8.11.1/transforms/322ae4830614cf31fd29d75d5510d387/transformed/jetified-annotation-experimental-1.5.0/AndroidManifest.xml
2026-04-25T03:15:18.5175066Z Merging manifest with lower [androidx.annotation:annotation-experimental:1.5.0] AndroidManifest.xml:2:1-7:12
2026-04-25T03:15:18.5175533Z uses-sdk defined in both files...
2026-04-25T03:15:18.5175984Z Merging uses-sdk with lower [androidx.annotation:annotation-experimental:1.5.0] AndroidManifest.xml:5:5-44
2026-04-25T03:15:18.5176864Z Merging library manifest /home/runner/.gradle/caches/8.11.1/transforms/f183e16ca5302cbdac9b4ad366abf41f/transformed/jetified-profileinstaller-1.4.0/AndroidManifest.xml
2026-04-25T03:15:18.5177747Z Merging manifest with lower [androidx.profileinstaller:profileinstaller:1.4.0] AndroidManifest.xml:17:1-55:12
2026-04-25T03:15:18.5178218Z uses-sdk defined in both files...
2026-04-25T03:15:18.5178652Z Merging uses-sdk with lower [androidx.profileinstaller:profileinstaller:1.4.0] AndroidManifest.xml:21:5-44
2026-04-25T03:15:18.5179116Z application defined in both files...
2026-04-25T03:15:18.5179596Z Merging application with lower [androidx.profileinstaller:profileinstaller:1.4.0] AndroidManifest.xml:23:5-53:19
2026-04-25T03:15:18.5180199Z provider#androidx.startup.InitializationProvider defined in both files...
2026-04-25T03:15:18.5180941Z Merging provider#androidx.startup.InitializationProvider with lower [androidx.profileinstaller:profileinstaller:1.4.0] AndroidManifest.xml:24:9-32:20
2026-04-25T03:15:18.5181673Z Adopted [meta-data: null]
2026-04-25T03:15:18.5181904Z Adopted [receiver: null]
2026-04-25T03:15:18.5182541Z Merging library manifest /home/runner/.gradle/caches/8.11.1/transforms/b28d6fd91b6acc053f31c2d921c622fc/transformed/jetified-startup-runtime-1.1.1/AndroidManifest.xml
2026-04-25T03:15:18.5183388Z Merging manifest with lower [androidx.startup:startup-runtime:1.1.1] AndroidManifest.xml:17:1-33:12
2026-04-25T03:15:18.5183840Z uses-sdk defined in both files...
2026-04-25T03:15:18.5184385Z Merging uses-sdk with lower [androidx.startup:startup-runtime:1.1.1] AndroidManifest.xml:21:5-23:41
2026-04-25T03:15:18.5184985Z application defined in both files...
2026-04-25T03:15:18.5185418Z Merging application with lower [androidx.startup:startup-runtime:1.1.1] AndroidManifest.xml:25:5-31:19
2026-04-25T03:15:18.5185994Z provider#androidx.startup.InitializationProvider defined in both files...
2026-04-25T03:15:18.5186705Z Merging provider#androidx.startup.InitializationProvider with lower [androidx.startup:startup-runtime:1.1.1] AndroidManifest.xml:26:9-30:34
2026-04-25T03:15:18.5187665Z Merging library manifest /home/runner/.gradle/caches/8.11.1/transforms/ae121b1900a7c948b2862f422c9c5a93/transformed/jetified-tracing-1.2.0/AndroidManifest.xml
2026-04-25T03:15:18.5188451Z Merging manifest with lower [androidx.tracing:tracing:1.2.0] AndroidManifest.xml:17:1-22:12
2026-04-25T03:15:18.5188856Z uses-sdk defined in both files...
2026-04-25T03:15:18.5189408Z Merging uses-sdk with lower [androidx.tracing:tracing:1.2.0] AndroidManifest.xml:20:5-44
2026-04-25T03:15:18.5190172Z Merging library manifest /home/runner/.gradle/caches/8.11.1/transforms/05d0b6d4d2e67536598763bde6059c13/transformed/interpolator-1.0.0/AndroidManifest.xml
2026-04-25T03:15:18.5191086Z Merging manifest with lower [androidx.interpolator:interpolator:1.0.0] AndroidManifest.xml:17:1-22:12
2026-04-25T03:15:18.5191656Z uses-sdk defined in both files...
2026-04-25T03:15:18.5192064Z Merging uses-sdk with lower [androidx.interpolator:interpolator:1.0.0] AndroidManifest.xml:20:5-44
2026-04-25T03:15:18.5192900Z Merging library manifest /home/runner/.gradle/caches/8.11.1/transforms/93dc7ef43c96d012f7f54d4eefcc3a71/transformed/versionedparcelable-1.1.1/AndroidManifest.xml
2026-04-25T03:15:18.5193798Z Merging manifest with lower [androidx.versionedparcelable:versionedparcelable:1.1.1] AndroidManifest.xml:17:1-27:12
2026-04-25T03:15:18.5194298Z uses-sdk defined in both files...
2026-04-25T03:15:18.5194795Z Merging uses-sdk with lower [androidx.versionedparcelable:versionedparcelable:1.1.1] AndroidManifest.xml:20:5-22:41
2026-04-25T03:15:18.5199058Z application defined in both files...
2026-04-25T03:15:18.5199643Z Merging application with lower [androidx.versionedparcelable:versionedparcelable:1.1.1] AndroidManifest.xml:24:5-25:19
2026-04-25T03:15:18.5200582Z Merging library manifest /home/runner/.gradle/caches/8.11.1/transforms/c3bd2d9e6c8cd1fbb7860453d0102ec6/transformed/core-runtime-2.2.0/AndroidManifest.xml
2026-04-25T03:15:18.5201384Z Merging manifest with lower [androidx.arch.core:core-runtime:2.2.0] AndroidManifest.xml:17:1-22:12
2026-04-25T03:15:18.5202003Z uses-sdk defined in both files...
2026-04-25T03:15:18.5202414Z Merging uses-sdk with lower [androidx.arch.core:core-runtime:2.2.0] AndroidManifest.xml:20:5-44
2026-04-25T03:15:18.5203240Z Merging library manifest /home/runner/.gradle/caches/8.11.1/transforms/604fc49abdfe089f289a91472a0596e5/transformed/jetified-sqlite-framework/AndroidManifest.xml
2026-04-25T03:15:18.5204146Z Merging manifest with lower [androidx.sqlite:sqlite-framework-android:2.7.0-alpha03] AndroidManifest.xml:17:1-22:12
2026-04-25T03:15:18.5204666Z uses-sdk defined in both files...
2026-04-25T03:15:18.5205132Z Merging uses-sdk with lower [androidx.sqlite:sqlite-framework-android:2.7.0-alpha03] AndroidManifest.xml:20:5-44
2026-04-25T03:15:18.5205995Z Merging library manifest /home/runner/.gradle/caches/8.11.1/transforms/a3448bc9557eef07cb20e2e3acd94a98/transformed/jetified-sqlite-async/AndroidManifest.xml
2026-04-25T03:15:18.5206848Z Merging manifest with lower [androidx.sqlite:sqlite-async-android:2.7.0-alpha03] AndroidManifest.xml:2:1-7:12
2026-04-25T03:15:18.5207316Z uses-sdk defined in both files...
2026-04-25T03:15:18.5207749Z Merging uses-sdk with lower [androidx.sqlite:sqlite-async-android:2.7.0-alpha03] AndroidManifest.xml:5:5-44
2026-04-25T03:15:18.5208567Z Merging library manifest /home/runner/.gradle/caches/8.11.1/transforms/0d88d4ca6e3f9c9ab59ee57b9789223f/transformed/jetified-sqlite/AndroidManifest.xml
2026-04-25T03:15:18.5209370Z Merging manifest with lower [androidx.sqlite:sqlite-android:2.7.0-alpha03] AndroidManifest.xml:17:1-22:12
2026-04-25T03:15:18.5209831Z uses-sdk defined in both files...
2026-04-25T03:15:18.5210250Z Merging uses-sdk with lower [androidx.sqlite:sqlite-android:2.7.0-alpha03] AndroidManifest.xml:20:5-44
2026-04-25T03:15:18.5210677Z Merging result: SUCCESS
2026-04-25T03:15:18.5210901Z 1<?xml version="1.0" encoding="utf-8"?>
2026-04-25T03:15:18.5211270Z 2<manifest xmlns:android="http://schemas.android.com/apk/res/android"
2026-04-25T03:15:18.5211895Z 3    package="com.nezumikait.flashcardapp"
2026-04-25T03:15:18.5212167Z 4    android:versionCode="1"
2026-04-25T03:15:18.5212404Z 5    android:versionName="1.0" >
2026-04-25T03:15:18.5212626Z 6
2026-04-25T03:15:18.5212779Z 7    <uses-sdk
2026-04-25T03:15:18.5212976Z 8        android:minSdkVersion="26"
2026-04-25T03:15:18.5213224Z 9        android:targetSdkVersion="36" />
2026-04-25T03:15:18.5213678Z 10
2026-04-25T03:15:18.5213986Z 11    <uses-permission android:name="android.permission.SYSTEM_ALERT_WINDOW" />
2026-04-25T03:15:18.5214539Z 11-->/home/runner/work/flashcard-app/flashcard-app/app/src/main/AndroidManifest.xml:5:5-77
2026-04-25T03:15:18.5215234Z 11-->/home/runner/work/flashcard-app/flashcard-app/app/src/main/AndroidManifest.xml:5:22-75
2026-04-25T03:15:18.5215791Z 12    <uses-permission android:name="android.permission.FOREGROUND_SERVICE" />
2026-04-25T03:15:18.5216309Z 12-->/home/runner/work/flashcard-app/flashcard-app/app/src/main/AndroidManifest.xml:6:5-77
2026-04-25T03:15:18.5216843Z 12-->/home/runner/work/flashcard-app/flashcard-app/app/src/main/AndroidManifest.xml:6:22-74
2026-04-25T03:15:18.5217383Z 13    <uses-permission android:name="android.permission.FOREGROUND_SERVICE_DATA_SYNC" />
2026-04-25T03:15:18.5217911Z 13-->/home/runner/work/flashcard-app/flashcard-app/app/src/main/AndroidManifest.xml:7:5-87
2026-04-25T03:15:18.5218452Z 13-->/home/runner/work/flashcard-app/flashcard-app/app/src/main/AndroidManifest.xml:7:22-84
2026-04-25T03:15:18.5218838Z 14
2026-04-25T03:15:18.5219005Z 15    <permission
2026-04-25T03:15:18.5219620Z 15-->[androidx.core:core:1.18.0] /home/runner/.gradle/caches/8.11.1/transforms/b927945fff1b83fd5b90253cf52886eb/transformed/core-1.18.0/AndroidManifest.xml:22:5-24:47
2026-04-25T03:15:18.5220421Z 16        android:name="com.nezumikait.flashcardapp.DYNAMIC_RECEIVER_NOT_EXPORTED_PERMISSION"
2026-04-25T03:15:18.5221209Z 16-->[androidx.core:core:1.18.0] /home/runner/.gradle/caches/8.11.1/transforms/b927945fff1b83fd5b90253cf52886eb/transformed/core-1.18.0/AndroidManifest.xml:23:9-81
2026-04-25T03:15:18.5221983Z 17        android:protectionLevel="signature" />
2026-04-25T03:15:18.5222632Z 17-->[androidx.core:core:1.18.0] /home/runner/.gradle/caches/8.11.1/transforms/b927945fff1b83fd5b90253cf52886eb/transformed/core-1.18.0/AndroidManifest.xml:24:9-44
2026-04-25T03:15:18.5223273Z 18
2026-04-25T03:15:18.5223685Z 19    <uses-permission android:name="com.nezumikait.flashcardapp.DYNAMIC_RECEIVER_NOT_EXPORTED_PERMISSION" />
2026-04-25T03:15:18.5224542Z 19-->[androidx.core:core:1.18.0] /home/runner/.gradle/caches/8.11.1/transforms/b927945fff1b83fd5b90253cf52886eb/transformed/core-1.18.0/AndroidManifest.xml:26:5-97
2026-04-25T03:15:18.5225526Z 19-->[androidx.core:core:1.18.0] /home/runner/.gradle/caches/8.11.1/transforms/b927945fff1b83fd5b90253cf52886eb/transformed/core-1.18.0/AndroidManifest.xml:26:22-94
2026-04-25T03:15:18.5226120Z 20
2026-04-25T03:15:18.5226282Z 21    <application
2026-04-25T03:15:18.5226651Z 21-->/home/runner/work/flashcard-app/flashcard-app/app/src/main/AndroidManifest.xml:9:5-34:19
2026-04-25T03:15:18.5227085Z 22        android:allowBackup="true"
2026-04-25T03:15:18.5227480Z 22-->/home/runner/work/flashcard-app/flashcard-app/app/src/main/AndroidManifest.xml:10:9-35
2026-04-25T03:15:18.5228020Z 23        android:appComponentFactory="androidx.core.app.CoreComponentFactory"
2026-04-25T03:15:18.5228764Z 23-->[androidx.core:core:1.18.0] /home/runner/.gradle/caches/8.11.1/transforms/b927945fff1b83fd5b90253cf52886eb/transformed/core-1.18.0/AndroidManifest.xml:28:18-86
2026-04-25T03:15:18.5229382Z 24        android:debuggable="true"
2026-04-25T03:15:18.5229639Z 25        android:extractNativeLibs="false"
2026-04-25T03:15:18.5229950Z 26        android:icon="@android:drawable/sym_def_app_icon"
2026-04-25T03:15:18.5230392Z 26-->/home/runner/work/flashcard-app/flashcard-app/app/src/main/AndroidManifest.xml:11:9-58
2026-04-25T03:15:18.5230818Z 27        android:label="@string/app_name"
2026-04-25T03:15:18.5231218Z 27-->/home/runner/work/flashcard-app/flashcard-app/app/src/main/AndroidManifest.xml:12:9-41
2026-04-25T03:15:18.5231719Z 28        android:supportsRtl="true"
2026-04-25T03:15:18.5232106Z 28-->/home/runner/work/flashcard-app/flashcard-app/app/src/main/AndroidManifest.xml:13:9-35
2026-04-25T03:15:18.5232540Z 29        android:theme="@style/Theme.FlashcardApp" >
2026-04-25T03:15:18.5232957Z 29-->/home/runner/work/flashcard-app/flashcard-app/app/src/main/AndroidManifest.xml:14:9-50
2026-04-25T03:15:18.5233495Z 30        <activity
2026-04-25T03:15:18.5233848Z 30-->/home/runner/work/flashcard-app/flashcard-app/app/src/main/AndroidManifest.xml:16:9-26:20
2026-04-25T03:15:18.5234353Z 31            android:name="com.nezumikait.flashcardapp.MainActivity"
2026-04-25T03:15:18.5234964Z 31-->/home/runner/work/flashcard-app/flashcard-app/app/src/main/AndroidManifest.xml:17:13-41
2026-04-25T03:15:18.5235395Z 32            android:exported="true"
2026-04-25T03:15:18.5235795Z 32-->/home/runner/work/flashcard-app/flashcard-app/app/src/main/AndroidManifest.xml:18:13-36
2026-04-25T03:15:18.5236220Z 33            android:label="@string/app_name"
2026-04-25T03:15:18.5236622Z 33-->/home/runner/work/flashcard-app/flashcard-app/app/src/main/AndroidManifest.xml:19:13-45
2026-04-25T03:15:18.5237061Z 34            android:theme="@style/Theme.FlashcardApp" >
2026-04-25T03:15:18.5237483Z 34-->/home/runner/work/flashcard-app/flashcard-app/app/src/main/AndroidManifest.xml:20:13-54
2026-04-25T03:15:18.5237888Z 35            <intent-filter>
2026-04-25T03:15:18.5238281Z 35-->/home/runner/work/flashcard-app/flashcard-app/app/src/main/AndroidManifest.xml:21:13-25:29
2026-04-25T03:15:18.5238764Z 36                <action android:name="android.intent.action.MAIN" />
2026-04-25T03:15:18.5239220Z 36-->/home/runner/work/flashcard-app/flashcard-app/app/src/main/AndroidManifest.xml:22:17-69
2026-04-25T03:15:18.5239767Z 36-->/home/runner/work/flashcard-app/flashcard-app/app/src/main/AndroidManifest.xml:22:25-66
2026-04-25T03:15:18.5240149Z 37
2026-04-25T03:15:18.5240398Z 38                <category android:name="android.intent.category.LAUNCHER" />
2026-04-25T03:15:18.5240891Z 38-->/home/runner/work/flashcard-app/flashcard-app/app/src/main/AndroidManifest.xml:24:17-77
2026-04-25T03:15:18.5241428Z 38-->/home/runner/work/flashcard-app/flashcard-app/app/src/main/AndroidManifest.xml:24:27-74
2026-04-25T03:15:18.5241954Z 39            </intent-filter>
2026-04-25T03:15:18.5242168Z 40        </activity>
2026-04-25T03:15:18.5242355Z 41
2026-04-25T03:15:18.5242512Z 42        <service
2026-04-25T03:15:18.5242864Z 42-->/home/runner/work/flashcard-app/flashcard-app/app/src/main/AndroidManifest.xml:28:9-33:19
2026-04-25T03:15:18.5243372Z 43            android:name="com.nezumikait.flashcardapp.FloatingService"
2026-04-25T03:15:18.5243855Z 43-->/home/runner/work/flashcard-app/flashcard-app/app/src/main/AndroidManifest.xml:29:13-44
2026-04-25T03:15:18.5244295Z 44            android:enabled="true"
2026-04-25T03:15:18.5244668Z 44-->/home/runner/work/flashcard-app/flashcard-app/app/src/main/AndroidManifest.xml:30:13-35
2026-04-25T03:15:18.5245076Z 45            android:exported="false"
2026-04-25T03:15:18.5245463Z 45-->/home/runner/work/flashcard-app/flashcard-app/app/src/main/AndroidManifest.xml:31:13-37
2026-04-25T03:15:18.5245897Z 46            android:foregroundServiceType="dataSync" >
2026-04-25T03:15:18.5246329Z 46-->/home/runner/work/flashcard-app/flashcard-app/app/src/main/AndroidManifest.xml:32:13-53
2026-04-25T03:15:18.5246711Z 47        </service>
2026-04-25T03:15:18.5246899Z 48
2026-04-25T03:15:18.5247042Z 49        <activity
2026-04-25T03:15:18.5247743Z 49-->[androidx.compose.ui:ui-tooling-android:1.9.2] /home/runner/.gradle/caches/8.11.1/transforms/5444a948fcc572516c7b4f3972d025a3/transformed/jetified-ui-tooling/AndroidManifest.xml:23:9-25:39
2026-04-25T03:15:18.5248571Z 50            android:name="androidx.compose.ui.tooling.PreviewActivity"
2026-04-25T03:15:18.5249373Z 50-->[androidx.compose.ui:ui-tooling-android:1.9.2] /home/runner/.gradle/caches/8.11.1/transforms/5444a948fcc572516c7b4f3972d025a3/transformed/jetified-ui-tooling/AndroidManifest.xml:24:13-71
2026-04-25T03:15:18.5250096Z 51            android:exported="true" />
2026-04-25T03:15:18.5250786Z 51-->[androidx.compose.ui:ui-tooling-android:1.9.2] /home/runner/.gradle/caches/8.11.1/transforms/5444a948fcc572516c7b4f3972d025a3/transformed/jetified-ui-tooling/AndroidManifest.xml:25:13-36
2026-04-25T03:15:18.5251477Z 52        <activity
2026-04-25T03:15:18.5252985Z 52-->[androidx.compose.ui:ui-test-manifest:1.9.2] /home/runner/.gradle/caches/8.11.1/transforms/44e8b0036a8201959b70c71bcf364993/transformed/jetified-ui-test-manifest-1.9.2/AndroidManifest.xml:23:9-26:79
2026-04-25T03:15:18.5254345Z 53            android:name="androidx.activity.ComponentActivity"
2026-04-25T03:15:18.5255967Z 53-->[androidx.compose.ui:ui-test-manifest:1.9.2] /home/runner/.gradle/caches/8.11.1/transforms/44e8b0036a8201959b70c71bcf364993/transformed/jetified-ui-test-manifest-1.9.2/AndroidManifest.xml:24:13-63
2026-04-25T03:15:18.5257280Z 54            android:exported="true"
2026-04-25T03:15:18.5258542Z 54-->[androidx.compose.ui:ui-test-manifest:1.9.2] /home/runner/.gradle/caches/8.11.1/transforms/44e8b0036a8201959b70c71bcf364993/transformed/jetified-ui-test-manifest-1.9.2/AndroidManifest.xml:25:13-36
2026-04-25T03:15:18.5259903Z 55            android:theme="@android:style/Theme.Material.Light.NoActionBar" />
2026-04-25T03:15:18.5261219Z 55-->[androidx.compose.ui:ui-test-manifest:1.9.2] /home/runner/.gradle/caches/8.11.1/transforms/44e8b0036a8201959b70c71bcf364993/transformed/jetified-ui-test-manifest-1.9.2/AndroidManifest.xml:26:13-76
2026-04-25T03:15:18.5262580Z 56
2026-04-25T03:15:18.5262796Z 57        <provider
2026-04-25T03:15:18.5263812Z 57-->[androidx.emoji2:emoji2:1.4.0] /home/runner/.gradle/caches/8.11.1/transforms/3abacfca74cef8bd79f4f6b076410e62/transformed/jetified-emoji2-1.4.0/AndroidManifest.xml:24:9-32:20
2026-04-25T03:15:18.5265027Z 58            android:name="androidx.startup.InitializationProvider"
2026-04-25T03:15:18.5266256Z 58-->[androidx.emoji2:emoji2:1.4.0] /home/runner/.gradle/caches/8.11.1/transforms/3abacfca74cef8bd79f4f6b076410e62/transformed/jetified-emoji2-1.4.0/AndroidManifest.xml:25:13-67
2026-04-25T03:15:18.5267553Z 59            android:authorities="com.nezumikait.flashcardapp.androidx-startup"
2026-04-25T03:15:18.5268804Z 59-->[androidx.emoji2:emoji2:1.4.0] /home/runner/.gradle/caches/8.11.1/transforms/3abacfca74cef8bd79f4f6b076410e62/transformed/jetified-emoji2-1.4.0/AndroidManifest.xml:26:13-68
2026-04-25T03:15:18.5269957Z 60            android:exported="false" >
2026-04-25T03:15:18.5271109Z 60-->[androidx.emoji2:emoji2:1.4.0] /home/runner/.gradle/caches/8.11.1/transforms/3abacfca74cef8bd79f4f6b076410e62/transformed/jetified-emoji2-1.4.0/AndroidManifest.xml:27:13-37
2026-04-25T03:15:18.5272375Z 61            <meta-data
2026-04-25T03:15:18.5273333Z 61-->[androidx.emoji2:emoji2:1.4.0] /home/runner/.gradle/caches/8.11.1/transforms/3abacfca74cef8bd79f4f6b076410e62/transformed/jetified-emoji2-1.4.0/AndroidManifest.xml:29:13-31:52
2026-04-25T03:15:18.5274575Z 62                android:name="androidx.emoji2.text.EmojiCompatInitializer"
2026-04-25T03:15:18.5275770Z 62-->[androidx.emoji2:emoji2:1.4.0] /home/runner/.gradle/caches/8.11.1/transforms/3abacfca74cef8bd79f4f6b076410e62/transformed/jetified-emoji2-1.4.0/AndroidManifest.xml:30:17-75
2026-04-25T03:15:18.5276877Z 63                android:value="androidx.startup" />
2026-04-25T03:15:18.5277958Z 63-->[androidx.emoji2:emoji2:1.4.0] /home/runner/.gradle/caches/8.11.1/transforms/3abacfca74cef8bd79f4f6b076410e62/transformed/jetified-emoji2-1.4.0/AndroidManifest.xml:31:17-49
2026-04-25T03:15:18.5279009Z 64            <meta-data
2026-04-25T03:15:18.5280205Z 64-->[androidx.lifecycle:lifecycle-process:2.9.4] /home/runner/.gradle/caches/8.11.1/transforms/55cf9782038afb4eca1c9ad7a53816b0/transformed/jetified-lifecycle-process-2.9.4/AndroidManifest.xml:29:13-31:52
2026-04-25T03:15:18.5282146Z 65                android:name="androidx.lifecycle.ProcessLifecycleInitializer"
2026-04-25T03:15:18.5283748Z 65-->[androidx.lifecycle:lifecycle-process:2.9.4] /home/runner/.gradle/caches/8.11.1/transforms/55cf9782038afb4eca1c9ad7a53816b0/transformed/jetified-lifecycle-process-2.9.4/AndroidManifest.xml:30:17-78
2026-04-25T03:15:18.5285163Z 66                android:value="androidx.startup" />
2026-04-25T03:15:18.5286480Z 66-->[androidx.lifecycle:lifecycle-process:2.9.4] /home/runner/.gradle/caches/8.11.1/transforms/55cf9782038afb4eca1c9ad7a53816b0/transformed/jetified-lifecycle-process-2.9.4/AndroidManifest.xml:31:17-49
2026-04-25T03:15:18.5288049Z 67            <meta-data
2026-04-25T03:15:18.5289492Z 67-->[androidx.profileinstaller:profileinstaller:1.4.0] /home/runner/.gradle/caches/8.11.1/transforms/f183e16ca5302cbdac9b4ad366abf41f/transformed/jetified-profileinstaller-1.4.0/AndroidManifest.xml:29:13-31:52
2026-04-25T03:15:18.5291062Z 68                android:name="androidx.profileinstaller.ProfileInstallerInitializer"
2026-04-25T03:15:18.5292876Z 68-->[androidx.profileinstaller:profileinstaller:1.4.0] /home/runner/.gradle/caches/8.11.1/transforms/f183e16ca5302cbdac9b4ad366abf41f/transformed/jetified-profileinstaller-1.4.0/AndroidManifest.xml:30:17-85
2026-04-25T03:15:18.5294241Z 69                android:value="androidx.startup" />
2026-04-25T03:15:18.5295619Z 69-->[androidx.profileinstaller:profileinstaller:1.4.0] /home/runner/.gradle/caches/8.11.1/transforms/f183e16ca5302cbdac9b4ad366abf41f/transformed/jetified-profileinstaller-1.4.0/AndroidManifest.xml:31:17-49
2026-04-25T03:15:18.5296966Z 70        </provider>
2026-04-25T03:15:18.5297242Z 71
2026-04-25T03:15:18.5297474Z 72        <service
2026-04-25T03:15:18.5298714Z 72-->[androidx.room3:room3-runtime-android:3.0.0-alpha03] /home/runner/.gradle/caches/8.11.1/transforms/e8dc695c4c5bdd0cf72b059e2d23cf12/transformed/jetified-room3-runtime/AndroidManifest.xml:24:9-28:63
2026-04-25T03:15:18.5300230Z 73            android:name="androidx.room3.MultiInstanceInvalidationService"
2026-04-25T03:15:18.5301874Z 73-->[androidx.room3:room3-runtime-android:3.0.0-alpha03] /home/runner/.gradle/caches/8.11.1/transforms/e8dc695c4c5bdd0cf72b059e2d23cf12/transformed/jetified-room3-runtime/AndroidManifest.xml:25:13-75
2026-04-25T03:15:18.5303103Z 74            android:directBootAware="true"
2026-04-25T03:15:18.5304426Z 74-->[androidx.room3:room3-runtime-android:3.0.0-alpha03] /home/runner/.gradle/caches/8.11.1/transforms/e8dc695c4c5bdd0cf72b059e2d23cf12/transformed/jetified-room3-runtime/AndroidManifest.xml:26:13-43
2026-04-25T03:15:18.5305740Z 75            android:exported="false" />
2026-04-25T03:15:18.5306973Z 75-->[androidx.room3:room3-runtime-android:3.0.0-alpha03] /home/runner/.gradle/caches/8.11.1/transforms/e8dc695c4c5bdd0cf72b059e2d23cf12/transformed/jetified-room3-runtime/AndroidManifest.xml:27:13-37
2026-04-25T03:15:18.5308161Z 76
2026-04-25T03:15:18.5308372Z 77        <receiver
2026-04-25T03:15:18.5309629Z 77-->[androidx.profileinstaller:profileinstaller:1.4.0] /home/runner/.gradle/caches/8.11.1/transforms/f183e16ca5302cbdac9b4ad366abf41f/transformed/jetified-profileinstaller-1.4.0/AndroidManifest.xml:34:9-52:20
2026-04-25T03:15:18.5312147Z 78            android:name="androidx.profileinstaller.ProfileInstallReceiver"
2026-04-25T03:15:18.5313639Z 78-->[androidx.profileinstaller:profileinstaller:1.4.0] /home/runner/.gradle/caches/8.11.1/transforms/f183e16ca5302cbdac9b4ad366abf41f/transformed/jetified-profileinstaller-1.4.0/AndroidManifest.xml:35:13-76
2026-04-25T03:15:18.5315526Z 79            android:directBootAware="false"
2026-04-25T03:15:18.5317858Z 79-->[androidx.profileinstaller:profileinstaller:1.4.0] /home/runner/.gradle/caches/8.11.1/transforms/f183e16ca5302cbdac9b4ad366abf41f/transformed/jetified-profileinstaller-1.4.0/AndroidManifest.xml:36:13-44
2026-04-25T03:15:18.5319333Z 80            android:enabled="true"
2026-04-25T03:15:18.5320844Z 80-->[androidx.profileinstaller:profileinstaller:1.4.0] /home/runner/.gradle/caches/8.11.1/transforms/f183e16ca5302cbdac9b4ad366abf41f/transformed/jetified-profileinstaller-1.4.0/AndroidManifest.xml:37:13-35
2026-04-25T03:15:18.5322839Z 81            android:exported="true"
2026-04-25T03:15:18.5324287Z 81-->[androidx.profileinstaller:profileinstaller:1.4.0] /home/runner/.gradle/caches/8.11.1/transforms/f183e16ca5302cbdac9b4ad366abf41f/transformed/jetified-profileinstaller-1.4.0/AndroidManifest.xml:38:13-36
2026-04-25T03:15:18.5325825Z 82            android:permission="android.permission.DUMP" >
2026-04-25T03:15:18.5327469Z 82-->[androidx.profileinstaller:profileinstaller:1.4.0] /home/runner/.gradle/caches/8.11.1/transforms/f183e16ca5302cbdac9b4ad366abf41f/transformed/jetified-profileinstaller-1.4.0/AndroidManifest.xml:39:13-57
2026-04-25T03:15:18.5329177Z 83            <intent-filter>
2026-04-25T03:15:18.5330808Z 83-->[androidx.profileinstaller:profileinstaller:1.4.0] /home/runner/.gradle/caches/8.11.1/transforms/f183e16ca5302cbdac9b4ad366abf41f/transformed/jetified-profileinstaller-1.4.0/AndroidManifest.xml:40:13-42:29
2026-04-25T03:15:18.5332985Z 84                <action android:name="androidx.profileinstaller.action.INSTALL_PROFILE" />
2026-04-25T03:15:18.5334718Z 84-->[androidx.profileinstaller:profileinstaller:1.4.0] /home/runner/.gradle/caches/8.11.1/transforms/f183e16ca5302cbdac9b4ad366abf41f/transformed/jetified-profileinstaller-1.4.0/AndroidManifest.xml:41:17-91
2026-04-25T03:15:18.5337595Z 84-->[androidx.profileinstaller:profileinstaller:1.4.0] /home/runner/.gradle/caches/8.11.1/transforms/f183e16ca5302cbdac9b4ad366abf41f/transformed/jetified-profileinstaller-1.4.0/AndroidManifest.xml:41:25-88
2026-04-25T03:15:18.5339464Z 85            </intent-filter>
2026-04-25T03:15:18.5351898Z 86            <intent-filter>
2026-04-25T03:15:18.5352822Z 86-->[androidx.profileinstaller:profileinstaller:1.4.0] /home/runner/.gradle/caches/8.11.1/transforms/f183e16ca5302cbdac9b4ad366abf41f/transformed/jetified-profileinstaller-1.4.0/AndroidManifest.xml:43:13-45:29
2026-04-25T03:15:18.5353808Z 87                <action android:name="androidx.profileinstaller.action.SKIP_FILE" />
2026-04-25T03:15:18.5354754Z 87-->[androidx.profileinstaller:profileinstaller:1.4.0] /home/runner/.gradle/caches/8.11.1/transforms/f183e16ca5302cbdac9b4ad366abf41f/transformed/jetified-profileinstaller-1.4.0/AndroidManifest.xml:44:17-85
2026-04-25T03:15:18.5355380Z 87-->[androidx.profileinstaller:profileinstaller:1.4.0] /home/runner/.gradle/caches/8.11.1/transforms/f183e16ca5302cbdac9b4ad366abf41f/transformed/jetified-profileinstaller-1.4.0/AndroidManifest.xml:44:25-82
2026-04-25T03:15:18.5355476Z 88            </intent-filter>
2026-04-25T03:15:18.5355553Z 89            <intent-filter>
2026-04-25T03:15:18.5356199Z 89-->[androidx.profileinstaller:profileinstaller:1.4.0] /home/runner/.gradle/caches/8.11.1/transforms/f183e16ca5302cbdac9b4ad366abf41f/transformed/jetified-profileinstaller-1.4.0/AndroidManifest.xml:46:13-48:29
2026-04-25T03:15:18.5356411Z 90                <action android:name="androidx.profileinstaller.action.SAVE_PROFILE" />
2026-04-25T03:15:18.5357025Z 90-->[androidx.profileinstaller:profileinstaller:1.4.0] /home/runner/.gradle/caches/8.11.1/transforms/f183e16ca5302cbdac9b4ad366abf41f/transformed/jetified-profileinstaller-1.4.0/AndroidManifest.xml:47:17-88
2026-04-25T03:15:18.5357654Z 90-->[androidx.profileinstaller:profileinstaller:1.4.0] /home/runner/.gradle/caches/8.11.1/transforms/f183e16ca5302cbdac9b4ad366abf41f/transformed/jetified-profileinstaller-1.4.0/AndroidManifest.xml:47:25-85
2026-04-25T03:15:18.5357726Z 91            </intent-filter>
2026-04-25T03:15:18.5357799Z 92            <intent-filter>
2026-04-25T03:15:18.5358460Z 92-->[androidx.profileinstaller:profileinstaller:1.4.0] /home/runner/.gradle/caches/8.11.1/transforms/f183e16ca5302cbdac9b4ad366abf41f/transformed/jetified-profileinstaller-1.4.0/AndroidManifest.xml:49:13-51:29
2026-04-25T03:15:18.5358715Z 93                <action android:name="androidx.profileinstaller.action.BENCHMARK_OPERATION" />
2026-04-25T03:15:18.5359355Z 93-->[androidx.profileinstaller:profileinstaller:1.4.0] /home/runner/.gradle/caches/8.11.1/transforms/f183e16ca5302cbdac9b4ad366abf41f/transformed/jetified-profileinstaller-1.4.0/AndroidManifest.xml:50:17-95
2026-04-25T03:15:18.5359976Z 93-->[androidx.profileinstaller:profileinstaller:1.4.0] /home/runner/.gradle/caches/8.11.1/transforms/f183e16ca5302cbdac9b4ad366abf41f/transformed/jetified-profileinstaller-1.4.0/AndroidManifest.xml:50:25-92
2026-04-25T03:15:18.5360051Z 94            </intent-filter>
2026-04-25T03:15:18.5360123Z 95        </receiver>
2026-04-25T03:15:18.5360206Z 96    </application>
2026-04-25T03:15:18.5360480Z 97
2026-04-25T03:15:18.5360549Z 98</manifest>
2026-04-25T03:15:18.5360558Z 
2026-04-25T03:15:18.5361086Z Merged manifest saved to /home/runner/work/flashcard-app/flashcard-app/app/build/intermediates/merged_manifest/debug/processDebugMainManifest/AndroidManifest.xml
2026-04-25T03:15:18.5361500Z Stored cache entry for task ':app:processDebugMainManifest' with cache key fa683030ef7bfe844cb86ccbec7cb064
2026-04-25T03:15:18.5362314Z Resolve mutations for :app:processDebugManifest (Thread[Execution worker Thread 3,5,main]) started.
2026-04-25T03:15:18.5362530Z :app:processDebugManifest (Thread[Execution worker Thread 3,5,main]) started.
2026-04-25T03:15:18.6078975Z 
2026-04-25T03:15:18.6079465Z > Task :app:processDebugManifest
2026-04-25T03:15:18.6079918Z Build cache key for task ':app:processDebugManifest' is 2da912d60055d900c5d6423aab01f239
2026-04-25T03:15:18.6080179Z Task ':app:processDebugManifest' is not up-to-date because:
2026-04-25T03:15:18.6080312Z   No history is available.
2026-04-25T03:15:18.6080703Z Stored cache entry for task ':app:processDebugManifest' with cache key 2da912d60055d900c5d6423aab01f239
2026-04-25T03:15:18.6081015Z Resolve mutations for :app:processDebugManifestForPackage (Thread[included builds,5,main]) started.
2026-04-25T03:15:18.6081246Z :app:processDebugManifestForPackage (Thread[included builds,5,main]) started.
2026-04-25T03:15:18.6081518Z Resolve mutations for :app:javaPreCompileDebug (Thread[Execution worker Thread 3,5,main]) started.
2026-04-25T03:15:18.6081897Z :app:javaPreCompileDebug (Thread[Execution worker Thread 3,5,main]) started.
2026-04-25T03:15:20.6078990Z 
2026-04-25T03:15:20.6079528Z > Task :app:processDebugManifestForPackage
2026-04-25T03:15:20.6080282Z Custom actions are attached to task ':app:processDebugManifestForPackage'.
2026-04-25T03:15:20.6081257Z Build cache key for task ':app:processDebugManifestForPackage' is 34c268e523289e677c6392888b2d1689
2026-04-25T03:15:20.6082383Z Task ':app:processDebugManifestForPackage' is not up-to-date because:
2026-04-25T03:15:20.6083028Z   No history is available.
2026-04-25T03:15:20.7114032Z Stored cache entry for task ':app:processDebugManifestForPackage' with cache key 34c268e523289e677c6392888b2d1689
2026-04-25T03:15:20.7115262Z Resolve mutations for :app:processDebugResources (Thread[included builds,5,main]) started.
2026-04-25T03:15:20.7118180Z :app:processDebugResources (Thread[included builds,5,main]) started.
2026-04-25T03:15:20.7119116Z 
2026-04-25T03:15:20.7119449Z > Task :app:javaPreCompileDebug
2026-04-25T03:15:20.7120993Z Downloading https://dl.google.com/dl/android/maven2/androidx/room3/room3-compiler/3.0.0-alpha03/room3-compiler-3.0.0-alpha03.pom to /home/runner/.gradle/.tmp/gradle_download11971597051522281896bin
2026-04-25T03:15:20.7123780Z Downloading https://dl.google.com/dl/android/maven2/androidx/room3/room3-compiler/3.0.0-alpha03/room3-compiler-3.0.0-alpha03.module to /home/runner/.gradle/.tmp/gradle_download10700132036295138335bin
2026-04-25T03:15:20.7125862Z Resource missing. [HTTP GET: https://dl.google.com/dl/android/maven2/com/google/auto/auto-common/1.2.1/auto-common-1.2.1.pom]
2026-04-25T03:15:20.7127973Z Downloading https://dl.google.com/dl/android/maven2/androidx/room3/room3-migration/3.0.0-alpha03/room3-migration-3.0.0-alpha03.pom to /home/runner/.gradle/.tmp/gradle_download5140521478953377345bin
2026-04-25T03:15:20.7130339Z Downloading https://repo.maven.apache.org/maven2/com/google/auto/auto-common/1.2.1/auto-common-1.2.1.pom to /home/runner/.gradle/.tmp/gradle_download15350726079718246421bin
2026-04-25T03:15:20.7132927Z Downloading https://dl.google.com/dl/android/maven2/androidx/room3/room3-external-antlr/3.0.0-alpha03/room3-external-antlr-3.0.0-alpha03.pom to /home/runner/.gradle/.tmp/gradle_download13909569346198607012bin
2026-04-25T03:15:20.7135653Z Downloading https://dl.google.com/dl/android/maven2/androidx/room3/room3-compiler-processing/3.0.0-alpha03/room3-compiler-processing-3.0.0-alpha03.pom to /home/runner/.gradle/.tmp/gradle_download4485849852202664358bin
2026-04-25T03:15:20.7138460Z Resource missing. [HTTP GET: https://dl.google.com/dl/android/maven2/com/google/auto/value/auto-value-annotations/1.6.3/auto-value-annotations-1.6.3.pom]
2026-04-25T03:15:20.7140967Z Downloading https://repo.maven.apache.org/maven2/com/google/auto/value/auto-value-annotations/1.6.3/auto-value-annotations-1.6.3.pom to /home/runner/.gradle/.tmp/gradle_download8942867677925438681bin
2026-04-25T03:15:20.7143678Z Downloading https://dl.google.com/dl/android/maven2/androidx/room3/room3-migration/3.0.0-alpha03/room3-migration-3.0.0-alpha03.module to /home/runner/.gradle/.tmp/gradle_download7244973441884306930bin
2026-04-25T03:15:20.7146316Z Downloading https://dl.google.com/dl/android/maven2/androidx/room3/room3-compiler-processing/3.0.0-alpha03/room3-compiler-processing-3.0.0-alpha03.module to /home/runner/.gradle/.tmp/gradle_download11796196224698269314bin
2026-04-25T03:15:20.7148662Z Resource missing. [HTTP GET: https://dl.google.com/dl/android/maven2/com/google/auto/value/auto-value-parent/1.6.3/auto-value-parent-1.6.3.pom]
2026-04-25T03:15:20.7150978Z Downloading https://dl.google.com/dl/android/maven2/androidx/room3/room3-external-antlr/3.0.0-alpha03/room3-external-antlr-3.0.0-alpha03.module to /home/runner/.gradle/.tmp/gradle_download17964212357323837616bin
2026-04-25T03:15:20.7153739Z Downloading https://repo.maven.apache.org/maven2/com/google/auto/value/auto-value-parent/1.6.3/auto-value-parent-1.6.3.pom to /home/runner/.gradle/.tmp/gradle_download9300786220628238512bin
2026-04-25T03:15:20.7155754Z Resource missing. [HTTP GET: https://dl.google.com/dl/android/maven2/com/intellij/annotations/12.0/annotations-12.0.pom]
2026-04-25T03:15:20.7157279Z Resource missing. [HTTP GET: https://dl.google.com/dl/android/maven2/com/google/auto/auto-parent/7/auto-parent-7.pom]
2026-04-25T03:15:20.7159091Z Downloading https://repo.maven.apache.org/maven2/com/intellij/annotations/12.0/annotations-12.0.pom to /home/runner/.gradle/.tmp/gradle_download6945646471819737691bin
2026-04-25T03:15:20.7161271Z Resource missing. [HTTP GET: https://dl.google.com/dl/android/maven2/com/google/devtools/ksp/symbol-processing-api/2.0.10-1.0.24/symbol-processing-api-2.0.10-1.0.24.pom]
2026-04-25T03:15:20.7163362Z Resource missing. [HTTP GET: https://dl.google.com/dl/android/maven2/com/squareup/javapoet/1.13.0/javapoet-1.13.0.pom]
2026-04-25T03:15:20.7165190Z Downloading https://repo.maven.apache.org/maven2/com/google/auto/auto-parent/7/auto-parent-7.pom to /home/runner/.gradle/.tmp/gradle_download18437652419921205526bin
2026-04-25T03:15:20.7167578Z Downloading https://repo.maven.apache.org/maven2/com/google/devtools/ksp/symbol-processing-api/2.0.10-1.0.24/symbol-processing-api-2.0.10-1.0.24.pom to /home/runner/.gradle/.tmp/gradle_download5105915884385097643bin
2026-04-25T03:15:20.7170378Z Downloading https://repo.maven.apache.org/maven2/com/google/devtools/ksp/symbol-processing-api/2.0.10-1.0.24/symbol-processing-api-2.0.10-1.0.24.module to /home/runner/.gradle/.tmp/gradle_download9984945815231464138bin
2026-04-25T03:15:20.7172886Z Downloading https://repo.maven.apache.org/maven2/com/squareup/javapoet/1.13.0/javapoet-1.13.0.pom to /home/runner/.gradle/.tmp/gradle_download2936566409862119155bin
2026-04-25T03:15:20.7174901Z Resource missing. [HTTP GET: https://dl.google.com/dl/android/maven2/com/squareup/kotlinpoet-javapoet/2.0.0/kotlinpoet-javapoet-2.0.0.pom]
2026-04-25T03:15:20.7176614Z Resource missing. [HTTP GET: https://dl.google.com/dl/android/maven2/com/squareup/kotlinpoet/2.0.0/kotlinpoet-2.0.0.pom]
2026-04-25T03:15:20.7178591Z Downloading https://repo.maven.apache.org/maven2/com/squareup/kotlinpoet-javapoet/2.0.0/kotlinpoet-javapoet-2.0.0.pom to /home/runner/.gradle/.tmp/gradle_download10329854832858676834bin
2026-04-25T03:15:20.7180868Z Downloading https://repo.maven.apache.org/maven2/com/squareup/kotlinpoet/2.0.0/kotlinpoet-2.0.0.pom to /home/runner/.gradle/.tmp/gradle_download13006858451021084671bin
2026-04-25T03:15:20.7183287Z Downloading https://repo.maven.apache.org/maven2/com/squareup/kotlinpoet-javapoet/2.0.0/kotlinpoet-javapoet-2.0.0.module to /home/runner/.gradle/.tmp/gradle_download18197515978209083899bin
2026-04-25T03:15:20.7185555Z Resource missing. [HTTP GET: https://dl.google.com/dl/android/maven2/org/xerial/sqlite-jdbc/3.50.3.0/sqlite-jdbc-3.50.3.0.pom]
2026-04-25T03:15:20.7187405Z Resource missing. [HTTP GET: https://dl.google.com/dl/android/maven2/org/jetbrains/kotlin/kotlin-stdlib/2.3.20/kotlin-stdlib-2.3.20.pom]
2026-04-25T03:15:20.7189334Z Downloading https://repo.maven.apache.org/maven2/com/squareup/kotlinpoet/2.0.0/kotlinpoet-2.0.0.module to /home/runner/.gradle/.tmp/gradle_download13946368086527934832bin
2026-04-25T03:15:20.7191519Z Downloading https://repo.maven.apache.org/maven2/org/jetbrains/kotlin/kotlin-stdlib/2.3.20/kotlin-stdlib-2.3.20.pom to /home/runner/.gradle/.tmp/gradle_download3362793299719842933bin
2026-04-25T03:15:20.7193857Z Downloading https://repo.maven.apache.org/maven2/org/xerial/sqlite-jdbc/3.50.3.0/sqlite-jdbc-3.50.3.0.pom to /home/runner/.gradle/.tmp/gradle_download2827791451624106412bin
2026-04-25T03:15:20.7196097Z Downloading https://repo.maven.apache.org/maven2/org/jetbrains/kotlin/kotlin-stdlib/2.3.20/kotlin-stdlib-2.3.20.module to /home/runner/.gradle/.tmp/gradle_download4146995464489081401bin
2026-04-25T03:15:20.7198009Z Resource missing. [HTTP GET: https://dl.google.com/dl/android/maven2/org/junit/junit-bom/5.12.2/junit-bom-5.12.2.pom]
2026-04-25T03:15:20.7199799Z Downloading https://repo.maven.apache.org/maven2/org/junit/junit-bom/5.12.2/junit-bom-5.12.2.pom to /home/runner/.gradle/.tmp/gradle_download932464326065827151bin
2026-04-25T03:15:20.7202023Z Downloading https://repo.maven.apache.org/maven2/org/junit/junit-bom/5.12.2/junit-bom-5.12.2.module to /home/runner/.gradle/.tmp/gradle_download3601670860984951740bin
2026-04-25T03:15:20.7203841Z Resource missing. [HTTP GET: https://dl.google.com/dl/android/maven2/com/google/guava/guava/33.2.1-jre/guava-33.2.1-jre.pom]
2026-04-25T03:15:20.7205740Z Downloading https://repo.maven.apache.org/maven2/com/google/guava/guava/33.2.1-jre/guava-33.2.1-jre.pom to /home/runner/.gradle/.tmp/gradle_download2746281241069178990bin
2026-04-25T03:15:20.7207804Z Resource missing. [HTTP GET: https://dl.google.com/dl/android/maven2/org/jetbrains/kotlin/kotlin-metadata-jvm/2.3.20/kotlin-metadata-jvm-2.3.20.pom]
2026-04-25T03:15:20.7209670Z Resource missing. [HTTP GET: https://dl.google.com/dl/android/maven2/com/google/guava/guava-parent/33.2.1-jre/guava-parent-33.2.1-jre.pom]
2026-04-25T03:15:20.7212018Z Downloading https://repo.maven.apache.org/maven2/org/jetbrains/kotlin/kotlin-metadata-jvm/2.3.20/kotlin-metadata-jvm-2.3.20.pom to /home/runner/.gradle/.tmp/gradle_download1239492727454010719bin
2026-04-25T03:15:20.7214516Z Downloading https://repo.maven.apache.org/maven2/com/google/guava/guava-parent/33.2.1-jre/guava-parent-33.2.1-jre.pom to /home/runner/.gradle/.tmp/gradle_download14986635093317719110bin
2026-04-25T03:15:20.7216079Z Downloading https://repo.maven.apache.org/maven2/com/google/guava/guava/33.2.1-jre/guava-33.2.1-jre.module to /home/runner/.gradle/.tmp/gradle_download15395364437123810561bin
2026-04-25T03:15:20.7217350Z Downloading https://dl.google.com/dl/android/maven2/androidx/room3/room3-migration-jvm/3.0.0-alpha03/room3-migration-jvm-3.0.0-alpha03.pom to /home/runner/.gradle/.tmp/gradle_download4293461406668450617bin
2026-04-25T03:15:20.7218734Z Downloading https://dl.google.com/dl/android/maven2/androidx/room3/room3-migration-jvm/3.0.0-alpha03/room3-migration-jvm-3.0.0-alpha03.module to /home/runner/.gradle/.tmp/gradle_download14375034253395585443bin
2026-04-25T03:15:20.7219881Z Resource missing. [HTTP GET: https://dl.google.com/dl/android/maven2/com/squareup/kotlinpoet-jvm/2.0.0/kotlinpoet-jvm-2.0.0.pom]
2026-04-25T03:15:20.7220892Z Downloading https://repo.maven.apache.org/maven2/com/squareup/kotlinpoet-jvm/2.0.0/kotlinpoet-jvm-2.0.0.pom to /home/runner/.gradle/.tmp/gradle_download16372485890503164403bin
2026-04-25T03:15:20.7222343Z Downloading https://repo.maven.apache.org/maven2/com/squareup/kotlinpoet-jvm/2.0.0/kotlinpoet-jvm-2.0.0.module to /home/runner/.gradle/.tmp/gradle_download12256447637472254777bin
2026-04-25T03:15:20.7223660Z Resource missing. [HTTP GET: https://dl.google.com/dl/android/maven2/com/google/errorprone/error_prone_annotations/2.26.1/error_prone_annotations-2.26.1.pom]
2026-04-25T03:15:20.7224677Z Resource missing. [HTTP GET: https://dl.google.com/dl/android/maven2/com/google/guava/failureaccess/1.0.2/failureaccess-1.0.2.pom]
2026-04-25T03:15:20.7225656Z Downloading https://repo.maven.apache.org/maven2/com/google/guava/failureaccess/1.0.2/failureaccess-1.0.2.pom to /home/runner/.gradle/.tmp/gradle_download158805554521349025bin
2026-04-25T03:15:20.7226868Z Downloading https://repo.maven.apache.org/maven2/com/google/errorprone/error_prone_annotations/2.26.1/error_prone_annotations-2.26.1.pom to /home/runner/.gradle/.tmp/gradle_download5295444594118004994bin
2026-04-25T03:15:20.7228023Z Resource missing. [HTTP GET: https://dl.google.com/dl/android/maven2/com/google/errorprone/error_prone_parent/2.26.1/error_prone_parent-2.26.1.pom]
2026-04-25T03:15:20.7228921Z Resource missing. [HTTP GET: https://dl.google.com/dl/android/maven2/org/checkerframework/checker-qual/3.42.0/checker-qual-3.42.0.pom]
2026-04-25T03:15:20.7229952Z Downloading https://repo.maven.apache.org/maven2/com/google/errorprone/error_prone_parent/2.26.1/error_prone_parent-2.26.1.pom to /home/runner/.gradle/.tmp/gradle_download11270844831784379045bin
2026-04-25T03:15:20.7231125Z Downloading https://repo.maven.apache.org/maven2/org/checkerframework/checker-qual/3.42.0/checker-qual-3.42.0.pom to /home/runner/.gradle/.tmp/gradle_download7239702644542910046bin
2026-04-25T03:15:20.7233175Z Downloading https://repo.maven.apache.org/maven2/org/checkerframework/checker-qual/3.42.0/checker-qual-3.42.0.module to /home/runner/.gradle/.tmp/gradle_download10054649648369939799bin
2026-04-25T03:15:20.7235086Z Resource missing. [HTTP GET: https://dl.google.com/dl/android/maven2/org/jetbrains/kotlinx/kotlinx-serialization-json/1.8.1/kotlinx-serialization-json-1.8.1.pom]
2026-04-25T03:15:20.7237199Z Downloading https://repo.maven.apache.org/maven2/org/jetbrains/kotlinx/kotlinx-serialization-json/1.8.1/kotlinx-serialization-json-1.8.1.pom to /home/runner/.gradle/.tmp/gradle_download286564215431151767bin
2026-04-25T03:15:20.7239188Z Resource missing. [HTTP GET: https://dl.google.com/dl/android/maven2/org/jetbrains/kotlinx/kotlinx-serialization-bom/1.8.1/kotlinx-serialization-bom-1.8.1.pom]
2026-04-25T03:15:20.7241053Z Downloading https://repo.maven.apache.org/maven2/org/jetbrains/kotlinx/kotlinx-serialization-bom/1.8.1/kotlinx-serialization-bom-1.8.1.pom to /home/runner/.gradle/.tmp/gradle_download18340164446268770709bin
2026-04-25T03:15:20.7243552Z Downloading https://repo.maven.apache.org/maven2/org/jetbrains/kotlinx/kotlinx-serialization-json/1.8.1/kotlinx-serialization-json-1.8.1.module to /home/runner/.gradle/.tmp/gradle_download2945414099758563949bin
2026-04-25T03:15:20.7245394Z Resource missing. [HTTP GET: https://dl.google.com/dl/android/maven2/org/jetbrains/kotlin/kotlin-reflect/2.0.10/kotlin-reflect-2.0.10.pom]
2026-04-25T03:15:20.7247115Z Downloading https://repo.maven.apache.org/maven2/org/jetbrains/kotlin/kotlin-reflect/2.0.10/kotlin-reflect-2.0.10.pom to /home/runner/.gradle/.tmp/gradle_download660606641143872538bin
2026-04-25T03:15:20.7248762Z Resource missing. [HTTP GET: https://dl.google.com/dl/android/maven2/org/jetbrains/kotlinx/kotlinx-serialization-json-jvm/1.8.1/kotlinx-serialization-json-jvm-1.8.1.pom]
2026-04-25T03:15:20.7250068Z Downloading https://repo.maven.apache.org/maven2/org/jetbrains/kotlinx/kotlinx-serialization-json-jvm/1.8.1/kotlinx-serialization-json-jvm-1.8.1.pom to /home/runner/.gradle/.tmp/gradle_download15495166815510121765bin
2026-04-25T03:15:20.7251476Z Downloading https://repo.maven.apache.org/maven2/org/jetbrains/kotlinx/kotlinx-serialization-json-jvm/1.8.1/kotlinx-serialization-json-jvm-1.8.1.module to /home/runner/.gradle/.tmp/gradle_download8749781130427849255bin
2026-04-25T03:15:20.7253047Z Resource missing. [HTTP GET: https://dl.google.com/dl/android/maven2/org/jetbrains/kotlinx/kotlinx-serialization-core/1.8.1/kotlinx-serialization-core-1.8.1.pom]
2026-04-25T03:15:20.7254593Z Downloading https://repo.maven.apache.org/maven2/org/jetbrains/kotlinx/kotlinx-serialization-core/1.8.1/kotlinx-serialization-core-1.8.1.pom to /home/runner/.gradle/.tmp/gradle_download12084445461495527019bin
2026-04-25T03:15:20.7255935Z Downloading https://repo.maven.apache.org/maven2/org/jetbrains/kotlinx/kotlinx-serialization-core/1.8.1/kotlinx-serialization-core-1.8.1.module to /home/runner/.gradle/.tmp/gradle_download7104105766810269218bin
2026-04-25T03:15:20.7257161Z Resource missing. [HTTP GET: https://dl.google.com/dl/android/maven2/org/jetbrains/kotlinx/kotlinx-serialization-core-jvm/1.8.1/kotlinx-serialization-core-jvm-1.8.1.pom]
2026-04-25T03:15:20.7258398Z Downloading https://repo.maven.apache.org/maven2/org/jetbrains/kotlinx/kotlinx-serialization-core-jvm/1.8.1/kotlinx-serialization-core-jvm-1.8.1.pom to /home/runner/.gradle/.tmp/gradle_download16601450854689412649bin
2026-04-25T03:15:20.7259785Z Downloading https://repo.maven.apache.org/maven2/org/jetbrains/kotlinx/kotlinx-serialization-core-jvm/1.8.1/kotlinx-serialization-core-jvm-1.8.1.module to /home/runner/.gradle/.tmp/gradle_download5246835551056578236bin
2026-04-25T03:15:20.7261160Z Downloading https://dl.google.com/dl/android/maven2/androidx/room3/room3-external-antlr/3.0.0-alpha03/room3-external-antlr-3.0.0-alpha03.jar to /home/runner/.gradle/.tmp/gradle_download16465079062173475364bin
2026-04-25T03:15:20.7262584Z Downloading https://dl.google.com/dl/android/maven2/androidx/room3/room3-migration-jvm/3.0.0-alpha03/room3-migration-jvm-3.0.0-alpha03.jar to /home/runner/.gradle/.tmp/gradle_download6604933581100578094bin
2026-04-25T03:15:20.7263944Z Downloading https://dl.google.com/dl/android/maven2/androidx/room3/room3-compiler-processing/3.0.0-alpha03/room3-compiler-processing-3.0.0-alpha03.jar to /home/runner/.gradle/.tmp/gradle_download10612850244554339105bin
2026-04-25T03:15:20.7265245Z Downloading https://dl.google.com/dl/android/maven2/androidx/room3/room3-common-jvm/3.0.0-alpha03/room3-common-jvm-3.0.0-alpha03.jar to /home/runner/.gradle/.tmp/gradle_download12650638226230831273bin
2026-04-25T03:15:20.7266400Z Downloading https://repo.maven.apache.org/maven2/com/google/auto/auto-common/1.2.1/auto-common-1.2.1.jar to /home/runner/.gradle/.tmp/gradle_download14396258603792866940bin
2026-04-25T03:15:20.7267557Z Downloading https://repo.maven.apache.org/maven2/com/google/auto/value/auto-value-annotations/1.6.3/auto-value-annotations-1.6.3.jar to /home/runner/.gradle/.tmp/gradle_download6267234406906521262bin
2026-04-25T03:15:20.7268793Z Downloading https://dl.google.com/dl/android/maven2/androidx/room3/room3-compiler/3.0.0-alpha03/room3-compiler-3.0.0-alpha03.jar to /home/runner/.gradle/.tmp/gradle_download13850625584189570038bin
2026-04-25T03:15:20.7270076Z Downloading https://repo.maven.apache.org/maven2/com/google/devtools/ksp/symbol-processing-api/2.0.10-1.0.24/symbol-processing-api-2.0.10-1.0.24.jar to /home/runner/.gradle/.tmp/gradle_download10265518180514224681bin
2026-04-25T03:15:20.7271277Z Downloading https://repo.maven.apache.org/maven2/com/intellij/annotations/12.0/annotations-12.0.jar to /home/runner/.gradle/.tmp/gradle_download8973136616297095205bin
2026-04-25T03:15:20.7272483Z Downloading https://repo.maven.apache.org/maven2/com/squareup/kotlinpoet-javapoet/2.0.0/kotlinpoet-javapoet-2.0.0.jar to /home/runner/.gradle/.tmp/gradle_download8534795997349850102bin
2026-04-25T03:15:20.7273570Z Downloading https://repo.maven.apache.org/maven2/com/squareup/javapoet/1.13.0/javapoet-1.13.0.jar to /home/runner/.gradle/.tmp/gradle_download7882485326728444001bin
2026-04-25T03:15:20.7274670Z Downloading https://repo.maven.apache.org/maven2/org/jetbrains/kotlin/kotlin-metadata-jvm/2.3.20/kotlin-metadata-jvm-2.3.20.jar to /home/runner/.gradle/.tmp/gradle_download7123106158359939608bin
2026-04-25T03:15:20.7275841Z Downloading https://repo.maven.apache.org/maven2/org/jetbrains/kotlin/kotlin-reflect/2.0.10/kotlin-reflect-2.0.10.jar to /home/runner/.gradle/.tmp/gradle_download4682350610173629029bin
2026-04-25T03:15:20.7277079Z Downloading https://repo.maven.apache.org/maven2/com/squareup/kotlinpoet-jvm/2.0.0/kotlinpoet-jvm-2.0.0.jar to /home/runner/.gradle/.tmp/gradle_download2561573241757452384bin
2026-04-25T03:15:20.7278287Z Downloading https://dl.google.com/dl/android/maven2/androidx/annotation/annotation-jvm/1.9.1/annotation-jvm-1.9.1.jar to /home/runner/.gradle/.tmp/gradle_download13904071385126137466bin
2026-04-25T03:15:20.7279572Z Downloading https://repo.maven.apache.org/maven2/org/jetbrains/kotlinx/kotlinx-serialization-json-jvm/1.8.1/kotlinx-serialization-json-jvm-1.8.1.jar to /home/runner/.gradle/.tmp/gradle_download4504153434366401247bin
2026-04-25T03:15:20.7280960Z Downloading https://repo.maven.apache.org/maven2/org/jetbrains/kotlinx/kotlinx-serialization-core-jvm/1.8.1/kotlinx-serialization-core-jvm-1.8.1.jar to /home/runner/.gradle/.tmp/gradle_download1877261403603602383bin
2026-04-25T03:15:20.7282320Z Downloading https://repo.maven.apache.org/maven2/org/jetbrains/kotlin/kotlin-stdlib/2.3.20/kotlin-stdlib-2.3.20.jar to /home/runner/.gradle/.tmp/gradle_download6601640949416435411bin
2026-04-25T03:15:20.7283414Z Downloading https://repo.maven.apache.org/maven2/com/google/guava/guava/33.2.1-jre/guava-33.2.1-jre.jar to /home/runner/.gradle/.tmp/gradle_download14621220192560459928bin
2026-04-25T03:15:20.7284425Z Downloading https://repo.maven.apache.org/maven2/org/jspecify/jspecify/1.0.0/jspecify-1.0.0.jar to /home/runner/.gradle/.tmp/gradle_download1922593704745731040bin
2026-04-25T03:15:20.7285459Z Downloading https://repo.maven.apache.org/maven2/com/google/guava/failureaccess/1.0.2/failureaccess-1.0.2.jar to /home/runner/.gradle/.tmp/gradle_download10669668014971101110bin
2026-04-25T03:15:20.7286522Z Downloading https://repo.maven.apache.org/maven2/org/xerial/sqlite-jdbc/3.50.3.0/sqlite-jdbc-3.50.3.0.jar to /home/runner/.gradle/.tmp/gradle_download8566037381601598037bin
2026-04-25T03:15:20.7287591Z Downloading https://repo.maven.apache.org/maven2/org/checkerframework/checker-qual/3.42.0/checker-qual-3.42.0.jar to /home/runner/.gradle/.tmp/gradle_download7163207982016319980bin
2026-04-25T03:15:20.7288773Z Downloading https://repo.maven.apache.org/maven2/com/google/errorprone/error_prone_annotations/2.26.1/error_prone_annotations-2.26.1.jar to /home/runner/.gradle/.tmp/gradle_download18024342570091224728bin
2026-04-25T03:15:20.7289673Z Build cache key for task ':app:javaPreCompileDebug' is db0a9f569e9b409cd32a147dbe57e934
2026-04-25T03:15:20.7290132Z Task ':app:javaPreCompileDebug' is not up-to-date because:
2026-04-25T03:15:20.7290432Z   No history is available.
2026-04-25T03:15:20.8079585Z Stored cache entry for task ':app:javaPreCompileDebug' with cache key db0a9f569e9b409cd32a147dbe57e934
2026-04-25T03:15:21.4124221Z Resolve mutations for :app:mergeDebugShaders (Thread[Execution worker Thread 3,5,main]) started.
2026-04-25T03:15:21.4125552Z :app:mergeDebugShaders (Thread[Execution worker Thread 2,5,main]) started.
2026-04-25T03:15:21.4143243Z 
2026-04-25T03:15:21.4163447Z > Task :app:mergeDebugShaders
2026-04-25T03:15:21.4192552Z Caching disabled for task ':app:mergeDebugShaders' because:
2026-04-25T03:15:21.4222166Z   Simple merging task
2026-04-25T03:15:21.4227543Z Task ':app:mergeDebugShaders' is not up-to-date because:
2026-04-25T03:15:21.4252198Z   No history is available.
2026-04-25T03:15:21.4282399Z The input changes require a full rebuild for incremental task ':app:mergeDebugShaders'.
2026-04-25T03:15:21.4312425Z Resolve mutations for :app:compileDebugShaders (Thread[Execution worker Thread 2,5,main]) started.
2026-04-25T03:15:21.4322371Z :app:compileDebugShaders (Thread[Execution worker Thread 2,5,main]) started.
2026-04-25T03:15:21.4342060Z 
2026-04-25T03:15:21.4372264Z > Task :app:compileDebugShaders NO-SOURCE
2026-04-25T03:15:21.4402454Z Skipping task ':app:compileDebugShaders' as it has no source files and no previous output files.
2026-04-25T03:15:21.4403602Z Resolve mutations for :app:generateDebugAssets (Thread[Execution worker Thread 2,5,main]) started.
2026-04-25T03:15:21.4432396Z :app:generateDebugAssets (Thread[Execution worker Thread 2,5,main]) started.
2026-04-25T03:15:21.4461894Z 
2026-04-25T03:15:21.4482136Z > Task :app:generateDebugAssets UP-TO-DATE
2026-04-25T03:15:21.4494612Z Skipping task ':app:generateDebugAssets' as it has no actions.
2026-04-25T03:15:21.4542420Z Resolve mutations for :app:mergeDebugAssets (Thread[Execution worker Thread 2,5,main]) started.
2026-04-25T03:15:21.4543576Z :app:mergeDebugAssets (Thread[Execution worker Thread 2,5,main]) started.
2026-04-25T03:15:21.5091993Z 
2026-04-25T03:15:21.5167352Z > Task :app:mergeDebugAssets
2026-04-25T03:15:21.5183106Z Transforming navigationevent.aar (androidx.navigationevent:navigationevent-android:1.0.0) with JetifyTransform
2026-04-25T03:15:21.5184767Z Transforming navigationevent.aar (androidx.navigationevent:navigationevent-android:1.0.0) with ExtractAarTransform
2026-04-25T03:15:21.5186376Z Transforming navigationevent.aar (androidx.navigationevent:navigationevent-android:1.0.0) with AarTransform
2026-04-25T03:15:21.5187998Z Transforming navigationevent-compose.aar (androidx.navigationevent:navigationevent-compose-android:1.0.0) with JetifyTransform
2026-04-25T03:15:21.5189772Z Transforming navigationevent-compose.aar (androidx.navigationevent:navigationevent-compose-android:1.0.0) with ExtractAarTransform
2026-04-25T03:15:21.5191516Z Transforming navigationevent-compose.aar (androidx.navigationevent:navigationevent-compose-android:1.0.0) with AarTransform
2026-04-25T03:15:21.5193210Z Transforming material3-release.aar (androidx.compose.material3:material3-android:1.2.1) with JetifyTransform
2026-04-25T03:15:21.5194639Z Transforming material3-release.aar (androidx.compose.material3:material3-android:1.2.1) with ExtractAarTransform
2026-04-25T03:15:21.5196039Z Transforming material3-release.aar (androidx.compose.material3:material3-android:1.2.1) with AarTransform
2026-04-25T03:15:21.5197390Z Transforming ui-tooling-data.aar (androidx.compose.ui:ui-tooling-data-android:1.9.2) with JetifyTransform
2026-04-25T03:15:21.5198752Z Transforming ui-tooling-data.aar (androidx.compose.ui:ui-tooling-data-android:1.9.2) with ExtractAarTransform
2026-04-25T03:15:21.5200073Z Transforming ui-tooling-data.aar (androidx.compose.ui:ui-tooling-data-android:1.9.2) with AarTransform
2026-04-25T03:15:21.5201507Z Transforming foundation-layout.aar (androidx.compose.foundation:foundation-layout-android:1.9.2) with JetifyTransform
2026-04-25T03:15:21.5203247Z Transforming foundation-layout.aar (androidx.compose.foundation:foundation-layout-android:1.9.2) with ExtractAarTransform
2026-04-25T03:15:21.5204777Z Transforming foundation-layout.aar (androidx.compose.foundation:foundation-layout-android:1.9.2) with AarTransform
2026-04-25T03:15:21.5206251Z Transforming foundation-release.aar (androidx.compose.foundation:foundation-android:1.9.2) with JetifyTransform
2026-04-25T03:15:21.5207727Z Transforming foundation-release.aar (androidx.compose.foundation:foundation-android:1.9.2) with ExtractAarTransform
2026-04-25T03:15:21.5209169Z Transforming foundation-release.aar (androidx.compose.foundation:foundation-android:1.9.2) with AarTransform
2026-04-25T03:15:21.5210526Z Transforming animation.aar (androidx.compose.animation:animation-android:1.9.2) with JetifyTransform
2026-04-25T03:15:21.5211996Z Transforming animation.aar (androidx.compose.animation:animation-android:1.9.2) with ExtractAarTransform
2026-04-25T03:15:21.5213275Z Transforming animation.aar (androidx.compose.animation:animation-android:1.9.2) with AarTransform
2026-04-25T03:15:21.5214632Z Transforming animation-core.aar (androidx.compose.animation:animation-core-android:1.9.2) with JetifyTransform
2026-04-25T03:15:21.5216213Z Transforming animation-core.aar (androidx.compose.animation:animation-core-android:1.9.2) with ExtractAarTransform
2026-04-25T03:15:21.5242698Z Transforming animation-core.aar (androidx.compose.animation:animation-core-android:1.9.2) with AarTransform
2026-04-25T03:15:21.5263409Z Transforming ui-unit.aar (androidx.compose.ui:ui-unit-android:1.9.2) with JetifyTransform
2026-04-25T03:15:21.5302456Z Transforming ui-unit.aar (androidx.compose.ui:ui-unit-android:1.9.2) with ExtractAarTransform
2026-04-25T03:15:21.5303558Z Transforming ui-unit.aar (androidx.compose.ui:ui-unit-android:1.9.2) with AarTransform
2026-04-25T03:15:21.5332868Z Transforming ui-geometry.aar (androidx.compose.ui:ui-geometry-android:1.9.2) with JetifyTransform
2026-04-25T03:15:21.5357322Z Transforming ui-geometry.aar (androidx.compose.ui:ui-geometry-android:1.9.2) with ExtractAarTransform
2026-04-25T03:15:21.5375963Z Transforming ui-geometry.aar (androidx.compose.ui:ui-geometry-android:1.9.2) with AarTransform
2026-04-25T03:15:21.5428863Z Transforming ui-tooling-preview.aar (androidx.compose.ui:ui-tooling-preview-android:1.9.2) with JetifyTransform
2026-04-25T03:15:21.5430373Z Transforming ui-tooling-preview.aar (androidx.compose.ui:ui-tooling-preview-android:1.9.2) with ExtractAarTransform
2026-04-25T03:15:21.5431938Z Transforming ui-tooling-preview.aar (androidx.compose.ui:ui-tooling-preview-android:1.9.2) with AarTransform
2026-04-25T03:15:21.5433122Z Transforming ui-util.aar (androidx.compose.ui:ui-util-android:1.9.2) with JetifyTransform
2026-04-25T03:15:21.5434180Z Transforming ui-util.aar (androidx.compose.ui:ui-util-android:1.9.2) with ExtractAarTransform
2026-04-25T03:15:21.5435188Z Transforming ui-util.aar (androidx.compose.ui:ui-util-android:1.9.2) with AarTransform
2026-04-25T03:15:21.5436168Z Transforming ui-text.aar (androidx.compose.ui:ui-text-android:1.9.2) with JetifyTransform
2026-04-25T03:15:21.5437199Z Transforming ui-text.aar (androidx.compose.ui:ui-text-android:1.9.2) with ExtractAarTransform
2026-04-25T03:15:21.5438405Z Transforming ui-text.aar (androidx.compose.ui:ui-text-android:1.9.2) with AarTransform
2026-04-25T03:15:21.5439646Z Transforming ui-graphics-release.aar (androidx.compose.ui:ui-graphics-android:1.9.2) with JetifyTransform
2026-04-25T03:15:21.5462657Z Transforming ui-graphics-release.aar (androidx.compose.ui:ui-graphics-android:1.9.2) with ExtractAarTransform
2026-04-25T03:15:21.5490914Z Transforming ui-graphics-release.aar (androidx.compose.ui:ui-graphics-android:1.9.2) with AarTransform
2026-04-25T03:15:21.5522390Z Transforming ui-tooling.aar (androidx.compose.ui:ui-tooling-android:1.9.2) with JetifyTransform
2026-04-25T03:15:21.5542571Z Transforming ui-tooling.aar (androidx.compose.ui:ui-tooling-android:1.9.2) with ExtractAarTransform
2026-04-25T03:15:21.5552388Z Transforming ui-tooling.aar (androidx.compose.ui:ui-tooling-android:1.9.2) with AarTransform
2026-04-25T03:15:21.5582340Z Transforming material-release.aar (androidx.compose.material:material-android:1.6.8) with JetifyTransform
2026-04-25T03:15:21.5612690Z Transforming material-release.aar (androidx.compose.material:material-android:1.6.8) with ExtractAarTransform
2026-04-25T03:15:21.5642434Z Transforming material-release.aar (androidx.compose.material:material-android:1.6.8) with AarTransform
2026-04-25T03:15:21.5643938Z Transforming material-ripple-release.aar (androidx.compose.material:material-ripple-android:1.6.8) with JetifyTransform
2026-04-25T03:15:21.5675316Z Transforming material-ripple-release.aar (androidx.compose.material:material-ripple-android:1.6.8) with ExtractAarTransform
2026-04-25T03:15:21.5702626Z Transforming material-ripple-release.aar (androidx.compose.material:material-ripple-android:1.6.8) with AarTransform
2026-04-25T03:15:21.5732611Z Transforming material-icons-core-release.aar (androidx.compose.material:material-icons-core-android:1.6.8) with JetifyTransform
2026-04-25T03:15:21.5734463Z Transforming material-icons-core-release.aar (androidx.compose.material:material-icons-core-android:1.6.8) with ExtractAarTransform
2026-04-25T03:15:21.5762679Z Transforming material-icons-core-release.aar (androidx.compose.material:material-icons-core-android:1.6.8) with AarTransform
2026-04-25T03:15:21.5786234Z Transforming ui-release.aar (androidx.compose.ui:ui-android:1.9.2) with JetifyTransform
2026-04-25T03:15:21.5801342Z Transforming ui-release.aar (androidx.compose.ui:ui-android:1.9.2) with ExtractAarTransform
2026-04-25T03:15:21.5805003Z Transforming ui-release.aar (androidx.compose.ui:ui-android:1.9.2) with AarTransform
2026-04-25T03:15:21.5806521Z Transforming ui-test-manifest-1.9.2.aar (androidx.compose.ui:ui-test-manifest:1.9.2) with JetifyTransform
2026-04-25T03:15:21.5807871Z Transforming ui-test-manifest-1.9.2.aar (androidx.compose.ui:ui-test-manifest:1.9.2) with ExtractAarTransform
2026-04-25T03:15:21.5809130Z Transforming ui-test-manifest-1.9.2.aar (androidx.compose.ui:ui-test-manifest:1.9.2) with AarTransform
2026-04-25T03:15:21.5810409Z Transforming activity-ktx-1.13.0.aar (androidx.activity:activity-ktx:1.13.0) with JetifyTransform
2026-04-25T03:15:21.5811919Z Transforming activity-ktx-1.13.0.aar (androidx.activity:activity-ktx:1.13.0) with ExtractAarTransform
2026-04-25T03:15:21.5813095Z Transforming activity-ktx-1.13.0.aar (androidx.activity:activity-ktx:1.13.0) with AarTransform
2026-04-25T03:15:21.5814211Z Transforming activity-1.13.0.aar (androidx.activity:activity:1.13.0) with JetifyTransform
2026-04-25T03:15:21.5815315Z Transforming activity-1.13.0.aar (androidx.activity:activity:1.13.0) with ExtractAarTransform
2026-04-25T03:15:21.5816376Z Transforming activity-1.13.0.aar (androidx.activity:activity:1.13.0) with AarTransform
2026-04-25T03:15:21.5817514Z Transforming activity-compose-1.13.0.aar (androidx.activity:activity-compose:1.13.0) with JetifyTransform
2026-04-25T03:15:21.5818802Z Transforming activity-compose-1.13.0.aar (androidx.activity:activity-compose:1.13.0) with ExtractAarTransform
2026-04-25T03:15:21.5820077Z Transforming activity-compose-1.13.0.aar (androidx.activity:activity-compose:1.13.0) with AarTransform
2026-04-25T03:15:21.5821200Z Transforming autofill-1.0.0.aar (androidx.autofill:autofill:1.0.0) with JetifyTransform
2026-04-25T03:15:21.5822478Z Transforming autofill-1.0.0.aar (androidx.autofill:autofill:1.0.0) with ExtractAarTransform
2026-04-25T03:15:21.5823519Z Transforming autofill-1.0.0.aar (androidx.autofill:autofill:1.0.0) with AarTransform
2026-04-25T03:15:21.5824624Z Transforming graphics-path-1.0.1.aar (androidx.graphics:graphics-path:1.0.1) with JetifyTransform
2026-04-25T03:15:21.5825935Z Transforming graphics-path-1.0.1.aar (androidx.graphics:graphics-path:1.0.1) with ExtractAarTransform
2026-04-25T03:15:21.5827186Z Transforming graphics-path-1.0.1.aar (androidx.graphics:graphics-path:1.0.1) with AarTransform
2026-04-25T03:15:21.5828264Z Transforming emoji2-1.4.0.aar (androidx.emoji2:emoji2:1.4.0) with JetifyTransform
2026-04-25T03:15:21.5829279Z Transforming emoji2-1.4.0.aar (androidx.emoji2:emoji2:1.4.0) with ExtractAarTransform
2026-04-25T03:15:21.5830296Z Transforming emoji2-1.4.0.aar (androidx.emoji2:emoji2:1.4.0) with AarTransform
2026-04-25T03:15:21.5831491Z Transforming core-1.18.0.aar (androidx.core:core:1.18.0) with JetifyTransform
2026-04-25T03:15:21.5832925Z Transforming core-1.18.0.aar (androidx.core:core:1.18.0) with ExtractAarTransform
2026-04-25T03:15:21.5833842Z Transforming core-1.18.0.aar (androidx.core:core:1.18.0) with AarTransform
2026-04-25T03:15:21.5835220Z Caching disabled for AarTransform: /home/runner/.gradle/caches/8.11.1/transforms/cb6f1b90199c63645d75112bc87b7505/transformed/jetified-navigationevent because:
2026-04-25T03:15:21.5836361Z   Caching not enabled.
2026-04-25T03:15:21.5837501Z Caching disabled for AarTransform: /home/runner/.gradle/caches/8.11.1/transforms/582a976f3ede713cacde1265effd907c/transformed/jetified-navigationevent-compose because:
2026-04-25T03:15:21.5838709Z   Caching not enabled.
2026-04-25T03:15:21.5839246Z Transforming core-1.18.0.aar (androidx.core:core:1.18.0) with JetifyTransform
2026-04-25T03:15:21.5840086Z Transforming core-1.18.0.aar (androidx.core:core:1.18.0) with ExtractAarTransform
2026-04-25T03:15:21.5840897Z Transforming core-1.18.0.aar (androidx.core:core:1.18.0) with AarTransform
2026-04-25T03:15:21.5842049Z Transforming lifecycle-process-2.9.4.aar (androidx.lifecycle:lifecycle-process:2.9.4) with JetifyTransform
2026-04-25T03:15:21.5843569Z Transforming lifecycle-process-2.9.4.aar (androidx.lifecycle:lifecycle-process:2.9.4) with ExtractAarTransform
2026-04-25T03:15:21.5844802Z Transforming lifecycle-process-2.9.4.aar (androidx.lifecycle:lifecycle-process:2.9.4) with AarTransform
2026-04-25T03:15:21.5846255Z Transforming lifecycle-viewmodel-ktx-2.9.4.aar (androidx.lifecycle:lifecycle-viewmodel-ktx:2.9.4) with JetifyTransform
2026-04-25T03:15:21.5847667Z Transforming lifecycle-viewmodel-ktx-2.9.4.aar (androidx.lifecycle:lifecycle-viewmodel-ktx:2.9.4) with ExtractAarTransform
2026-04-25T03:15:21.5849093Z Transforming lifecycle-viewmodel-ktx-2.9.4.aar (androidx.lifecycle:lifecycle-viewmodel-ktx:2.9.4) with AarTransform
2026-04-25T03:15:21.5850463Z Transforming lifecycle-livedata-core-2.9.4.aar (androidx.lifecycle:lifecycle-livedata-core:2.9.4) with JetifyTransform
2026-04-25T03:15:21.5852000Z Transforming lifecycle-livedata-core-2.9.4.aar (androidx.lifecycle:lifecycle-livedata-core:2.9.4) with ExtractAarTransform
2026-04-25T03:15:21.5853403Z Transforming lifecycle-livedata-core-2.9.4.aar (androidx.lifecycle:lifecycle-livedata-core:2.9.4) with AarTransform
2026-04-25T03:15:21.5854763Z Transforming lifecycle-runtime-ktx.aar (androidx.lifecycle:lifecycle-runtime-ktx-android:2.9.4) with JetifyTransform
2026-04-25T03:15:21.5856194Z Transforming lifecycle-runtime-ktx.aar (androidx.lifecycle:lifecycle-runtime-ktx-android:2.9.4) with ExtractAarTransform
2026-04-25T03:15:21.5857562Z Transforming lifecycle-runtime-ktx.aar (androidx.lifecycle:lifecycle-runtime-ktx-android:2.9.4) with AarTransform
2026-04-25T03:15:21.5858963Z Transforming lifecycle-viewmodel-release.aar (androidx.lifecycle:lifecycle-viewmodel-android:2.9.4) with JetifyTransform
2026-04-25T03:15:21.5860448Z Transforming lifecycle-viewmodel-release.aar (androidx.lifecycle:lifecycle-viewmodel-android:2.9.4) with ExtractAarTransform
2026-04-25T03:15:21.5952312Z Transforming lifecycle-viewmodel-release.aar (androidx.lifecycle:lifecycle-viewmodel-android:2.9.4) with AarTransform
2026-04-25T03:15:21.5953906Z Transforming runtime-annotation.aar (androidx.compose.runtime:runtime-annotation-android:1.9.2) with JetifyTransform
2026-04-25T03:15:21.5955343Z Transforming runtime-annotation.aar (androidx.compose.runtime:runtime-annotation-android:1.9.2) with ExtractAarTransform
2026-04-25T03:15:21.5956759Z Transforming runtime-annotation.aar (androidx.compose.runtime:runtime-annotation-android:1.9.2) with AarTransform
2026-04-25T03:15:21.5958403Z Caching disabled for AarTransform: /home/runner/.gradle/caches/8.11.1/transforms/ad2dd3899eea144a1aa94a7a61cd2837/transformed/jetified-foundation-layout because:
2026-04-25T03:15:21.5959580Z   Caching not enabled.
2026-04-25T03:15:21.5960632Z Caching disabled for AarTransform: /home/runner/.gradle/caches/8.11.1/transforms/66c16c3f7f6d02b975cabce6ff0bea36/transformed/jetified-ui-tooling-data because:
2026-04-25T03:15:21.5961917Z   Caching not enabled.
2026-04-25T03:15:21.5962631Z Transforming savedstate-release.aar (androidx.savedstate:savedstate-android:1.3.3) with JetifyTransform
2026-04-25T03:15:21.5963873Z Transforming savedstate-release.aar (androidx.savedstate:savedstate-android:1.3.3) with ExtractAarTransform
2026-04-25T03:15:21.5965064Z Transforming savedstate-release.aar (androidx.savedstate:savedstate-android:1.3.3) with AarTransform
2026-04-25T03:15:21.5966217Z Transforming savedstate-ktx-1.3.3.aar (androidx.savedstate:savedstate-ktx:1.3.3) with JetifyTransform
2026-04-25T03:15:21.5967377Z Transforming savedstate-ktx-1.3.3.aar (androidx.savedstate:savedstate-ktx:1.3.3) with ExtractAarTransform
2026-04-25T03:15:21.5968510Z Transforming savedstate-ktx-1.3.3.aar (androidx.savedstate:savedstate-ktx:1.3.3) with AarTransform
2026-04-25T03:15:21.5969718Z Transforming savedstate-compose.aar (androidx.savedstate:savedstate-compose-android:1.3.3) with JetifyTransform
2026-04-25T03:15:21.5971050Z Transforming savedstate-compose.aar (androidx.savedstate:savedstate-compose-android:1.3.3) with ExtractAarTransform
2026-04-25T03:15:21.5972581Z Transforming savedstate-compose.aar (androidx.savedstate:savedstate-compose-android:1.3.3) with AarTransform
2026-04-25T03:15:21.5973989Z Transforming runtime.aar (androidx.compose.runtime:runtime-android:1.9.2) with JetifyTransform
2026-04-25T03:15:21.5975233Z Transforming runtime.aar (androidx.compose.runtime:runtime-android:1.9.2) with ExtractAarTransform
2026-04-25T03:15:21.5976315Z Transforming runtime.aar (androidx.compose.runtime:runtime-android:1.9.2) with AarTransform
2026-04-25T03:15:21.5977489Z Transforming runtime-saveable.aar (androidx.compose.runtime:runtime-saveable-android:1.9.2) with JetifyTransform
2026-04-25T03:15:21.5978858Z Transforming runtime-saveable.aar (androidx.compose.runtime:runtime-saveable-android:1.9.2) with ExtractAarTransform
2026-04-25T03:15:21.5980167Z Transforming runtime-saveable.aar (androidx.compose.runtime:runtime-saveable-android:1.9.2) with AarTransform
2026-04-25T03:15:21.6072073Z Transforming lifecycle-runtime-compose-release.aar (androidx.lifecycle:lifecycle-runtime-compose-android:2.9.4) with JetifyTransform
2026-04-25T03:15:21.6073967Z Transforming lifecycle-runtime-compose-release.aar (androidx.lifecycle:lifecycle-runtime-compose-android:2.9.4) with ExtractAarTransform
2026-04-25T03:15:21.6075882Z Caching disabled for AarTransform: /home/runner/.gradle/caches/8.11.1/transforms/e184805bcc53f3a846e25bb745ddc742/transformed/jetified-foundation-release because:
2026-04-25T03:15:21.6077249Z   Caching not enabled.
2026-04-25T03:15:21.6078187Z Transforming lifecycle-runtime-compose-release.aar (androidx.lifecycle:lifecycle-runtime-compose-android:2.9.4) with AarTransform
2026-04-25T03:15:21.6079694Z Transforming lifecycle-runtime-release.aar (androidx.lifecycle:lifecycle-runtime-android:2.9.4) with JetifyTransform
2026-04-25T03:15:21.6081102Z Transforming lifecycle-runtime-release.aar (androidx.lifecycle:lifecycle-runtime-android:2.9.4) with ExtractAarTransform
2026-04-25T03:15:21.6082658Z Transforming lifecycle-runtime-release.aar (androidx.lifecycle:lifecycle-runtime-android:2.9.4) with AarTransform
2026-04-25T03:15:21.6084293Z Transforming lifecycle-viewmodel-savedstate-release.aar (androidx.lifecycle:lifecycle-viewmodel-savedstate-android:2.9.4) with JetifyTransform
2026-04-25T03:15:21.6086130Z Transforming lifecycle-viewmodel-savedstate-release.aar (androidx.lifecycle:lifecycle-viewmodel-savedstate-android:2.9.4) with ExtractAarTransform
2026-04-25T03:15:21.6087906Z Transforming lifecycle-viewmodel-savedstate-release.aar (androidx.lifecycle:lifecycle-viewmodel-savedstate-android:2.9.4) with AarTransform
2026-04-25T03:15:21.6089533Z Transforming customview-poolingcontainer-1.0.0.aar (androidx.customview:customview-poolingcontainer:1.0.0) with JetifyTransform
2026-04-25T03:15:21.6091071Z Transforming customview-poolingcontainer-1.0.0.aar (androidx.customview:customview-poolingcontainer:1.0.0) with ExtractAarTransform
2026-04-25T03:15:21.6092876Z Transforming customview-poolingcontainer-1.0.0.aar (androidx.customview:customview-poolingcontainer:1.0.0) with AarTransform
2026-04-25T03:15:21.6094082Z Transforming core-ktx-1.18.0.aar (androidx.core:core-ktx:1.18.0) with JetifyTransform
2026-04-25T03:15:21.6095023Z Transforming core-ktx-1.18.0.aar (androidx.core:core-ktx:1.18.0) with ExtractAarTransform
2026-04-25T03:15:21.6095950Z Transforming core-ktx-1.18.0.aar (androidx.core:core-ktx:1.18.0) with AarTransform
2026-04-25T03:15:21.6096976Z Transforming room3-runtime.aar (androidx.room3:room3-runtime-android:3.0.0-alpha03) with JetifyTransform
2026-04-25T03:15:21.6098194Z Transforming room3-runtime.aar (androidx.room3:room3-runtime-android:3.0.0-alpha03) with ExtractAarTransform
2026-04-25T03:15:21.6099365Z Transforming room3-runtime.aar (androidx.room3:room3-runtime-android:3.0.0-alpha03) with AarTransform
2026-04-25T03:15:21.6100435Z Transforming core-viewtree-1.0.0.aar (androidx.core:core-viewtree:1.0.0) with JetifyTransform
2026-04-25T03:15:21.6101470Z Transforming core-viewtree-1.0.0.aar (androidx.core:core-viewtree:1.0.0) with ExtractAarTransform
2026-04-25T03:15:21.6167694Z Transforming core-viewtree-1.0.0.aar (androidx.core:core-viewtree:1.0.0) with AarTransform
2026-04-25T03:15:21.6169243Z Transforming annotation-experimental-1.5.0.aar (androidx.annotation:annotation-experimental:1.5.0) with JetifyTransform
2026-04-25T03:15:21.6170882Z Transforming annotation-experimental-1.5.0.aar (androidx.annotation:annotation-experimental:1.5.0) with ExtractAarTransform
2026-04-25T03:15:21.6172523Z Transforming annotation-experimental-1.5.0.aar (androidx.annotation:annotation-experimental:1.5.0) with AarTransform
2026-04-25T03:15:21.6173887Z Transforming profileinstaller-1.4.0.aar (androidx.profileinstaller:profileinstaller:1.4.0) with JetifyTransform
2026-04-25T03:15:21.6175220Z Transforming profileinstaller-1.4.0.aar (androidx.profileinstaller:profileinstaller:1.4.0) with ExtractAarTransform
2026-04-25T03:15:21.6176525Z Transforming profileinstaller-1.4.0.aar (androidx.profileinstaller:profileinstaller:1.4.0) with AarTransform
2026-04-25T03:15:21.6177726Z Transforming startup-runtime-1.1.1.aar (androidx.startup:startup-runtime:1.1.1) with JetifyTransform
2026-04-25T03:15:21.6178844Z Transforming startup-runtime-1.1.1.aar (androidx.startup:startup-runtime:1.1.1) with ExtractAarTransform
2026-04-25T03:15:21.6179949Z Transforming startup-runtime-1.1.1.aar (androidx.startup:startup-runtime:1.1.1) with AarTransform
2026-04-25T03:15:21.6180910Z Transforming tracing-1.2.0.aar (androidx.tracing:tracing:1.2.0) with JetifyTransform
2026-04-25T03:15:21.6181972Z Transforming tracing-1.2.0.aar (androidx.tracing:tracing:1.2.0) with ExtractAarTransform
2026-04-25T03:15:21.6182854Z Transforming tracing-1.2.0.aar (androidx.tracing:tracing:1.2.0) with AarTransform
2026-04-25T03:15:21.6183799Z Transforming interpolator-1.0.0.aar (androidx.interpolator:interpolator:1.0.0) with JetifyTransform
2026-04-25T03:15:21.6184678Z Transforming interpolator-1.0.0.aar (androidx.interpolator:interpolator:1.0.0) with ExtractAarTransform
2026-04-25T03:15:21.6185512Z Transforming interpolator-1.0.0.aar (androidx.interpolator:interpolator:1.0.0) with AarTransform
2026-04-25T03:15:21.6186480Z Transforming versionedparcelable-1.1.1.aar (androidx.versionedparcelable:versionedparcelable:1.1.1) with JetifyTransform
2026-04-25T03:15:21.6187604Z Transforming versionedparcelable-1.1.1.aar (androidx.versionedparcelable:versionedparcelable:1.1.1) with ExtractAarTransform
2026-04-25T03:15:21.6188711Z Transforming versionedparcelable-1.1.1.aar (androidx.versionedparcelable:versionedparcelable:1.1.1) with AarTransform
2026-04-25T03:15:21.6189662Z Transforming core-runtime-2.2.0.aar (androidx.arch.core:core-runtime:2.2.0) with JetifyTransform
2026-04-25T03:15:21.6190488Z Transforming core-runtime-2.2.0.aar (androidx.arch.core:core-runtime:2.2.0) with ExtractAarTransform
2026-04-25T03:15:21.6209187Z Caching disabled for AarTransform: /home/runner/.gradle/caches/8.11.1/transforms/bfbadf3aa82e8d2c6f086b75adb8398a/transformed/jetified-animation because:
2026-04-25T03:15:21.6210365Z   Caching not enabled.
2026-04-25T03:15:21.6210993Z Transforming core-runtime-2.2.0.aar (androidx.arch.core:core-runtime:2.2.0) with AarTransform
2026-04-25T03:15:21.6212356Z Transforming sqlite-framework.aar (androidx.sqlite:sqlite-framework-android:2.7.0-alpha03) with JetifyTransform
2026-04-25T03:15:21.6213661Z Transforming sqlite-framework.aar (androidx.sqlite:sqlite-framework-android:2.7.0-alpha03) with ExtractAarTransform
2026-04-25T03:15:21.6214939Z Transforming sqlite-framework.aar (androidx.sqlite:sqlite-framework-android:2.7.0-alpha03) with AarTransform
2026-04-25T03:15:21.6216111Z Transforming sqlite-async.aar (androidx.sqlite:sqlite-async-android:2.7.0-alpha03) with JetifyTransform
2026-04-25T03:15:21.6217260Z Transforming sqlite-async.aar (androidx.sqlite:sqlite-async-android:2.7.0-alpha03) with ExtractAarTransform
2026-04-25T03:15:21.6218357Z Transforming sqlite-async.aar (androidx.sqlite:sqlite-async-android:2.7.0-alpha03) with AarTransform
2026-04-25T03:15:21.6219389Z Transforming sqlite.aar (androidx.sqlite:sqlite-android:2.7.0-alpha03) with JetifyTransform
2026-04-25T03:15:21.6220709Z Transforming sqlite.aar (androidx.sqlite:sqlite-android:2.7.0-alpha03) with ExtractAarTransform
2026-04-25T03:15:21.6221932Z Transforming sqlite.aar (androidx.sqlite:sqlite-android:2.7.0-alpha03) with AarTransform
2026-04-25T03:15:21.6223506Z Caching disabled for AarTransform: /home/runner/.gradle/caches/8.11.1/transforms/4f81a84452a71c15e1af23c08dd42a82/transformed/jetified-animation-core because:
2026-04-25T03:15:21.6224621Z   Caching not enabled.
2026-04-25T03:15:21.6225629Z Caching disabled for AarTransform: /home/runner/.gradle/caches/8.11.1/transforms/9b3a85a633de8f9d1f1866feb4adf80b/transformed/jetified-ui-geometry because:
2026-04-25T03:15:21.6226699Z   Caching not enabled.
2026-04-25T03:15:21.6227669Z Caching disabled for AarTransform: /home/runner/.gradle/caches/8.11.1/transforms/8c21f5dbc4c774dc1f97ad88c52d3ccb/transformed/jetified-ui-unit because:
2026-04-25T03:15:21.6228703Z   Caching not enabled.
2026-04-25T03:15:21.6229762Z Caching disabled for AarTransform: /home/runner/.gradle/caches/8.11.1/transforms/62bbfe8dca9ed54bc4c0ab3b238d67e2/transformed/jetified-ui-tooling-preview because:
2026-04-25T03:15:21.6230902Z   Caching not enabled.
2026-04-25T03:15:21.6278089Z Caching disabled for AarTransform: /home/runner/.gradle/caches/8.11.1/transforms/1246a0f488a63f1831e1b5a8d10710b0/transformed/jetified-ui-util because:
2026-04-25T03:15:21.6279382Z   Caching not enabled.
2026-04-25T03:15:21.6280479Z Caching disabled for AarTransform: /home/runner/.gradle/caches/8.11.1/transforms/6aa2e2a68c2b334c6993af83152c0d73/transformed/jetified-ui-text because:
2026-04-25T03:15:21.6281851Z   Caching not enabled.
2026-04-25T03:15:21.6283000Z Caching disabled for AarTransform: /home/runner/.gradle/caches/8.11.1/transforms/a4d7fd655ff98528246c4656eb5f19ea/transformed/jetified-ui-graphics-release because:
2026-04-25T03:15:21.6284243Z   Caching not enabled.
2026-04-25T03:15:21.6285303Z Caching disabled for AarTransform: /home/runner/.gradle/caches/8.11.1/transforms/5444a948fcc572516c7b4f3972d025a3/transformed/jetified-ui-tooling because:
2026-04-25T03:15:21.6286443Z   Caching not enabled.
2026-04-25T03:15:21.6287540Z Caching disabled for AarTransform: /home/runner/.gradle/caches/8.11.1/transforms/1df681c407b8c6fa7d32611b26aedbfa/transformed/jetified-material-release because:
2026-04-25T03:15:21.6288745Z   Caching not enabled.
2026-04-25T03:15:21.6289915Z Caching disabled for AarTransform: /home/runner/.gradle/caches/8.11.1/transforms/5c922962d5224524f6f00173e6e6b098/transformed/jetified-material-ripple-release because:
2026-04-25T03:15:21.6291148Z   Caching not enabled.
2026-04-25T03:15:21.6292343Z Caching disabled for AarTransform: /home/runner/.gradle/caches/8.11.1/transforms/88af93a2b7c73505eec7264aa57b0fde/transformed/jetified-material-icons-core-release because:
2026-04-25T03:15:21.6293508Z   Caching not enabled.
2026-04-25T03:15:21.6294472Z Caching disabled for AarTransform: /home/runner/.gradle/caches/8.11.1/transforms/f2771391fcc7f80b976540bba9ba7563/transformed/jetified-ui-release because:
2026-04-25T03:15:21.6295601Z   Caching not enabled.
2026-04-25T03:15:21.6296739Z Caching disabled for AarTransform: /home/runner/.gradle/caches/8.11.1/transforms/d1ab2c85c5c7edaa9d5c11f390bc78b5/transformed/jetified-activity-ktx-1.13.0 because:
2026-04-25T03:15:21.6297976Z   Caching not enabled.
2026-04-25T03:15:21.6299126Z Caching disabled for AarTransform: /home/runner/.gradle/caches/8.11.1/transforms/44e8b0036a8201959b70c71bcf364993/transformed/jetified-ui-test-manifest-1.9.2 because:
2026-04-25T03:15:21.6300346Z   Caching not enabled.
2026-04-25T03:15:21.6301431Z Caching disabled for AarTransform: /home/runner/.gradle/caches/8.11.1/transforms/48e4941a7a9ae17669c37819052c40dc/transformed/jetified-activity-1.13.0 because:
2026-04-25T03:15:21.6334128Z   Caching not enabled.
2026-04-25T03:15:21.6335300Z Caching disabled for AarTransform: /home/runner/.gradle/caches/8.11.1/transforms/53dd3c85cf1ee483c56fc5c2dad6254c/transformed/jetified-activity-compose-1.13.0 because:
2026-04-25T03:15:21.6336506Z   Caching not enabled.
2026-04-25T03:15:21.6337748Z Caching disabled for AarTransform: /home/runner/.gradle/caches/8.11.1/transforms/5df67e3eb4b626cdffa8926a04c266c2/transformed/jetified-autofill-1.0.0 because:
2026-04-25T03:15:21.6338848Z   Caching not enabled.
2026-04-25T03:15:21.6340076Z Caching disabled for AarTransform: /home/runner/.gradle/caches/8.11.1/transforms/662be86d238395fbab679cf99a3cc778/transformed/jetified-graphics-path-1.0.1 because:
2026-04-25T03:15:21.6341201Z   Caching not enabled.
2026-04-25T03:15:21.6342373Z Caching disabled for AarTransform: /home/runner/.gradle/caches/8.11.1/transforms/3abacfca74cef8bd79f4f6b076410e62/transformed/jetified-emoji2-1.4.0 because:
2026-04-25T03:15:21.6343456Z   Caching not enabled.
2026-04-25T03:15:21.6344370Z Caching disabled for AarTransform: /home/runner/.gradle/caches/8.11.1/transforms/b927945fff1b83fd5b90253cf52886eb/transformed/core-1.18.0 because:
2026-04-25T03:15:21.6345301Z   Caching not enabled.
2026-04-25T03:15:21.6346293Z Caching disabled for AarTransform: /home/runner/.gradle/caches/8.11.1/transforms/55cf9782038afb4eca1c9ad7a53816b0/transformed/jetified-lifecycle-process-2.9.4 because:
2026-04-25T03:15:21.6347368Z   Caching not enabled.
2026-04-25T03:15:21.6348389Z Caching disabled for AarTransform: /home/runner/.gradle/caches/8.11.1/transforms/dcb821152cd722531076c60d0c53d0da/transformed/lifecycle-livedata-core-2.9.4 because:
2026-04-25T03:15:21.6349542Z   Caching not enabled.
2026-04-25T03:15:21.6350555Z Caching disabled for AarTransform: /home/runner/.gradle/caches/8.11.1/transforms/e5966598a904df0b6971f2fde25eb623/transformed/jetified-lifecycle-viewmodel-ktx-2.9.4 because:
2026-04-25T03:15:21.6359044Z   Caching not enabled.
2026-04-25T03:15:21.6360235Z Caching disabled for AarTransform: /home/runner/.gradle/caches/8.11.1/transforms/4a12e9705d8182394b2895d78dca45b0/transformed/jetified-lifecycle-runtime-ktx because:
2026-04-25T03:15:21.6361403Z   Caching not enabled.
2026-04-25T03:15:21.6362780Z Caching disabled for AarTransform: /home/runner/.gradle/caches/8.11.1/transforms/a64ed8a71f0f7948e723ef829bd51212/transformed/jetified-lifecycle-viewmodel-release because:
2026-04-25T03:15:21.6363998Z   Caching not enabled.
2026-04-25T03:15:21.6365071Z Caching disabled for AarTransform: /home/runner/.gradle/caches/8.11.1/transforms/d0b493c96f80168d73839878faae7e02/transformed/jetified-runtime-annotation because:
2026-04-25T03:15:21.6366221Z   Caching not enabled.
2026-04-25T03:15:21.6367269Z Caching disabled for AarTransform: /home/runner/.gradle/caches/8.11.1/transforms/0c87c26b3896778e2229d65b48e54d08/transformed/jetified-savedstate-release because:
2026-04-25T03:15:21.6368372Z   Caching not enabled.
2026-04-25T03:15:21.6369370Z Caching disabled for AarTransform: /home/runner/.gradle/caches/8.11.1/transforms/d5c9e7a4fbd5dcfd5d2f0355c0178367/transformed/jetified-savedstate-compose because:
2026-04-25T03:15:21.6370487Z   Caching not enabled.
2026-04-25T03:15:21.6371472Z Caching disabled for AarTransform: /home/runner/.gradle/caches/8.11.1/transforms/a0cbf74fe970c04208d9e439d908ddbc/transformed/jetified-runtime because:
2026-04-25T03:15:21.6372765Z   Caching not enabled.
2026-04-25T03:15:21.6373804Z Caching disabled for AarTransform: /home/runner/.gradle/caches/8.11.1/transforms/cc83dad95e58bd620bfba7008db487cb/transformed/jetified-savedstate-ktx-1.3.3 because:
2026-04-25T03:15:21.6374923Z   Caching not enabled.
2026-04-25T03:15:21.6375947Z Caching disabled for AarTransform: /home/runner/.gradle/caches/8.11.1/transforms/a4d3c1473a3d4a75eb5d1b0908f28da9/transformed/jetified-runtime-saveable because:
2026-04-25T03:15:21.6377149Z   Caching not enabled.
2026-04-25T03:15:21.6378293Z Caching disabled for AarTransform: /home/runner/.gradle/caches/8.11.1/transforms/80255bca652ba087d4065dc2faf39e1a/transformed/jetified-lifecycle-runtime-compose-release because:
2026-04-25T03:15:21.6379526Z   Caching not enabled.
2026-04-25T03:15:21.6380594Z Caching disabled for AarTransform: /home/runner/.gradle/caches/8.11.1/transforms/65b45c9026b2bd4459a92bff687b8cdd/transformed/jetified-lifecycle-runtime-release because:
2026-04-25T03:15:21.6382108Z   Caching not enabled.
2026-04-25T03:15:21.6383258Z Caching disabled for AarTransform: /home/runner/.gradle/caches/8.11.1/transforms/f5f3e112a8bc5346f87af9a240971861/transformed/jetified-customview-poolingcontainer-1.0.0 because:
2026-04-25T03:15:21.6384487Z   Caching not enabled.
2026-04-25T03:15:21.6385837Z Caching disabled for AarTransform: /home/runner/.gradle/caches/8.11.1/transforms/a71723d6dcbc6be65ef2918cb3811f9c/transformed/jetified-lifecycle-viewmodel-savedstate-release because:
2026-04-25T03:15:21.6387449Z   Caching not enabled.
2026-04-25T03:15:21.6389609Z Caching disabled for AarTransform: /home/runner/.gradle/caches/8.11.1/transforms/bc2ce13905b20cb4f5958c45d1c9d573/transformed/jetified-core-ktx-1.18.0 because:
2026-04-25T03:15:21.6390737Z   Caching not enabled.
2026-04-25T03:15:21.6391914Z Caching disabled for AarTransform: /home/runner/.gradle/caches/8.11.1/transforms/e8dc695c4c5bdd0cf72b059e2d23cf12/transformed/jetified-room3-runtime because:
2026-04-25T03:15:21.6393036Z   Caching not enabled.
2026-04-25T03:15:21.6393926Z Caching disabled for AarTransform: /home/runner/.gradle/caches/8.11.1/transforms/269f2e4e646d8543a7b2c254a4b93a7f/transformed/jetified-core-viewtree-1.0.0 because:
2026-04-25T03:15:21.6394979Z   Caching not enabled.
2026-04-25T03:15:21.6396085Z Caching disabled for AarTransform: /home/runner/.gradle/caches/8.11.1/transforms/322ae4830614cf31fd29d75d5510d387/transformed/jetified-annotation-experimental-1.5.0 because:
2026-04-25T03:15:21.6397278Z   Caching not enabled.
2026-04-25T03:15:21.6398354Z Caching disabled for AarTransform: /home/runner/.gradle/caches/8.11.1/transforms/b28d6fd91b6acc053f31c2d921c622fc/transformed/jetified-startup-runtime-1.1.1 because:
2026-04-25T03:15:21.6399538Z   Caching not enabled.
2026-04-25T03:15:21.6400680Z Caching disabled for AarTransform: /home/runner/.gradle/caches/8.11.1/transforms/f183e16ca5302cbdac9b4ad366abf41f/transformed/jetified-profileinstaller-1.4.0 because:
2026-04-25T03:15:21.6402069Z   Caching not enabled.
2026-04-25T03:15:21.6403806Z Caching disabled for AarTransform: /home/runner/.gradle/caches/8.11.1/transforms/ae121b1900a7c948b2862f422c9c5a93/transformed/jetified-tracing-1.2.0 because:
2026-04-25T03:15:21.6404896Z   Caching not enabled.
2026-04-25T03:15:21.6405875Z Caching disabled for AarTransform: /home/runner/.gradle/caches/8.11.1/transforms/05d0b6d4d2e67536598763bde6059c13/transformed/interpolator-1.0.0 because:
2026-04-25T03:15:21.6406925Z   Caching not enabled.
2026-04-25T03:15:21.6413155Z Caching disabled for AarTransform: /home/runner/.gradle/caches/8.11.1/transforms/93dc7ef43c96d012f7f54d4eefcc3a71/transformed/versionedparcelable-1.1.1 because:
2026-04-25T03:15:21.6414348Z   Caching not enabled.
2026-04-25T03:15:21.6415375Z Caching disabled for AarTransform: /home/runner/.gradle/caches/8.11.1/transforms/c3bd2d9e6c8cd1fbb7860453d0102ec6/transformed/core-runtime-2.2.0 because:
2026-04-25T03:15:21.6416487Z   Caching not enabled.
2026-04-25T03:15:21.6417584Z Caching disabled for AarTransform: /home/runner/.gradle/caches/8.11.1/transforms/604fc49abdfe089f289a91472a0596e5/transformed/jetified-sqlite-framework because:
2026-04-25T03:15:21.6418702Z   Caching not enabled.
2026-04-25T03:15:21.6419739Z Caching disabled for AarTransform: /home/runner/.gradle/caches/8.11.1/transforms/a3448bc9557eef07cb20e2e3acd94a98/transformed/jetified-sqlite-async because:
2026-04-25T03:15:21.6420819Z   Caching not enabled.
2026-04-25T03:15:21.6421950Z Caching disabled for AarTransform: /home/runner/.gradle/caches/8.11.1/transforms/0d88d4ca6e3f9c9ab59ee57b9789223f/transformed/jetified-sqlite because:
2026-04-25T03:15:21.6422991Z   Caching not enabled.
2026-04-25T03:15:21.6424019Z Caching disabled for AarTransform: /home/runner/.gradle/caches/8.11.1/transforms/e046490ec4aaa6520a9ff4e91fbcefea/transformed/jetified-material3-release because:
2026-04-25T03:15:21.6425141Z   Caching not enabled.
2026-04-25T03:15:21.6425582Z Caching disabled for task ':app:mergeDebugAssets' because:
2026-04-25T03:15:21.6426075Z   Simple merging task
2026-04-25T03:15:21.6426668Z Task ':app:mergeDebugAssets' is not up-to-date because:
2026-04-25T03:15:21.6427156Z   No history is available.
2026-04-25T03:15:21.6427746Z The input changes require a full rebuild for incremental task ':app:mergeDebugAssets'.
2026-04-25T03:15:21.6428865Z Resolve mutations for :app:compressDebugAssets (Thread[Execution worker Thread 2,5,main]) started.
2026-04-25T03:15:21.6429807Z :app:compressDebugAssets (Thread[Execution worker Thread 3,5,main]) started.
2026-04-25T03:15:21.6430306Z 
2026-04-25T03:15:21.6430460Z > Task :app:compressDebugAssets
2026-04-25T03:15:21.6431076Z Build cache key for task ':app:compressDebugAssets' is f0a7b6847eb1c30b874545d0dd6e58ce
2026-04-25T03:15:21.6432030Z Task ':app:compressDebugAssets' is not up-to-date because:
2026-04-25T03:15:21.6432512Z   No history is available.
2026-04-25T03:15:21.6433234Z The input changes require a full rebuild for incremental task ':app:compressDebugAssets'.
2026-04-25T03:15:21.6434230Z Stored cache entry for task ':app:compressDebugAssets' with cache key f0a7b6847eb1c30b874545d0dd6e58ce
2026-04-25T03:15:21.6435385Z Resolve mutations for :app:desugarDebugFileDependencies (Thread[Execution worker Thread 3,5,main]) started.
2026-04-25T03:15:21.6436470Z :app:desugarDebugFileDependencies (Thread[Execution worker Thread 3,5,main]) started.
2026-04-25T03:15:21.6437022Z 
2026-04-25T03:15:21.6437189Z > Task :app:desugarDebugFileDependencies
2026-04-25T03:15:21.6437909Z Build cache key for task ':app:desugarDebugFileDependencies' is 9e383ae416c6d75dcd697a316097092c
2026-04-25T03:15:21.6438801Z Task ':app:desugarDebugFileDependencies' is not up-to-date because:
2026-04-25T03:15:21.6439379Z   No history is available.
2026-04-25T03:15:21.6440115Z Stored cache entry for task ':app:desugarDebugFileDependencies' with cache key 9e383ae416c6d75dcd697a316097092c
2026-04-25T03:15:21.6441311Z Resolve mutations for :app:checkDebugDuplicateClasses (Thread[Execution worker Thread 2,5,main]) started.
2026-04-25T03:15:21.6442521Z :app:checkDebugDuplicateClasses (Thread[Execution worker Thread 2,5,main]) started.
2026-04-25T03:15:22.7122269Z 
2026-04-25T03:15:22.7152519Z > Task :app:processDebugResources
2026-04-25T03:15:22.7193312Z Downloading https://dl.google.com/dl/android/maven2/com/android/tools/build/aapt2/8.9.1-12782657/aapt2-8.9.1-12782657.pom to /home/runner/.gradle/.tmp/gradle_download5153096571509235198bin
2026-04-25T03:15:22.7223084Z Downloading https://dl.google.com/dl/android/maven2/com/android/tools/build/aapt2/8.9.1-12782657/aapt2-8.9.1-12782657-linux.jar to /home/runner/.gradle/.tmp/gradle_download7128187809091293238bin
2026-04-25T03:15:22.7252772Z Transforming aapt2-8.9.1-12782657-linux.jar (com.android.tools.build:aapt2:8.9.1-12782657) with Aapt2Extractor
2026-04-25T03:15:22.7282978Z Caching disabled for Aapt2Extractor: /home/runner/.gradle/caches/modules-2/files-2.1/com.android.tools.build/aapt2/8.9.1-12782657/e662d64ca568062a339e8f701680ab9e8539562d/aapt2-8.9.1-12782657-linux.jar because:
2026-04-25T03:15:22.7298130Z   Caching not enabled.
2026-04-25T03:15:22.7299152Z Transforming navigationevent.aar (androidx.navigationevent:navigationevent-android:1.0.0) with JetifyTransform
2026-04-25T03:15:22.7300564Z Transforming navigationevent.aar (androidx.navigationevent:navigationevent-android:1.0.0) with ExtractAarTransform
2026-04-25T03:15:22.7302389Z Transforming navigationevent.aar (androidx.navigationevent:navigationevent-android:1.0.0) with AarResourcesCompilerTransform
2026-04-25T03:15:22.7304110Z Transforming navigationevent-compose.aar (androidx.navigationevent:navigationevent-compose-android:1.0.0) with JetifyTransform
2026-04-25T03:15:22.7305795Z Transforming navigationevent-compose.aar (androidx.navigationevent:navigationevent-compose-android:1.0.0) with ExtractAarTransform
2026-04-25T03:15:22.7307610Z Transforming navigationevent-compose.aar (androidx.navigationevent:navigationevent-compose-android:1.0.0) with AarResourcesCompilerTransform
2026-04-25T03:15:22.7309212Z Transforming material3-release.aar (androidx.compose.material3:material3-android:1.2.1) with JetifyTransform
2026-04-25T03:15:22.7310959Z Transforming material3-release.aar (androidx.compose.material3:material3-android:1.2.1) with ExtractAarTransform
2026-04-25T03:15:22.7312905Z Transforming material3-release.aar (androidx.compose.material3:material3-android:1.2.1) with AarResourcesCompilerTransform
2026-04-25T03:15:22.7314418Z Transforming ui-tooling-data.aar (androidx.compose.ui:ui-tooling-data-android:1.9.2) with JetifyTransform
2026-04-25T03:15:22.7315738Z Transforming ui-tooling-data.aar (androidx.compose.ui:ui-tooling-data-android:1.9.2) with ExtractAarTransform
2026-04-25T03:15:22.7317220Z Transforming ui-tooling-data.aar (androidx.compose.ui:ui-tooling-data-android:1.9.2) with AarResourcesCompilerTransform
2026-04-25T03:15:22.7318685Z Transforming foundation-layout.aar (androidx.compose.foundation:foundation-layout-android:1.9.2) with JetifyTransform
2026-04-25T03:15:22.7320234Z Transforming foundation-layout.aar (androidx.compose.foundation:foundation-layout-android:1.9.2) with ExtractAarTransform
2026-04-25T03:15:22.7322011Z Transforming foundation-layout.aar (androidx.compose.foundation:foundation-layout-android:1.9.2) with AarResourcesCompilerTransform
2026-04-25T03:15:22.7323696Z Transforming foundation-release.aar (androidx.compose.foundation:foundation-android:1.9.2) with JetifyTransform
2026-04-25T03:15:22.7325115Z Transforming foundation-release.aar (androidx.compose.foundation:foundation-android:1.9.2) with ExtractAarTransform
2026-04-25T03:15:22.7326674Z Transforming foundation-release.aar (androidx.compose.foundation:foundation-android:1.9.2) with AarResourcesCompilerTransform
2026-04-25T03:15:22.7328104Z Transforming animation.aar (androidx.compose.animation:animation-android:1.9.2) with JetifyTransform
2026-04-25T03:15:22.7329429Z Transforming animation.aar (androidx.compose.animation:animation-android:1.9.2) with ExtractAarTransform
2026-04-25T03:15:22.7330778Z Transforming animation.aar (androidx.compose.animation:animation-android:1.9.2) with AarResourcesCompilerTransform
2026-04-25T03:15:22.7332402Z Transforming animation-core.aar (androidx.compose.animation:animation-core-android:1.9.2) with JetifyTransform
2026-04-25T03:15:22.7333796Z Transforming animation-core.aar (androidx.compose.animation:animation-core-android:1.9.2) with ExtractAarTransform
2026-04-25T03:15:22.7335325Z Transforming animation-core.aar (androidx.compose.animation:animation-core-android:1.9.2) with AarResourcesCompilerTransform
2026-04-25T03:15:22.7336653Z Transforming ui-unit.aar (androidx.compose.ui:ui-unit-android:1.9.2) with JetifyTransform
2026-04-25T03:15:22.7337781Z Transforming ui-unit.aar (androidx.compose.ui:ui-unit-android:1.9.2) with ExtractAarTransform
2026-04-25T03:15:22.7338986Z Transforming ui-unit.aar (androidx.compose.ui:ui-unit-android:1.9.2) with AarResourcesCompilerTransform
2026-04-25T03:15:22.7340590Z Transforming ui-geometry.aar (androidx.compose.ui:ui-geometry-android:1.9.2) with JetifyTransform
2026-04-25T03:15:22.7341962Z Transforming ui-geometry.aar (androidx.compose.ui:ui-geometry-android:1.9.2) with ExtractAarTransform
2026-04-25T03:15:22.7343482Z Transforming ui-geometry.aar (androidx.compose.ui:ui-geometry-android:1.9.2) with AarResourcesCompilerTransform
2026-04-25T03:15:22.7344863Z Transforming ui-tooling-preview.aar (androidx.compose.ui:ui-tooling-preview-android:1.9.2) with JetifyTransform
2026-04-25T03:15:22.7346308Z Transforming ui-tooling-preview.aar (androidx.compose.ui:ui-tooling-preview-android:1.9.2) with ExtractAarTransform
2026-04-25T03:15:22.7347803Z Transforming ui-tooling-preview.aar (androidx.compose.ui:ui-tooling-preview-android:1.9.2) with AarResourcesCompilerTransform
2026-04-25T03:15:22.7349174Z Transforming ui-util.aar (androidx.compose.ui:ui-util-android:1.9.2) with JetifyTransform
2026-04-25T03:15:22.7350253Z Transforming ui-util.aar (androidx.compose.ui:ui-util-android:1.9.2) with ExtractAarTransform
2026-04-25T03:15:22.7351447Z Transforming ui-util.aar (androidx.compose.ui:ui-util-android:1.9.2) with AarResourcesCompilerTransform
2026-04-25T03:15:22.7353309Z Transforming ui-text.aar (androidx.compose.ui:ui-text-android:1.9.2) with JetifyTransform
2026-04-25T03:15:22.7354443Z Transforming ui-text.aar (androidx.compose.ui:ui-text-android:1.9.2) with ExtractAarTransform
2026-04-25T03:15:22.7355836Z Transforming ui-text.aar (androidx.compose.ui:ui-text-android:1.9.2) with AarResourcesCompilerTransform
2026-04-25T03:15:22.7357184Z Transforming ui-graphics-release.aar (androidx.compose.ui:ui-graphics-android:1.9.2) with JetifyTransform
2026-04-25T03:15:22.7358500Z Transforming ui-graphics-release.aar (androidx.compose.ui:ui-graphics-android:1.9.2) with ExtractAarTransform
2026-04-25T03:15:22.7359963Z Transforming ui-graphics-release.aar (androidx.compose.ui:ui-graphics-android:1.9.2) with AarResourcesCompilerTransform
2026-04-25T03:15:22.7361281Z Transforming ui-tooling.aar (androidx.compose.ui:ui-tooling-android:1.9.2) with JetifyTransform
2026-04-25T03:15:22.7362627Z Transforming ui-tooling.aar (androidx.compose.ui:ui-tooling-android:1.9.2) with ExtractAarTransform
2026-04-25T03:15:22.7363912Z Transforming ui-tooling.aar (androidx.compose.ui:ui-tooling-android:1.9.2) with AarResourcesCompilerTransform
2026-04-25T03:15:22.7365264Z Transforming material-release.aar (androidx.compose.material:material-android:1.6.8) with JetifyTransform
2026-04-25T03:15:22.7366730Z Transforming material-release.aar (androidx.compose.material:material-android:1.6.8) with ExtractAarTransform
2026-04-25T03:15:22.7368240Z Transforming material-release.aar (androidx.compose.material:material-android:1.6.8) with AarResourcesCompilerTransform
2026-04-25T03:15:22.7369745Z Transforming material-ripple-release.aar (androidx.compose.material:material-ripple-android:1.6.8) with JetifyTransform
2026-04-25T03:15:22.7371313Z Transforming material-ripple-release.aar (androidx.compose.material:material-ripple-android:1.6.8) with ExtractAarTransform
2026-04-25T03:15:22.7373107Z Transforming material-ripple-release.aar (androidx.compose.material:material-ripple-android:1.6.8) with AarResourcesCompilerTransform
2026-04-25T03:15:22.7374832Z Transforming material-icons-core-release.aar (androidx.compose.material:material-icons-core-android:1.6.8) with JetifyTransform
2026-04-25T03:15:22.7376491Z Transforming material-icons-core-release.aar (androidx.compose.material:material-icons-core-android:1.6.8) with ExtractAarTransform
2026-04-25T03:15:22.7378271Z Transforming material-icons-core-release.aar (androidx.compose.material:material-icons-core-android:1.6.8) with AarResourcesCompilerTransform
2026-04-25T03:15:22.7379711Z Transforming ui-release.aar (androidx.compose.ui:ui-android:1.9.2) with JetifyTransform
2026-04-25T03:15:22.7380858Z Transforming ui-release.aar (androidx.compose.ui:ui-android:1.9.2) with ExtractAarTransform
2026-04-25T03:15:22.7382221Z Transforming ui-release.aar (androidx.compose.ui:ui-android:1.9.2) with AarResourcesCompilerTransform
2026-04-25T03:15:22.7383521Z Transforming ui-test-manifest-1.9.2.aar (androidx.compose.ui:ui-test-manifest:1.9.2) with JetifyTransform
2026-04-25T03:15:22.7384846Z Transforming ui-test-manifest-1.9.2.aar (androidx.compose.ui:ui-test-manifest:1.9.2) with ExtractAarTransform
2026-04-25T03:15:22.7386252Z Transforming ui-test-manifest-1.9.2.aar (androidx.compose.ui:ui-test-manifest:1.9.2) with AarResourcesCompilerTransform
2026-04-25T03:15:22.7387558Z Transforming activity-ktx-1.13.0.aar (androidx.activity:activity-ktx:1.13.0) with JetifyTransform
2026-04-25T03:15:22.7388797Z Transforming activity-ktx-1.13.0.aar (androidx.activity:activity-ktx:1.13.0) with ExtractAarTransform
2026-04-25T03:15:22.7390058Z Transforming activity-ktx-1.13.0.aar (androidx.activity:activity-ktx:1.13.0) with AarResourcesCompilerTransform
2026-04-25T03:15:22.7391315Z Transforming activity-1.13.0.aar (androidx.activity:activity:1.13.0) with JetifyTransform
2026-04-25T03:15:22.7392551Z Transforming activity-1.13.0.aar (androidx.activity:activity:1.13.0) with ExtractAarTransform
2026-04-25T03:15:22.7393771Z Transforming activity-1.13.0.aar (androidx.activity:activity:1.13.0) with AarResourcesCompilerTransform
2026-04-25T03:15:22.7395410Z Transforming activity-compose-1.13.0.aar (androidx.activity:activity-compose:1.13.0) with JetifyTransform
2026-04-25T03:15:22.7396774Z Transforming activity-compose-1.13.0.aar (androidx.activity:activity-compose:1.13.0) with ExtractAarTransform
2026-04-25T03:15:22.7398375Z Transforming activity-compose-1.13.0.aar (androidx.activity:activity-compose:1.13.0) with AarResourcesCompilerTransform
2026-04-25T03:15:22.7399682Z Transforming autofill-1.0.0.aar (androidx.autofill:autofill:1.0.0) with JetifyTransform
2026-04-25T03:15:22.7400755Z Transforming autofill-1.0.0.aar (androidx.autofill:autofill:1.0.0) with ExtractAarTransform
2026-04-25T03:15:22.7402104Z Transforming autofill-1.0.0.aar (androidx.autofill:autofill:1.0.0) with AarResourcesCompilerTransform
2026-04-25T03:15:22.7403367Z Transforming graphics-path-1.0.1.aar (androidx.graphics:graphics-path:1.0.1) with JetifyTransform
2026-04-25T03:15:22.7404606Z Transforming graphics-path-1.0.1.aar (androidx.graphics:graphics-path:1.0.1) with ExtractAarTransform
2026-04-25T03:15:22.7405906Z Transforming graphics-path-1.0.1.aar (androidx.graphics:graphics-path:1.0.1) with AarResourcesCompilerTransform
2026-04-25T03:15:22.7407109Z Transforming emoji2-1.4.0.aar (androidx.emoji2:emoji2:1.4.0) with JetifyTransform
2026-04-25T03:15:22.7408073Z Transforming emoji2-1.4.0.aar (androidx.emoji2:emoji2:1.4.0) with ExtractAarTransform
2026-04-25T03:15:22.7409202Z Transforming emoji2-1.4.0.aar (androidx.emoji2:emoji2:1.4.0) with AarResourcesCompilerTransform
2026-04-25T03:15:22.7410222Z Transforming core-1.18.0.aar (androidx.core:core:1.18.0) with JetifyTransform
2026-04-25T03:15:22.7411177Z Transforming core-1.18.0.aar (androidx.core:core:1.18.0) with ExtractAarTransform
2026-04-25T03:15:22.7412341Z Transforming core-1.18.0.aar (androidx.core:core:1.18.0) with AarResourcesCompilerTransform
2026-04-25T03:15:22.7413378Z Transforming core-1.18.0.aar (androidx.core:core:1.18.0) with JetifyTransform
2026-04-25T03:15:22.7414305Z Transforming core-1.18.0.aar (androidx.core:core:1.18.0) with ExtractAarTransform
2026-04-25T03:15:22.7415364Z Transforming core-1.18.0.aar (androidx.core:core:1.18.0) with AarResourcesCompilerTransform
2026-04-25T03:15:22.7416563Z Transforming lifecycle-process-2.9.4.aar (androidx.lifecycle:lifecycle-process:2.9.4) with JetifyTransform
2026-04-25T03:15:22.7417941Z Transforming lifecycle-process-2.9.4.aar (androidx.lifecycle:lifecycle-process:2.9.4) with ExtractAarTransform
2026-04-25T03:15:22.7419248Z Transforming lifecycle-process-2.9.4.aar (androidx.lifecycle:lifecycle-process:2.9.4) with AarResourcesCompilerTransform
2026-04-25T03:15:22.7420669Z Transforming lifecycle-viewmodel-ktx-2.9.4.aar (androidx.lifecycle:lifecycle-viewmodel-ktx:2.9.4) with JetifyTransform
2026-04-25T03:15:22.7422220Z Transforming lifecycle-viewmodel-ktx-2.9.4.aar (androidx.lifecycle:lifecycle-viewmodel-ktx:2.9.4) with ExtractAarTransform
2026-04-25T03:15:22.7423845Z Transforming lifecycle-viewmodel-ktx-2.9.4.aar (androidx.lifecycle:lifecycle-viewmodel-ktx:2.9.4) with AarResourcesCompilerTransform
2026-04-25T03:15:22.7425448Z Transforming lifecycle-livedata-core-2.9.4.aar (androidx.lifecycle:lifecycle-livedata-core:2.9.4) with JetifyTransform
2026-04-25T03:15:22.7427004Z Transforming lifecycle-livedata-core-2.9.4.aar (androidx.lifecycle:lifecycle-livedata-core:2.9.4) with ExtractAarTransform
2026-04-25T03:15:22.7428515Z Transforming lifecycle-livedata-core-2.9.4.aar (androidx.lifecycle:lifecycle-livedata-core:2.9.4) with AarResourcesCompilerTransform
2026-04-25T03:15:22.7430146Z Transforming lifecycle-runtime-ktx.aar (androidx.lifecycle:lifecycle-runtime-ktx-android:2.9.4) with JetifyTransform
2026-04-25T03:15:22.7431864Z Transforming lifecycle-runtime-ktx.aar (androidx.lifecycle:lifecycle-runtime-ktx-android:2.9.4) with ExtractAarTransform
2026-04-25T03:15:22.7433513Z Transforming lifecycle-runtime-ktx.aar (androidx.lifecycle:lifecycle-runtime-ktx-android:2.9.4) with AarResourcesCompilerTransform
2026-04-25T03:15:22.7435388Z Transforming lifecycle-viewmodel-release.aar (androidx.lifecycle:lifecycle-viewmodel-android:2.9.4) with JetifyTransform
2026-04-25T03:15:22.7436946Z Transforming lifecycle-viewmodel-release.aar (androidx.lifecycle:lifecycle-viewmodel-android:2.9.4) with ExtractAarTransform
2026-04-25T03:15:22.7438856Z Transforming lifecycle-viewmodel-release.aar (androidx.lifecycle:lifecycle-viewmodel-android:2.9.4) with AarResourcesCompilerTransform
2026-04-25T03:15:22.7440915Z Transforming runtime-annotation.aar (androidx.compose.runtime:runtime-annotation-android:1.9.2) with JetifyTransform
2026-04-25T03:15:22.7442469Z Transforming runtime-annotation.aar (androidx.compose.runtime:runtime-annotation-android:1.9.2) with ExtractAarTransform
2026-04-25T03:15:22.7444132Z Transforming runtime-annotation.aar (androidx.compose.runtime:runtime-annotation-android:1.9.2) with AarResourcesCompilerTransform
2026-04-25T03:15:22.7445602Z Transforming savedstate-release.aar (androidx.savedstate:savedstate-android:1.3.3) with JetifyTransform
2026-04-25T03:15:22.7446977Z Transforming savedstate-release.aar (androidx.savedstate:savedstate-android:1.3.3) with ExtractAarTransform
2026-04-25T03:15:22.7450816Z Transforming savedstate-release.aar (androidx.savedstate:savedstate-android:1.3.3) with AarResourcesCompilerTransform
2026-04-25T03:15:22.7452448Z Transforming savedstate-ktx-1.3.3.aar (androidx.savedstate:savedstate-ktx:1.3.3) with JetifyTransform
2026-04-25T03:15:22.7453732Z Transforming savedstate-ktx-1.3.3.aar (androidx.savedstate:savedstate-ktx:1.3.3) with ExtractAarTransform
2026-04-25T03:15:22.7455146Z Transforming savedstate-ktx-1.3.3.aar (androidx.savedstate:savedstate-ktx:1.3.3) with AarResourcesCompilerTransform
2026-04-25T03:15:22.7456559Z Transforming savedstate-compose.aar (androidx.savedstate:savedstate-compose-android:1.3.3) with JetifyTransform
2026-04-25T03:15:22.7458028Z Transforming savedstate-compose.aar (androidx.savedstate:savedstate-compose-android:1.3.3) with ExtractAarTransform
2026-04-25T03:15:22.7459585Z Transforming savedstate-compose.aar (androidx.savedstate:savedstate-compose-android:1.3.3) with AarResourcesCompilerTransform
2026-04-25T03:15:22.7461047Z Transforming runtime.aar (androidx.compose.runtime:runtime-android:1.9.2) with JetifyTransform
2026-04-25T03:15:22.7462660Z Transforming runtime.aar (androidx.compose.runtime:runtime-android:1.9.2) with ExtractAarTransform
2026-04-25T03:15:22.7463866Z Transforming runtime.aar (androidx.compose.runtime:runtime-android:1.9.2) with AarResourcesCompilerTransform
2026-04-25T03:15:22.7465021Z Transforming runtime-saveable.aar (androidx.compose.runtime:runtime-saveable-android:1.9.2) with JetifyTransform
2026-04-25T03:15:22.7466173Z Transforming runtime-saveable.aar (androidx.compose.runtime:runtime-saveable-android:1.9.2) with ExtractAarTransform
2026-04-25T03:15:22.7467395Z Transforming runtime-saveable.aar (androidx.compose.runtime:runtime-saveable-android:1.9.2) with AarResourcesCompilerTransform
2026-04-25T03:15:22.7468699Z Transforming lifecycle-runtime-compose-release.aar (androidx.lifecycle:lifecycle-runtime-compose-android:2.9.4) with JetifyTransform
2026-04-25T03:15:22.7470154Z Transforming lifecycle-runtime-compose-release.aar (androidx.lifecycle:lifecycle-runtime-compose-android:2.9.4) with ExtractAarTransform
2026-04-25T03:15:22.7471879Z Transforming lifecycle-runtime-compose-release.aar (androidx.lifecycle:lifecycle-runtime-compose-android:2.9.4) with AarResourcesCompilerTransform
2026-04-25T03:15:22.7473261Z Transforming lifecycle-runtime-release.aar (androidx.lifecycle:lifecycle-runtime-android:2.9.4) with JetifyTransform
2026-04-25T03:15:22.7474478Z Transforming lifecycle-runtime-release.aar (androidx.lifecycle:lifecycle-runtime-android:2.9.4) with ExtractAarTransform
2026-04-25T03:15:22.7475775Z Transforming lifecycle-runtime-release.aar (androidx.lifecycle:lifecycle-runtime-android:2.9.4) with AarResourcesCompilerTransform
2026-04-25T03:15:22.7477218Z Transforming lifecycle-viewmodel-savedstate-release.aar (androidx.lifecycle:lifecycle-viewmodel-savedstate-android:2.9.4) with JetifyTransform
2026-04-25T03:15:22.7479103Z Transforming lifecycle-viewmodel-savedstate-release.aar (androidx.lifecycle:lifecycle-viewmodel-savedstate-android:2.9.4) with ExtractAarTransform
2026-04-25T03:15:22.7481160Z Build cache key for AarResourcesCompilerTransform: /home/runner/.gradle/caches/8.11.1/transforms/cb6f1b90199c63645d75112bc87b7505/transformed/jetified-navigationevent is 4a46aec8d739a461200c0288c29dc7de
2026-04-25T03:15:22.7483199Z Transforming lifecycle-viewmodel-savedstate-release.aar (androidx.lifecycle:lifecycle-viewmodel-savedstate-android:2.9.4) with AarResourcesCompilerTransform
2026-04-25T03:15:22.7484753Z Transforming customview-poolingcontainer-1.0.0.aar (androidx.customview:customview-poolingcontainer:1.0.0) with JetifyTransform
2026-04-25T03:15:22.7486122Z Transforming customview-poolingcontainer-1.0.0.aar (androidx.customview:customview-poolingcontainer:1.0.0) with ExtractAarTransform
2026-04-25T03:15:22.7487541Z Transforming customview-poolingcontainer-1.0.0.aar (androidx.customview:customview-poolingcontainer:1.0.0) with AarResourcesCompilerTransform
2026-04-25T03:15:22.7488673Z Transforming core-ktx-1.18.0.aar (androidx.core:core-ktx:1.18.0) with JetifyTransform
2026-04-25T03:15:22.7489496Z Transforming core-ktx-1.18.0.aar (androidx.core:core-ktx:1.18.0) with ExtractAarTransform
2026-04-25T03:15:22.7490383Z Transforming core-ktx-1.18.0.aar (androidx.core:core-ktx:1.18.0) with AarResourcesCompilerTransform
2026-04-25T03:15:22.7491354Z Transforming room3-runtime.aar (androidx.room3:room3-runtime-android:3.0.0-alpha03) with JetifyTransform
2026-04-25T03:15:22.7492563Z Transforming room3-runtime.aar (androidx.room3:room3-runtime-android:3.0.0-alpha03) with ExtractAarTransform
2026-04-25T03:15:22.7493707Z Transforming room3-runtime.aar (androidx.room3:room3-runtime-android:3.0.0-alpha03) with AarResourcesCompilerTransform
2026-04-25T03:15:22.7494863Z Transforming core-viewtree-1.0.0.aar (androidx.core:core-viewtree:1.0.0) with JetifyTransform
2026-04-25T03:15:22.7495820Z Transforming core-viewtree-1.0.0.aar (androidx.core:core-viewtree:1.0.0) with ExtractAarTransform
2026-04-25T03:15:22.7496882Z Transforming core-viewtree-1.0.0.aar (androidx.core:core-viewtree:1.0.0) with AarResourcesCompilerTransform
2026-04-25T03:15:22.7498097Z Transforming annotation-experimental-1.5.0.aar (androidx.annotation:annotation-experimental:1.5.0) with JetifyTransform
2026-04-25T03:15:22.7499423Z Transforming annotation-experimental-1.5.0.aar (androidx.annotation:annotation-experimental:1.5.0) with ExtractAarTransform
2026-04-25T03:15:22.7500914Z Transforming annotation-experimental-1.5.0.aar (androidx.annotation:annotation-experimental:1.5.0) with AarResourcesCompilerTransform
2026-04-25T03:15:22.7502428Z Transforming profileinstaller-1.4.0.aar (androidx.profileinstaller:profileinstaller:1.4.0) with JetifyTransform
2026-04-25T03:15:22.7503724Z Transforming profileinstaller-1.4.0.aar (androidx.profileinstaller:profileinstaller:1.4.0) with ExtractAarTransform
2026-04-25T03:15:22.7505071Z Transforming profileinstaller-1.4.0.aar (androidx.profileinstaller:profileinstaller:1.4.0) with AarResourcesCompilerTransform
2026-04-25T03:15:22.7506394Z Transforming startup-runtime-1.1.1.aar (androidx.startup:startup-runtime:1.1.1) with JetifyTransform
2026-04-25T03:15:22.7507522Z Transforming startup-runtime-1.1.1.aar (androidx.startup:startup-runtime:1.1.1) with ExtractAarTransform
2026-04-25T03:15:22.7508693Z Transforming startup-runtime-1.1.1.aar (androidx.startup:startup-runtime:1.1.1) with AarResourcesCompilerTransform
2026-04-25T03:15:22.7509822Z Transforming tracing-1.2.0.aar (androidx.tracing:tracing:1.2.0) with JetifyTransform
2026-04-25T03:15:22.7511244Z Transforming tracing-1.2.0.aar (androidx.tracing:tracing:1.2.0) with ExtractAarTransform
2026-04-25T03:15:22.7512846Z Transforming tracing-1.2.0.aar (androidx.tracing:tracing:1.2.0) with AarResourcesCompilerTransform
2026-04-25T03:15:22.7513975Z Transforming interpolator-1.0.0.aar (androidx.interpolator:interpolator:1.0.0) with JetifyTransform
2026-04-25T03:15:22.7515333Z Transforming interpolator-1.0.0.aar (androidx.interpolator:interpolator:1.0.0) with ExtractAarTransform
2026-04-25T03:15:22.7516577Z Transforming interpolator-1.0.0.aar (androidx.interpolator:interpolator:1.0.0) with AarResourcesCompilerTransform
2026-04-25T03:15:22.7518144Z Transforming versionedparcelable-1.1.1.aar (androidx.versionedparcelable:versionedparcelable:1.1.1) with JetifyTransform
2026-04-25T03:15:22.7519638Z Transforming versionedparcelable-1.1.1.aar (androidx.versionedparcelable:versionedparcelable:1.1.1) with ExtractAarTransform
2026-04-25T03:15:22.7521198Z Transforming versionedparcelable-1.1.1.aar (androidx.versionedparcelable:versionedparcelable:1.1.1) with AarResourcesCompilerTransform
2026-04-25T03:15:22.7522574Z Transforming core-runtime-2.2.0.aar (androidx.arch.core:core-runtime:2.2.0) with JetifyTransform
2026-04-25T03:15:22.7523513Z Transforming core-runtime-2.2.0.aar (androidx.arch.core:core-runtime:2.2.0) with ExtractAarTransform
2026-04-25T03:15:22.7524524Z Transforming core-runtime-2.2.0.aar (androidx.arch.core:core-runtime:2.2.0) with AarResourcesCompilerTransform
2026-04-25T03:15:22.7525593Z Transforming sqlite-framework.aar (androidx.sqlite:sqlite-framework-android:2.7.0-alpha03) with JetifyTransform
2026-04-25T03:15:22.7527531Z Transforming sqlite-framework.aar (androidx.sqlite:sqlite-framework-android:2.7.0-alpha03) with ExtractAarTransform
2026-04-25T03:15:22.7528752Z Transforming sqlite-framework.aar (androidx.sqlite:sqlite-framework-android:2.7.0-alpha03) with AarResourcesCompilerTransform
2026-04-25T03:15:22.7529860Z Transforming sqlite-async.aar (androidx.sqlite:sqlite-async-android:2.7.0-alpha03) with JetifyTransform
2026-04-25T03:15:22.7530880Z Transforming sqlite-async.aar (androidx.sqlite:sqlite-async-android:2.7.0-alpha03) with ExtractAarTransform
2026-04-25T03:15:22.7532113Z Transforming sqlite-async.aar (androidx.sqlite:sqlite-async-android:2.7.0-alpha03) with AarResourcesCompilerTransform
2026-04-25T03:15:22.7533266Z Transforming sqlite.aar (androidx.sqlite:sqlite-android:2.7.0-alpha03) with JetifyTransform
2026-04-25T03:15:22.7534270Z Transforming sqlite.aar (androidx.sqlite:sqlite-android:2.7.0-alpha03) with ExtractAarTransform
2026-04-25T03:15:22.7535317Z Transforming sqlite.aar (androidx.sqlite:sqlite-android:2.7.0-alpha03) with AarResourcesCompilerTransform
2026-04-25T03:15:22.7537055Z Build cache key for AarResourcesCompilerTransform: /home/runner/.gradle/caches/8.11.1/transforms/e046490ec4aaa6520a9ff4e91fbcefea/transformed/jetified-material3-release is c92b0259f553414dd4eb86c8e600ee5b
2026-04-25T03:15:22.7539355Z Build cache key for AarResourcesCompilerTransform: /home/runner/.gradle/caches/8.11.1/transforms/66c16c3f7f6d02b975cabce6ff0bea36/transformed/jetified-ui-tooling-data is 87641f1edeb0f3bf66fc983c90fbee2e
2026-04-25T03:15:22.7541848Z Build cache key for AarResourcesCompilerTransform: /home/runner/.gradle/caches/8.11.1/transforms/582a976f3ede713cacde1265effd907c/transformed/jetified-navigationevent-compose is 839c3fcd53f07d0e4aacb7719cbb959c
2026-04-25T03:15:22.7544277Z Stored cache entry for AarResourcesCompilerTransform: /home/runner/.gradle/caches/8.11.1/transforms/66c16c3f7f6d02b975cabce6ff0bea36/transformed/jetified-ui-tooling-data with cache key 87641f1edeb0f3bf66fc983c90fbee2e
2026-04-25T03:15:22.7546719Z Stored cache entry for AarResourcesCompilerTransform: /home/runner/.gradle/caches/8.11.1/transforms/e046490ec4aaa6520a9ff4e91fbcefea/transformed/jetified-material3-release with cache key c92b0259f553414dd4eb86c8e600ee5b
2026-04-25T03:15:22.7549189Z Stored cache entry for AarResourcesCompilerTransform: /home/runner/.gradle/caches/8.11.1/transforms/582a976f3ede713cacde1265effd907c/transformed/jetified-navigationevent-compose with cache key 839c3fcd53f07d0e4aacb7719cbb959c
2026-04-25T03:15:22.7551813Z Stored cache entry for AarResourcesCompilerTransform: /home/runner/.gradle/caches/8.11.1/transforms/cb6f1b90199c63645d75112bc87b7505/transformed/jetified-navigationevent with cache key 4a46aec8d739a461200c0288c29dc7de
2026-04-25T03:15:22.7554496Z Build cache key for AarResourcesCompilerTransform: /home/runner/.gradle/caches/8.11.1/transforms/bfbadf3aa82e8d2c6f086b75adb8398a/transformed/jetified-animation is 8c6182c29c38284c8f3b85c0ecc9b256
2026-04-25T03:15:22.7557079Z Build cache key for AarResourcesCompilerTransform: /home/runner/.gradle/caches/8.11.1/transforms/ad2dd3899eea144a1aa94a7a61cd2837/transformed/jetified-foundation-layout is b7f100b9cdfac9c0e4b1ee428a4ae217
2026-04-25T03:15:22.7559392Z Build cache key for AarResourcesCompilerTransform: /home/runner/.gradle/caches/8.11.1/transforms/4f81a84452a71c15e1af23c08dd42a82/transformed/jetified-animation-core is c531c743d238c23f1b7e0415e315d256
2026-04-25T03:15:22.7561897Z Build cache key for AarResourcesCompilerTransform: /home/runner/.gradle/caches/8.11.1/transforms/e184805bcc53f3a846e25bb745ddc742/transformed/jetified-foundation-release is c20779af18f0c7743f685ccc4a8f60b8
2026-04-25T03:15:22.7564350Z Stored cache entry for AarResourcesCompilerTransform: /home/runner/.gradle/caches/8.11.1/transforms/ad2dd3899eea144a1aa94a7a61cd2837/transformed/jetified-foundation-layout with cache key b7f100b9cdfac9c0e4b1ee428a4ae217
2026-04-25T03:15:22.7566872Z Stored cache entry for AarResourcesCompilerTransform: /home/runner/.gradle/caches/8.11.1/transforms/bfbadf3aa82e8d2c6f086b75adb8398a/transformed/jetified-animation with cache key 8c6182c29c38284c8f3b85c0ecc9b256
2026-04-25T03:15:22.7569161Z Build cache key for AarResourcesCompilerTransform: /home/runner/.gradle/caches/8.11.1/transforms/8c21f5dbc4c774dc1f97ad88c52d3ccb/transformed/jetified-ui-unit is 1314f4fe623cc2613f4a7ddaf757be5a
2026-04-25T03:15:22.7571481Z Stored cache entry for AarResourcesCompilerTransform: /home/runner/.gradle/caches/8.11.1/transforms/4f81a84452a71c15e1af23c08dd42a82/transformed/jetified-animation-core with cache key c531c743d238c23f1b7e0415e315d256
2026-04-25T03:15:22.7573953Z Build cache key for AarResourcesCompilerTransform: /home/runner/.gradle/caches/8.11.1/transforms/9b3a85a633de8f9d1f1866feb4adf80b/transformed/jetified-ui-geometry is e61cafc7d5629105f4ba0c74587bab55
2026-04-25T03:15:22.7576355Z Stored cache entry for AarResourcesCompilerTransform: /home/runner/.gradle/caches/8.11.1/transforms/e184805bcc53f3a846e25bb745ddc742/transformed/jetified-foundation-release with cache key c20779af18f0c7743f685ccc4a8f60b8
2026-04-25T03:15:22.7578823Z Build cache key for AarResourcesCompilerTransform: /home/runner/.gradle/caches/8.11.1/transforms/62bbfe8dca9ed54bc4c0ab3b238d67e2/transformed/jetified-ui-tooling-preview is caced3066101d961ad9ec360668eae5d
2026-04-25T03:15:22.7581199Z Stored cache entry for AarResourcesCompilerTransform: /home/runner/.gradle/caches/8.11.1/transforms/8c21f5dbc4c774dc1f97ad88c52d3ccb/transformed/jetified-ui-unit with cache key 1314f4fe623cc2613f4a7ddaf757be5a
2026-04-25T03:15:22.7583686Z Stored cache entry for AarResourcesCompilerTransform: /home/runner/.gradle/caches/8.11.1/transforms/9b3a85a633de8f9d1f1866feb4adf80b/transformed/jetified-ui-geometry with cache key e61cafc7d5629105f4ba0c74587bab55
2026-04-25T03:15:22.7585838Z Build cache key for AarResourcesCompilerTransform: /home/runner/.gradle/caches/8.11.1/transforms/1246a0f488a63f1831e1b5a8d10710b0/transformed/jetified-ui-util is d38ff987b502b0a326a90453b3a85d7d
2026-04-25T03:15:22.7587956Z Build cache key for AarResourcesCompilerTransform: /home/runner/.gradle/caches/8.11.1/transforms/6aa2e2a68c2b334c6993af83152c0d73/transformed/jetified-ui-text is 2e2b803a096dda69677381a22b42324e
2026-04-25T03:15:22.7590174Z Build cache key for AarResourcesCompilerTransform: /home/runner/.gradle/caches/8.11.1/transforms/a4d7fd655ff98528246c4656eb5f19ea/transformed/jetified-ui-graphics-release is 49d54ec76108afd8fc35cb7a429fdd73
2026-04-25T03:15:22.7592687Z Stored cache entry for AarResourcesCompilerTransform: /home/runner/.gradle/caches/8.11.1/transforms/62bbfe8dca9ed54bc4c0ab3b238d67e2/transformed/jetified-ui-tooling-preview with cache key caced3066101d961ad9ec360668eae5d
2026-04-25T03:15:22.7595088Z Stored cache entry for AarResourcesCompilerTransform: /home/runner/.gradle/caches/8.11.1/transforms/6aa2e2a68c2b334c6993af83152c0d73/transformed/jetified-ui-text with cache key 2e2b803a096dda69677381a22b42324e
2026-04-25T03:15:22.7597628Z Stored cache entry for AarResourcesCompilerTransform: /home/runner/.gradle/caches/8.11.1/transforms/1246a0f488a63f1831e1b5a8d10710b0/transformed/jetified-ui-util with cache key d38ff987b502b0a326a90453b3a85d7d
2026-04-25T03:15:22.7599790Z Build cache key for AarResourcesCompilerTransform: /home/runner/.gradle/caches/8.11.1/transforms/5444a948fcc572516c7b4f3972d025a3/transformed/jetified-ui-tooling is 6e5ed5eee21ee903484c739e6fd28942
2026-04-25T03:15:22.7602032Z Build cache key for AarResourcesCompilerTransform: /home/runner/.gradle/caches/8.11.1/transforms/1df681c407b8c6fa7d32611b26aedbfa/transformed/jetified-material-release is 6fe4dd8f42f2da67b7d71a47c8baac93
2026-04-25T03:15:22.7604315Z Build cache key for AarResourcesCompilerTransform: /home/runner/.gradle/caches/8.11.1/transforms/5c922962d5224524f6f00173e6e6b098/transformed/jetified-material-ripple-release is 999ba541d659380cf16ed86fe26f8e99
2026-04-25T03:15:22.7606642Z Stored cache entry for AarResourcesCompilerTransform: /home/runner/.gradle/caches/8.11.1/transforms/1df681c407b8c6fa7d32611b26aedbfa/transformed/jetified-material-release with cache key 6fe4dd8f42f2da67b7d71a47c8baac93
2026-04-25T03:15:22.7609003Z Build cache key for AarResourcesCompilerTransform: /home/runner/.gradle/caches/8.11.1/transforms/88af93a2b7c73505eec7264aa57b0fde/transformed/jetified-material-icons-core-release is efe1fcd8305d030ec5b05add94e05645
2026-04-25T03:15:22.7611425Z Stored cache entry for AarResourcesCompilerTransform: /home/runner/.gradle/caches/8.11.1/transforms/88af93a2b7c73505eec7264aa57b0fde/transformed/jetified-material-icons-core-release with cache key efe1fcd8305d030ec5b05add94e05645
2026-04-25T03:15:22.7614150Z Stored cache entry for AarResourcesCompilerTransform: /home/runner/.gradle/caches/8.11.1/transforms/a4d7fd655ff98528246c4656eb5f19ea/transformed/jetified-ui-graphics-release with cache key 49d54ec76108afd8fc35cb7a429fdd73
2026-04-25T03:15:22.7616607Z Stored cache entry for AarResourcesCompilerTransform: /home/runner/.gradle/caches/8.11.1/transforms/5444a948fcc572516c7b4f3972d025a3/transformed/jetified-ui-tooling with cache key 6e5ed5eee21ee903484c739e6fd28942
2026-04-25T03:15:22.7618999Z Build cache key for AarResourcesCompilerTransform: /home/runner/.gradle/caches/8.11.1/transforms/44e8b0036a8201959b70c71bcf364993/transformed/jetified-ui-test-manifest-1.9.2 is ca275f9d8d7da698fc0ce18219785ae8
2026-04-25T03:15:22.7621519Z Stored cache entry for AarResourcesCompilerTransform: /home/runner/.gradle/caches/8.11.1/transforms/5c922962d5224524f6f00173e6e6b098/transformed/jetified-material-ripple-release with cache key 999ba541d659380cf16ed86fe26f8e99
2026-04-25T03:15:22.7624149Z Build cache key for AarResourcesCompilerTransform: /home/runner/.gradle/caches/8.11.1/transforms/d1ab2c85c5c7edaa9d5c11f390bc78b5/transformed/jetified-activity-ktx-1.13.0 is 00d0292bc8463303b99269e1c1b6fb16
2026-04-25T03:15:22.7626458Z Build cache key for AarResourcesCompilerTransform: /home/runner/.gradle/caches/8.11.1/transforms/f2771391fcc7f80b976540bba9ba7563/transformed/jetified-ui-release is 5934b92374cf0b4f7e9604b969f99350
2026-04-25T03:15:22.7628749Z Build cache key for AarResourcesCompilerTransform: /home/runner/.gradle/caches/8.11.1/transforms/48e4941a7a9ae17669c37819052c40dc/transformed/jetified-activity-1.13.0 is 86ab9de7d0f9e1651956c08f86cf12a4
2026-04-25T03:15:22.7631146Z Stored cache entry for AarResourcesCompilerTransform: /home/runner/.gradle/caches/8.11.1/transforms/44e8b0036a8201959b70c71bcf364993/transformed/jetified-ui-test-manifest-1.9.2 with cache key ca275f9d8d7da698fc0ce18219785ae8
2026-04-25T03:15:22.7634511Z Compiling xml file /home/runner/.gradle/caches/8.11.1/transforms/f2771391fcc7f80b976540bba9ba7563/transformed/jetified-ui-release/res/color/vector_tint_color.xml to /home/runner/.gradle/caches/8.11.1/transforms/dcc952b5c37fd05aaffcecd09175f1be-730d84d9-4e76-49b7-b09f-ed84e43cd8c5/transformed/androidx.compose.ui/color_vector_tint_color.xml.flat
2026-04-25T03:15:22.7637936Z Stored cache entry for AarResourcesCompilerTransform: /home/runner/.gradle/caches/8.11.1/transforms/d1ab2c85c5c7edaa9d5c11f390bc78b5/transformed/jetified-activity-ktx-1.13.0 with cache key 00d0292bc8463303b99269e1c1b6fb16
2026-04-25T03:15:22.7640483Z Build cache key for AarResourcesCompilerTransform: /home/runner/.gradle/caches/8.11.1/transforms/53dd3c85cf1ee483c56fc5c2dad6254c/transformed/jetified-activity-compose-1.13.0 is 2ce8bfc7fceacde527e4986446db65d0
2026-04-25T03:15:22.7642859Z Build cache key for AarResourcesCompilerTransform: /home/runner/.gradle/caches/8.11.1/transforms/5df67e3eb4b626cdffa8926a04c266c2/transformed/jetified-autofill-1.0.0 is 7800e1f760400d0d5096ed44f0e912f5
2026-04-25T03:15:22.7645059Z Stored cache entry for AarResourcesCompilerTransform: /home/runner/.gradle/caches/8.11.1/transforms/48e4941a7a9ae17669c37819052c40dc/transformed/jetified-activity-1.13.0 with cache key 86ab9de7d0f9e1651956c08f86cf12a4
2026-04-25T03:15:22.7647480Z Stored cache entry for AarResourcesCompilerTransform: /home/runner/.gradle/caches/8.11.1/transforms/53dd3c85cf1ee483c56fc5c2dad6254c/transformed/jetified-activity-compose-1.13.0 with cache key 2ce8bfc7fceacde527e4986446db65d0
2026-04-25T03:15:22.7649847Z Build cache key for AarResourcesCompilerTransform: /home/runner/.gradle/caches/8.11.1/transforms/662be86d238395fbab679cf99a3cc778/transformed/jetified-graphics-path-1.0.1 is c716134a23cd62cd85c3b5f2757f2537
2026-04-25T03:15:22.7652308Z Build cache key for AarResourcesCompilerTransform: /home/runner/.gradle/caches/8.11.1/transforms/3abacfca74cef8bd79f4f6b076410e62/transformed/jetified-emoji2-1.4.0 is 669873d7712e9866233509e7b9d927c3
2026-04-25T03:15:22.7654639Z Stored cache entry for AarResourcesCompilerTransform: /home/runner/.gradle/caches/8.11.1/transforms/5df67e3eb4b626cdffa8926a04c266c2/transformed/jetified-autofill-1.0.0 with cache key 7800e1f760400d0d5096ed44f0e912f5
2026-04-25T03:15:22.7656977Z Stored cache entry for AarResourcesCompilerTransform: /home/runner/.gradle/caches/8.11.1/transforms/662be86d238395fbab679cf99a3cc778/transformed/jetified-graphics-path-1.0.1 with cache key c716134a23cd62cd85c3b5f2757f2537
2026-04-25T03:15:22.7659176Z Build cache key for AarResourcesCompilerTransform: /home/runner/.gradle/caches/8.11.1/transforms/b927945fff1b83fd5b90253cf52886eb/transformed/core-1.18.0 is 637ed192cd392e77fa58011b3cb45a50
2026-04-25T03:15:22.7661365Z Stored cache entry for AarResourcesCompilerTransform: /home/runner/.gradle/caches/8.11.1/transforms/3abacfca74cef8bd79f4f6b076410e62/transformed/jetified-emoji2-1.4.0 with cache key 669873d7712e9866233509e7b9d927c3
2026-04-25T03:15:22.7663866Z Build cache key for AarResourcesCompilerTransform: /home/runner/.gradle/caches/8.11.1/transforms/55cf9782038afb4eca1c9ad7a53816b0/transformed/jetified-lifecycle-process-2.9.4 is db3a8a949d7b700b0aac761753ec0da8
2026-04-25T03:15:22.7667109Z Compiling xml file /home/runner/.gradle/caches/8.11.1/transforms/b927945fff1b83fd5b90253cf52886eb/transformed/core-1.18.0/res/layout/notification_template_part_time.xml to /home/runner/.gradle/caches/8.11.1/transforms/8dfb3bdc22ca5ec56668bc17d75d4b27-081181df-540c-4ad9-bfdd-ba67098a345f/transformed/androidx.core/layout_notification_template_part_time.xml.flat
2026-04-25T03:15:22.7670520Z Stored cache entry for AarResourcesCompilerTransform: /home/runner/.gradle/caches/8.11.1/transforms/55cf9782038afb4eca1c9ad7a53816b0/transformed/jetified-lifecycle-process-2.9.4 with cache key db3a8a949d7b700b0aac761753ec0da8
2026-04-25T03:15:22.7673187Z Build cache key for AarResourcesCompilerTransform: /home/runner/.gradle/caches/8.11.1/transforms/e5966598a904df0b6971f2fde25eb623/transformed/jetified-lifecycle-viewmodel-ktx-2.9.4 is dd09901fc5340851399ff356171d487c
2026-04-25T03:15:22.7675798Z Stored cache entry for AarResourcesCompilerTransform: /home/runner/.gradle/caches/8.11.1/transforms/e5966598a904df0b6971f2fde25eb623/transformed/jetified-lifecycle-viewmodel-ktx-2.9.4 with cache key dd09901fc5340851399ff356171d487c
2026-04-25T03:15:22.7678308Z Build cache key for AarResourcesCompilerTransform: /home/runner/.gradle/caches/8.11.1/transforms/dcb821152cd722531076c60d0c53d0da/transformed/lifecycle-livedata-core-2.9.4 is 8e547302415a2b5653c796eede1c7978
2026-04-25T03:15:22.7681780Z Compiling xml file /home/runner/.gradle/caches/8.11.1/transforms/f2771391fcc7f80b976540bba9ba7563/transformed/jetified-ui-release/res/color/vector_tint_theme_color.xml to /home/runner/.gradle/caches/8.11.1/transforms/dcc952b5c37fd05aaffcecd09175f1be-730d84d9-4e76-49b7-b09f-ed84e43cd8c5/transformed/androidx.compose.ui/color_vector_tint_theme_color.xml.flat
2026-04-25T03:15:22.7686092Z Compiling xml file /home/runner/.gradle/caches/8.11.1/transforms/b927945fff1b83fd5b90253cf52886eb/transformed/core-1.18.0/res/layout/notification_template_part_chronometer.xml to /home/runner/.gradle/caches/8.11.1/transforms/8dfb3bdc22ca5ec56668bc17d75d4b27-081181df-540c-4ad9-bfdd-ba67098a345f/transformed/androidx.core/layout_notification_template_part_chronometer.xml.flat
2026-04-25T03:15:22.7690520Z Compiling xml file /home/runner/.gradle/caches/8.11.1/transforms/b927945fff1b83fd5b90253cf52886eb/transformed/core-1.18.0/res/layout/notification_action_tombstone.xml to /home/runner/.gradle/caches/8.11.1/transforms/8dfb3bdc22ca5ec56668bc17d75d4b27-081181df-540c-4ad9-bfdd-ba67098a345f/transformed/androidx.core/layout_notification_action_tombstone.xml.flat
2026-04-25T03:15:22.7693931Z Stored cache entry for AarResourcesCompilerTransform: /home/runner/.gradle/caches/8.11.1/transforms/dcb821152cd722531076c60d0c53d0da/transformed/lifecycle-livedata-core-2.9.4 with cache key 8e547302415a2b5653c796eede1c7978
2026-04-25T03:15:22.7696942Z Compiling xml file /home/runner/.gradle/caches/8.11.1/transforms/b927945fff1b83fd5b90253cf52886eb/transformed/core-1.18.0/res/layout/notification_action.xml to /home/runner/.gradle/caches/8.11.1/transforms/8dfb3bdc22ca5ec56668bc17d75d4b27-081181df-540c-4ad9-bfdd-ba67098a345f/transformed/androidx.core/layout_notification_action.xml.flat
2026-04-25T03:15:22.7700171Z Build cache key for AarResourcesCompilerTransform: /home/runner/.gradle/caches/8.11.1/transforms/4a12e9705d8182394b2895d78dca45b0/transformed/jetified-lifecycle-runtime-ktx is 5427a28590aaeef813d9f1b9aaeef183
2026-04-25T03:15:22.7703053Z Stored cache entry for AarResourcesCompilerTransform: /home/runner/.gradle/caches/8.11.1/transforms/f2771391fcc7f80b976540bba9ba7563/transformed/jetified-ui-release with cache key 5934b92374cf0b4f7e9604b969f99350
2026-04-25T03:15:22.7720145Z Build cache key for AarResourcesCompilerTransform: /home/runner/.gradle/caches/8.11.1/transforms/a64ed8a71f0f7948e723ef829bd51212/transformed/jetified-lifecycle-viewmodel-release is 931cc0c20c0815c5a9a46017df2e2047
2026-04-25T03:15:22.7722920Z Stored cache entry for AarResourcesCompilerTransform: /home/runner/.gradle/caches/8.11.1/transforms/4a12e9705d8182394b2895d78dca45b0/transformed/jetified-lifecycle-runtime-ktx with cache key 5427a28590aaeef813d9f1b9aaeef183
2026-04-25T03:15:22.7726221Z Compiling xml file /home/runner/.gradle/caches/8.11.1/transforms/b927945fff1b83fd5b90253cf52886eb/transformed/core-1.18.0/res/layout/custom_dialog.xml to /home/runner/.gradle/caches/8.11.1/transforms/8dfb3bdc22ca5ec56668bc17d75d4b27-081181df-540c-4ad9-bfdd-ba67098a345f/transformed/androidx.core/layout_custom_dialog.xml.flat
2026-04-25T03:15:22.7730418Z Compiling xml file /home/runner/.gradle/caches/8.11.1/transforms/b927945fff1b83fd5b90253cf52886eb/transformed/core-1.18.0/res/layout/notification_template_icon_group.xml to /home/runner/.gradle/caches/8.11.1/transforms/8dfb3bdc22ca5ec56668bc17d75d4b27-081181df-540c-4ad9-bfdd-ba67098a345f/transformed/androidx.core/layout_notification_template_icon_group.xml.flat
2026-04-25T03:15:22.7734022Z Build cache key for AarResourcesCompilerTransform: /home/runner/.gradle/caches/8.11.1/transforms/d0b493c96f80168d73839878faae7e02/transformed/jetified-runtime-annotation is 2af900f693f746f116da471e49c9c6bd
2026-04-25T03:15:22.7737438Z Compiling xml file /home/runner/.gradle/caches/8.11.1/transforms/b927945fff1b83fd5b90253cf52886eb/transformed/core-1.18.0/res/layout/notification_template_custom_big.xml to /home/runner/.gradle/caches/8.11.1/transforms/8dfb3bdc22ca5ec56668bc17d75d4b27-081181df-540c-4ad9-bfdd-ba67098a345f/transformed/androidx.core/layout_notification_template_custom_big.xml.flat
2026-04-25T03:15:22.7741730Z Stored cache entry for AarResourcesCompilerTransform: /home/runner/.gradle/caches/8.11.1/transforms/a64ed8a71f0f7948e723ef829bd51212/transformed/jetified-lifecycle-viewmodel-release with cache key 931cc0c20c0815c5a9a46017df2e2047
2026-04-25T03:15:22.7745270Z Compiling xml file /home/runner/.gradle/caches/8.11.1/transforms/b927945fff1b83fd5b90253cf52886eb/transformed/core-1.18.0/res/layout/ime_base_split_test_activity.xml to /home/runner/.gradle/caches/8.11.1/transforms/8dfb3bdc22ca5ec56668bc17d75d4b27-081181df-540c-4ad9-bfdd-ba67098a345f/transformed/androidx.core/layout_ime_base_split_test_activity.xml.flat
2026-04-25T03:15:22.7749474Z Compiling xml file /home/runner/.gradle/caches/8.11.1/transforms/b927945fff1b83fd5b90253cf52886eb/transformed/core-1.18.0/res/layout/ime_secondary_split_test_activity.xml to /home/runner/.gradle/caches/8.11.1/transforms/8dfb3bdc22ca5ec56668bc17d75d4b27-081181df-540c-4ad9-bfdd-ba67098a345f/transformed/androidx.core/layout_ime_secondary_split_test_activity.xml.flat
2026-04-25T03:15:22.7752969Z Build cache key for AarResourcesCompilerTransform: /home/runner/.gradle/caches/8.11.1/transforms/0c87c26b3896778e2229d65b48e54d08/transformed/jetified-savedstate-release is 1d05c8ee2a1e84fb1f3da396329ba400
2026-04-25T03:15:22.7755945Z Compiling xml file /home/runner/.gradle/caches/8.11.1/transforms/b927945fff1b83fd5b90253cf52886eb/transformed/core-1.18.0/res/drawable/ic_call_answer_low.xml to /home/runner/.gradle/caches/8.11.1/transforms/8dfb3bdc22ca5ec56668bc17d75d4b27-081181df-540c-4ad9-bfdd-ba67098a345f/transformed/androidx.core/drawable_ic_call_answer_low.xml.flat
2026-04-25T03:15:22.7759742Z Compiling xml file /home/runner/.gradle/caches/8.11.1/transforms/b927945fff1b83fd5b90253cf52886eb/transformed/core-1.18.0/res/drawable/ic_call_answer_video_low.xml to /home/runner/.gradle/caches/8.11.1/transforms/8dfb3bdc22ca5ec56668bc17d75d4b27-081181df-540c-4ad9-bfdd-ba67098a345f/transformed/androidx.core/drawable_ic_call_answer_video_low.xml.flat
2026-04-25T03:15:22.7764202Z Compiling xml file /home/runner/.gradle/caches/8.11.1/transforms/b927945fff1b83fd5b90253cf52886eb/transformed/core-1.18.0/res/drawable/notification_action_background.xml to /home/runner/.gradle/caches/8.11.1/transforms/8dfb3bdc22ca5ec56668bc17d75d4b27-081181df-540c-4ad9-bfdd-ba67098a345f/transformed/androidx.core/drawable_notification_action_background.xml.flat
2026-04-25T03:15:22.7768399Z Compiling xml file /home/runner/.gradle/caches/8.11.1/transforms/b927945fff1b83fd5b90253cf52886eb/transformed/core-1.18.0/res/drawable/notification_tile_bg.xml to /home/runner/.gradle/caches/8.11.1/transforms/8dfb3bdc22ca5ec56668bc17d75d4b27-081181df-540c-4ad9-bfdd-ba67098a345f/transformed/androidx.core/drawable_notification_tile_bg.xml.flat
2026-04-25T03:15:22.7772381Z Compiling xml file /home/runner/.gradle/caches/8.11.1/transforms/b927945fff1b83fd5b90253cf52886eb/transformed/core-1.18.0/res/drawable/notification_bg_low.xml to /home/runner/.gradle/caches/8.11.1/transforms/8dfb3bdc22ca5ec56668bc17d75d4b27-081181df-540c-4ad9-bfdd-ba67098a345f/transformed/androidx.core/drawable_notification_bg_low.xml.flat
2026-04-25T03:15:22.7775595Z Stored cache entry for AarResourcesCompilerTransform: /home/runner/.gradle/caches/8.11.1/transforms/d0b493c96f80168d73839878faae7e02/transformed/jetified-runtime-annotation with cache key 2af900f693f746f116da471e49c9c6bd
2026-04-25T03:15:22.7778595Z Compiling xml file /home/runner/.gradle/caches/8.11.1/transforms/b927945fff1b83fd5b90253cf52886eb/transformed/core-1.18.0/res/drawable/notification_bg.xml to /home/runner/.gradle/caches/8.11.1/transforms/8dfb3bdc22ca5ec56668bc17d75d4b27-081181df-540c-4ad9-bfdd-ba67098a345f/transformed/androidx.core/drawable_notification_bg.xml.flat
2026-04-25T03:15:22.7782088Z Stored cache entry for AarResourcesCompilerTransform: /home/runner/.gradle/caches/8.11.1/transforms/0c87c26b3896778e2229d65b48e54d08/transformed/jetified-savedstate-release with cache key 1d05c8ee2a1e84fb1f3da396329ba400
2026-04-25T03:15:22.7785565Z Compiling xml file /home/runner/.gradle/caches/8.11.1/transforms/b927945fff1b83fd5b90253cf52886eb/transformed/core-1.18.0/res/drawable/notification_icon_background.xml to /home/runner/.gradle/caches/8.11.1/transforms/8dfb3bdc22ca5ec56668bc17d75d4b27-081181df-540c-4ad9-bfdd-ba67098a345f/transformed/androidx.core/drawable_notification_icon_background.xml.flat
2026-04-25T03:15:22.7788778Z Build cache key for AarResourcesCompilerTransform: /home/runner/.gradle/caches/8.11.1/transforms/cc83dad95e58bd620bfba7008db487cb/transformed/jetified-savedstate-ktx-1.3.3 is ce271e929e2de92107964a897fb18468
2026-04-25T03:15:22.7792074Z Compiling xml file /home/runner/.gradle/caches/8.11.1/transforms/b927945fff1b83fd5b90253cf52886eb/transformed/core-1.18.0/res/drawable/ic_call_answer_video.xml to /home/runner/.gradle/caches/8.11.1/transforms/8dfb3bdc22ca5ec56668bc17d75d4b27-081181df-540c-4ad9-bfdd-ba67098a345f/transformed/androidx.core/drawable_ic_call_answer_video.xml.flat
2026-04-25T03:15:22.7795891Z Compiling xml file /home/runner/.gradle/caches/8.11.1/transforms/b927945fff1b83fd5b90253cf52886eb/transformed/core-1.18.0/res/drawable/ic_call_decline.xml to /home/runner/.gradle/caches/8.11.1/transforms/8dfb3bdc22ca5ec56668bc17d75d4b27-081181df-540c-4ad9-bfdd-ba67098a345f/transformed/androidx.core/drawable_ic_call_decline.xml.flat
2026-04-25T03:15:22.7799662Z Compiling xml file /home/runner/.gradle/caches/8.11.1/transforms/b927945fff1b83fd5b90253cf52886eb/transformed/core-1.18.0/res/drawable/ic_call_answer.xml to /home/runner/.gradle/caches/8.11.1/transforms/8dfb3bdc22ca5ec56668bc17d75d4b27-081181df-540c-4ad9-bfdd-ba67098a345f/transformed/androidx.core/drawable_ic_call_answer.xml.flat
2026-04-25T03:15:22.7803709Z Compiling xml file /home/runner/.gradle/caches/8.11.1/transforms/b927945fff1b83fd5b90253cf52886eb/transformed/core-1.18.0/res/drawable/ic_call_decline_low.xml to /home/runner/.gradle/caches/8.11.1/transforms/8dfb3bdc22ca5ec56668bc17d75d4b27-081181df-540c-4ad9-bfdd-ba67098a345f/transformed/androidx.core/drawable_ic_call_decline_low.xml.flat
2026-04-25T03:15:22.7806939Z Build cache key for AarResourcesCompilerTransform: /home/runner/.gradle/caches/8.11.1/transforms/d5c9e7a4fbd5dcfd5d2f0355c0178367/transformed/jetified-savedstate-compose is 67022fbd9c644866f4fd59e0b6ed2e36
2026-04-25T03:15:22.7809417Z Stored cache entry for AarResourcesCompilerTransform: /home/runner/.gradle/caches/8.11.1/transforms/d5c9e7a4fbd5dcfd5d2f0355c0178367/transformed/jetified-savedstate-compose with cache key 67022fbd9c644866f4fd59e0b6ed2e36
2026-04-25T03:15:22.7812152Z Stored cache entry for AarResourcesCompilerTransform: /home/runner/.gradle/caches/8.11.1/transforms/cc83dad95e58bd620bfba7008db487cb/transformed/jetified-savedstate-ktx-1.3.3 with cache key ce271e929e2de92107964a897fb18468
2026-04-25T03:15:22.7814594Z Build cache key for AarResourcesCompilerTransform: /home/runner/.gradle/caches/8.11.1/transforms/a0cbf74fe970c04208d9e439d908ddbc/transformed/jetified-runtime is b74863fed331557d7fa20fdea310ea20
2026-04-25T03:15:22.7816940Z Build cache key for AarResourcesCompilerTransform: /home/runner/.gradle/caches/8.11.1/transforms/a4d3c1473a3d4a75eb5d1b0908f28da9/transformed/jetified-runtime-saveable is c7b1376a9d6077c35560be7f72cf5b86
2026-04-25T03:15:22.7819340Z Stored cache entry for AarResourcesCompilerTransform: /home/runner/.gradle/caches/8.11.1/transforms/a0cbf74fe970c04208d9e439d908ddbc/transformed/jetified-runtime with cache key b74863fed331557d7fa20fdea310ea20
2026-04-25T03:15:22.7822037Z Build cache key for AarResourcesCompilerTransform: /home/runner/.gradle/caches/8.11.1/transforms/80255bca652ba087d4065dc2faf39e1a/transformed/jetified-lifecycle-runtime-compose-release is c722fff2bbf82da98747ee367a411c72
2026-04-25T03:15:22.7823665Z AAPT2 aapt2-8.9.1-12782657-linux Daemon #0: starting
2026-04-25T03:15:22.7825590Z Stored cache entry for AarResourcesCompilerTransform: /home/runner/.gradle/caches/8.11.1/transforms/80255bca652ba087d4065dc2faf39e1a/transformed/jetified-lifecycle-runtime-compose-release with cache key c722fff2bbf82da98747ee367a411c72
2026-04-25T03:15:22.7828451Z Build cache key for AarResourcesCompilerTransform: /home/runner/.gradle/caches/8.11.1/transforms/65b45c9026b2bd4459a92bff687b8cdd/transformed/jetified-lifecycle-runtime-release is ed3077ac166e0648e7fca135b9616d9d
2026-04-25T03:15:22.7831061Z Stored cache entry for AarResourcesCompilerTransform: /home/runner/.gradle/caches/8.11.1/transforms/a4d3c1473a3d4a75eb5d1b0908f28da9/transformed/jetified-runtime-saveable with cache key c7b1376a9d6077c35560be7f72cf5b86
2026-04-25T03:15:22.7833782Z Build cache key for AarResourcesCompilerTransform: /home/runner/.gradle/caches/8.11.1/transforms/a71723d6dcbc6be65ef2918cb3811f9c/transformed/jetified-lifecycle-viewmodel-savedstate-release is 0bab34d22c2c4363efab4962675b6f66
2026-04-25T03:15:22.7836496Z Stored cache entry for AarResourcesCompilerTransform: /home/runner/.gradle/caches/8.11.1/transforms/65b45c9026b2bd4459a92bff687b8cdd/transformed/jetified-lifecycle-runtime-release with cache key ed3077ac166e0648e7fca135b9616d9d
2026-04-25T03:15:22.7839277Z Stored cache entry for AarResourcesCompilerTransform: /home/runner/.gradle/caches/8.11.1/transforms/a71723d6dcbc6be65ef2918cb3811f9c/transformed/jetified-lifecycle-viewmodel-savedstate-release with cache key 0bab34d22c2c4363efab4962675b6f66
2026-04-25T03:15:22.7842097Z Build cache key for AarResourcesCompilerTransform: /home/runner/.gradle/caches/8.11.1/transforms/f5f3e112a8bc5346f87af9a240971861/transformed/jetified-customview-poolingcontainer-1.0.0 is 209e013718ac4575f44be62a760d4ae8
2026-04-25T03:15:22.7844474Z Build cache key for AarResourcesCompilerTransform: /home/runner/.gradle/caches/8.11.1/transforms/bc2ce13905b20cb4f5958c45d1c9d573/transformed/jetified-core-ktx-1.18.0 is c8e10fb34a691993004f7c236eb9ce9c
2026-04-25T03:15:22.7846941Z Stored cache entry for AarResourcesCompilerTransform: /home/runner/.gradle/caches/8.11.1/transforms/f5f3e112a8bc5346f87af9a240971861/transformed/jetified-customview-poolingcontainer-1.0.0 with cache key 209e013718ac4575f44be62a760d4ae8
2026-04-25T03:15:22.7849541Z Stored cache entry for AarResourcesCompilerTransform: /home/runner/.gradle/caches/8.11.1/transforms/bc2ce13905b20cb4f5958c45d1c9d573/transformed/jetified-core-ktx-1.18.0 with cache key c8e10fb34a691993004f7c236eb9ce9c
2026-04-25T03:15:22.7852047Z Build cache key for AarResourcesCompilerTransform: /home/runner/.gradle/caches/8.11.1/transforms/e8dc695c4c5bdd0cf72b059e2d23cf12/transformed/jetified-room3-runtime is f3087277eb2edefb2e8a0021b1d6fccd
2026-04-25T03:15:22.7854371Z Build cache key for AarResourcesCompilerTransform: /home/runner/.gradle/caches/8.11.1/transforms/269f2e4e646d8543a7b2c254a4b93a7f/transformed/jetified-core-viewtree-1.0.0 is 3fd28fe23f57aa9f0bfa0b3c8d651c78
2026-04-25T03:15:22.7856795Z Stored cache entry for AarResourcesCompilerTransform: /home/runner/.gradle/caches/8.11.1/transforms/e8dc695c4c5bdd0cf72b059e2d23cf12/transformed/jetified-room3-runtime with cache key f3087277eb2edefb2e8a0021b1d6fccd
2026-04-25T03:15:22.7859414Z Build cache key for AarResourcesCompilerTransform: /home/runner/.gradle/caches/8.11.1/transforms/322ae4830614cf31fd29d75d5510d387/transformed/jetified-annotation-experimental-1.5.0 is a9aac399b498eea7f8aa5aaef2fff546
2026-04-25T03:15:22.7862170Z Stored cache entry for AarResourcesCompilerTransform: /home/runner/.gradle/caches/8.11.1/transforms/269f2e4e646d8543a7b2c254a4b93a7f/transformed/jetified-core-viewtree-1.0.0 with cache key 3fd28fe23f57aa9f0bfa0b3c8d651c78
2026-04-25T03:15:22.7864591Z Build cache key for AarResourcesCompilerTransform: /home/runner/.gradle/caches/8.11.1/transforms/f183e16ca5302cbdac9b4ad366abf41f/transformed/jetified-profileinstaller-1.4.0 is 98e458e8018b7329e302d645e91225e0
2026-04-25T03:15:22.7866756Z Stored cache entry for AarResourcesCompilerTransform: /home/runner/.gradle/caches/8.11.1/transforms/322ae4830614cf31fd29d75d5510d387/transformed/jetified-annotation-experimental-1.5.0 with cache key a9aac399b498eea7f8aa5aaef2fff546
2026-04-25T03:15:22.7869708Z Build cache key for AarResourcesCompilerTransform: /home/runner/.gradle/caches/8.11.1/transforms/b28d6fd91b6acc053f31c2d921c622fc/transformed/jetified-startup-runtime-1.1.1 is 3a3f3a5816353c8a3e07ae27a626d26d
2026-04-25T03:15:22.7872366Z Stored cache entry for AarResourcesCompilerTransform: /home/runner/.gradle/caches/8.11.1/transforms/f183e16ca5302cbdac9b4ad366abf41f/transformed/jetified-profileinstaller-1.4.0 with cache key 98e458e8018b7329e302d645e91225e0
2026-04-25T03:15:22.7874832Z Stored cache entry for AarResourcesCompilerTransform: /home/runner/.gradle/caches/8.11.1/transforms/b28d6fd91b6acc053f31c2d921c622fc/transformed/jetified-startup-runtime-1.1.1 with cache key 3a3f3a5816353c8a3e07ae27a626d26d
2026-04-25T03:15:22.7877115Z Build cache key for AarResourcesCompilerTransform: /home/runner/.gradle/caches/8.11.1/transforms/ae121b1900a7c948b2862f422c9c5a93/transformed/jetified-tracing-1.2.0 is f15e61a355b4da2233df9899733743a2
2026-04-25T03:15:22.7879306Z Build cache key for AarResourcesCompilerTransform: /home/runner/.gradle/caches/8.11.1/transforms/05d0b6d4d2e67536598763bde6059c13/transformed/interpolator-1.0.0 is e306c27beb879a192141e42938b42a93
2026-04-25T03:15:22.7881768Z Stored cache entry for AarResourcesCompilerTransform: /home/runner/.gradle/caches/8.11.1/transforms/ae121b1900a7c948b2862f422c9c5a93/transformed/jetified-tracing-1.2.0 with cache key f15e61a355b4da2233df9899733743a2
2026-04-25T03:15:22.7884192Z Stored cache entry for AarResourcesCompilerTransform: /home/runner/.gradle/caches/8.11.1/transforms/05d0b6d4d2e67536598763bde6059c13/transformed/interpolator-1.0.0 with cache key e306c27beb879a192141e42938b42a93
2026-04-25T03:15:22.7886556Z Build cache key for AarResourcesCompilerTransform: /home/runner/.gradle/caches/8.11.1/transforms/93dc7ef43c96d012f7f54d4eefcc3a71/transformed/versionedparcelable-1.1.1 is b0bd3a792fcb8b95b9608e6e8970f74e
2026-04-25T03:15:22.7888840Z Build cache key for AarResourcesCompilerTransform: /home/runner/.gradle/caches/8.11.1/transforms/c3bd2d9e6c8cd1fbb7860453d0102ec6/transformed/core-runtime-2.2.0 is 9d24a02922e15c046872a17e5460aa36
2026-04-25T03:15:22.7891220Z Stored cache entry for AarResourcesCompilerTransform: /home/runner/.gradle/caches/8.11.1/transforms/93dc7ef43c96d012f7f54d4eefcc3a71/transformed/versionedparcelable-1.1.1 with cache key b0bd3a792fcb8b95b9608e6e8970f74e
2026-04-25T03:15:22.7893932Z Stored cache entry for AarResourcesCompilerTransform: /home/runner/.gradle/caches/8.11.1/transforms/c3bd2d9e6c8cd1fbb7860453d0102ec6/transformed/core-runtime-2.2.0 with cache key 9d24a02922e15c046872a17e5460aa36
2026-04-25T03:15:22.7896185Z Build cache key for AarResourcesCompilerTransform: /home/runner/.gradle/caches/8.11.1/transforms/604fc49abdfe089f289a91472a0596e5/transformed/jetified-sqlite-framework is 3521470d080931aee4626dfa6d6edd0c
2026-04-25T03:15:22.7898476Z Build cache key for AarResourcesCompilerTransform: /home/runner/.gradle/caches/8.11.1/transforms/a3448bc9557eef07cb20e2e3acd94a98/transformed/jetified-sqlite-async is b34676bd6599e7ac243152fdefd7fb47
2026-04-25T03:15:22.7900778Z Stored cache entry for AarResourcesCompilerTransform: /home/runner/.gradle/caches/8.11.1/transforms/604fc49abdfe089f289a91472a0596e5/transformed/jetified-sqlite-framework with cache key 3521470d080931aee4626dfa6d6edd0c
2026-04-25T03:15:22.7903199Z Stored cache entry for AarResourcesCompilerTransform: /home/runner/.gradle/caches/8.11.1/transforms/a3448bc9557eef07cb20e2e3acd94a98/transformed/jetified-sqlite-async with cache key b34676bd6599e7ac243152fdefd7fb47
2026-04-25T03:15:22.7905487Z Build cache key for AarResourcesCompilerTransform: /home/runner/.gradle/caches/8.11.1/transforms/0d88d4ca6e3f9c9ab59ee57b9789223f/transformed/jetified-sqlite is ae7c3cf541e2c7967841e2ef84a62efc
2026-04-25T03:15:22.7907752Z Stored cache entry for AarResourcesCompilerTransform: /home/runner/.gradle/caches/8.11.1/transforms/0d88d4ca6e3f9c9ab59ee57b9789223f/transformed/jetified-sqlite with cache key ae7c3cf541e2c7967841e2ef84a62efc
2026-04-25T03:15:22.7910291Z Stored cache entry for AarResourcesCompilerTransform: /home/runner/.gradle/caches/8.11.1/transforms/b927945fff1b83fd5b90253cf52886eb/transformed/core-1.18.0 with cache key 637ed192cd392e77fa58011b3cb45a50
2026-04-25T03:15:22.7912364Z Transforming navigationevent.aar (androidx.navigationevent:navigationevent-android:1.0.0) with JetifyTransform
2026-04-25T03:15:22.7913635Z Transforming navigationevent.aar (androidx.navigationevent:navigationevent-android:1.0.0) with ExtractAarTransform
2026-04-25T03:15:22.7915004Z Transforming navigationevent.aar (androidx.navigationevent:navigationevent-android:1.0.0) with LibrarySymbolTableTransform
2026-04-25T03:15:22.7916424Z Transforming navigationevent-compose.aar (androidx.navigationevent:navigationevent-compose-android:1.0.0) with JetifyTransform
2026-04-25T03:15:22.7917898Z Transforming navigationevent-compose.aar (androidx.navigationevent:navigationevent-compose-android:1.0.0) with ExtractAarTransform
2026-04-25T03:15:22.7919437Z Transforming navigationevent-compose.aar (androidx.navigationevent:navigationevent-compose-android:1.0.0) with LibrarySymbolTableTransform
2026-04-25T03:15:22.7921204Z Caching disabled for LibrarySymbolTableTransform: /home/runner/.gradle/caches/8.11.1/transforms/cb6f1b90199c63645d75112bc87b7505/transformed/jetified-navigationevent because:
2026-04-25T03:15:22.7922544Z   Caching not enabled.
2026-04-25T03:15:22.7923256Z Transforming material3-release.aar (androidx.compose.material3:material3-android:1.2.1) with JetifyTransform
2026-04-25T03:15:22.7924462Z Transforming material3-release.aar (androidx.compose.material3:material3-android:1.2.1) with ExtractAarTransform
2026-04-25T03:15:22.7925746Z Transforming material3-release.aar (androidx.compose.material3:material3-android:1.2.1) with LibrarySymbolTableTransform
2026-04-25T03:15:22.7926995Z Transforming ui-tooling-data.aar (androidx.compose.ui:ui-tooling-data-android:1.9.2) with JetifyTransform
2026-04-25T03:15:22.7928142Z Transforming ui-tooling-data.aar (androidx.compose.ui:ui-tooling-data-android:1.9.2) with ExtractAarTransform
2026-04-25T03:15:22.7929361Z Transforming ui-tooling-data.aar (androidx.compose.ui:ui-tooling-data-android:1.9.2) with LibrarySymbolTableTransform
2026-04-25T03:15:22.7930691Z Transforming foundation-layout.aar (androidx.compose.foundation:foundation-layout-android:1.9.2) with JetifyTransform
2026-04-25T03:15:22.7932163Z Transforming foundation-layout.aar (androidx.compose.foundation:foundation-layout-android:1.9.2) with ExtractAarTransform
2026-04-25T03:15:22.7933560Z Transforming foundation-layout.aar (androidx.compose.foundation:foundation-layout-android:1.9.2) with LibrarySymbolTableTransform
2026-04-25T03:15:22.7934927Z Transforming foundation-release.aar (androidx.compose.foundation:foundation-android:1.9.2) with JetifyTransform
2026-04-25T03:15:22.7936160Z Transforming foundation-release.aar (androidx.compose.foundation:foundation-android:1.9.2) with ExtractAarTransform
2026-04-25T03:15:22.7937475Z Transforming foundation-release.aar (androidx.compose.foundation:foundation-android:1.9.2) with LibrarySymbolTableTransform
2026-04-25T03:15:22.7938708Z Transforming animation.aar (androidx.compose.animation:animation-android:1.9.2) with JetifyTransform
2026-04-25T03:15:22.7939779Z Transforming animation.aar (androidx.compose.animation:animation-android:1.9.2) with ExtractAarTransform
2026-04-25T03:15:22.7941009Z Transforming animation.aar (androidx.compose.animation:animation-android:1.9.2) with LibrarySymbolTableTransform
2026-04-25T03:15:22.7942423Z Transforming animation-core.aar (androidx.compose.animation:animation-core-android:1.9.2) with JetifyTransform
2026-04-25T03:15:22.7943709Z Transforming animation-core.aar (androidx.compose.animation:animation-core-android:1.9.2) with ExtractAarTransform
2026-04-25T03:15:22.7945075Z Transforming animation-core.aar (androidx.compose.animation:animation-core-android:1.9.2) with LibrarySymbolTableTransform
2026-04-25T03:15:22.7946580Z Transforming ui-unit.aar (androidx.compose.ui:ui-unit-android:1.9.2) with JetifyTransform
2026-04-25T03:15:22.7947576Z Transforming ui-unit.aar (androidx.compose.ui:ui-unit-android:1.9.2) with ExtractAarTransform
2026-04-25T03:15:22.7948824Z Transforming ui-unit.aar (androidx.compose.ui:ui-unit-android:1.9.2) with LibrarySymbolTableTransform
2026-04-25T03:15:22.7949939Z Transforming ui-geometry.aar (androidx.compose.ui:ui-geometry-android:1.9.2) with JetifyTransform
2026-04-25T03:15:22.7951034Z Transforming ui-geometry.aar (androidx.compose.ui:ui-geometry-android:1.9.2) with ExtractAarTransform
2026-04-25T03:15:22.7952283Z Transforming ui-geometry.aar (androidx.compose.ui:ui-geometry-android:1.9.2) with LibrarySymbolTableTransform
2026-04-25T03:15:22.7953494Z Transforming ui-tooling-preview.aar (androidx.compose.ui:ui-tooling-preview-android:1.9.2) with JetifyTransform
2026-04-25T03:15:22.7954726Z Transforming ui-tooling-preview.aar (androidx.compose.ui:ui-tooling-preview-android:1.9.2) with ExtractAarTransform
2026-04-25T03:15:22.7956032Z Transforming ui-tooling-preview.aar (androidx.compose.ui:ui-tooling-preview-android:1.9.2) with LibrarySymbolTableTransform
2026-04-25T03:15:22.7957147Z Transforming ui-util.aar (androidx.compose.ui:ui-util-android:1.9.2) with JetifyTransform
2026-04-25T03:15:22.7958120Z Transforming ui-util.aar (androidx.compose.ui:ui-util-android:1.9.2) with ExtractAarTransform
2026-04-25T03:15:22.7959217Z Transforming ui-util.aar (androidx.compose.ui:ui-util-android:1.9.2) with LibrarySymbolTableTransform
2026-04-25T03:15:22.7960236Z Transforming ui-text.aar (androidx.compose.ui:ui-text-android:1.9.2) with JetifyTransform
2026-04-25T03:15:22.7961208Z Transforming ui-text.aar (androidx.compose.ui:ui-text-android:1.9.2) with ExtractAarTransform
2026-04-25T03:15:22.7962443Z Transforming ui-text.aar (androidx.compose.ui:ui-text-android:1.9.2) with LibrarySymbolTableTransform
2026-04-25T03:15:22.7963592Z Transforming ui-graphics-release.aar (androidx.compose.ui:ui-graphics-android:1.9.2) with JetifyTransform
2026-04-25T03:15:22.7964808Z Transforming ui-graphics-release.aar (androidx.compose.ui:ui-graphics-android:1.9.2) with ExtractAarTransform
2026-04-25T03:15:22.7966484Z Transforming ui-graphics-release.aar (androidx.compose.ui:ui-graphics-android:1.9.2) with LibrarySymbolTableTransform
2026-04-25T03:15:22.7967734Z Transforming ui-tooling.aar (androidx.compose.ui:ui-tooling-android:1.9.2) with JetifyTransform
2026-04-25T03:15:22.7968798Z Transforming ui-tooling.aar (androidx.compose.ui:ui-tooling-android:1.9.2) with ExtractAarTransform
2026-04-25T03:15:22.7969948Z Transforming ui-tooling.aar (androidx.compose.ui:ui-tooling-android:1.9.2) with LibrarySymbolTableTransform
2026-04-25T03:15:22.7971156Z Transforming material-release.aar (androidx.compose.material:material-android:1.6.8) with JetifyTransform
2026-04-25T03:15:22.7972904Z Transforming material-release.aar (androidx.compose.material:material-android:1.6.8) with ExtractAarTransform
2026-04-25T03:15:22.7974557Z Transforming material-release.aar (androidx.compose.material:material-android:1.6.8) with LibrarySymbolTableTransform
2026-04-25T03:15:22.7976197Z Transforming material-ripple-release.aar (androidx.compose.material:material-ripple-android:1.6.8) with JetifyTransform
2026-04-25T03:15:22.7985294Z Transforming material-ripple-release.aar (androidx.compose.material:material-ripple-android:1.6.8) with ExtractAarTransform
2026-04-25T03:15:22.7986870Z Transforming material-ripple-release.aar (androidx.compose.material:material-ripple-android:1.6.8) with LibrarySymbolTableTransform
2026-04-25T03:15:22.7988422Z Transforming material-icons-core-release.aar (androidx.compose.material:material-icons-core-android:1.6.8) with JetifyTransform
2026-04-25T03:15:22.7989935Z Transforming material-icons-core-release.aar (androidx.compose.material:material-icons-core-android:1.6.8) with ExtractAarTransform
2026-04-25T03:15:22.7991723Z Transforming material-icons-core-release.aar (androidx.compose.material:material-icons-core-android:1.6.8) with LibrarySymbolTableTransform
2026-04-25T03:15:22.7993436Z Transforming ui-release.aar (androidx.compose.ui:ui-android:1.9.2) with JetifyTransform
2026-04-25T03:15:22.7994426Z Transforming ui-release.aar (androidx.compose.ui:ui-android:1.9.2) with ExtractAarTransform
2026-04-25T03:15:22.7995691Z Transforming ui-release.aar (androidx.compose.ui:ui-android:1.9.2) with LibrarySymbolTableTransform
2026-04-25T03:15:22.7996839Z Transforming ui-test-manifest-1.9.2.aar (androidx.compose.ui:ui-test-manifest:1.9.2) with JetifyTransform
2026-04-25T03:15:22.7997993Z Transforming ui-test-manifest-1.9.2.aar (androidx.compose.ui:ui-test-manifest:1.9.2) with ExtractAarTransform
2026-04-25T03:15:22.7999157Z Transforming ui-test-manifest-1.9.2.aar (androidx.compose.ui:ui-test-manifest:1.9.2) with LibrarySymbolTableTransform
2026-04-25T03:15:22.8000268Z Transforming activity-ktx-1.13.0.aar (androidx.activity:activity-ktx:1.13.0) with JetifyTransform
2026-04-25T03:15:22.8001967Z Caching disabled for LibrarySymbolTableTransform: /home/runner/.gradle/caches/8.11.1/transforms/582a976f3ede713cacde1265effd907c/transformed/jetified-navigationevent-compose because:
2026-04-25T03:15:22.8003203Z   Caching not enabled.
2026-04-25T03:15:22.8003919Z Transforming activity-ktx-1.13.0.aar (androidx.activity:activity-ktx:1.13.0) with ExtractAarTransform
2026-04-25T03:15:22.8005007Z Transforming activity-ktx-1.13.0.aar (androidx.activity:activity-ktx:1.13.0) with LibrarySymbolTableTransform
2026-04-25T03:15:22.8006017Z Transforming activity-1.13.0.aar (androidx.activity:activity:1.13.0) with JetifyTransform
2026-04-25T03:15:22.8006936Z Transforming activity-1.13.0.aar (androidx.activity:activity:1.13.0) with ExtractAarTransform
2026-04-25T03:15:22.8007931Z Transforming activity-1.13.0.aar (androidx.activity:activity:1.13.0) with LibrarySymbolTableTransform
2026-04-25T03:15:22.8009014Z Transforming activity-compose-1.13.0.aar (androidx.activity:activity-compose:1.13.0) with JetifyTransform
2026-04-25T03:15:22.8010124Z Transforming activity-compose-1.13.0.aar (androidx.activity:activity-compose:1.13.0) with ExtractAarTransform
2026-04-25T03:15:22.8011389Z Transforming activity-compose-1.13.0.aar (androidx.activity:activity-compose:1.13.0) with LibrarySymbolTableTransform
2026-04-25T03:15:22.8012563Z Transforming autofill-1.0.0.aar (androidx.autofill:autofill:1.0.0) with JetifyTransform
2026-04-25T03:15:22.8013454Z Transforming autofill-1.0.0.aar (androidx.autofill:autofill:1.0.0) with ExtractAarTransform
2026-04-25T03:15:22.8014431Z Transforming autofill-1.0.0.aar (androidx.autofill:autofill:1.0.0) with LibrarySymbolTableTransform
2026-04-25T03:15:22.8015485Z Transforming graphics-path-1.0.1.aar (androidx.graphics:graphics-path:1.0.1) with JetifyTransform
2026-04-25T03:15:22.8016535Z Transforming graphics-path-1.0.1.aar (androidx.graphics:graphics-path:1.0.1) with ExtractAarTransform
2026-04-25T03:15:22.8017678Z Transforming graphics-path-1.0.1.aar (androidx.graphics:graphics-path:1.0.1) with LibrarySymbolTableTransform
2026-04-25T03:15:22.8018701Z Transforming emoji2-1.4.0.aar (androidx.emoji2:emoji2:1.4.0) with JetifyTransform
2026-04-25T03:15:22.8019549Z Transforming emoji2-1.4.0.aar (androidx.emoji2:emoji2:1.4.0) with ExtractAarTransform
2026-04-25T03:15:22.8020465Z Transforming emoji2-1.4.0.aar (androidx.emoji2:emoji2:1.4.0) with LibrarySymbolTableTransform
2026-04-25T03:15:22.8021334Z Transforming core-1.18.0.aar (androidx.core:core:1.18.0) with JetifyTransform
2026-04-25T03:15:22.8022252Z Transforming core-1.18.0.aar (androidx.core:core:1.18.0) with ExtractAarTransform
2026-04-25T03:15:22.8023070Z Transforming core-1.18.0.aar (androidx.core:core:1.18.0) with LibrarySymbolTableTransform
2026-04-25T03:15:22.8023877Z Transforming core-1.18.0.aar (androidx.core:core:1.18.0) with JetifyTransform
2026-04-25T03:15:22.8024629Z Transforming core-1.18.0.aar (androidx.core:core:1.18.0) with ExtractAarTransform
2026-04-25T03:15:22.8025460Z Transforming core-1.18.0.aar (androidx.core:core:1.18.0) with LibrarySymbolTableTransform
2026-04-25T03:15:22.8026475Z Transforming lifecycle-process-2.9.4.aar (androidx.lifecycle:lifecycle-process:2.9.4) with JetifyTransform
2026-04-25T03:15:22.8027859Z Transforming lifecycle-process-2.9.4.aar (androidx.lifecycle:lifecycle-process:2.9.4) with ExtractAarTransform
2026-04-25T03:15:22.8029259Z Transforming lifecycle-process-2.9.4.aar (androidx.lifecycle:lifecycle-process:2.9.4) with LibrarySymbolTableTransform
2026-04-25T03:15:22.8030575Z Transforming lifecycle-viewmodel-ktx-2.9.4.aar (androidx.lifecycle:lifecycle-viewmodel-ktx:2.9.4) with JetifyTransform
2026-04-25T03:15:22.8032043Z Transforming lifecycle-viewmodel-ktx-2.9.4.aar (androidx.lifecycle:lifecycle-viewmodel-ktx:2.9.4) with ExtractAarTransform
2026-04-25T03:15:22.8033433Z Transforming lifecycle-viewmodel-ktx-2.9.4.aar (androidx.lifecycle:lifecycle-viewmodel-ktx:2.9.4) with LibrarySymbolTableTransform
2026-04-25T03:15:22.8034813Z Transforming lifecycle-livedata-core-2.9.4.aar (androidx.lifecycle:lifecycle-livedata-core:2.9.4) with JetifyTransform
2026-04-25T03:15:22.8036159Z Transforming lifecycle-livedata-core-2.9.4.aar (androidx.lifecycle:lifecycle-livedata-core:2.9.4) with ExtractAarTransform
2026-04-25T03:15:22.8037470Z Transforming lifecycle-livedata-core-2.9.4.aar (androidx.lifecycle:lifecycle-livedata-core:2.9.4) with LibrarySymbolTableTransform
2026-04-25T03:15:22.8038782Z Transforming lifecycle-runtime-ktx.aar (androidx.lifecycle:lifecycle-runtime-ktx-android:2.9.4) with JetifyTransform
2026-04-25T03:15:22.8040035Z Transforming lifecycle-runtime-ktx.aar (androidx.lifecycle:lifecycle-runtime-ktx-android:2.9.4) with ExtractAarTransform
2026-04-25T03:15:22.8041390Z Transforming lifecycle-runtime-ktx.aar (androidx.lifecycle:lifecycle-runtime-ktx-android:2.9.4) with LibrarySymbolTableTransform
2026-04-25T03:15:22.8042993Z Transforming lifecycle-viewmodel-release.aar (androidx.lifecycle:lifecycle-viewmodel-android:2.9.4) with JetifyTransform
2026-04-25T03:15:22.8044312Z Transforming lifecycle-viewmodel-release.aar (androidx.lifecycle:lifecycle-viewmodel-android:2.9.4) with ExtractAarTransform
2026-04-25T03:15:22.8045732Z Transforming lifecycle-viewmodel-release.aar (androidx.lifecycle:lifecycle-viewmodel-android:2.9.4) with LibrarySymbolTableTransform
2026-04-25T03:15:22.8047099Z Transforming runtime-annotation.aar (androidx.compose.runtime:runtime-annotation-android:1.9.2) with JetifyTransform
2026-04-25T03:15:22.8048387Z Transforming runtime-annotation.aar (androidx.compose.runtime:runtime-annotation-android:1.9.2) with ExtractAarTransform
2026-04-25T03:15:22.8049721Z Transforming runtime-annotation.aar (androidx.compose.runtime:runtime-annotation-android:1.9.2) with LibrarySymbolTableTransform
2026-04-25T03:15:22.8050939Z Transforming savedstate-release.aar (androidx.savedstate:savedstate-android:1.3.3) with JetifyTransform
2026-04-25T03:15:22.8052197Z Transforming savedstate-release.aar (androidx.savedstate:savedstate-android:1.3.3) with ExtractAarTransform
2026-04-25T03:15:22.8053389Z Transforming savedstate-release.aar (androidx.savedstate:savedstate-android:1.3.3) with LibrarySymbolTableTransform
2026-04-25T03:15:22.8054521Z Transforming savedstate-ktx-1.3.3.aar (androidx.savedstate:savedstate-ktx:1.3.3) with JetifyTransform
2026-04-25T03:15:22.8055623Z Transforming savedstate-ktx-1.3.3.aar (androidx.savedstate:savedstate-ktx:1.3.3) with ExtractAarTransform
2026-04-25T03:15:22.8056747Z Transforming savedstate-ktx-1.3.3.aar (androidx.savedstate:savedstate-ktx:1.3.3) with LibrarySymbolTableTransform
2026-04-25T03:15:22.8057904Z Transforming savedstate-compose.aar (androidx.savedstate:savedstate-compose-android:1.3.3) with JetifyTransform
2026-04-25T03:15:22.8059132Z Transforming savedstate-compose.aar (androidx.savedstate:savedstate-compose-android:1.3.3) with ExtractAarTransform
2026-04-25T03:15:22.8060416Z Transforming savedstate-compose.aar (androidx.savedstate:savedstate-compose-android:1.3.3) with LibrarySymbolTableTransform
2026-04-25T03:15:22.8061714Z Transforming runtime.aar (androidx.compose.runtime:runtime-android:1.9.2) with JetifyTransform
2026-04-25T03:15:22.8062952Z Transforming runtime.aar (androidx.compose.runtime:runtime-android:1.9.2) with ExtractAarTransform
2026-04-25T03:15:22.8064057Z Transforming runtime.aar (androidx.compose.runtime:runtime-android:1.9.2) with LibrarySymbolTableTransform
2026-04-25T03:15:22.8065403Z Transforming runtime-saveable.aar (androidx.compose.runtime:runtime-saveable-android:1.9.2) with JetifyTransform
2026-04-25T03:15:22.8066655Z Transforming runtime-saveable.aar (androidx.compose.runtime:runtime-saveable-android:1.9.2) with ExtractAarTransform
2026-04-25T03:15:22.8067940Z Transforming runtime-saveable.aar (androidx.compose.runtime:runtime-saveable-android:1.9.2) with LibrarySymbolTableTransform
2026-04-25T03:15:22.8069447Z Transforming lifecycle-runtime-compose-release.aar (androidx.lifecycle:lifecycle-runtime-compose-android:2.9.4) with JetifyTransform
2026-04-25T03:15:22.8070978Z Transforming lifecycle-runtime-compose-release.aar (androidx.lifecycle:lifecycle-runtime-compose-android:2.9.4) with ExtractAarTransform
2026-04-25T03:15:22.8072763Z Transforming lifecycle-runtime-compose-release.aar (androidx.lifecycle:lifecycle-runtime-compose-android:2.9.4) with LibrarySymbolTableTransform
2026-04-25T03:15:22.8074311Z Transforming lifecycle-runtime-release.aar (androidx.lifecycle:lifecycle-runtime-android:2.9.4) with JetifyTransform
2026-04-25T03:15:22.8075658Z Transforming lifecycle-runtime-release.aar (androidx.lifecycle:lifecycle-runtime-android:2.9.4) with ExtractAarTransform
2026-04-25T03:15:22.8077098Z Transforming lifecycle-runtime-release.aar (androidx.lifecycle:lifecycle-runtime-android:2.9.4) with LibrarySymbolTableTransform
2026-04-25T03:15:22.8078718Z Transforming lifecycle-viewmodel-savedstate-release.aar (androidx.lifecycle:lifecycle-viewmodel-savedstate-android:2.9.4) with JetifyTransform
2026-04-25T03:15:22.8080432Z Transforming lifecycle-viewmodel-savedstate-release.aar (androidx.lifecycle:lifecycle-viewmodel-savedstate-android:2.9.4) with ExtractAarTransform
2026-04-25T03:15:22.8082334Z Transforming lifecycle-viewmodel-savedstate-release.aar (androidx.lifecycle:lifecycle-viewmodel-savedstate-android:2.9.4) with LibrarySymbolTableTransform
2026-04-25T03:15:22.8083989Z Transforming customview-poolingcontainer-1.0.0.aar (androidx.customview:customview-poolingcontainer:1.0.0) with JetifyTransform
2026-04-25T03:15:22.8085446Z Transforming customview-poolingcontainer-1.0.0.aar (androidx.customview:customview-poolingcontainer:1.0.0) with ExtractAarTransform
2026-04-25T03:15:22.8086980Z Transforming customview-poolingcontainer-1.0.0.aar (androidx.customview:customview-poolingcontainer:1.0.0) with LibrarySymbolTableTransform
2026-04-25T03:15:22.8088217Z Transforming core-ktx-1.18.0.aar (androidx.core:core-ktx:1.18.0) with JetifyTransform
2026-04-25T03:15:22.8089078Z Transforming core-ktx-1.18.0.aar (androidx.core:core-ktx:1.18.0) with ExtractAarTransform
2026-04-25T03:15:22.8090013Z Transforming core-ktx-1.18.0.aar (androidx.core:core-ktx:1.18.0) with LibrarySymbolTableTransform
2026-04-25T03:15:22.8091061Z Transforming room3-runtime.aar (androidx.room3:room3-runtime-android:3.0.0-alpha03) with JetifyTransform
2026-04-25T03:15:22.8092725Z Caching disabled for LibrarySymbolTableTransform: /home/runner/.gradle/caches/8.11.1/transforms/66c16c3f7f6d02b975cabce6ff0bea36/transformed/jetified-ui-tooling-data because:
2026-04-25T03:15:22.8093848Z   Caching not enabled.
2026-04-25T03:15:22.8094907Z Caching disabled for LibrarySymbolTableTransform: /home/runner/.gradle/caches/8.11.1/transforms/e046490ec4aaa6520a9ff4e91fbcefea/transformed/jetified-material3-release because:
2026-04-25T03:15:22.8096035Z   Caching not enabled.
2026-04-25T03:15:22.8097076Z Caching disabled for LibrarySymbolTableTransform: /home/runner/.gradle/caches/8.11.1/transforms/ad2dd3899eea144a1aa94a7a61cd2837/transformed/jetified-foundation-layout because:
2026-04-25T03:15:22.8098257Z   Caching not enabled.
2026-04-25T03:15:22.8099284Z Caching disabled for LibrarySymbolTableTransform: /home/runner/.gradle/caches/8.11.1/transforms/e184805bcc53f3a846e25bb745ddc742/transformed/jetified-foundation-release because:
2026-04-25T03:15:22.8100822Z   Caching not enabled.
2026-04-25T03:15:22.8101720Z Transforming room3-runtime.aar (androidx.room3:room3-runtime-android:3.0.0-alpha03) with ExtractAarTransform
2026-04-25T03:15:22.8103218Z Transforming room3-runtime.aar (androidx.room3:room3-runtime-android:3.0.0-alpha03) with LibrarySymbolTableTransform
2026-04-25T03:15:22.8104520Z Transforming core-viewtree-1.0.0.aar (androidx.core:core-viewtree:1.0.0) with JetifyTransform
2026-04-25T03:15:22.8105588Z Transforming core-viewtree-1.0.0.aar (androidx.core:core-viewtree:1.0.0) with ExtractAarTransform
2026-04-25T03:15:22.8106711Z Transforming core-viewtree-1.0.0.aar (androidx.core:core-viewtree:1.0.0) with LibrarySymbolTableTransform
2026-04-25T03:15:22.8107926Z Transforming annotation-experimental-1.5.0.aar (androidx.annotation:annotation-experimental:1.5.0) with JetifyTransform
2026-04-25T03:15:22.8109257Z Transforming annotation-experimental-1.5.0.aar (androidx.annotation:annotation-experimental:1.5.0) with ExtractAarTransform
2026-04-25T03:15:22.8110708Z Transforming annotation-experimental-1.5.0.aar (androidx.annotation:annotation-experimental:1.5.0) with LibrarySymbolTableTransform
2026-04-25T03:15:22.8112228Z Transforming profileinstaller-1.4.0.aar (androidx.profileinstaller:profileinstaller:1.4.0) with JetifyTransform
2026-04-25T03:15:22.8113503Z Transforming profileinstaller-1.4.0.aar (androidx.profileinstaller:profileinstaller:1.4.0) with ExtractAarTransform
2026-04-25T03:15:22.8114861Z Transforming profileinstaller-1.4.0.aar (androidx.profileinstaller:profileinstaller:1.4.0) with LibrarySymbolTableTransform
2026-04-25T03:15:22.8116069Z Transforming startup-runtime-1.1.1.aar (androidx.startup:startup-runtime:1.1.1) with JetifyTransform
2026-04-25T03:15:22.8117153Z Transforming startup-runtime-1.1.1.aar (androidx.startup:startup-runtime:1.1.1) with ExtractAarTransform
2026-04-25T03:15:22.8118292Z Transforming startup-runtime-1.1.1.aar (androidx.startup:startup-runtime:1.1.1) with LibrarySymbolTableTransform
2026-04-25T03:15:22.8119331Z Transforming tracing-1.2.0.aar (androidx.tracing:tracing:1.2.0) with JetifyTransform
2026-04-25T03:15:22.8120208Z Transforming tracing-1.2.0.aar (androidx.tracing:tracing:1.2.0) with ExtractAarTransform
2026-04-25T03:15:22.8121157Z Transforming tracing-1.2.0.aar (androidx.tracing:tracing:1.2.0) with LibrarySymbolTableTransform
2026-04-25T03:15:22.8122271Z Transforming interpolator-1.0.0.aar (androidx.interpolator:interpolator:1.0.0) with JetifyTransform
2026-04-25T03:15:22.8123325Z Transforming interpolator-1.0.0.aar (androidx.interpolator:interpolator:1.0.0) with ExtractAarTransform
2026-04-25T03:15:22.8124470Z Transforming interpolator-1.0.0.aar (androidx.interpolator:interpolator:1.0.0) with LibrarySymbolTableTransform
2026-04-25T03:15:22.8125763Z Transforming versionedparcelable-1.1.1.aar (androidx.versionedparcelable:versionedparcelable:1.1.1) with JetifyTransform
2026-04-25T03:15:22.8127153Z Transforming versionedparcelable-1.1.1.aar (androidx.versionedparcelable:versionedparcelable:1.1.1) with ExtractAarTransform
2026-04-25T03:15:22.8128591Z Transforming versionedparcelable-1.1.1.aar (androidx.versionedparcelable:versionedparcelable:1.1.1) with LibrarySymbolTableTransform
2026-04-25T03:15:22.8129890Z Transforming core-runtime-2.2.0.aar (androidx.arch.core:core-runtime:2.2.0) with JetifyTransform
2026-04-25T03:15:22.8130942Z Transforming core-runtime-2.2.0.aar (androidx.arch.core:core-runtime:2.2.0) with ExtractAarTransform
2026-04-25T03:15:22.8132207Z Transforming core-runtime-2.2.0.aar (androidx.arch.core:core-runtime:2.2.0) with LibrarySymbolTableTransform
2026-04-25T03:15:22.8133449Z Transforming sqlite-framework.aar (androidx.sqlite:sqlite-framework-android:2.7.0-alpha03) with JetifyTransform
2026-04-25T03:15:22.8134692Z Transforming sqlite-framework.aar (androidx.sqlite:sqlite-framework-android:2.7.0-alpha03) with ExtractAarTransform
2026-04-25T03:15:22.8136020Z Transforming sqlite-framework.aar (androidx.sqlite:sqlite-framework-android:2.7.0-alpha03) with LibrarySymbolTableTransform
2026-04-25T03:15:22.8137487Z Transforming sqlite-async.aar (androidx.sqlite:sqlite-async-android:2.7.0-alpha03) with JetifyTransform
2026-04-25T03:15:22.8138542Z Transforming sqlite-async.aar (androidx.sqlite:sqlite-async-android:2.7.0-alpha03) with ExtractAarTransform
2026-04-25T03:15:22.8140005Z Transforming sqlite-async.aar (androidx.sqlite:sqlite-async-android:2.7.0-alpha03) with LibrarySymbolTableTransform
2026-04-25T03:15:22.8140993Z Transforming sqlite.aar (androidx.sqlite:sqlite-android:2.7.0-alpha03) with JetifyTransform
2026-04-25T03:15:22.8142026Z Transforming sqlite.aar (androidx.sqlite:sqlite-android:2.7.0-alpha03) with ExtractAarTransform
2026-04-25T03:15:22.8143016Z Transforming sqlite.aar (androidx.sqlite:sqlite-android:2.7.0-alpha03) with LibrarySymbolTableTransform
2026-04-25T03:15:22.8144544Z Caching disabled for LibrarySymbolTableTransform: /home/runner/.gradle/caches/8.11.1/transforms/4f81a84452a71c15e1af23c08dd42a82/transformed/jetified-animation-core because:
2026-04-25T03:15:22.8145679Z   Caching not enabled.
2026-04-25T03:15:22.8146751Z Caching disabled for LibrarySymbolTableTransform: /home/runner/.gradle/caches/8.11.1/transforms/bfbadf3aa82e8d2c6f086b75adb8398a/transformed/jetified-animation because:
2026-04-25T03:15:22.8147874Z   Caching not enabled.
2026-04-25T03:15:22.8148935Z Caching disabled for LibrarySymbolTableTransform: /home/runner/.gradle/caches/8.11.1/transforms/9b3a85a633de8f9d1f1866feb4adf80b/transformed/jetified-ui-geometry because:
2026-04-25T03:15:22.8150054Z   Caching not enabled.
2026-04-25T03:15:22.8151072Z Caching disabled for LibrarySymbolTableTransform: /home/runner/.gradle/caches/8.11.1/transforms/8c21f5dbc4c774dc1f97ad88c52d3ccb/transformed/jetified-ui-unit because:
2026-04-25T03:15:22.8152309Z   Caching not enabled.
2026-04-25T03:15:22.8153444Z Caching disabled for LibrarySymbolTableTransform: /home/runner/.gradle/caches/8.11.1/transforms/62bbfe8dca9ed54bc4c0ab3b238d67e2/transformed/jetified-ui-tooling-preview because:
2026-04-25T03:15:22.8154654Z   Caching not enabled.
2026-04-25T03:15:22.8155698Z Caching disabled for LibrarySymbolTableTransform: /home/runner/.gradle/caches/8.11.1/transforms/1246a0f488a63f1831e1b5a8d10710b0/transformed/jetified-ui-util because:
2026-04-25T03:15:22.8156825Z   Caching not enabled.
2026-04-25T03:15:22.8157869Z Caching disabled for LibrarySymbolTableTransform: /home/runner/.gradle/caches/8.11.1/transforms/6aa2e2a68c2b334c6993af83152c0d73/transformed/jetified-ui-text because:
2026-04-25T03:15:22.8158955Z   Caching not enabled.
2026-04-25T03:15:22.8160084Z Caching disabled for LibrarySymbolTableTransform: /home/runner/.gradle/caches/8.11.1/transforms/a4d7fd655ff98528246c4656eb5f19ea/transformed/jetified-ui-graphics-release because:
2026-04-25T03:15:22.8161279Z   Caching not enabled.
2026-04-25T03:15:22.8162449Z Caching disabled for LibrarySymbolTableTransform: /home/runner/.gradle/caches/8.11.1/transforms/5444a948fcc572516c7b4f3972d025a3/transformed/jetified-ui-tooling because:
2026-04-25T03:15:22.8163581Z   Caching not enabled.
2026-04-25T03:15:22.8164739Z Caching disabled for LibrarySymbolTableTransform: /home/runner/.gradle/caches/8.11.1/transforms/5c922962d5224524f6f00173e6e6b098/transformed/jetified-material-ripple-release because:
2026-04-25T03:15:22.8165960Z   Caching not enabled.
2026-04-25T03:15:22.8167050Z Caching disabled for LibrarySymbolTableTransform: /home/runner/.gradle/caches/8.11.1/transforms/1df681c407b8c6fa7d32611b26aedbfa/transformed/jetified-material-release because:
2026-04-25T03:15:22.8168207Z   Caching not enabled.
2026-04-25T03:15:22.8169372Z Caching disabled for LibrarySymbolTableTransform: /home/runner/.gradle/caches/8.11.1/transforms/88af93a2b7c73505eec7264aa57b0fde/transformed/jetified-material-icons-core-release because:
2026-04-25T03:15:22.8170673Z   Caching not enabled.
2026-04-25T03:15:22.8171949Z Caching disabled for LibrarySymbolTableTransform: /home/runner/.gradle/caches/8.11.1/transforms/f2771391fcc7f80b976540bba9ba7563/transformed/jetified-ui-release because:
2026-04-25T03:15:22.8173415Z   Caching not enabled.
2026-04-25T03:15:22.8174544Z Caching disabled for LibrarySymbolTableTransform: /home/runner/.gradle/caches/8.11.1/transforms/44e8b0036a8201959b70c71bcf364993/transformed/jetified-ui-test-manifest-1.9.2 because:
2026-04-25T03:15:22.8175682Z   Caching not enabled.
2026-04-25T03:15:22.8176851Z Caching disabled for LibrarySymbolTableTransform: /home/runner/.gradle/caches/8.11.1/transforms/48e4941a7a9ae17669c37819052c40dc/transformed/jetified-activity-1.13.0 because:
2026-04-25T03:15:22.8177909Z   Caching not enabled.
2026-04-25T03:15:22.8178913Z Caching disabled for LibrarySymbolTableTransform: /home/runner/.gradle/caches/8.11.1/transforms/d1ab2c85c5c7edaa9d5c11f390bc78b5/transformed/jetified-activity-ktx-1.13.0 because:
2026-04-25T03:15:22.8179978Z   Caching not enabled.
2026-04-25T03:15:22.8181038Z Caching disabled for LibrarySymbolTableTransform: /home/runner/.gradle/caches/8.11.1/transforms/53dd3c85cf1ee483c56fc5c2dad6254c/transformed/jetified-activity-compose-1.13.0 because:
2026-04-25T03:15:22.8182312Z   Caching not enabled.
2026-04-25T03:15:22.8183400Z Caching disabled for LibrarySymbolTableTransform: /home/runner/.gradle/caches/8.11.1/transforms/5df67e3eb4b626cdffa8926a04c266c2/transformed/jetified-autofill-1.0.0 because:
2026-04-25T03:15:22.8184542Z   Caching not enabled.
2026-04-25T03:15:22.8185605Z Caching disabled for LibrarySymbolTableTransform: /home/runner/.gradle/caches/8.11.1/transforms/662be86d238395fbab679cf99a3cc778/transformed/jetified-graphics-path-1.0.1 because:
2026-04-25T03:15:22.8186719Z   Caching not enabled.
2026-04-25T03:15:22.8187749Z Caching disabled for LibrarySymbolTableTransform: /home/runner/.gradle/caches/8.11.1/transforms/3abacfca74cef8bd79f4f6b076410e62/transformed/jetified-emoji2-1.4.0 because:
2026-04-25T03:15:22.8188924Z   Caching not enabled.
2026-04-25T03:15:22.8189922Z Caching disabled for LibrarySymbolTableTransform: /home/runner/.gradle/caches/8.11.1/transforms/b927945fff1b83fd5b90253cf52886eb/transformed/core-1.18.0 because:
2026-04-25T03:15:22.8190986Z   Caching not enabled.
2026-04-25T03:15:22.8192258Z Caching disabled for LibrarySymbolTableTransform: /home/runner/.gradle/caches/8.11.1/transforms/55cf9782038afb4eca1c9ad7a53816b0/transformed/jetified-lifecycle-process-2.9.4 because:
2026-04-25T03:15:22.8193637Z   Caching not enabled.
2026-04-25T03:15:22.8194868Z Caching disabled for LibrarySymbolTableTransform: /home/runner/.gradle/caches/8.11.1/transforms/e5966598a904df0b6971f2fde25eb623/transformed/jetified-lifecycle-viewmodel-ktx-2.9.4 because:
2026-04-25T03:15:22.8196172Z   Caching not enabled.
2026-04-25T03:15:22.8197387Z Caching disabled for LibrarySymbolTableTransform: /home/runner/.gradle/caches/8.11.1/transforms/a64ed8a71f0f7948e723ef829bd51212/transformed/jetified-lifecycle-viewmodel-release because:
2026-04-25T03:15:22.8198676Z   Caching not enabled.
2026-04-25T03:15:22.8199842Z Caching disabled for LibrarySymbolTableTransform: /home/runner/.gradle/caches/8.11.1/transforms/4a12e9705d8182394b2895d78dca45b0/transformed/jetified-lifecycle-runtime-ktx because:
2026-04-25T03:15:22.8201094Z   Caching not enabled.
2026-04-25T03:15:22.8202406Z Caching disabled for LibrarySymbolTableTransform: /home/runner/.gradle/caches/8.11.1/transforms/dcb821152cd722531076c60d0c53d0da/transformed/lifecycle-livedata-core-2.9.4 because:
2026-04-25T03:15:22.8203727Z   Caching not enabled.
2026-04-25T03:15:22.8204860Z Caching disabled for LibrarySymbolTableTransform: /home/runner/.gradle/caches/8.11.1/transforms/d0b493c96f80168d73839878faae7e02/transformed/jetified-runtime-annotation because:
2026-04-25T03:15:22.8206127Z   Caching not enabled.
2026-04-25T03:15:22.8207327Z Caching disabled for LibrarySymbolTableTransform: /home/runner/.gradle/caches/8.11.1/transforms/0c87c26b3896778e2229d65b48e54d08/transformed/jetified-savedstate-release because:
2026-04-25T03:15:22.8208585Z   Caching not enabled.
2026-04-25T03:15:22.8209763Z Caching disabled for LibrarySymbolTableTransform: /home/runner/.gradle/caches/8.11.1/transforms/cc83dad95e58bd620bfba7008db487cb/transformed/jetified-savedstate-ktx-1.3.3 because:
2026-04-25T03:15:22.8211245Z   Caching not enabled.
2026-04-25T03:15:22.8212450Z Caching disabled for LibrarySymbolTableTransform: /home/runner/.gradle/caches/8.11.1/transforms/d5c9e7a4fbd5dcfd5d2f0355c0178367/transformed/jetified-savedstate-compose because:
2026-04-25T03:15:22.8213723Z   Caching not enabled.
2026-04-25T03:15:22.8214638Z Caching disabled for LibrarySymbolTableTransform: /home/runner/.gradle/caches/8.11.1/transforms/a0cbf74fe970c04208d9e439d908ddbc/transformed/jetified-runtime because:
2026-04-25T03:15:22.8215656Z   Caching not enabled.
2026-04-25T03:15:22.8216681Z Caching disabled for LibrarySymbolTableTransform: /home/runner/.gradle/caches/8.11.1/transforms/a4d3c1473a3d4a75eb5d1b0908f28da9/transformed/jetified-runtime-saveable because:
2026-04-25T03:15:22.8217721Z   Caching not enabled.
2026-04-25T03:15:22.8218810Z Caching disabled for LibrarySymbolTableTransform: /home/runner/.gradle/caches/8.11.1/transforms/80255bca652ba087d4065dc2faf39e1a/transformed/jetified-lifecycle-runtime-compose-release because:
2026-04-25T03:15:22.8220006Z   Caching not enabled.
2026-04-25T03:15:22.8221076Z Caching disabled for LibrarySymbolTableTransform: /home/runner/.gradle/caches/8.11.1/transforms/65b45c9026b2bd4459a92bff687b8cdd/transformed/jetified-lifecycle-runtime-release because:
2026-04-25T03:15:22.8222375Z   Caching not enabled.
2026-04-25T03:15:22.8223552Z Caching disabled for LibrarySymbolTableTransform: /home/runner/.gradle/caches/8.11.1/transforms/a71723d6dcbc6be65ef2918cb3811f9c/transformed/jetified-lifecycle-viewmodel-savedstate-release because:
2026-04-25T03:15:22.8224766Z   Caching not enabled.
2026-04-25T03:15:22.8225869Z Caching disabled for LibrarySymbolTableTransform: /home/runner/.gradle/caches/8.11.1/transforms/f5f3e112a8bc5346f87af9a240971861/transformed/jetified-customview-poolingcontainer-1.0.0 because:
2026-04-25T03:15:22.8227063Z   Caching not enabled.
2026-04-25T03:15:22.8228051Z Caching disabled for LibrarySymbolTableTransform: /home/runner/.gradle/caches/8.11.1/transforms/bc2ce13905b20cb4f5958c45d1c9d573/transformed/jetified-core-ktx-1.18.0 because:
2026-04-25T03:15:22.8229118Z   Caching not enabled.
2026-04-25T03:15:22.8230111Z Caching disabled for LibrarySymbolTableTransform: /home/runner/.gradle/caches/8.11.1/transforms/269f2e4e646d8543a7b2c254a4b93a7f/transformed/jetified-core-viewtree-1.0.0 because:
2026-04-25T03:15:22.8231185Z   Caching not enabled.
2026-04-25T03:15:22.8232338Z Caching disabled for LibrarySymbolTableTransform: /home/runner/.gradle/caches/8.11.1/transforms/e8dc695c4c5bdd0cf72b059e2d23cf12/transformed/jetified-room3-runtime because:
2026-04-25T03:15:22.8233421Z   Caching not enabled.
2026-04-25T03:15:22.8234479Z Caching disabled for LibrarySymbolTableTransform: /home/runner/.gradle/caches/8.11.1/transforms/322ae4830614cf31fd29d75d5510d387/transformed/jetified-annotation-experimental-1.5.0 because:
2026-04-25T03:15:22.8235635Z   Caching not enabled.
2026-04-25T03:15:22.8236664Z Caching disabled for LibrarySymbolTableTransform: /home/runner/.gradle/caches/8.11.1/transforms/f183e16ca5302cbdac9b4ad366abf41f/transformed/jetified-profileinstaller-1.4.0 because:
2026-04-25T03:15:22.8237789Z   Caching not enabled.
2026-04-25T03:15:22.8238861Z Caching disabled for LibrarySymbolTableTransform: /home/runner/.gradle/caches/8.11.1/transforms/b28d6fd91b6acc053f31c2d921c622fc/transformed/jetified-startup-runtime-1.1.1 because:
2026-04-25T03:15:22.8240028Z   Caching not enabled.
2026-04-25T03:15:22.8241051Z Caching disabled for LibrarySymbolTableTransform: /home/runner/.gradle/caches/8.11.1/transforms/ae121b1900a7c948b2862f422c9c5a93/transformed/jetified-tracing-1.2.0 because:
2026-04-25T03:15:22.8242316Z   Caching not enabled.
2026-04-25T03:15:22.8243376Z Caching disabled for LibrarySymbolTableTransform: /home/runner/.gradle/caches/8.11.1/transforms/05d0b6d4d2e67536598763bde6059c13/transformed/interpolator-1.0.0 because:
2026-04-25T03:15:22.8244507Z   Caching not enabled.
2026-04-25T03:15:22.8245623Z Caching disabled for LibrarySymbolTableTransform: /home/runner/.gradle/caches/8.11.1/transforms/93dc7ef43c96d012f7f54d4eefcc3a71/transformed/versionedparcelable-1.1.1 because:
2026-04-25T03:15:22.8247008Z   Caching not enabled.
2026-04-25T03:15:22.8248222Z Caching disabled for LibrarySymbolTableTransform: /home/runner/.gradle/caches/8.11.1/transforms/c3bd2d9e6c8cd1fbb7860453d0102ec6/transformed/core-runtime-2.2.0 because:
2026-04-25T03:15:22.8249355Z   Caching not enabled.
2026-04-25T03:15:22.8250434Z Caching disabled for LibrarySymbolTableTransform: /home/runner/.gradle/caches/8.11.1/transforms/604fc49abdfe089f289a91472a0596e5/transformed/jetified-sqlite-framework because:
2026-04-25T03:15:22.8251741Z   Caching not enabled.
2026-04-25T03:15:22.8252780Z Caching disabled for LibrarySymbolTableTransform: /home/runner/.gradle/caches/8.11.1/transforms/a3448bc9557eef07cb20e2e3acd94a98/transformed/jetified-sqlite-async because:
2026-04-25T03:15:22.8253903Z   Caching not enabled.
2026-04-25T03:15:22.8254913Z Caching disabled for LibrarySymbolTableTransform: /home/runner/.gradle/caches/8.11.1/transforms/0d88d4ca6e3f9c9ab59ee57b9789223f/transformed/jetified-sqlite because:
2026-04-25T03:15:22.8256018Z   Caching not enabled.
2026-04-25T03:15:22.8256581Z Build cache key for task ':app:processDebugResources' is 0756db4d1f40b9d2cd2e6347b42f74b4
2026-04-25T03:15:22.8257345Z Task ':app:processDebugResources' is not up-to-date because:
2026-04-25T03:15:22.8257856Z   No history is available.
2026-04-25T03:15:22.8258457Z The input changes require a full rebuild for incremental task ':app:processDebugResources'.
2026-04-25T03:15:22.8260060Z Aapt output file /home/runner/work/flashcard-app/flashcard-app/app/build/intermediates/linked_resources_binary_format/debug/processDebugResources/linked-resources-binary-format-debug.ap_
2026-04-25T03:15:22.8261846Z Stored cache entry for task ':app:processDebugResources' with cache key 0756db4d1f40b9d2cd2e6347b42f74b4
2026-04-25T03:15:23.5163128Z Resolve mutations for :app:kspDebugKotlin (Thread[Execution worker Thread 3,5,main]) started.
2026-04-25T03:15:23.5177469Z :app:kspDebugKotlin (Thread[Execution worker Thread 3,5,main]) started.
2026-04-25T03:15:23.5231919Z 
2026-04-25T03:15:23.5292180Z > Task :app:checkDebugDuplicateClasses
2026-04-25T03:15:23.5317839Z Transforming navigationevent.aar (androidx.navigationevent:navigationevent-android:1.0.0) with JetifyTransform
2026-04-25T03:15:23.5372547Z Transforming navigationevent.aar (androidx.navigationevent:navigationevent-android:1.0.0) with AarToClassTransform
2026-04-25T03:15:23.5402653Z Transforming navigationevent-compose.aar (androidx.navigationevent:navigationevent-compose-android:1.0.0) with JetifyTransform
2026-04-25T03:15:23.5404252Z Transforming navigationevent-compose.aar (androidx.navigationevent:navigationevent-compose-android:1.0.0) with AarToClassTransform
2026-04-25T03:15:23.5405693Z Transforming material3-release.aar (androidx.compose.material3:material3-android:1.2.1) with JetifyTransform
2026-04-25T03:15:23.5406958Z Transforming material3-release.aar (androidx.compose.material3:material3-android:1.2.1) with AarToClassTransform
2026-04-25T03:15:23.5408234Z Transforming ui-tooling-data.aar (androidx.compose.ui:ui-tooling-data-android:1.9.2) with JetifyTransform
2026-04-25T03:15:23.5409435Z Transforming ui-tooling-data.aar (androidx.compose.ui:ui-tooling-data-android:1.9.2) with AarToClassTransform
2026-04-25T03:15:23.5410740Z Transforming foundation-layout.aar (androidx.compose.foundation:foundation-layout-android:1.9.2) with JetifyTransform
2026-04-25T03:15:23.5412347Z Transforming foundation-layout.aar (androidx.compose.foundation:foundation-layout-android:1.9.2) with AarToClassTransform
2026-04-25T03:15:23.5413707Z Transforming foundation-release.aar (androidx.compose.foundation:foundation-android:1.9.2) with JetifyTransform
2026-04-25T03:15:23.5415025Z Transforming foundation-release.aar (androidx.compose.foundation:foundation-android:1.9.2) with AarToClassTransform
2026-04-25T03:15:23.5416268Z Transforming animation.aar (androidx.compose.animation:animation-android:1.9.2) with JetifyTransform
2026-04-25T03:15:23.5417708Z Transforming animation.aar (androidx.compose.animation:animation-android:1.9.2) with AarToClassTransform
2026-04-25T03:15:23.5418885Z Transforming animation-core.aar (androidx.compose.animation:animation-core-android:1.9.2) with JetifyTransform
2026-04-25T03:15:23.5420330Z Transforming animation-core.aar (androidx.compose.animation:animation-core-android:1.9.2) with AarToClassTransform
2026-04-25T03:15:23.5421415Z Transforming ui-unit.aar (androidx.compose.ui:ui-unit-android:1.9.2) with JetifyTransform
2026-04-25T03:15:23.5422499Z Transforming ui-unit.aar (androidx.compose.ui:ui-unit-android:1.9.2) with AarToClassTransform
2026-04-25T03:15:23.5423510Z Transforming ui-geometry.aar (androidx.compose.ui:ui-geometry-android:1.9.2) with JetifyTransform
2026-04-25T03:15:23.5424600Z Transforming ui-geometry.aar (androidx.compose.ui:ui-geometry-android:1.9.2) with AarToClassTransform
2026-04-25T03:15:23.5425654Z Transforming ui-tooling-preview.aar (androidx.compose.ui:ui-tooling-preview-android:1.9.2) with JetifyTransform
2026-04-25T03:15:23.5426920Z Transforming ui-tooling-preview.aar (androidx.compose.ui:ui-tooling-preview-android:1.9.2) with AarToClassTransform
2026-04-25T03:15:23.5428115Z Transforming ui-util.aar (androidx.compose.ui:ui-util-android:1.9.2) with JetifyTransform
2026-04-25T03:15:23.5429092Z Transforming ui-util.aar (androidx.compose.ui:ui-util-android:1.9.2) with AarToClassTransform
2026-04-25T03:15:23.5430066Z Transforming ui-text.aar (androidx.compose.ui:ui-text-android:1.9.2) with JetifyTransform
2026-04-25T03:15:23.5431030Z Transforming ui-text.aar (androidx.compose.ui:ui-text-android:1.9.2) with AarToClassTransform
2026-04-25T03:15:23.5492501Z Transforming ui-graphics-release.aar (androidx.compose.ui:ui-graphics-android:1.9.2) with JetifyTransform
2026-04-25T03:15:23.5493777Z Transforming ui-graphics-release.aar (androidx.compose.ui:ui-graphics-android:1.9.2) with AarToClassTransform
2026-04-25T03:15:23.5494913Z Transforming ui-tooling.aar (androidx.compose.ui:ui-tooling-android:1.9.2) with JetifyTransform
2026-04-25T03:15:23.5496028Z Transforming ui-tooling.aar (androidx.compose.ui:ui-tooling-android:1.9.2) with AarToClassTransform
2026-04-25T03:15:23.5497170Z Transforming material-release.aar (androidx.compose.material:material-android:1.6.8) with JetifyTransform
2026-04-25T03:15:23.5498401Z Transforming material-release.aar (androidx.compose.material:material-android:1.6.8) with AarToClassTransform
2026-04-25T03:15:23.5499728Z Transforming material-ripple-release.aar (androidx.compose.material:material-ripple-android:1.6.8) with JetifyTransform
2026-04-25T03:15:23.5501148Z Transforming material-ripple-release.aar (androidx.compose.material:material-ripple-android:1.6.8) with AarToClassTransform
2026-04-25T03:15:23.5502793Z Transforming material-icons-core-release.aar (androidx.compose.material:material-icons-core-android:1.6.8) with JetifyTransform
2026-04-25T03:15:23.5504298Z Transforming material-icons-core-release.aar (androidx.compose.material:material-icons-core-android:1.6.8) with AarToClassTransform
2026-04-25T03:15:23.5505530Z Transforming ui-release.aar (androidx.compose.ui:ui-android:1.9.2) with JetifyTransform
2026-04-25T03:15:23.5506497Z Transforming ui-release.aar (androidx.compose.ui:ui-android:1.9.2) with AarToClassTransform
2026-04-25T03:15:23.5507573Z Transforming ui-test-manifest-1.9.2.aar (androidx.compose.ui:ui-test-manifest:1.9.2) with JetifyTransform
2026-04-25T03:15:23.5508738Z Transforming ui-test-manifest-1.9.2.aar (androidx.compose.ui:ui-test-manifest:1.9.2) with AarToClassTransform
2026-04-25T03:15:23.5509858Z Transforming activity-ktx-1.13.0.aar (androidx.activity:activity-ktx:1.13.0) with JetifyTransform
2026-04-25T03:15:23.5510914Z Transforming activity-ktx-1.13.0.aar (androidx.activity:activity-ktx:1.13.0) with AarToClassTransform
2026-04-25T03:15:23.5512087Z Transforming activity-1.13.0.aar (androidx.activity:activity:1.13.0) with JetifyTransform
2026-04-25T03:15:23.5513056Z Transforming activity-1.13.0.aar (androidx.activity:activity:1.13.0) with AarToClassTransform
2026-04-25T03:15:23.5514334Z Transforming activity-compose-1.13.0.aar (androidx.activity:activity-compose:1.13.0) with JetifyTransform
2026-04-25T03:15:23.5515497Z Transforming activity-compose-1.13.0.aar (androidx.activity:activity-compose:1.13.0) with AarToClassTransform
2026-04-25T03:15:23.5516717Z Transforming autofill-1.0.0.aar (androidx.autofill:autofill:1.0.0) with JetifyTransform
2026-04-25T03:15:23.5517659Z Transforming autofill-1.0.0.aar (androidx.autofill:autofill:1.0.0) with AarToClassTransform
2026-04-25T03:15:23.5518680Z Transforming graphics-path-1.0.1.aar (androidx.graphics:graphics-path:1.0.1) with JetifyTransform
2026-04-25T03:15:23.5519720Z Transforming graphics-path-1.0.1.aar (androidx.graphics:graphics-path:1.0.1) with AarToClassTransform
2026-04-25T03:15:23.5520694Z Transforming emoji2-1.4.0.aar (androidx.emoji2:emoji2:1.4.0) with JetifyTransform
2026-04-25T03:15:23.5581781Z Transforming emoji2-1.4.0.aar (androidx.emoji2:emoji2:1.4.0) with AarToClassTransform
2026-04-25T03:15:23.5582859Z Transforming core-1.18.0.aar (androidx.core:core:1.18.0) with JetifyTransform
2026-04-25T03:15:23.5583696Z Transforming core-1.18.0.aar (androidx.core:core:1.18.0) with AarToClassTransform
2026-04-25T03:15:23.5584539Z Transforming core-1.18.0.aar (androidx.core:core:1.18.0) with JetifyTransform
2026-04-25T03:15:23.5585334Z Transforming core-1.18.0.aar (androidx.core:core:1.18.0) with AarToClassTransform
2026-04-25T03:15:23.5586337Z Transforming lifecycle-process-2.9.4.aar (androidx.lifecycle:lifecycle-process:2.9.4) with JetifyTransform
2026-04-25T03:15:23.5587558Z Transforming lifecycle-process-2.9.4.aar (androidx.lifecycle:lifecycle-process:2.9.4) with AarToClassTransform
2026-04-25T03:15:23.5588846Z Transforming lifecycle-viewmodel-ktx-2.9.4.aar (androidx.lifecycle:lifecycle-viewmodel-ktx:2.9.4) with JetifyTransform
2026-04-25T03:15:23.5590238Z Transforming lifecycle-viewmodel-ktx-2.9.4.aar (androidx.lifecycle:lifecycle-viewmodel-ktx:2.9.4) with AarToClassTransform
2026-04-25T03:15:23.5591761Z Transforming lifecycle-livedata-core-2.9.4.aar (androidx.lifecycle:lifecycle-livedata-core:2.9.4) with JetifyTransform
2026-04-25T03:15:23.5593119Z Transforming lifecycle-livedata-core-2.9.4.aar (androidx.lifecycle:lifecycle-livedata-core:2.9.4) with AarToClassTransform
2026-04-25T03:15:23.5594517Z Transforming lifecycle-runtime-ktx.aar (androidx.lifecycle:lifecycle-runtime-ktx-android:2.9.4) with JetifyTransform
2026-04-25T03:15:23.5595896Z Transforming lifecycle-runtime-ktx.aar (androidx.lifecycle:lifecycle-runtime-ktx-android:2.9.4) with AarToClassTransform
2026-04-25T03:15:23.5597626Z Caching disabled for AarToClassTransform: /home/runner/.gradle/caches/8.11.1/transforms/662c191ac34b42e275af53136c9e4839/transformed/jetified-navigationevent.aar because:
2026-04-25T03:15:23.5598820Z   Caching not enabled.
2026-04-25T03:15:23.5600004Z Caching disabled for AarToClassTransform: /home/runner/.gradle/caches/8.11.1/transforms/0ab01a77cb0bfe4c2e331aaa425714c3/transformed/jetified-navigationevent-compose.aar because:
2026-04-25T03:15:23.5601270Z   Caching not enabled.
2026-04-25T03:15:23.5602248Z Transforming lifecycle-viewmodel-release.aar (androidx.lifecycle:lifecycle-viewmodel-android:2.9.4) with JetifyTransform
2026-04-25T03:15:23.5603699Z Transforming lifecycle-viewmodel-release.aar (androidx.lifecycle:lifecycle-viewmodel-android:2.9.4) with AarToClassTransform
2026-04-25T03:15:23.5605119Z Transforming runtime-annotation.aar (androidx.compose.runtime:runtime-annotation-android:1.9.2) with JetifyTransform
2026-04-25T03:15:23.5606503Z Transforming runtime-annotation.aar (androidx.compose.runtime:runtime-annotation-android:1.9.2) with AarToClassTransform
2026-04-25T03:15:23.5607813Z Transforming savedstate-release.aar (androidx.savedstate:savedstate-android:1.3.3) with JetifyTransform
2026-04-25T03:15:23.5608986Z Transforming savedstate-release.aar (androidx.savedstate:savedstate-android:1.3.3) with AarToClassTransform
2026-04-25T03:15:23.5610147Z Transforming savedstate-ktx-1.3.3.aar (androidx.savedstate:savedstate-ktx:1.3.3) with JetifyTransform
2026-04-25T03:15:23.5611506Z Transforming savedstate-ktx-1.3.3.aar (androidx.savedstate:savedstate-ktx:1.3.3) with AarToClassTransform
2026-04-25T03:15:23.5673568Z Transforming savedstate-compose.aar (androidx.savedstate:savedstate-compose-android:1.3.3) with JetifyTransform
2026-04-25T03:15:23.5674908Z Transforming savedstate-compose.aar (androidx.savedstate:savedstate-compose-android:1.3.3) with AarToClassTransform
2026-04-25T03:15:23.5676093Z Transforming runtime.aar (androidx.compose.runtime:runtime-android:1.9.2) with JetifyTransform
2026-04-25T03:15:23.5677139Z Transforming runtime.aar (androidx.compose.runtime:runtime-android:1.9.2) with AarToClassTransform
2026-04-25T03:15:23.5678309Z Transforming runtime-saveable.aar (androidx.compose.runtime:runtime-saveable-android:1.9.2) with JetifyTransform
2026-04-25T03:15:23.5679596Z Transforming runtime-saveable.aar (androidx.compose.runtime:runtime-saveable-android:1.9.2) with AarToClassTransform
2026-04-25T03:15:23.5681057Z Transforming lifecycle-runtime-compose-release.aar (androidx.lifecycle:lifecycle-runtime-compose-android:2.9.4) with JetifyTransform
2026-04-25T03:15:23.5682792Z Transforming lifecycle-runtime-compose-release.aar (androidx.lifecycle:lifecycle-runtime-compose-android:2.9.4) with AarToClassTransform
2026-04-25T03:15:23.5684261Z Transforming lifecycle-runtime-release.aar (androidx.lifecycle:lifecycle-runtime-android:2.9.4) with JetifyTransform
2026-04-25T03:15:23.5685607Z Transforming lifecycle-runtime-release.aar (androidx.lifecycle:lifecycle-runtime-android:2.9.4) with AarToClassTransform
2026-04-25T03:15:23.5687155Z Transforming lifecycle-viewmodel-savedstate-release.aar (androidx.lifecycle:lifecycle-viewmodel-savedstate-android:2.9.4) with JetifyTransform
2026-04-25T03:15:23.5688901Z Transforming lifecycle-viewmodel-savedstate-release.aar (androidx.lifecycle:lifecycle-viewmodel-savedstate-android:2.9.4) with AarToClassTransform
2026-04-25T03:15:23.5690536Z Transforming customview-poolingcontainer-1.0.0.aar (androidx.customview:customview-poolingcontainer:1.0.0) with JetifyTransform
2026-04-25T03:15:23.5692173Z Transforming customview-poolingcontainer-1.0.0.aar (androidx.customview:customview-poolingcontainer:1.0.0) with AarToClassTransform
2026-04-25T03:15:23.5693383Z Transforming core-ktx-1.18.0.aar (androidx.core:core-ktx:1.18.0) with JetifyTransform
2026-04-25T03:15:23.5694259Z Transforming core-ktx-1.18.0.aar (androidx.core:core-ktx:1.18.0) with AarToClassTransform
2026-04-25T03:15:23.5695339Z Transforming room3-common-jvm-3.0.0-alpha03.jar (androidx.room3:room3-common-jvm:3.0.0-alpha03) with JetifyTransform
2026-04-25T03:15:23.5696527Z Transforming room3-runtime.aar (androidx.room3:room3-runtime-android:3.0.0-alpha03) with JetifyTransform
2026-04-25T03:15:23.5697668Z Transforming room3-runtime.aar (androidx.room3:room3-runtime-android:3.0.0-alpha03) with AarToClassTransform
2026-04-25T03:15:23.5698746Z Transforming core-viewtree-1.0.0.aar (androidx.core:core-viewtree:1.0.0) with JetifyTransform
2026-04-25T03:15:23.5699753Z Transforming core-viewtree-1.0.0.aar (androidx.core:core-viewtree:1.0.0) with AarToClassTransform
2026-04-25T03:15:23.5700939Z Transforming annotation-experimental-1.5.0.aar (androidx.annotation:annotation-experimental:1.5.0) with JetifyTransform
2026-04-25T03:15:23.5743007Z Transforming annotation-experimental-1.5.0.aar (androidx.annotation:annotation-experimental:1.5.0) with AarToClassTransform
2026-04-25T03:15:23.5744413Z Transforming profileinstaller-1.4.0.aar (androidx.profileinstaller:profileinstaller:1.4.0) with JetifyTransform
2026-04-25T03:15:23.5745713Z Transforming profileinstaller-1.4.0.aar (androidx.profileinstaller:profileinstaller:1.4.0) with AarToClassTransform
2026-04-25T03:15:23.5746994Z Transforming startup-runtime-1.1.1.aar (androidx.startup:startup-runtime:1.1.1) with JetifyTransform
2026-04-25T03:15:23.5748096Z Transforming startup-runtime-1.1.1.aar (androidx.startup:startup-runtime:1.1.1) with AarToClassTransform
2026-04-25T03:15:23.5749363Z Transforming tracing-1.2.0.aar (androidx.tracing:tracing:1.2.0) with JetifyTransform
2026-04-25T03:15:23.5750249Z Transforming tracing-1.2.0.aar (androidx.tracing:tracing:1.2.0) with AarToClassTransform
2026-04-25T03:15:23.5751412Z Transforming interpolator-1.0.0.aar (androidx.interpolator:interpolator:1.0.0) with JetifyTransform
2026-04-25T03:15:23.5752671Z Transforming interpolator-1.0.0.aar (androidx.interpolator:interpolator:1.0.0) with AarToClassTransform
2026-04-25T03:15:23.5753965Z Transforming versionedparcelable-1.1.1.aar (androidx.versionedparcelable:versionedparcelable:1.1.1) with JetifyTransform
2026-04-25T03:15:23.5755405Z Transforming versionedparcelable-1.1.1.aar (androidx.versionedparcelable:versionedparcelable:1.1.1) with AarToClassTransform
2026-04-25T03:15:23.5756629Z Transforming core-runtime-2.2.0.aar (androidx.arch.core:core-runtime:2.2.0) with JetifyTransform
2026-04-25T03:15:23.5757669Z Transforming core-runtime-2.2.0.aar (androidx.arch.core:core-runtime:2.2.0) with AarToClassTransform
2026-04-25T03:15:23.5758839Z Transforming sqlite-framework.aar (androidx.sqlite:sqlite-framework-android:2.7.0-alpha03) with JetifyTransform
2026-04-25T03:15:23.5760099Z Transforming sqlite-framework.aar (androidx.sqlite:sqlite-framework-android:2.7.0-alpha03) with AarToClassTransform
2026-04-25T03:15:23.5761317Z Transforming sqlite-async.aar (androidx.sqlite:sqlite-async-android:2.7.0-alpha03) with JetifyTransform
2026-04-25T03:15:23.5762494Z Transforming sqlite-async.aar (androidx.sqlite:sqlite-async-android:2.7.0-alpha03) with AarToClassTransform
2026-04-25T03:15:23.5763550Z Transforming sqlite.aar (androidx.sqlite:sqlite-android:2.7.0-alpha03) with JetifyTransform
2026-04-25T03:15:23.5764559Z Transforming sqlite.aar (androidx.sqlite:sqlite-android:2.7.0-alpha03) with AarToClassTransform
2026-04-25T03:15:23.5765629Z Transforming annotation-jvm-1.9.1.jar (androidx.annotation:annotation-jvm:1.9.1) with JetifyTransform
2026-04-25T03:15:23.5766631Z Transforming jspecify-1.0.0.jar (org.jspecify:jspecify:1.0.0) with JetifyTransform
2026-04-25T03:15:23.5768093Z Caching disabled for AarToClassTransform: /home/runner/.gradle/caches/8.11.1/transforms/e8558172ca95303930bbecaa9104c895/transformed/jetified-ui-tooling-data.aar because:
2026-04-25T03:15:23.5769294Z   Caching not enabled.
2026-04-25T03:15:23.5770111Z Transforming ui-tooling-data.aar (androidx.compose.ui:ui-tooling-data-android:1.9.2) with EnumerateClassesTransform
2026-04-25T03:15:23.5814950Z Build cache key for EnumerateClassesTransform: /home/runner/.gradle/caches/8.11.1/transforms/4b4494291fb4ead5f851815bd205d22d/transformed/jetified-ui-tooling-data-runtime.jar is 482c80b2a6427978480e315e0fdcc38a
2026-04-25T03:15:23.5817082Z Transforming navigationevent-compose.aar (androidx.navigationevent:navigationevent-compose-android:1.0.0) with EnumerateClassesTransform
2026-04-25T03:15:23.5819205Z Build cache key for EnumerateClassesTransform: /home/runner/.gradle/caches/8.11.1/transforms/1221570b795cfe2ef8dac742c5eafbee/transformed/jetified-navigationevent-compose-runtime.jar is a6bc8fa9ed172d87b455c3e31cacce10
2026-04-25T03:15:23.5821120Z Transforming navigationevent.aar (androidx.navigationevent:navigationevent-android:1.0.0) with EnumerateClassesTransform
2026-04-25T03:15:23.5823155Z Build cache key for EnumerateClassesTransform: /home/runner/.gradle/caches/8.11.1/transforms/e7d8f488d42542db66a20fc5bb1448ba/transformed/jetified-navigationevent-runtime.jar is b80acbe6651772f330cc704885f6d724
2026-04-25T03:15:23.5825449Z Stored cache entry for EnumerateClassesTransform: /home/runner/.gradle/caches/8.11.1/transforms/e7d8f488d42542db66a20fc5bb1448ba/transformed/jetified-navigationevent-runtime.jar with cache key b80acbe6651772f330cc704885f6d724
2026-04-25T03:15:23.5827847Z Stored cache entry for EnumerateClassesTransform: /home/runner/.gradle/caches/8.11.1/transforms/4b4494291fb4ead5f851815bd205d22d/transformed/jetified-ui-tooling-data-runtime.jar with cache key 482c80b2a6427978480e315e0fdcc38a
2026-04-25T03:15:23.5829827Z Caching disabled for AarToClassTransform: /home/runner/.gradle/caches/8.11.1/transforms/651c6859b01bd2452da29ab2d8071ef4/transformed/jetified-foundation-layout.aar because:
2026-04-25T03:15:23.5831160Z   Caching not enabled.
2026-04-25T03:15:23.5832934Z Stored cache entry for EnumerateClassesTransform: /home/runner/.gradle/caches/8.11.1/transforms/1221570b795cfe2ef8dac742c5eafbee/transformed/jetified-navigationevent-compose-runtime.jar with cache key a6bc8fa9ed172d87b455c3e31cacce10
2026-04-25T03:15:23.5835006Z Caching disabled for AarToClassTransform: /home/runner/.gradle/caches/8.11.1/transforms/fdc5f9efc052b8d13e9b78ca37b95c62/transformed/jetified-animation.aar because:
2026-04-25T03:15:23.5836133Z   Caching not enabled.
2026-04-25T03:15:23.5837247Z Caching disabled for AarToClassTransform: /home/runner/.gradle/caches/8.11.1/transforms/37db2277dc94c4711ae63e662db15c55/transformed/jetified-foundation-release.aar because:
2026-04-25T03:15:23.5838470Z   Caching not enabled.
2026-04-25T03:15:23.5839217Z Transforming animation.aar (androidx.compose.animation:animation-android:1.9.2) with EnumerateClassesTransform
2026-04-25T03:15:23.5840628Z Transforming foundation-layout.aar (androidx.compose.foundation:foundation-layout-android:1.9.2) with EnumerateClassesTransform
2026-04-25T03:15:23.5903086Z Build cache key for EnumerateClassesTransform: /home/runner/.gradle/caches/8.11.1/transforms/2686296ec80c02cafa818a951cfeba5f/transformed/jetified-animation-runtime.jar is 19ff979c9cf5541a070c632f257566b5
2026-04-25T03:15:23.5905708Z Build cache key for EnumerateClassesTransform: /home/runner/.gradle/caches/8.11.1/transforms/6c375430bd48a71d1b662904206b97f6/transformed/jetified-foundation-layout-runtime.jar is 36ed1a2b595c5ecb20e9bf6539e5839b
2026-04-25T03:15:23.5908294Z Stored cache entry for EnumerateClassesTransform: /home/runner/.gradle/caches/8.11.1/transforms/2686296ec80c02cafa818a951cfeba5f/transformed/jetified-animation-runtime.jar with cache key 19ff979c9cf5541a070c632f257566b5
2026-04-25T03:15:23.5910559Z Caching disabled for AarToClassTransform: /home/runner/.gradle/caches/8.11.1/transforms/c0a4e2bd4f428ed71ec46f70fe399651/transformed/jetified-animation-core.aar because:
2026-04-25T03:15:23.5911916Z   Caching not enabled.
2026-04-25T03:15:23.5913416Z Stored cache entry for EnumerateClassesTransform: /home/runner/.gradle/caches/8.11.1/transforms/6c375430bd48a71d1b662904206b97f6/transformed/jetified-foundation-layout-runtime.jar with cache key 36ed1a2b595c5ecb20e9bf6539e5839b
2026-04-25T03:15:23.5915739Z Caching disabled for AarToClassTransform: /home/runner/.gradle/caches/8.11.1/transforms/be60eca1db00e760d557696ceb09452e/transformed/jetified-ui-unit.aar because:
2026-04-25T03:15:23.5916865Z   Caching not enabled.
2026-04-25T03:15:23.5917684Z Transforming animation-core.aar (androidx.compose.animation:animation-core-android:1.9.2) with EnumerateClassesTransform
2026-04-25T03:15:23.5918948Z Transforming ui-unit.aar (androidx.compose.ui:ui-unit-android:1.9.2) with EnumerateClassesTransform
2026-04-25T03:15:23.5920733Z Build cache key for EnumerateClassesTransform: /home/runner/.gradle/caches/8.11.1/transforms/c50ce91939ecbd16882c3737f0dfd46d/transformed/jetified-animation-core-runtime.jar is b675ec7698172fd4fcdc43c8fa180b09
2026-04-25T03:15:23.5923292Z Build cache key for EnumerateClassesTransform: /home/runner/.gradle/caches/8.11.1/transforms/d8b218e4cdbe58d3f70ba42db465a03c/transformed/jetified-ui-unit-runtime.jar is 75519d2f1f4cef976e44011ffb41f47b
2026-04-25T03:15:23.5925823Z Stored cache entry for EnumerateClassesTransform: /home/runner/.gradle/caches/8.11.1/transforms/c50ce91939ecbd16882c3737f0dfd46d/transformed/jetified-animation-core-runtime.jar with cache key b675ec7698172fd4fcdc43c8fa180b09
2026-04-25T03:15:23.5928144Z Caching disabled for AarToClassTransform: /home/runner/.gradle/caches/8.11.1/transforms/f4896e48c4d9e3d2c15f6304743b7f78/transformed/jetified-ui-geometry.aar because:
2026-04-25T03:15:23.5929250Z   Caching not enabled.
2026-04-25T03:15:23.5930659Z Stored cache entry for EnumerateClassesTransform: /home/runner/.gradle/caches/8.11.1/transforms/d8b218e4cdbe58d3f70ba42db465a03c/transformed/jetified-ui-unit-runtime.jar with cache key 75519d2f1f4cef976e44011ffb41f47b
2026-04-25T03:15:23.5993170Z Transforming ui-geometry.aar (androidx.compose.ui:ui-geometry-android:1.9.2) with EnumerateClassesTransform
2026-04-25T03:15:23.5995105Z Caching disabled for AarToClassTransform: /home/runner/.gradle/caches/8.11.1/transforms/f37b1d8fbac2dffae54114aab8b95cca/transformed/jetified-ui-tooling-preview.aar because:
2026-04-25T03:15:23.5996337Z   Caching not enabled.
2026-04-25T03:15:23.5997448Z Caching disabled for AarToClassTransform: /home/runner/.gradle/caches/8.11.1/transforms/22f792523c16f054b2accbf1c537728e/transformed/jetified-material3-release.aar because:
2026-04-25T03:15:23.5998645Z   Caching not enabled.
2026-04-25T03:15:23.5999992Z Build cache key for EnumerateClassesTransform: /home/runner/.gradle/caches/8.11.1/transforms/15c659c241cedbf7f57c4ee91e5cd15a/transformed/jetified-ui-geometry-runtime.jar is 194330104d613d4f80210d0e41635b68
2026-04-25T03:15:23.6002074Z Transforming ui-tooling-preview.aar (androidx.compose.ui:ui-tooling-preview-android:1.9.2) with EnumerateClassesTransform
2026-04-25T03:15:23.6004138Z Stored cache entry for EnumerateClassesTransform: /home/runner/.gradle/caches/8.11.1/transforms/15c659c241cedbf7f57c4ee91e5cd15a/transformed/jetified-ui-geometry-runtime.jar with cache key 194330104d613d4f80210d0e41635b68
2026-04-25T03:15:23.6006704Z Build cache key for EnumerateClassesTransform: /home/runner/.gradle/caches/8.11.1/transforms/c749e5795c132aac751e4384c448a744/transformed/jetified-ui-tooling-preview-runtime.jar is f2d60d6ff7f92a55545cb5fccc695860
2026-04-25T03:15:23.6008877Z Caching disabled for AarToClassTransform: /home/runner/.gradle/caches/8.11.1/transforms/5b883a22f6cfc1785fa561794c958fa5/transformed/jetified-ui-util.aar because:
2026-04-25T03:15:23.6009994Z   Caching not enabled.
2026-04-25T03:15:23.6011460Z Stored cache entry for EnumerateClassesTransform: /home/runner/.gradle/caches/8.11.1/transforms/c749e5795c132aac751e4384c448a744/transformed/jetified-ui-tooling-preview-runtime.jar with cache key f2d60d6ff7f92a55545cb5fccc695860
2026-04-25T03:15:23.6013947Z Caching disabled for AarToClassTransform: /home/runner/.gradle/caches/8.11.1/transforms/1f89e9327aab6c94be44bd21771f6ba8/transformed/jetified-ui-text.aar because:
2026-04-25T03:15:23.6015104Z   Caching not enabled.
2026-04-25T03:15:23.6015774Z Transforming ui-util.aar (androidx.compose.ui:ui-util-android:1.9.2) with EnumerateClassesTransform
2026-04-25T03:15:23.6017536Z Build cache key for EnumerateClassesTransform: /home/runner/.gradle/caches/8.11.1/transforms/24a5a4b1bc851ec56eac8c0ed8cb3e93/transformed/jetified-ui-util-runtime.jar is 99f8193c299a1e4c911e12cd1fb2407e
2026-04-25T03:15:23.6019976Z Stored cache entry for EnumerateClassesTransform: /home/runner/.gradle/caches/8.11.1/transforms/24a5a4b1bc851ec56eac8c0ed8cb3e93/transformed/jetified-ui-util-runtime.jar with cache key 99f8193c299a1e4c911e12cd1fb2407e
2026-04-25T03:15:23.6102726Z Caching disabled for AarToClassTransform: /home/runner/.gradle/caches/8.11.1/transforms/8cc240ac30bb39cb75d0691ce335ceef/transformed/jetified-ui-graphics-release.aar because:
2026-04-25T03:15:23.6104101Z   Caching not enabled.
2026-04-25T03:15:23.6104812Z Transforming ui-text.aar (androidx.compose.ui:ui-text-android:1.9.2) with EnumerateClassesTransform
2026-04-25T03:15:23.6106087Z Transforming foundation-release.aar (androidx.compose.foundation:foundation-android:1.9.2) with EnumerateClassesTransform
2026-04-25T03:15:23.6107981Z Build cache key for EnumerateClassesTransform: /home/runner/.gradle/caches/8.11.1/transforms/8e8ee922eaa0e954c590b81bda790621/transformed/jetified-ui-text-runtime.jar is f2c3ee95b7b629dc4132208f48adbbbb
2026-04-25T03:15:23.6109788Z Transforming ui-graphics-release.aar (androidx.compose.ui:ui-graphics-android:1.9.2) with EnumerateClassesTransform
2026-04-25T03:15:23.6111823Z Stored cache entry for EnumerateClassesTransform: /home/runner/.gradle/caches/8.11.1/transforms/8e8ee922eaa0e954c590b81bda790621/transformed/jetified-ui-text-runtime.jar with cache key f2c3ee95b7b629dc4132208f48adbbbb
2026-04-25T03:15:23.6114061Z Caching disabled for AarToClassTransform: /home/runner/.gradle/caches/8.11.1/transforms/0e34dad59654817a9cf67b567a05ab93/transformed/jetified-ui-tooling.aar because:
2026-04-25T03:15:23.6115186Z   Caching not enabled.
2026-04-25T03:15:23.6116760Z Build cache key for EnumerateClassesTransform: /home/runner/.gradle/caches/8.11.1/transforms/f709c3b37c092f63c933929d8c9f6c59/transformed/jetified-ui-graphics-release-runtime.jar is ac04d5bec9a4c6fa6b28dbf3f0915e3d
2026-04-25T03:15:23.6119363Z Stored cache entry for EnumerateClassesTransform: /home/runner/.gradle/caches/8.11.1/transforms/f709c3b37c092f63c933929d8c9f6c59/transformed/jetified-ui-graphics-release-runtime.jar with cache key ac04d5bec9a4c6fa6b28dbf3f0915e3d
2026-04-25T03:15:23.6121859Z Caching disabled for AarToClassTransform: /home/runner/.gradle/caches/8.11.1/transforms/3380e72f0ba397cac782c6eca9aa05da/transformed/jetified-material-release.aar because:
2026-04-25T03:15:23.6122910Z   Caching not enabled.
2026-04-25T03:15:23.6124133Z Build cache key for EnumerateClassesTransform: /home/runner/.gradle/caches/8.11.1/transforms/0cdd137cdfe6c4e73c3e301a3142f46a/transformed/jetified-foundation-release-runtime.jar is bd66e948c2e1c29f4223aee6a69e2ff0
2026-04-25T03:15:23.6125786Z Transforming ui-tooling.aar (androidx.compose.ui:ui-tooling-android:1.9.2) with EnumerateClassesTransform
2026-04-25T03:15:23.6127326Z Build cache key for EnumerateClassesTransform: /home/runner/.gradle/caches/8.11.1/transforms/d9269463d282ba06fff094ce5ee0e13d/transformed/jetified-ui-tooling-runtime.jar is 6a8723453ff2195348a6d42400f9bf63
2026-04-25T03:15:23.6129665Z Stored cache entry for EnumerateClassesTransform: /home/runner/.gradle/caches/8.11.1/transforms/0cdd137cdfe6c4e73c3e301a3142f46a/transformed/jetified-foundation-release-runtime.jar with cache key bd66e948c2e1c29f4223aee6a69e2ff0
2026-04-25T03:15:23.6212611Z Caching disabled for AarToClassTransform: /home/runner/.gradle/caches/8.11.1/transforms/3513aa9bb26281bbac5fb45f0d2964a9/transformed/jetified-material-ripple-release.aar because:
2026-04-25T03:15:23.6213949Z   Caching not enabled.
2026-04-25T03:15:23.6215310Z Stored cache entry for EnumerateClassesTransform: /home/runner/.gradle/caches/8.11.1/transforms/d9269463d282ba06fff094ce5ee0e13d/transformed/jetified-ui-tooling-runtime.jar with cache key 6a8723453ff2195348a6d42400f9bf63
2026-04-25T03:15:23.6217471Z Caching disabled for AarToClassTransform: /home/runner/.gradle/caches/8.11.1/transforms/bd302f50289597a006ce254b73a42d0c/transformed/jetified-material-icons-core-release.aar because:
2026-04-25T03:15:23.6218677Z   Caching not enabled.
2026-04-25T03:15:23.6219533Z Transforming material-ripple-release.aar (androidx.compose.material:material-ripple-android:1.6.8) with EnumerateClassesTransform
2026-04-25T03:15:23.6221463Z Build cache key for EnumerateClassesTransform: /home/runner/.gradle/caches/8.11.1/transforms/13480716f924021096e96709d4f22e52/transformed/jetified-material-ripple-release-runtime.jar is dcfe5136f70a806af0059dd320ab2b0c
2026-04-25T03:15:23.6224301Z Stored cache entry for EnumerateClassesTransform: /home/runner/.gradle/caches/8.11.1/transforms/13480716f924021096e96709d4f22e52/transformed/jetified-material-ripple-release-runtime.jar with cache key dcfe5136f70a806af0059dd320ab2b0c
2026-04-25T03:15:23.6226438Z Caching disabled for AarToClassTransform: /home/runner/.gradle/caches/8.11.1/transforms/168cac6b72a3627e0c9fe76f3515a9f6/transformed/jetified-ui-release.aar because:
2026-04-25T03:15:23.6227450Z   Caching not enabled.
2026-04-25T03:15:23.6228206Z Transforming material3-release.aar (androidx.compose.material3:material3-android:1.2.1) with EnumerateClassesTransform
2026-04-25T03:15:23.6230009Z Build cache key for EnumerateClassesTransform: /home/runner/.gradle/caches/8.11.1/transforms/ec283a6939d5489f2fd4d019fc9a7361/transformed/jetified-material3-release-runtime.jar is 117d6885e8ebc655131791825a5d093d
2026-04-25T03:15:23.6232125Z Transforming material-icons-core-release.aar (androidx.compose.material:material-icons-core-android:1.6.8) with EnumerateClassesTransform
2026-04-25T03:15:23.6234730Z Build cache key for EnumerateClassesTransform: /home/runner/.gradle/caches/8.11.1/transforms/77a67cdd26c2389aa12008436286c22b/transformed/jetified-material-icons-core-release-runtime.jar is 724128148599117007d0a00d0dffdfd2
2026-04-25T03:15:23.6237300Z Stored cache entry for EnumerateClassesTransform: /home/runner/.gradle/caches/8.11.1/transforms/ec283a6939d5489f2fd4d019fc9a7361/transformed/jetified-material3-release-runtime.jar with cache key 117d6885e8ebc655131791825a5d093d
2026-04-25T03:15:23.6239519Z Caching disabled for AarToClassTransform: /home/runner/.gradle/caches/8.11.1/transforms/66c1d3d4bfa5c4b94b2acf4d009ee8cc/transformed/jetified-ui-test-manifest-1.9.2.aar because:
2026-04-25T03:15:23.6240644Z   Caching not enabled.
2026-04-25T03:15:23.6241332Z Transforming ui-test-manifest-1.9.2.aar (androidx.compose.ui:ui-test-manifest:1.9.2) with EnumerateClassesTransform
2026-04-25T03:15:23.6303746Z Stored cache entry for EnumerateClassesTransform: /home/runner/.gradle/caches/8.11.1/transforms/77a67cdd26c2389aa12008436286c22b/transformed/jetified-material-icons-core-release-runtime.jar with cache key 724128148599117007d0a00d0dffdfd2
2026-04-25T03:15:23.6306374Z Build cache key for EnumerateClassesTransform: /home/runner/.gradle/caches/8.11.1/transforms/81fdae91d6f022ca5fde0050653b6919/transformed/jetified-ui-test-manifest-1.9.2-runtime.jar is 91bb8e3383fa3335e5e1dcc94c09406a
2026-04-25T03:15:23.6308532Z Caching disabled for AarToClassTransform: /home/runner/.gradle/caches/8.11.1/transforms/959dec90d448d8ea26ab969057963bd0/transformed/jetified-activity-ktx-1.13.0.aar because:
2026-04-25T03:15:23.6309678Z   Caching not enabled.
2026-04-25T03:15:23.6310371Z Transforming activity-ktx-1.13.0.aar (androidx.activity:activity-ktx:1.13.0) with EnumerateClassesTransform
2026-04-25T03:15:23.6312364Z Build cache key for EnumerateClassesTransform: /home/runner/.gradle/caches/8.11.1/transforms/f75d8b7227fcb12deabf01abc90045ab/transformed/jetified-activity-ktx-1.13.0-runtime.jar is 33dfa5966a63fa6ee1691d8060328475
2026-04-25T03:15:23.6314902Z Stored cache entry for EnumerateClassesTransform: /home/runner/.gradle/caches/8.11.1/transforms/f75d8b7227fcb12deabf01abc90045ab/transformed/jetified-activity-ktx-1.13.0-runtime.jar with cache key 33dfa5966a63fa6ee1691d8060328475
2026-04-25T03:15:23.6317196Z Caching disabled for AarToClassTransform: /home/runner/.gradle/caches/8.11.1/transforms/30b931e1fe8e7883ccc4d21e3312a826/transformed/jetified-activity-1.13.0.aar because:
2026-04-25T03:15:23.6322130Z   Caching not enabled.
2026-04-25T03:15:23.6323626Z Stored cache entry for EnumerateClassesTransform: /home/runner/.gradle/caches/8.11.1/transforms/81fdae91d6f022ca5fde0050653b6919/transformed/jetified-ui-test-manifest-1.9.2-runtime.jar with cache key 91bb8e3383fa3335e5e1dcc94c09406a
2026-04-25T03:15:23.6326012Z Caching disabled for AarToClassTransform: /home/runner/.gradle/caches/8.11.1/transforms/60f69dab7ac44814197acff2aac8a25f/transformed/jetified-activity-compose-1.13.0.aar because:
2026-04-25T03:15:23.6327179Z   Caching not enabled.
2026-04-25T03:15:23.6362501Z Transforming activity-compose-1.13.0.aar (androidx.activity:activity-compose:1.13.0) with EnumerateClassesTransform
2026-04-25T03:15:23.6363774Z Transforming activity-1.13.0.aar (androidx.activity:activity:1.13.0) with EnumerateClassesTransform
2026-04-25T03:15:23.6365604Z Build cache key for EnumerateClassesTransform: /home/runner/.gradle/caches/8.11.1/transforms/a3cf2716807c7983d21362afdac67e35/transformed/jetified-activity-1.13.0-runtime.jar is 0073a671ca2b9bc5fd3c729af41ae507
2026-04-25T03:15:23.6368181Z Build cache key for EnumerateClassesTransform: /home/runner/.gradle/caches/8.11.1/transforms/664350fd0cd387d38457cd4a24cb5e82/transformed/jetified-activity-compose-1.13.0-runtime.jar is 70f1b607d017f017b3e544fa784d173e
2026-04-25T03:15:23.6370840Z Stored cache entry for EnumerateClassesTransform: /home/runner/.gradle/caches/8.11.1/transforms/664350fd0cd387d38457cd4a24cb5e82/transformed/jetified-activity-compose-1.13.0-runtime.jar with cache key 70f1b607d017f017b3e544fa784d173e
2026-04-25T03:15:23.6374073Z Stored cache entry for EnumerateClassesTransform: /home/runner/.gradle/caches/8.11.1/transforms/a3cf2716807c7983d21362afdac67e35/transformed/jetified-activity-1.13.0-runtime.jar with cache key 0073a671ca2b9bc5fd3c729af41ae507
2026-04-25T03:15:23.6376369Z Caching disabled for AarToClassTransform: /home/runner/.gradle/caches/8.11.1/transforms/b08611bab2fd8f8697e5bb6a06723ba2/transformed/jetified-autofill-1.0.0.aar because:
2026-04-25T03:15:23.6377537Z   Caching not enabled.
2026-04-25T03:15:23.6378680Z Caching disabled for AarToClassTransform: /home/runner/.gradle/caches/8.11.1/transforms/a16b1e88994c10d478f8f5b28d48a888/transformed/jetified-graphics-path-1.0.1.aar because:
2026-04-25T03:15:23.6379890Z   Caching not enabled.
2026-04-25T03:15:23.6380546Z Transforming autofill-1.0.0.aar (androidx.autofill:autofill:1.0.0) with EnumerateClassesTransform
2026-04-25T03:15:23.6382505Z Build cache key for EnumerateClassesTransform: /home/runner/.gradle/caches/8.11.1/transforms/f3921713d852b22906e20daae3c5adf9/transformed/jetified-autofill-1.0.0-runtime.jar is f046b9198e7d50611751f01a3fdfc77c
2026-04-25T03:15:23.6384302Z Transforming graphics-path-1.0.1.aar (androidx.graphics:graphics-path:1.0.1) with EnumerateClassesTransform
2026-04-25T03:15:23.6386169Z Build cache key for EnumerateClassesTransform: /home/runner/.gradle/caches/8.11.1/transforms/45652384df96b3255cbd3398ae836668/transformed/jetified-graphics-path-1.0.1-runtime.jar is 068e0b4e4bc64ae282c3c1b521a3bfce
2026-04-25T03:15:23.6388774Z Stored cache entry for EnumerateClassesTransform: /home/runner/.gradle/caches/8.11.1/transforms/45652384df96b3255cbd3398ae836668/transformed/jetified-graphics-path-1.0.1-runtime.jar with cache key 068e0b4e4bc64ae282c3c1b521a3bfce
2026-04-25T03:15:23.6391098Z Caching disabled for AarToClassTransform: /home/runner/.gradle/caches/8.11.1/transforms/7beb09eecfd26c6c17c742951a8fe853/transformed/jetified-emoji2-1.4.0.aar because:
2026-04-25T03:15:23.6452632Z   Caching not enabled.
2026-04-25T03:15:23.6453263Z Transforming emoji2-1.4.0.aar (androidx.emoji2:emoji2:1.4.0) with EnumerateClassesTransform
2026-04-25T03:15:23.6454994Z Build cache key for EnumerateClassesTransform: /home/runner/.gradle/caches/8.11.1/transforms/5ad05c50146a1cbd8d93c7a9fe65d4cf/transformed/jetified-emoji2-1.4.0-runtime.jar is ce2b53ada5669f416d4edce02782f175
2026-04-25T03:15:23.6456881Z Transforming material-release.aar (androidx.compose.material:material-android:1.6.8) with EnumerateClassesTransform
2026-04-25T03:15:23.6458880Z Stored cache entry for EnumerateClassesTransform: /home/runner/.gradle/caches/8.11.1/transforms/5ad05c50146a1cbd8d93c7a9fe65d4cf/transformed/jetified-emoji2-1.4.0-runtime.jar with cache key ce2b53ada5669f416d4edce02782f175
2026-04-25T03:15:23.6461490Z Stored cache entry for EnumerateClassesTransform: /home/runner/.gradle/caches/8.11.1/transforms/f3921713d852b22906e20daae3c5adf9/transformed/jetified-autofill-1.0.0-runtime.jar with cache key f046b9198e7d50611751f01a3fdfc77c
2026-04-25T03:15:23.6464255Z Caching disabled for AarToClassTransform: /home/runner/.gradle/caches/modules-2/files-2.1/androidx.core/core/1.18.0/ff046a9f2725d94c2eaaa82e08674bb761c17792/core-1.18.0.aar because:
2026-04-25T03:15:23.6465459Z   Caching not enabled.
2026-04-25T03:15:23.6466849Z Build cache key for EnumerateClassesTransform: /home/runner/.gradle/caches/8.11.1/transforms/7736eda14eddb6e727d12c5a3bfd0a90/transformed/jetified-material-release-runtime.jar is 0f32d96da4ce8d116e1fed4035b4da22
2026-04-25T03:15:23.6469452Z Stored cache entry for EnumerateClassesTransform: /home/runner/.gradle/caches/8.11.1/transforms/7736eda14eddb6e727d12c5a3bfd0a90/transformed/jetified-material-release-runtime.jar with cache key 0f32d96da4ce8d116e1fed4035b4da22
2026-04-25T03:15:23.6471328Z Transforming ui-release.aar (androidx.compose.ui:ui-android:1.9.2) with EnumerateClassesTransform
2026-04-25T03:15:23.6473096Z Caching disabled for AarToClassTransform: /home/runner/.gradle/caches/8.11.1/transforms/53b94a5a6c337df0776f585ec1f35b29/transformed/jetified-lifecycle-process-2.9.4.aar because:
2026-04-25T03:15:23.6474581Z   Caching not enabled.
2026-04-25T03:15:23.6475515Z Transforming lifecycle-process-2.9.4.aar (androidx.lifecycle:lifecycle-process:2.9.4) with EnumerateClassesTransform
2026-04-25T03:15:23.6477510Z Build cache key for EnumerateClassesTransform: /home/runner/.gradle/caches/8.11.1/transforms/d06b36368afda4fdac33c4fe938a9166/transformed/jetified-lifecycle-process-2.9.4-runtime.jar is 6721e30c3798efb878f8bdb7b3fd714c
2026-04-25T03:15:23.6480214Z Stored cache entry for EnumerateClassesTransform: /home/runner/.gradle/caches/8.11.1/transforms/d06b36368afda4fdac33c4fe938a9166/transformed/jetified-lifecycle-process-2.9.4-runtime.jar with cache key 6721e30c3798efb878f8bdb7b3fd714c
2026-04-25T03:15:23.6543043Z Caching disabled for AarToClassTransform: /home/runner/.gradle/caches/8.11.1/transforms/0a0abaac4818255c93b813e3d34465ed/transformed/jetified-lifecycle-viewmodel-ktx-2.9.4.aar because:
2026-04-25T03:15:23.6544390Z   Caching not enabled.
2026-04-25T03:15:23.6545251Z Transforming lifecycle-viewmodel-ktx-2.9.4.aar (androidx.lifecycle:lifecycle-viewmodel-ktx:2.9.4) with EnumerateClassesTransform
2026-04-25T03:15:23.6547443Z Build cache key for EnumerateClassesTransform: /home/runner/.gradle/caches/8.11.1/transforms/5e309d74b2007092c1150a367ac3fa36/transformed/jetified-lifecycle-viewmodel-ktx-2.9.4-runtime.jar is 11ba69b35af451da164c5a6e5aea5c18
2026-04-25T03:15:23.6550196Z Stored cache entry for EnumerateClassesTransform: /home/runner/.gradle/caches/8.11.1/transforms/5e309d74b2007092c1150a367ac3fa36/transformed/jetified-lifecycle-viewmodel-ktx-2.9.4-runtime.jar with cache key 11ba69b35af451da164c5a6e5aea5c18
2026-04-25T03:15:23.6553105Z Caching disabled for AarToClassTransform: /home/runner/.gradle/caches/modules-2/files-2.1/androidx.lifecycle/lifecycle-livedata-core/2.9.4/8ffb4401079c231b0a85014cf2e4df02c804d53b/lifecycle-livedata-core-2.9.4.aar because:
2026-04-25T03:15:23.6554627Z   Caching not enabled.
2026-04-25T03:15:23.6555493Z Transforming lifecycle-livedata-core-2.9.4.aar (androidx.lifecycle:lifecycle-livedata-core:2.9.4) with EnumerateClassesTransform
2026-04-25T03:15:23.6557556Z Build cache key for EnumerateClassesTransform: /home/runner/.gradle/caches/8.11.1/transforms/e3a1ac3d869b4d88e16020522a6576ba/transformed/lifecycle-livedata-core-2.9.4-runtime.jar is 615d9249b5811dd00ae4b32c88796f78
2026-04-25T03:15:23.6560261Z Stored cache entry for EnumerateClassesTransform: /home/runner/.gradle/caches/8.11.1/transforms/e3a1ac3d869b4d88e16020522a6576ba/transformed/lifecycle-livedata-core-2.9.4-runtime.jar with cache key 615d9249b5811dd00ae4b32c88796f78
2026-04-25T03:15:23.6562887Z Build cache key for EnumerateClassesTransform: /home/runner/.gradle/caches/8.11.1/transforms/12cb93c89e37dfe1a8aec50d86949224/transformed/jetified-ui-release-runtime.jar is 1572664281996ac83e8acddbc5fc136d
2026-04-25T03:15:23.6565065Z Caching disabled for AarToClassTransform: /home/runner/.gradle/caches/8.11.1/transforms/7ccdcc071688379202259ebaa6cce5dc/transformed/jetified-lifecycle-runtime-ktx.aar because:
2026-04-25T03:15:23.6566306Z   Caching not enabled.
2026-04-25T03:15:23.6566870Z Transforming core-1.18.0.aar (androidx.core:core:1.18.0) with EnumerateClassesTransform
2026-04-25T03:15:23.6567781Z Transforming core-1.18.0.aar (androidx.core:core:1.18.0) with EnumerateClassesTransform
2026-04-25T03:15:23.6568971Z Transforming lifecycle-runtime-ktx.aar (androidx.lifecycle:lifecycle-runtime-ktx-android:2.9.4) with EnumerateClassesTransform
2026-04-25T03:15:23.6570992Z Build cache key for EnumerateClassesTransform: /home/runner/.gradle/caches/8.11.1/transforms/db95ab61ba57ef6e542545b93bdfefb4/transformed/jetified-lifecycle-runtime-ktx-runtime.jar is b190e10773d343a7c7215f8541e884c1
2026-04-25T03:15:23.6636987Z Stored cache entry for EnumerateClassesTransform: /home/runner/.gradle/caches/8.11.1/transforms/12cb93c89e37dfe1a8aec50d86949224/transformed/jetified-ui-release-runtime.jar with cache key 1572664281996ac83e8acddbc5fc136d
2026-04-25T03:15:23.6640867Z Stored cache entry for EnumerateClassesTransform: /home/runner/.gradle/caches/8.11.1/transforms/db95ab61ba57ef6e542545b93bdfefb4/transformed/jetified-lifecycle-runtime-ktx-runtime.jar with cache key b190e10773d343a7c7215f8541e884c1
2026-04-25T03:15:23.6646024Z Caching disabled for AarToClassTransform: /home/runner/.gradle/caches/8.11.1/transforms/52f016a50531c7c4a23570e3613954b5/transformed/jetified-lifecycle-viewmodel-release.aar because:
2026-04-25T03:15:23.6647357Z   Caching not enabled.
2026-04-25T03:15:23.6648271Z Transforming lifecycle-viewmodel-release.aar (androidx.lifecycle:lifecycle-viewmodel-android:2.9.4) with EnumerateClassesTransform
2026-04-25T03:15:23.6650399Z Build cache key for EnumerateClassesTransform: /home/runner/.gradle/caches/8.11.1/transforms/9e56568a9f3a3685a0e0c89a8bd132fb/transformed/jetified-lifecycle-viewmodel-release-runtime.jar is d0af12bb57e337a49f44a09a00cf25b0
2026-04-25T03:15:23.6653018Z Build cache key for EnumerateClassesTransform: /home/runner/.gradle/caches/8.11.1/transforms/356dae2c25023742bd884aa0f8f87e3a/transformed/core-1.18.0-runtime.jar is b92ed56b0fbcc1c05409b0eacda04367
2026-04-25T03:15:23.6655618Z Stored cache entry for EnumerateClassesTransform: /home/runner/.gradle/caches/8.11.1/transforms/9e56568a9f3a3685a0e0c89a8bd132fb/transformed/jetified-lifecycle-viewmodel-release-runtime.jar with cache key d0af12bb57e337a49f44a09a00cf25b0
2026-04-25T03:15:23.6658594Z Caching disabled for AarToClassTransform: /home/runner/.gradle/caches/8.11.1/transforms/2fbb55867af2842e222ecea16bbc1052/transformed/jetified-runtime-annotation.aar because:
2026-04-25T03:15:23.6660450Z   Caching not enabled.
2026-04-25T03:15:23.6661331Z Transforming runtime-annotation.aar (androidx.compose.runtime:runtime-annotation-android:1.9.2) with EnumerateClassesTransform
2026-04-25T03:15:23.6754096Z Build cache key for EnumerateClassesTransform: /home/runner/.gradle/caches/8.11.1/transforms/793d3b0c986c9b33e1d5626bfb6a399e/transformed/jetified-runtime-annotation-runtime.jar is c12e709fa45742b019cffca35ea60ea2
2026-04-25T03:15:23.6756697Z Stored cache entry for EnumerateClassesTransform: /home/runner/.gradle/caches/8.11.1/transforms/356dae2c25023742bd884aa0f8f87e3a/transformed/core-1.18.0-runtime.jar with cache key b92ed56b0fbcc1c05409b0eacda04367
2026-04-25T03:15:23.6758850Z Caching disabled for AarToClassTransform: /home/runner/.gradle/caches/8.11.1/transforms/879fc58ba3342a988f57e0189e57f936/transformed/jetified-savedstate-release.aar because:
2026-04-25T03:15:23.6760061Z   Caching not enabled.
2026-04-25T03:15:23.6761517Z Stored cache entry for EnumerateClassesTransform: /home/runner/.gradle/caches/8.11.1/transforms/793d3b0c986c9b33e1d5626bfb6a399e/transformed/jetified-runtime-annotation-runtime.jar with cache key c12e709fa45742b019cffca35ea60ea2
2026-04-25T03:15:23.6764037Z Caching disabled for AarToClassTransform: /home/runner/.gradle/caches/8.11.1/transforms/91e1093627aff7ecf3857af415e03880/transformed/jetified-savedstate-ktx-1.3.3.aar because:
2026-04-25T03:15:23.6765249Z   Caching not enabled.
2026-04-25T03:15:23.6766364Z Caching disabled for AarToClassTransform: /home/runner/.gradle/caches/8.11.1/transforms/bf0718a3754a70a7d8945a3c6f358aca/transformed/jetified-savedstate-compose.aar because:
2026-04-25T03:15:23.6767543Z   Caching not enabled.
2026-04-25T03:15:23.6768286Z Transforming savedstate-ktx-1.3.3.aar (androidx.savedstate:savedstate-ktx:1.3.3) with EnumerateClassesTransform
2026-04-25T03:15:23.6770202Z Build cache key for EnumerateClassesTransform: /home/runner/.gradle/caches/8.11.1/transforms/6f2fccdebbd3cc5986c6a8854d005b83/transformed/jetified-savedstate-ktx-1.3.3-runtime.jar is 204d6d9b6ed6b2f1b115bd5b6b8dea41
2026-04-25T03:15:23.6772290Z Transforming savedstate-compose.aar (androidx.savedstate:savedstate-compose-android:1.3.3) with EnumerateClassesTransform
2026-04-25T03:15:23.6774266Z Build cache key for EnumerateClassesTransform: /home/runner/.gradle/caches/8.11.1/transforms/c33f0fd21bcf13ede1579f5ad44df459/transformed/jetified-savedstate-compose-runtime.jar is 586daf513655928e067d1ca5601aa641
2026-04-25T03:15:23.6776405Z Transforming savedstate-release.aar (androidx.savedstate:savedstate-android:1.3.3) with EnumerateClassesTransform
2026-04-25T03:15:23.6778608Z Stored cache entry for EnumerateClassesTransform: /home/runner/.gradle/caches/8.11.1/transforms/6f2fccdebbd3cc5986c6a8854d005b83/transformed/jetified-savedstate-ktx-1.3.3-runtime.jar with cache key 204d6d9b6ed6b2f1b115bd5b6b8dea41
2026-04-25T03:15:23.6781223Z Build cache key for EnumerateClassesTransform: /home/runner/.gradle/caches/8.11.1/transforms/71e3e6bf26d551ca1fee5b46b4f8904d/transformed/jetified-savedstate-release-runtime.jar is 8d357a51b521bd6121a03e2b79b48c66
2026-04-25T03:15:23.6844321Z Stored cache entry for EnumerateClassesTransform: /home/runner/.gradle/caches/8.11.1/transforms/c33f0fd21bcf13ede1579f5ad44df459/transformed/jetified-savedstate-compose-runtime.jar with cache key 586daf513655928e067d1ca5601aa641
2026-04-25T03:15:23.6846697Z Caching disabled for AarToClassTransform: /home/runner/.gradle/caches/8.11.1/transforms/f00057971956fc18c8ce69fd8c9b6712/transformed/jetified-runtime.aar because:
2026-04-25T03:15:23.6847839Z   Caching not enabled.
2026-04-25T03:15:23.6848949Z Caching disabled for AarToClassTransform: /home/runner/.gradle/caches/8.11.1/transforms/53336594dea59a2359c892e97f73a1c1/transformed/jetified-runtime-saveable.aar because:
2026-04-25T03:15:23.6850121Z   Caching not enabled.
2026-04-25T03:15:23.6851799Z Stored cache entry for EnumerateClassesTransform: /home/runner/.gradle/caches/8.11.1/transforms/71e3e6bf26d551ca1fee5b46b4f8904d/transformed/jetified-savedstate-release-runtime.jar with cache key 8d357a51b521bd6121a03e2b79b48c66
2026-04-25T03:15:23.6854305Z Caching disabled for AarToClassTransform: /home/runner/.gradle/caches/8.11.1/transforms/011a167bd879d706b109aa35f4d74a97/transformed/jetified-lifecycle-runtime-compose-release.aar because:
2026-04-25T03:15:23.6855515Z   Caching not enabled.
2026-04-25T03:15:23.6856351Z Transforming runtime-saveable.aar (androidx.compose.runtime:runtime-saveable-android:1.9.2) with EnumerateClassesTransform
2026-04-25T03:15:23.6858352Z Build cache key for EnumerateClassesTransform: /home/runner/.gradle/caches/8.11.1/transforms/a7c475e39bcacc19c40dd9ff1986912f/transformed/jetified-runtime-saveable-runtime.jar is fa4c7be529a89ae956f48c8d09d95504
2026-04-25T03:15:23.6860486Z Transforming lifecycle-runtime-compose-release.aar (androidx.lifecycle:lifecycle-runtime-compose-android:2.9.4) with EnumerateClassesTransform
2026-04-25T03:15:23.6863016Z Build cache key for EnumerateClassesTransform: /home/runner/.gradle/caches/8.11.1/transforms/13a16a641cc17946ad4b7925162eb555/transformed/jetified-lifecycle-runtime-compose-release-runtime.jar is fd7f4a309c5387d304ad8a3a81553563
2026-04-25T03:15:23.6865752Z Stored cache entry for EnumerateClassesTransform: /home/runner/.gradle/caches/8.11.1/transforms/a7c475e39bcacc19c40dd9ff1986912f/transformed/jetified-runtime-saveable-runtime.jar with cache key fa4c7be529a89ae956f48c8d09d95504
2026-04-25T03:15:23.6868577Z Stored cache entry for EnumerateClassesTransform: /home/runner/.gradle/caches/8.11.1/transforms/13a16a641cc17946ad4b7925162eb555/transformed/jetified-lifecycle-runtime-compose-release-runtime.jar with cache key fd7f4a309c5387d304ad8a3a81553563
2026-04-25T03:15:23.6871102Z Caching disabled for AarToClassTransform: /home/runner/.gradle/caches/8.11.1/transforms/c710e89bf571aaab03c924e9cf1f80a4/transformed/jetified-lifecycle-runtime-release.aar because:
2026-04-25T03:15:23.6932687Z   Caching not enabled.
2026-04-25T03:15:23.6933594Z Transforming lifecycle-runtime-release.aar (androidx.lifecycle:lifecycle-runtime-android:2.9.4) with EnumerateClassesTransform
2026-04-25T03:15:23.6935667Z Build cache key for EnumerateClassesTransform: /home/runner/.gradle/caches/8.11.1/transforms/f5a9d0a365d3342f694de6c385dd7320/transformed/jetified-lifecycle-runtime-release-runtime.jar is 90846dad365d1881303f47d06c0cdbb5
2026-04-25T03:15:23.6938432Z Stored cache entry for EnumerateClassesTransform: /home/runner/.gradle/caches/8.11.1/transforms/f5a9d0a365d3342f694de6c385dd7320/transformed/jetified-lifecycle-runtime-release-runtime.jar with cache key 90846dad365d1881303f47d06c0cdbb5
2026-04-25T03:15:23.6941752Z Caching disabled for AarToClassTransform: /home/runner/.gradle/caches/8.11.1/transforms/ed46a769402c76e1a72c0447fb13a24d/transformed/jetified-lifecycle-viewmodel-savedstate-release.aar because:
2026-04-25T03:15:23.6943154Z   Caching not enabled.
2026-04-25T03:15:23.6944222Z Transforming lifecycle-viewmodel-savedstate-release.aar (androidx.lifecycle:lifecycle-viewmodel-savedstate-android:2.9.4) with EnumerateClassesTransform
2026-04-25T03:15:23.6946579Z Build cache key for EnumerateClassesTransform: /home/runner/.gradle/caches/8.11.1/transforms/cd5cf6bf19f52e5498d19cbeb89a4511/transformed/jetified-lifecycle-viewmodel-savedstate-release-runtime.jar is 50fa56df04ac3de233e0cf77c51eecab
2026-04-25T03:15:23.6949349Z Stored cache entry for EnumerateClassesTransform: /home/runner/.gradle/caches/8.11.1/transforms/cd5cf6bf19f52e5498d19cbeb89a4511/transformed/jetified-lifecycle-viewmodel-savedstate-release-runtime.jar with cache key 50fa56df04ac3de233e0cf77c51eecab
2026-04-25T03:15:23.6952157Z Caching disabled for AarToClassTransform: /home/runner/.gradle/caches/8.11.1/transforms/363e954eeb57adedb501343b1eaea583/transformed/jetified-customview-poolingcontainer-1.0.0.aar because:
2026-04-25T03:15:23.6953436Z   Caching not enabled.
2026-04-25T03:15:23.6954671Z Downloading https://dl.google.com/dl/android/maven2/androidx/lifecycle/lifecycle-common-java8/2.9.4/lifecycle-common-java8-2.9.4.jar to /home/runner/.gradle/.tmp/gradle_download15753148034658013425bin
2026-04-25T03:15:23.6956929Z Downloading https://dl.google.com/dl/android/maven2/androidx/lifecycle/lifecycle-common-jvm/2.9.4/lifecycle-common-jvm-2.9.4.jar to /home/runner/.gradle/.tmp/gradle_download15695897363653122270bin
2026-04-25T03:15:23.6958680Z Transforming lifecycle-common-java8-2.9.4.jar (androidx.lifecycle:lifecycle-common-java8:2.9.4) with JetifyTransform
2026-04-25T03:15:23.6960199Z Transforming customview-poolingcontainer-1.0.0.aar (androidx.customview:customview-poolingcontainer:1.0.0) with EnumerateClassesTransform
2026-04-25T03:15:23.7022898Z Build cache key for JetifyTransform: /home/runner/.gradle/caches/modules-2/files-2.1/androidx.lifecycle/lifecycle-common-java8/2.9.4/86a8e6b9d0ba0c964fdc7223a38b6ce74bcb24dd/lifecycle-common-java8-2.9.4.jar is 7fc5ae4b6823e4d19b0c72f2f53bd0b8
2026-04-25T03:15:23.7025079Z Transforming lifecycle-common-jvm-2.9.4.jar (androidx.lifecycle:lifecycle-common-jvm:2.9.4) with JetifyTransform
2026-04-25T03:15:23.7027142Z Build cache key for JetifyTransform: /home/runner/.gradle/caches/modules-2/files-2.1/androidx.lifecycle/lifecycle-common-jvm/2.9.4/ab739bccdb3541983385af169565c7c035d897e7/lifecycle-common-jvm-2.9.4.jar is cebe83cc859704993cb6f47a427256f9
2026-04-25T03:15:23.7029964Z Build cache key for EnumerateClassesTransform: /home/runner/.gradle/caches/8.11.1/transforms/63ae5062943bd3d9febfec8d571e7220/transformed/jetified-customview-poolingcontainer-1.0.0-runtime.jar is c985a98884681599d71b0ebc11407986
2026-04-25T03:15:23.7033038Z Stored cache entry for JetifyTransform: /home/runner/.gradle/caches/modules-2/files-2.1/androidx.lifecycle/lifecycle-common-java8/2.9.4/86a8e6b9d0ba0c964fdc7223a38b6ce74bcb24dd/lifecycle-common-java8-2.9.4.jar with cache key 7fc5ae4b6823e4d19b0c72f2f53bd0b8
2026-04-25T03:15:23.7036024Z Stored cache entry for EnumerateClassesTransform: /home/runner/.gradle/caches/8.11.1/transforms/63ae5062943bd3d9febfec8d571e7220/transformed/jetified-customview-poolingcontainer-1.0.0-runtime.jar with cache key c985a98884681599d71b0ebc11407986
2026-04-25T03:15:23.7038225Z Transforming lifecycle-common-java8-2.9.4.jar (androidx.lifecycle:lifecycle-common-java8:2.9.4) with IdentityTransform
2026-04-25T03:15:23.7040171Z Caching disabled for IdentityTransform: /home/runner/.gradle/caches/modules-2/files-2.1/androidx.lifecycle/lifecycle-common-java8/2.9.4/86a8e6b9d0ba0c964fdc7223a38b6ce74bcb24dd/lifecycle-common-java8-2.9.4.jar because:
2026-04-25T03:15:23.7042044Z   Caching not enabled.
2026-04-25T03:15:23.7043138Z Caching disabled for AarToClassTransform: /home/runner/.gradle/caches/8.11.1/transforms/a1f59c412310a807fa78e95c2cd2f381/transformed/jetified-core-ktx-1.18.0.aar because:
2026-04-25T03:15:23.7044471Z   Caching not enabled.
2026-04-25T03:15:23.7045327Z Transforming lifecycle-common-java8-2.9.4.jar (androidx.lifecycle:lifecycle-common-java8:2.9.4) with EnumerateClassesTransform
2026-04-25T03:15:23.7047651Z Build cache key for EnumerateClassesTransform: /home/runner/.gradle/caches/modules-2/files-2.1/androidx.lifecycle/lifecycle-common-java8/2.9.4/86a8e6b9d0ba0c964fdc7223a38b6ce74bcb24dd/lifecycle-common-java8-2.9.4.jar is 486d3281bfe3ccb9bd7729a6dd1b4ebf
2026-04-25T03:15:23.7050646Z Stored cache entry for JetifyTransform: /home/runner/.gradle/caches/modules-2/files-2.1/androidx.lifecycle/lifecycle-common-jvm/2.9.4/ab739bccdb3541983385af169565c7c035d897e7/lifecycle-common-jvm-2.9.4.jar with cache key cebe83cc859704993cb6f47a427256f9
2026-04-25T03:15:23.7113246Z Transforming lifecycle-common-jvm-2.9.4.jar (androidx.lifecycle:lifecycle-common-jvm:2.9.4) with IdentityTransform
2026-04-25T03:15:23.7115016Z Caching disabled for IdentityTransform: /home/runner/.gradle/caches/8.11.1/transforms/ba972cd8aefa78e10f3ac529ba5cf210/transformed/jetified-lifecycle-common-jvm-2.9.4.jar because:
2026-04-25T03:15:23.7116274Z   Caching not enabled.
2026-04-25T03:15:23.7116917Z Transforming core-ktx-1.18.0.aar (androidx.core:core-ktx:1.18.0) with EnumerateClassesTransform
2026-04-25T03:15:23.7119000Z Stored cache entry for EnumerateClassesTransform: /home/runner/.gradle/caches/modules-2/files-2.1/androidx.lifecycle/lifecycle-common-java8/2.9.4/86a8e6b9d0ba0c964fdc7223a38b6ce74bcb24dd/lifecycle-common-java8-2.9.4.jar with cache key 486d3281bfe3ccb9bd7729a6dd1b4ebf
2026-04-25T03:15:23.7121312Z Transforming lifecycle-common-jvm-2.9.4.jar (androidx.lifecycle:lifecycle-common-jvm:2.9.4) with EnumerateClassesTransform
2026-04-25T03:15:23.7123389Z Build cache key for EnumerateClassesTransform: /home/runner/.gradle/caches/8.11.1/transforms/930829849183c1253929038a83ed1014/transformed/jetified-core-ktx-1.18.0-runtime.jar is 7f74b98c3c273d914b4e0aa037cf459c
2026-04-25T03:15:23.7125172Z Transforming runtime.aar (androidx.compose.runtime:runtime-android:1.9.2) with EnumerateClassesTransform
2026-04-25T03:15:23.7127186Z Build cache key for JetifyTransform: /home/runner/.gradle/caches/modules-2/files-2.1/androidx.room3/room3-common-jvm/3.0.0-alpha03/7dcd233f251fa770e7834734dff5bc5c7a1b22e2/room3-common-jvm-3.0.0-alpha03.jar is e0b52ba7769a8da22f6e498c26a471e7
2026-04-25T03:15:23.7129894Z Build cache key for EnumerateClassesTransform: /home/runner/.gradle/caches/8.11.1/transforms/ba972cd8aefa78e10f3ac529ba5cf210/transformed/jetified-lifecycle-common-jvm-2.9.4.jar is c81ad4353eaa900f6b6aad68d69f6914
2026-04-25T03:15:23.7132607Z Stored cache entry for EnumerateClassesTransform: /home/runner/.gradle/caches/8.11.1/transforms/930829849183c1253929038a83ed1014/transformed/jetified-core-ktx-1.18.0-runtime.jar with cache key 7f74b98c3c273d914b4e0aa037cf459c
2026-04-25T03:15:23.7134860Z Caching disabled for AarToClassTransform: /home/runner/.gradle/caches/8.11.1/transforms/c20b29de7efa83819c6c780f65229629/transformed/jetified-room3-runtime.aar because:
2026-04-25T03:15:23.7136038Z   Caching not enabled.
2026-04-25T03:15:23.7137492Z Stored cache entry for EnumerateClassesTransform: /home/runner/.gradle/caches/8.11.1/transforms/ba972cd8aefa78e10f3ac529ba5cf210/transformed/jetified-lifecycle-common-jvm-2.9.4.jar with cache key c81ad4353eaa900f6b6aad68d69f6914
2026-04-25T03:15:23.7140008Z Build cache key for EnumerateClassesTransform: /home/runner/.gradle/caches/8.11.1/transforms/31ff9d7015450c2de1150bf6060c418d/transformed/jetified-runtime-runtime.jar is 3e1d860de43f5e65045f48cbd5a32060
2026-04-25T03:15:23.7172514Z Caching disabled for AarToClassTransform: /home/runner/.gradle/caches/8.11.1/transforms/73ea9ae68b7a43d411a1937519cc481a/transformed/jetified-core-viewtree-1.0.0.aar because:
2026-04-25T03:15:23.7174110Z   Caching not enabled.
2026-04-25T03:15:23.7174806Z Transforming core-viewtree-1.0.0.aar (androidx.core:core-viewtree:1.0.0) with EnumerateClassesTransform
2026-04-25T03:15:23.7176830Z Build cache key for EnumerateClassesTransform: /home/runner/.gradle/caches/8.11.1/transforms/e5eff31b8fbdb822960e1f95b9f597c6/transformed/jetified-core-viewtree-1.0.0-runtime.jar is 85538733da7ea4f9e6b45616683fe599
2026-04-25T03:15:23.7179581Z Stored cache entry for JetifyTransform: /home/runner/.gradle/caches/modules-2/files-2.1/androidx.room3/room3-common-jvm/3.0.0-alpha03/7dcd233f251fa770e7834734dff5bc5c7a1b22e2/room3-common-jvm-3.0.0-alpha03.jar with cache key e0b52ba7769a8da22f6e498c26a471e7
2026-04-25T03:15:23.7182585Z Stored cache entry for EnumerateClassesTransform: /home/runner/.gradle/caches/8.11.1/transforms/e5eff31b8fbdb822960e1f95b9f597c6/transformed/jetified-core-viewtree-1.0.0-runtime.jar with cache key 85538733da7ea4f9e6b45616683fe599
2026-04-25T03:15:23.7184593Z Transforming room3-common-jvm-3.0.0-alpha03.jar (androidx.room3:room3-common-jvm:3.0.0-alpha03) with IdentityTransform
2026-04-25T03:15:23.7186573Z Stored cache entry for EnumerateClassesTransform: /home/runner/.gradle/caches/8.11.1/transforms/31ff9d7015450c2de1150bf6060c418d/transformed/jetified-runtime-runtime.jar with cache key 3e1d860de43f5e65045f48cbd5a32060
2026-04-25T03:15:23.7188905Z Caching disabled for IdentityTransform: /home/runner/.gradle/caches/8.11.1/transforms/b4d59bb185208f42b463dd709eb84325/transformed/jetified-room3-common-jvm-3.0.0-alpha03.jar because:
2026-04-25T03:15:23.7190158Z   Caching not enabled.
2026-04-25T03:15:23.7190992Z Transforming room3-common-jvm-3.0.0-alpha03.jar (androidx.room3:room3-common-jvm:3.0.0-alpha03) with EnumerateClassesTransform
2026-04-25T03:15:23.7193098Z Build cache key for EnumerateClassesTransform: /home/runner/.gradle/caches/8.11.1/transforms/b4d59bb185208f42b463dd709eb84325/transformed/jetified-room3-common-jvm-3.0.0-alpha03.jar is 648e2f2f17808c7bdb9a1330d5cbdd93
2026-04-25T03:15:23.7195694Z Stored cache entry for EnumerateClassesTransform: /home/runner/.gradle/caches/8.11.1/transforms/b4d59bb185208f42b463dd709eb84325/transformed/jetified-room3-common-jvm-3.0.0-alpha03.jar with cache key 648e2f2f17808c7bdb9a1330d5cbdd93
2026-04-25T03:15:23.7198191Z Caching disabled for AarToClassTransform: /home/runner/.gradle/caches/8.11.1/transforms/f1eabfa6c66ecb5d015b60571e17d0a9/transformed/jetified-annotation-experimental-1.5.0.aar because:
2026-04-25T03:15:23.7199468Z   Caching not enabled.
2026-04-25T03:15:23.7200376Z Transforming annotation-experimental-1.5.0.aar (androidx.annotation:annotation-experimental:1.5.0) with EnumerateClassesTransform
2026-04-25T03:15:23.7232836Z Build cache key for EnumerateClassesTransform: /home/runner/.gradle/caches/8.11.1/transforms/15258964302b6ea7e0e15718625f749c/transformed/jetified-annotation-experimental-1.5.0-runtime.jar is fde27e2fee7ea4c02b84403dacad1794
2026-04-25T03:15:23.7235691Z Stored cache entry for EnumerateClassesTransform: /home/runner/.gradle/caches/8.11.1/transforms/15258964302b6ea7e0e15718625f749c/transformed/jetified-annotation-experimental-1.5.0-runtime.jar with cache key fde27e2fee7ea4c02b84403dacad1794
2026-04-25T03:15:23.7238426Z Downloading https://repo.maven.apache.org/maven2/org/jetbrains/kotlinx/kotlinx-coroutines-android/1.9.0/kotlinx-coroutines-android-1.9.0.jar to /home/runner/.gradle/.tmp/gradle_download1666576302352453206bin
2026-04-25T03:15:23.7240737Z Caching disabled for AarToClassTransform: /home/runner/.gradle/caches/8.11.1/transforms/12d08eb3cacf25046840341250867103/transformed/jetified-profileinstaller-1.4.0.aar because:
2026-04-25T03:15:23.7242124Z   Caching not enabled.
2026-04-25T03:15:23.7243013Z Transforming kotlinx-coroutines-android-1.9.0.jar (org.jetbrains.kotlinx:kotlinx-coroutines-android:1.9.0) with JetifyTransform
2026-04-25T03:15:23.7245286Z Build cache key for JetifyTransform: /home/runner/.gradle/caches/modules-2/files-2.1/org.jetbrains.kotlinx/kotlinx-coroutines-android/1.9.0/6cf3b8df5a2ce8c6b0dffe55657a827c405ee2fe/kotlinx-coroutines-android-1.9.0.jar is b241d9d58f5c289f6baf985d3ecd47f4
2026-04-25T03:15:23.7247749Z Transforming room3-runtime.aar (androidx.room3:room3-runtime-android:3.0.0-alpha03) with EnumerateClassesTransform
2026-04-25T03:15:23.7249311Z Transforming profileinstaller-1.4.0.aar (androidx.profileinstaller:profileinstaller:1.4.0) with EnumerateClassesTransform
2026-04-25T03:15:23.7251356Z Build cache key for EnumerateClassesTransform: /home/runner/.gradle/caches/8.11.1/transforms/f7a223fbf08d68a06893d365f4b64937/transformed/jetified-profileinstaller-1.4.0-runtime.jar is 486d11ad3dc22143607eba6071c1bae5
2026-04-25T03:15:23.7254407Z Stored cache entry for JetifyTransform: /home/runner/.gradle/caches/modules-2/files-2.1/org.jetbrains.kotlinx/kotlinx-coroutines-android/1.9.0/6cf3b8df5a2ce8c6b0dffe55657a827c405ee2fe/kotlinx-coroutines-android-1.9.0.jar with cache key b241d9d58f5c289f6baf985d3ecd47f4
2026-04-25T03:15:23.7256747Z Transforming kotlinx-coroutines-android-1.9.0.jar (org.jetbrains.kotlinx:kotlinx-coroutines-android:1.9.0) with IdentityTransform
2026-04-25T03:15:23.7258650Z Caching disabled for IdentityTransform: /home/runner/.gradle/caches/8.11.1/transforms/814d3c340eff4679ec20eb79a8308d2f/transformed/jetified-kotlinx-coroutines-android-1.9.0.jar because:
2026-04-25T03:15:23.7259944Z   Caching not enabled.
2026-04-25T03:15:23.7261311Z Downloading https://repo.maven.apache.org/maven2/org/jetbrains/kotlinx/kotlinx-coroutines-core-jvm/1.9.0/kotlinx-coroutines-core-jvm-1.9.0.jar to /home/runner/.gradle/.tmp/gradle_download2774046583534097990bin
2026-04-25T03:15:23.7294294Z Stored cache entry for EnumerateClassesTransform: /home/runner/.gradle/caches/8.11.1/transforms/f7a223fbf08d68a06893d365f4b64937/transformed/jetified-profileinstaller-1.4.0-runtime.jar with cache key 486d11ad3dc22143607eba6071c1bae5
2026-04-25T03:15:23.7297030Z Build cache key for EnumerateClassesTransform: /home/runner/.gradle/caches/8.11.1/transforms/ac3e9f9005ece5a461a041d16a8f4a52/transformed/jetified-room3-runtime-runtime.jar is b4ea2cdb4ada2ee8821a44db0d995ccd
2026-04-25T03:15:23.7299128Z Transforming kotlinx-coroutines-android-1.9.0.jar (org.jetbrains.kotlinx:kotlinx-coroutines-android:1.9.0) with EnumerateClassesTransform
2026-04-25T03:15:23.7300983Z Caching disabled for AarToClassTransform: /home/runner/.gradle/caches/8.11.1/transforms/f8f46950ec1bdf2cf672a626c5291841/transformed/jetified-startup-runtime-1.1.1.aar because:
2026-04-25T03:15:23.7302484Z   Caching not enabled.
2026-04-25T03:15:23.7319302Z Build cache key for EnumerateClassesTransform: /home/runner/.gradle/caches/8.11.1/transforms/814d3c340eff4679ec20eb79a8308d2f/transformed/jetified-kotlinx-coroutines-android-1.9.0.jar is fe83e0260a7a01eb4fc8d746f69618ea
2026-04-25T03:15:23.7352429Z Stored cache entry for EnumerateClassesTransform: /home/runner/.gradle/caches/8.11.1/transforms/ac3e9f9005ece5a461a041d16a8f4a52/transformed/jetified-room3-runtime-runtime.jar with cache key b4ea2cdb4ada2ee8821a44db0d995ccd
2026-04-25T03:15:23.7354540Z Transforming startup-runtime-1.1.1.aar (androidx.startup:startup-runtime:1.1.1) with EnumerateClassesTransform
2026-04-25T03:15:23.7356148Z Caching disabled for AarToClassTransform: /home/runner/.gradle/caches/8.11.1/transforms/24093c78166b24c99f66ad0e5728efc7/transformed/jetified-tracing-1.2.0.aar because:
2026-04-25T03:15:23.7357329Z   Caching not enabled.
2026-04-25T03:15:23.7358856Z Stored cache entry for EnumerateClassesTransform: /home/runner/.gradle/caches/8.11.1/transforms/814d3c340eff4679ec20eb79a8308d2f/transformed/jetified-kotlinx-coroutines-android-1.9.0.jar with cache key fe83e0260a7a01eb4fc8d746f69618ea
2026-04-25T03:15:23.7361522Z Build cache key for EnumerateClassesTransform: /home/runner/.gradle/caches/8.11.1/transforms/2aa37f0dab75c1ddb712e2857f366b33/transformed/jetified-startup-runtime-1.1.1-runtime.jar is 711459c9e354963c6657e8c45da7927a
2026-04-25T03:15:23.7364109Z Caching disabled for AarToClassTransform: /home/runner/.gradle/caches/modules-2/files-2.1/androidx.interpolator/interpolator/1.0.0/8a01fa254a23b9388571eb6334b03707c7d122d7/interpolator-1.0.0.aar because:
2026-04-25T03:15:23.7365851Z   Caching not enabled.
2026-04-25T03:15:23.7366486Z Transforming tracing-1.2.0.aar (androidx.tracing:tracing:1.2.0) with EnumerateClassesTransform
2026-04-25T03:15:23.7368544Z Stored cache entry for EnumerateClassesTransform: /home/runner/.gradle/caches/8.11.1/transforms/2aa37f0dab75c1ddb712e2857f366b33/transformed/jetified-startup-runtime-1.1.1-runtime.jar with cache key 711459c9e354963c6657e8c45da7927a
2026-04-25T03:15:23.7371119Z Build cache key for EnumerateClassesTransform: /home/runner/.gradle/caches/8.11.1/transforms/875547ab98f67fde1b9f4aa59184e898/transformed/jetified-tracing-1.2.0-runtime.jar is 0e5021a272fb5a1901235b5ace50f19e
2026-04-25T03:15:23.7373826Z Caching disabled for AarToClassTransform: /home/runner/.gradle/caches/modules-2/files-2.1/androidx.versionedparcelable/versionedparcelable/1.1.1/18e18071e7715679e0593c570217edeb5ca48b9e/versionedparcelable-1.1.1.aar because:
2026-04-25T03:15:23.7375363Z   Caching not enabled.
2026-04-25T03:15:23.7376754Z Stored cache entry for EnumerateClassesTransform: /home/runner/.gradle/caches/8.11.1/transforms/875547ab98f67fde1b9f4aa59184e898/transformed/jetified-tracing-1.2.0-runtime.jar with cache key 0e5021a272fb5a1901235b5ace50f19e
2026-04-25T03:15:23.7378678Z Transforming interpolator-1.0.0.aar (androidx.interpolator:interpolator:1.0.0) with EnumerateClassesTransform
2026-04-25T03:15:23.7380498Z Build cache key for EnumerateClassesTransform: /home/runner/.gradle/caches/8.11.1/transforms/123cdb90cc1556861bd9cd2f6d7c9e2f/transformed/interpolator-1.0.0-runtime.jar is fdbdbb081374732ac511a46bc4fff847
2026-04-25T03:15:23.7412926Z Transforming kotlinx-coroutines-core-jvm-1.9.0.jar (org.jetbrains.kotlinx:kotlinx-coroutines-core-jvm:1.9.0) with JetifyTransform
2026-04-25T03:15:23.7414514Z Transforming versionedparcelable-1.1.1.aar (androidx.versionedparcelable:versionedparcelable:1.1.1) with EnumerateClassesTransform
2026-04-25T03:15:23.7416630Z Stored cache entry for EnumerateClassesTransform: /home/runner/.gradle/caches/8.11.1/transforms/123cdb90cc1556861bd9cd2f6d7c9e2f/transformed/interpolator-1.0.0-runtime.jar with cache key fdbdbb081374732ac511a46bc4fff847
2026-04-25T03:15:23.7419191Z Build cache key for EnumerateClassesTransform: /home/runner/.gradle/caches/8.11.1/transforms/4e4d18a86a76f51d7dbe637e0d253b1b/transformed/versionedparcelable-1.1.1-runtime.jar is fdbbd97de2bb98ec054bcac4e0a891e7
2026-04-25T03:15:23.7422192Z Build cache key for JetifyTransform: /home/runner/.gradle/caches/modules-2/files-2.1/org.jetbrains.kotlinx/kotlinx-coroutines-core-jvm/1.9.0/9beade4c1c1569e4f36cbd2c37e02e3e41502601/kotlinx-coroutines-core-jvm-1.9.0.jar is a4492de82abcc5ebb67b46b1186f0250
2026-04-25T03:15:23.7424878Z Caching disabled for AarToClassTransform: /home/runner/.gradle/caches/modules-2/files-2.1/androidx.arch.core/core-runtime/2.2.0/39705982680d78556b679ef9d5400d4f17509b0b/core-runtime-2.2.0.aar because:
2026-04-25T03:15:23.7426185Z   Caching not enabled.
2026-04-25T03:15:23.7426906Z Transforming core-runtime-2.2.0.aar (androidx.arch.core:core-runtime:2.2.0) with EnumerateClassesTransform
2026-04-25T03:15:23.7428835Z Stored cache entry for EnumerateClassesTransform: /home/runner/.gradle/caches/8.11.1/transforms/4e4d18a86a76f51d7dbe637e0d253b1b/transformed/versionedparcelable-1.1.1-runtime.jar with cache key fdbbd97de2bb98ec054bcac4e0a891e7
2026-04-25T03:15:23.7431409Z Build cache key for EnumerateClassesTransform: /home/runner/.gradle/caches/8.11.1/transforms/824d268f103d3611216e9001501ac1eb/transformed/core-runtime-2.2.0-runtime.jar is e276d7f272a71faebf18b1d8f9630211
2026-04-25T03:15:23.7434059Z Stored cache entry for EnumerateClassesTransform: /home/runner/.gradle/caches/8.11.1/transforms/824d268f103d3611216e9001501ac1eb/transformed/core-runtime-2.2.0-runtime.jar with cache key e276d7f272a71faebf18b1d8f9630211
2026-04-25T03:15:23.7436476Z Downloading https://dl.google.com/dl/android/maven2/androidx/concurrent/concurrent-futures/1.1.0/concurrent-futures-1.1.0.jar to /home/runner/.gradle/.tmp/gradle_download8389591130608524225bin
2026-04-25T03:15:23.7438441Z Transforming concurrent-futures-1.1.0.jar (androidx.concurrent:concurrent-futures:1.1.0) with JetifyTransform
2026-04-25T03:15:23.7440594Z Build cache key for JetifyTransform: /home/runner/.gradle/caches/modules-2/files-2.1/androidx.concurrent/concurrent-futures/1.1.0/50b7fb98350d5f42a4e49704b03278542293ba48/concurrent-futures-1.1.0.jar is 0746d63ebbb2ad391122e334db61b77a
2026-04-25T03:15:23.7465985Z Stored cache entry for JetifyTransform: /home/runner/.gradle/caches/modules-2/files-2.1/androidx.concurrent/concurrent-futures/1.1.0/50b7fb98350d5f42a4e49704b03278542293ba48/concurrent-futures-1.1.0.jar with cache key 0746d63ebbb2ad391122e334db61b77a
2026-04-25T03:15:23.7468125Z Transforming concurrent-futures-1.1.0.jar (androidx.concurrent:concurrent-futures:1.1.0) with IdentityTransform
2026-04-25T03:15:23.7469825Z Caching disabled for IdentityTransform: /home/runner/.gradle/caches/8.11.1/transforms/27cbcd3bd5612ff336f9581be3021e8e/transformed/jetified-concurrent-futures-1.1.0.jar because:
2026-04-25T03:15:23.7471072Z   Caching not enabled.
2026-04-25T03:15:23.7472051Z Transforming concurrent-futures-1.1.0.jar (androidx.concurrent:concurrent-futures:1.1.0) with EnumerateClassesTransform
2026-04-25T03:15:23.7473808Z Downloading https://dl.google.com/dl/android/maven2/androidx/collection/collection-ktx/1.5.0/collection-ktx-1.5.0.jar to /home/runner/.gradle/.tmp/gradle_download8404598616600560126bin
2026-04-25T03:15:23.7476119Z Build cache key for EnumerateClassesTransform: /home/runner/.gradle/caches/8.11.1/transforms/27cbcd3bd5612ff336f9581be3021e8e/transformed/jetified-concurrent-futures-1.1.0.jar is b994ba878d601736c4f8ba36124e4d20
2026-04-25T03:15:23.7477943Z Transforming collection-ktx-1.5.0.jar (androidx.collection:collection-ktx:1.5.0) with JetifyTransform
2026-04-25T03:15:23.7479477Z Downloading https://dl.google.com/dl/android/maven2/androidx/arch/core/core-common/2.2.0/core-common-2.2.0.jar to /home/runner/.gradle/.tmp/gradle_download12340510246413627868bin
2026-04-25T03:15:23.7481894Z Build cache key for JetifyTransform: /home/runner/.gradle/caches/modules-2/files-2.1/androidx.collection/collection-ktx/1.5.0/27c78a926a16a1bf792b2285cf2834e8caae4a07/collection-ktx-1.5.0.jar is b7d4787b2646b51c931ccdfc1e2744aa
2026-04-25T03:15:23.7483753Z Transforming core-common-2.2.0.jar (androidx.arch.core:core-common:2.2.0) with JetifyTransform
2026-04-25T03:15:23.7485602Z Stored cache entry for EnumerateClassesTransform: /home/runner/.gradle/caches/8.11.1/transforms/27cbcd3bd5612ff336f9581be3021e8e/transformed/jetified-concurrent-futures-1.1.0.jar with cache key b994ba878d601736c4f8ba36124e4d20
2026-04-25T03:15:23.7488228Z Build cache key for JetifyTransform: /home/runner/.gradle/caches/modules-2/files-2.1/androidx.arch.core/core-common/2.2.0/5e1b8b81dfd5f52c56a8d53b18ca759c19a301f3/core-common-2.2.0.jar is 332c20737d0fbdb50ee5d8aa84c867d9
2026-04-25T03:15:23.7490804Z Stored cache entry for JetifyTransform: /home/runner/.gradle/caches/modules-2/files-2.1/androidx.arch.core/core-common/2.2.0/5e1b8b81dfd5f52c56a8d53b18ca759c19a301f3/core-common-2.2.0.jar with cache key 332c20737d0fbdb50ee5d8aa84c867d9
2026-04-25T03:15:23.7522859Z Transforming core-common-2.2.0.jar (androidx.arch.core:core-common:2.2.0) with IdentityTransform
2026-04-25T03:15:23.7524287Z Caching disabled for IdentityTransform: /home/runner/.gradle/caches/modules-2/files-2.1/androidx.arch.core/core-common/2.2.0/5e1b8b81dfd5f52c56a8d53b18ca759c19a301f3/core-common-2.2.0.jar because:
2026-04-25T03:15:23.7525490Z   Caching not enabled.
2026-04-25T03:15:23.7526982Z Stored cache entry for JetifyTransform: /home/runner/.gradle/caches/modules-2/files-2.1/androidx.collection/collection-ktx/1.5.0/27c78a926a16a1bf792b2285cf2834e8caae4a07/collection-ktx-1.5.0.jar with cache key b7d4787b2646b51c931ccdfc1e2744aa
2026-04-25T03:15:23.7528893Z Transforming core-common-2.2.0.jar (androidx.arch.core:core-common:2.2.0) with EnumerateClassesTransform
2026-04-25T03:15:23.7530257Z Transforming collection-ktx-1.5.0.jar (androidx.collection:collection-ktx:1.5.0) with IdentityTransform
2026-04-25T03:15:23.7531964Z Caching disabled for IdentityTransform: /home/runner/.gradle/caches/8.11.1/transforms/409a684ecf4db05cf755c2c170d38a22/transformed/jetified-collection-ktx-1.5.0.jar because:
2026-04-25T03:15:23.7533343Z   Caching not enabled.
2026-04-25T03:15:23.7534141Z Transforming collection-ktx-1.5.0.jar (androidx.collection:collection-ktx:1.5.0) with EnumerateClassesTransform
2026-04-25T03:15:23.7536038Z Build cache key for EnumerateClassesTransform: /home/runner/.gradle/caches/modules-2/files-2.1/androidx.arch.core/core-common/2.2.0/5e1b8b81dfd5f52c56a8d53b18ca759c19a301f3/core-common-2.2.0.jar is cc59ae0b33c0a990cd65af109d66efc4
2026-04-25T03:15:23.7538633Z Build cache key for EnumerateClassesTransform: /home/runner/.gradle/caches/8.11.1/transforms/409a684ecf4db05cf755c2c170d38a22/transformed/jetified-collection-ktx-1.5.0.jar is 65d3d87794e58794ed2f5901f37f7816
2026-04-25T03:15:23.7541290Z Stored cache entry for EnumerateClassesTransform: /home/runner/.gradle/caches/modules-2/files-2.1/androidx.arch.core/core-common/2.2.0/5e1b8b81dfd5f52c56a8d53b18ca759c19a301f3/core-common-2.2.0.jar with cache key cc59ae0b33c0a990cd65af109d66efc4
2026-04-25T03:15:23.7544200Z Stored cache entry for EnumerateClassesTransform: /home/runner/.gradle/caches/8.11.1/transforms/409a684ecf4db05cf755c2c170d38a22/transformed/jetified-collection-ktx-1.5.0.jar with cache key 65d3d87794e58794ed2f5901f37f7816
2026-04-25T03:15:23.7546553Z Caching disabled for AarToClassTransform: /home/runner/.gradle/caches/8.11.1/transforms/9cd59eb2c41f58fd4e44cb98c03351ff/transformed/jetified-sqlite-framework.aar because:
2026-04-25T03:15:23.7547757Z   Caching not enabled.
2026-04-25T03:15:23.7548831Z Caching disabled for AarToClassTransform: /home/runner/.gradle/caches/8.11.1/transforms/0264757ea534d894ac1a73a70f155db0/transformed/jetified-sqlite-async.aar because:
2026-04-25T03:15:23.7549982Z   Caching not enabled.
2026-04-25T03:15:23.7551174Z Downloading https://dl.google.com/dl/android/maven2/androidx/collection/collection-jvm/1.5.0/collection-jvm-1.5.0.jar to /home/runner/.gradle/.tmp/gradle_download14010178878209518856bin
2026-04-25T03:15:23.7583198Z Transforming sqlite-async.aar (androidx.sqlite:sqlite-async-android:2.7.0-alpha03) with EnumerateClassesTransform
2026-04-25T03:15:23.7585091Z Build cache key for EnumerateClassesTransform: /home/runner/.gradle/caches/8.11.1/transforms/277774cc561bf15913c8c025d1c079a5/transformed/jetified-sqlite-async-runtime.jar is 2456df624e1f2e44ebc0b5783d6d398b
2026-04-25T03:15:23.7587036Z Transforming sqlite-framework.aar (androidx.sqlite:sqlite-framework-android:2.7.0-alpha03) with EnumerateClassesTransform
2026-04-25T03:15:23.7589088Z Stored cache entry for EnumerateClassesTransform: /home/runner/.gradle/caches/8.11.1/transforms/277774cc561bf15913c8c025d1c079a5/transformed/jetified-sqlite-async-runtime.jar with cache key 2456df624e1f2e44ebc0b5783d6d398b
2026-04-25T03:15:23.7591875Z Build cache key for EnumerateClassesTransform: /home/runner/.gradle/caches/8.11.1/transforms/ce170e1dd7a8e7e72fcec39f6b82d0ac/transformed/jetified-sqlite-framework-runtime.jar is 28fcebf2ddd398fe6281af086298409b
2026-04-25T03:15:23.7594120Z Caching disabled for AarToClassTransform: /home/runner/.gradle/caches/8.11.1/transforms/82dbdc1c085b8b12b10e0ebd7a2b32d7/transformed/jetified-sqlite.aar because:
2026-04-25T03:15:23.7595249Z   Caching not enabled.
2026-04-25T03:15:23.7596743Z Stored cache entry for EnumerateClassesTransform: /home/runner/.gradle/caches/8.11.1/transforms/ce170e1dd7a8e7e72fcec39f6b82d0ac/transformed/jetified-sqlite-framework-runtime.jar with cache key 28fcebf2ddd398fe6281af086298409b
2026-04-25T03:15:23.7599432Z Build cache key for JetifyTransform: /home/runner/.gradle/caches/modules-2/files-2.1/androidx.annotation/annotation-jvm/1.9.1/b17951747e38bf3986a24431b9ba0d039958aa5f/annotation-jvm-1.9.1.jar is f1936bdaec0d080aab0af6e2d85cf1db
2026-04-25T03:15:23.7601318Z Transforming sqlite.aar (androidx.sqlite:sqlite-android:2.7.0-alpha03) with EnumerateClassesTransform
2026-04-25T03:15:23.7603399Z Build cache key for EnumerateClassesTransform: /home/runner/.gradle/caches/8.11.1/transforms/47e156ca509b4db299fdc7c18cf6cd93/transformed/jetified-sqlite-runtime.jar is 4b0b66a5c8c2a04397a290a8b4a01154
2026-04-25T03:15:23.7605992Z Stored cache entry for EnumerateClassesTransform: /home/runner/.gradle/caches/8.11.1/transforms/47e156ca509b4db299fdc7c18cf6cd93/transformed/jetified-sqlite-runtime.jar with cache key 4b0b66a5c8c2a04397a290a8b4a01154
2026-04-25T03:15:23.7607804Z Transforming collection-jvm-1.5.0.jar (androidx.collection:collection-jvm:1.5.0) with JetifyTransform
2026-04-25T03:15:23.7609776Z Stored cache entry for JetifyTransform: /home/runner/.gradle/caches/modules-2/files-2.1/androidx.annotation/annotation-jvm/1.9.1/b17951747e38bf3986a24431b9ba0d039958aa5f/annotation-jvm-1.9.1.jar with cache key f1936bdaec0d080aab0af6e2d85cf1db
2026-04-25T03:15:23.7642800Z Build cache key for JetifyTransform: /home/runner/.gradle/caches/modules-2/files-2.1/androidx.collection/collection-jvm/1.5.0/7ba2c69414d46ebc2dd76598bdd0a75c54281a57/collection-jvm-1.5.0.jar is 5d62cd1ef0a0a13ba0350d01b0738d95
2026-04-25T03:15:23.7644808Z Transforming annotation-jvm-1.9.1.jar (androidx.annotation:annotation-jvm:1.9.1) with IdentityTransform
2026-04-25T03:15:23.7646469Z Caching disabled for IdentityTransform: /home/runner/.gradle/caches/8.11.1/transforms/80c77799f1f48bbc44c72bf51cbda254/transformed/jetified-annotation-jvm-1.9.1.jar because:
2026-04-25T03:15:23.7647674Z   Caching not enabled.
2026-04-25T03:15:23.7648421Z Transforming annotation-jvm-1.9.1.jar (androidx.annotation:annotation-jvm:1.9.1) with EnumerateClassesTransform
2026-04-25T03:15:23.7650257Z Build cache key for EnumerateClassesTransform: /home/runner/.gradle/caches/8.11.1/transforms/80c77799f1f48bbc44c72bf51cbda254/transformed/jetified-annotation-jvm-1.9.1.jar is da843849fc3798d21fa83bdc33312336
2026-04-25T03:15:23.7652950Z Downloading https://repo.maven.apache.org/maven2/org/jetbrains/kotlinx/kotlinx-serialization-core-jvm/1.7.3/kotlinx-serialization-core-jvm-1.7.3.jar to /home/runner/.gradle/.tmp/gradle_download16114262204653722888bin
2026-04-25T03:15:23.7655535Z Stored cache entry for EnumerateClassesTransform: /home/runner/.gradle/caches/8.11.1/transforms/80c77799f1f48bbc44c72bf51cbda254/transformed/jetified-annotation-jvm-1.9.1.jar with cache key da843849fc3798d21fa83bdc33312336
2026-04-25T03:15:23.7657548Z Transforming kotlinx-serialization-core-jvm-1.7.3.jar (org.jetbrains.kotlinx:kotlinx-serialization-core-jvm:1.7.3) with JetifyTransform
2026-04-25T03:15:23.7659900Z Build cache key for JetifyTransform: /home/runner/.gradle/caches/modules-2/files-2.1/org.jetbrains.kotlinx/kotlinx-serialization-core-jvm/1.7.3/1f226780b845ff9206474c05159245d861556249/kotlinx-serialization-core-jvm-1.7.3.jar is 217e28f6a2e63e235dbced8add4fe150
2026-04-25T03:15:23.7662675Z Downloading https://repo.maven.apache.org/maven2/org/jetbrains/kotlin/kotlin-stdlib/2.1.20/kotlin-stdlib-2.1.20.jar to /home/runner/.gradle/.tmp/gradle_download2474963894794270836bin
2026-04-25T03:15:23.7664245Z Transforming kotlin-stdlib-2.1.20.jar (org.jetbrains.kotlin:kotlin-stdlib:2.1.20) with JetifyTransform
2026-04-25T03:15:23.7666128Z Build cache key for JetifyTransform: /home/runner/.gradle/caches/modules-2/files-2.1/org.jetbrains.kotlin/kotlin-stdlib/2.1.20/aa8ca79cd50578314f6d1180c47cbe14c0fee567/kotlin-stdlib-2.1.20.jar is 65bf4dae6f5f196ea2eb4975184d4fa8
2026-04-25T03:15:23.7668837Z Stored cache entry for JetifyTransform: /home/runner/.gradle/caches/modules-2/files-2.1/androidx.collection/collection-jvm/1.5.0/7ba2c69414d46ebc2dd76598bdd0a75c54281a57/collection-jvm-1.5.0.jar with cache key 5d62cd1ef0a0a13ba0350d01b0738d95
2026-04-25T03:15:23.7670789Z Transforming collection-jvm-1.5.0.jar (androidx.collection:collection-jvm:1.5.0) with IdentityTransform
2026-04-25T03:15:23.7702620Z Caching disabled for IdentityTransform: /home/runner/.gradle/caches/8.11.1/transforms/d6f887207dff6862dfdad6bca0da5d04/transformed/jetified-collection-jvm-1.5.0.jar because:
2026-04-25T03:15:23.7703990Z   Caching not enabled.
2026-04-25T03:15:23.7704665Z Transforming collection-jvm-1.5.0.jar (androidx.collection:collection-jvm:1.5.0) with EnumerateClassesTransform
2026-04-25T03:15:23.7706491Z Build cache key for EnumerateClassesTransform: /home/runner/.gradle/caches/8.11.1/transforms/d6f887207dff6862dfdad6bca0da5d04/transformed/jetified-collection-jvm-1.5.0.jar is ff9dcbe41b161196730e8861a130303f
2026-04-25T03:15:23.7708739Z Stored cache entry for EnumerateClassesTransform: /home/runner/.gradle/caches/8.11.1/transforms/d6f887207dff6862dfdad6bca0da5d04/transformed/jetified-collection-jvm-1.5.0.jar with cache key ff9dcbe41b161196730e8861a130303f
2026-04-25T03:15:23.7710748Z Downloading https://repo.maven.apache.org/maven2/org/jetbrains/annotations/23.0.0/annotations-23.0.0.jar to /home/runner/.gradle/.tmp/gradle_download3737955260016240579bin
2026-04-25T03:15:23.7712298Z Transforming annotations-23.0.0.jar (org.jetbrains:annotations:23.0.0) with JetifyTransform
2026-04-25T03:15:23.7714005Z Build cache key for JetifyTransform: /home/runner/.gradle/caches/modules-2/files-2.1/org.jetbrains/annotations/23.0.0/8cc20c07506ec18e0834947b84a864bfc094484e/annotations-23.0.0.jar is c9889456bca73882520380f3246c0866
2026-04-25T03:15:23.7716541Z Stored cache entry for JetifyTransform: /home/runner/.gradle/caches/modules-2/files-2.1/org.jetbrains/annotations/23.0.0/8cc20c07506ec18e0834947b84a864bfc094484e/annotations-23.0.0.jar with cache key c9889456bca73882520380f3246c0866
2026-04-25T03:15:23.7718347Z Transforming annotations-23.0.0.jar (org.jetbrains:annotations:23.0.0) with IdentityTransform
2026-04-25T03:15:23.7720483Z Stored cache entry for JetifyTransform: /home/runner/.gradle/caches/modules-2/files-2.1/org.jetbrains.kotlinx/kotlinx-serialization-core-jvm/1.7.3/1f226780b845ff9206474c05159245d861556249/kotlinx-serialization-core-jvm-1.7.3.jar with cache key 217e28f6a2e63e235dbced8add4fe150
2026-04-25T03:15:23.7723264Z Caching disabled for IdentityTransform: /home/runner/.gradle/caches/8.11.1/transforms/098f1ee733bcc341d8285ab9571cc773/transformed/jetified-annotations-23.0.0.jar because:
2026-04-25T03:15:23.7724469Z   Caching not enabled.
2026-04-25T03:15:23.7725396Z Transforming kotlinx-serialization-core-jvm-1.7.3.jar (org.jetbrains.kotlinx:kotlinx-serialization-core-jvm:1.7.3) with IdentityTransform
2026-04-25T03:15:23.7782563Z Caching disabled for IdentityTransform: /home/runner/.gradle/caches/8.11.1/transforms/93b2fe31999446d77975deb313384cb5/transformed/jetified-kotlinx-serialization-core-jvm-1.7.3.jar because:
2026-04-25T03:15:23.7783998Z   Caching not enabled.
2026-04-25T03:15:23.7785014Z Transforming kotlinx-serialization-core-jvm-1.7.3.jar (org.jetbrains.kotlinx:kotlinx-serialization-core-jvm:1.7.3) with EnumerateClassesTransform
2026-04-25T03:15:23.7786447Z Transforming annotations-23.0.0.jar (org.jetbrains:annotations:23.0.0) with EnumerateClassesTransform
2026-04-25T03:15:23.7788201Z Build cache key for EnumerateClassesTransform: /home/runner/.gradle/caches/8.11.1/transforms/098f1ee733bcc341d8285ab9571cc773/transformed/jetified-annotations-23.0.0.jar is d9b28e36ab29ed425e40ba5d44fa6bdd
2026-04-25T03:15:23.7790683Z Stored cache entry for EnumerateClassesTransform: /home/runner/.gradle/caches/8.11.1/transforms/098f1ee733bcc341d8285ab9571cc773/transformed/jetified-annotations-23.0.0.jar with cache key d9b28e36ab29ed425e40ba5d44fa6bdd
2026-04-25T03:15:23.7793320Z Build cache key for JetifyTransform: /home/runner/.gradle/caches/modules-2/files-2.1/org.jspecify/jspecify/1.0.0/7425a601c1c7ec76645a78d22b8c6a627edee507/jspecify-1.0.0.jar is bf270662e754d6dadf71bd56a59e5115
2026-04-25T03:15:23.7795816Z Build cache key for EnumerateClassesTransform: /home/runner/.gradle/caches/8.11.1/transforms/93b2fe31999446d77975deb313384cb5/transformed/jetified-kotlinx-serialization-core-jvm-1.7.3.jar is 5df6101773ac5221f4a7528c649dc02a
2026-04-25T03:15:23.7798518Z Stored cache entry for EnumerateClassesTransform: /home/runner/.gradle/caches/8.11.1/transforms/93b2fe31999446d77975deb313384cb5/transformed/jetified-kotlinx-serialization-core-jvm-1.7.3.jar with cache key 5df6101773ac5221f4a7528c649dc02a
2026-04-25T03:15:23.7801757Z Stored cache entry for JetifyTransform: /home/runner/.gradle/caches/modules-2/files-2.1/org.jspecify/jspecify/1.0.0/7425a601c1c7ec76645a78d22b8c6a627edee507/jspecify-1.0.0.jar with cache key bf270662e754d6dadf71bd56a59e5115
2026-04-25T03:15:23.7803440Z Transforming jspecify-1.0.0.jar (org.jspecify:jspecify:1.0.0) with IdentityTransform
2026-04-25T03:15:23.7804840Z Caching disabled for IdentityTransform: /home/runner/.gradle/caches/8.11.1/transforms/a15dbaf446441037469d041422adc5a4/transformed/jetified-jspecify-1.0.0.jar because:
2026-04-25T03:15:23.7805978Z   Caching not enabled.
2026-04-25T03:15:23.7806574Z Transforming jspecify-1.0.0.jar (org.jspecify:jspecify:1.0.0) with EnumerateClassesTransform
2026-04-25T03:15:23.7808264Z Build cache key for EnumerateClassesTransform: /home/runner/.gradle/caches/8.11.1/transforms/a15dbaf446441037469d041422adc5a4/transformed/jetified-jspecify-1.0.0.jar is ee171db5002534b5d6bb1f76498cebb8
2026-04-25T03:15:23.7810769Z Stored cache entry for EnumerateClassesTransform: /home/runner/.gradle/caches/8.11.1/transforms/a15dbaf446441037469d041422adc5a4/transformed/jetified-jspecify-1.0.0.jar with cache key ee171db5002534b5d6bb1f76498cebb8
2026-04-25T03:15:23.7845170Z Downloading https://repo.maven.apache.org/maven2/com/google/guava/listenablefuture/1.0/listenablefuture-1.0.jar to /home/runner/.gradle/.tmp/gradle_download461092890190975848bin
2026-04-25T03:15:23.7846903Z Transforming listenablefuture-1.0.jar (com.google.guava:listenablefuture:1.0) with JetifyTransform
2026-04-25T03:15:23.7848814Z Build cache key for JetifyTransform: /home/runner/.gradle/caches/modules-2/files-2.1/com.google.guava/listenablefuture/1.0/c949a840a6acbc5268d088e47b04177bf90b3cad/listenablefuture-1.0.jar is ac3995c907cf5a52b62b75d36b4e933a
2026-04-25T03:15:23.7851511Z Stored cache entry for JetifyTransform: /home/runner/.gradle/caches/modules-2/files-2.1/com.google.guava/listenablefuture/1.0/c949a840a6acbc5268d088e47b04177bf90b3cad/listenablefuture-1.0.jar with cache key ac3995c907cf5a52b62b75d36b4e933a
2026-04-25T03:15:23.7853648Z Transforming listenablefuture-1.0.jar (com.google.guava:listenablefuture:1.0) with IdentityTransform
2026-04-25T03:15:23.7855247Z Caching disabled for IdentityTransform: /home/runner/.gradle/caches/8.11.1/transforms/d6cac1b8a8e7c5766d8d2882f75223ae/transformed/jetified-listenablefuture-1.0.jar because:
2026-04-25T03:15:23.7856449Z   Caching not enabled.
2026-04-25T03:15:23.7857185Z Transforming listenablefuture-1.0.jar (com.google.guava:listenablefuture:1.0) with EnumerateClassesTransform
2026-04-25T03:15:23.7859039Z Build cache key for EnumerateClassesTransform: /home/runner/.gradle/caches/8.11.1/transforms/d6cac1b8a8e7c5766d8d2882f75223ae/transformed/jetified-listenablefuture-1.0.jar is 76dfb443cca04ce5d72d6d6049a448e1
2026-04-25T03:15:23.7861719Z Stored cache entry for EnumerateClassesTransform: /home/runner/.gradle/caches/8.11.1/transforms/d6cac1b8a8e7c5766d8d2882f75223ae/transformed/jetified-listenablefuture-1.0.jar with cache key 76dfb443cca04ce5d72d6d6049a448e1
2026-04-25T03:15:23.7864688Z Stored cache entry for JetifyTransform: /home/runner/.gradle/caches/modules-2/files-2.1/org.jetbrains.kotlinx/kotlinx-coroutines-core-jvm/1.9.0/9beade4c1c1569e4f36cbd2c37e02e3e41502601/kotlinx-coroutines-core-jvm-1.9.0.jar with cache key a4492de82abcc5ebb67b46b1186f0250
2026-04-25T03:15:23.7867072Z Transforming kotlinx-coroutines-core-jvm-1.9.0.jar (org.jetbrains.kotlinx:kotlinx-coroutines-core-jvm:1.9.0) with IdentityTransform
2026-04-25T03:15:23.7868976Z Caching disabled for IdentityTransform: /home/runner/.gradle/caches/8.11.1/transforms/22b22ee9503eac1fabcf30289204d3b3/transformed/jetified-kotlinx-coroutines-core-jvm-1.9.0.jar because:
2026-04-25T03:15:23.7870302Z   Caching not enabled.
2026-04-25T03:15:23.7871244Z Transforming kotlinx-coroutines-core-jvm-1.9.0.jar (org.jetbrains.kotlinx:kotlinx-coroutines-core-jvm:1.9.0) with EnumerateClassesTransform
2026-04-25T03:15:23.7902776Z Build cache key for EnumerateClassesTransform: /home/runner/.gradle/caches/8.11.1/transforms/22b22ee9503eac1fabcf30289204d3b3/transformed/jetified-kotlinx-coroutines-core-jvm-1.9.0.jar is 3e4318b263716b4d94532ecc08e07c2c
2026-04-25T03:15:23.7905775Z Stored cache entry for EnumerateClassesTransform: /home/runner/.gradle/caches/8.11.1/transforms/22b22ee9503eac1fabcf30289204d3b3/transformed/jetified-kotlinx-coroutines-core-jvm-1.9.0.jar with cache key 3e4318b263716b4d94532ecc08e07c2c
2026-04-25T03:15:23.7908565Z Stored cache entry for JetifyTransform: /home/runner/.gradle/caches/modules-2/files-2.1/org.jetbrains.kotlin/kotlin-stdlib/2.1.20/aa8ca79cd50578314f6d1180c47cbe14c0fee567/kotlin-stdlib-2.1.20.jar with cache key 65bf4dae6f5f196ea2eb4975184d4fa8
2026-04-25T03:15:23.7910507Z Transforming kotlin-stdlib-2.1.20.jar (org.jetbrains.kotlin:kotlin-stdlib:2.1.20) with IdentityTransform
2026-04-25T03:15:23.7912214Z Caching disabled for IdentityTransform: /home/runner/.gradle/caches/8.11.1/transforms/0140aa4b8451d68af0374fd2fe0d2d59/transformed/jetified-kotlin-stdlib-2.1.20.jar because:
2026-04-25T03:15:23.7913388Z   Caching not enabled.
2026-04-25T03:15:23.7914119Z Transforming kotlin-stdlib-2.1.20.jar (org.jetbrains.kotlin:kotlin-stdlib:2.1.20) with EnumerateClassesTransform
2026-04-25T03:15:23.7915935Z Build cache key for EnumerateClassesTransform: /home/runner/.gradle/caches/8.11.1/transforms/0140aa4b8451d68af0374fd2fe0d2d59/transformed/jetified-kotlin-stdlib-2.1.20.jar is 324c1b5652c2464f2ebec09f25432392
2026-04-25T03:15:23.7918404Z Stored cache entry for EnumerateClassesTransform: /home/runner/.gradle/caches/8.11.1/transforms/0140aa4b8451d68af0374fd2fe0d2d59/transformed/jetified-kotlin-stdlib-2.1.20.jar with cache key 324c1b5652c2464f2ebec09f25432392
2026-04-25T03:15:23.7920031Z Caching disabled for task ':app:checkDebugDuplicateClasses' because:
2026-04-25T03:15:23.7920605Z   Caching has been disabled for the task
2026-04-25T03:15:23.7921142Z Task ':app:checkDebugDuplicateClasses' is not up-to-date because:
2026-04-25T03:15:23.7951990Z   No history is available.
2026-04-25T03:15:25.5101361Z 
2026-04-25T03:15:25.5132954Z > Task :app:kspDebugKotlin
2026-04-25T03:15:25.5144047Z file or directory '/home/runner/work/flashcard-app/flashcard-app/app/src/debug/java', not found
2026-04-25T03:15:25.5145369Z file or directory '/home/runner/work/flashcard-app/flashcard-app/app/src/debug/java', not found
2026-04-25T03:15:25.5146694Z Transforming material3-release.aar (androidx.compose.material3:material3-android:1.2.1) with JetifyTransform
2026-04-25T03:15:25.5148167Z Transforming material3-release.aar (androidx.compose.material3:material3-android:1.2.1) with AarToClassTransform
2026-04-25T03:15:25.5149480Z Transforming ui-util.aar (androidx.compose.ui:ui-util-android:1.9.2) with JetifyTransform
2026-04-25T03:15:25.5150558Z Transforming ui-util.aar (androidx.compose.ui:ui-util-android:1.9.2) with AarToClassTransform
2026-04-25T03:15:25.5151884Z Transforming ui-unit.aar (androidx.compose.ui:ui-unit-android:1.9.2) with JetifyTransform
2026-04-25T03:15:25.5152972Z Transforming ui-unit.aar (androidx.compose.ui:ui-unit-android:1.9.2) with AarToClassTransform
2026-04-25T03:15:25.5154092Z Transforming ui-text.aar (androidx.compose.ui:ui-text-android:1.9.2) with JetifyTransform
2026-04-25T03:15:25.5155230Z Transforming ui-text.aar (androidx.compose.ui:ui-text-android:1.9.2) with AarToClassTransform
2026-04-25T03:15:25.5156553Z Transforming foundation-layout.aar (androidx.compose.foundation:foundation-layout-android:1.9.2) with JetifyTransform
2026-04-25T03:15:25.5157980Z Transforming foundation-layout.aar (androidx.compose.foundation:foundation-layout-android:1.9.2) with AarToClassTransform
2026-04-25T03:15:25.5159568Z Transforming material-icons-core-release.aar (androidx.compose.material:material-icons-core-android:1.6.8) with JetifyTransform
2026-04-25T03:15:25.5161215Z Transforming material-icons-core-release.aar (androidx.compose.material:material-icons-core-android:1.6.8) with AarToClassTransform
2026-04-25T03:15:25.5225998Z Transforming material-ripple-release.aar (androidx.compose.material:material-ripple-android:1.6.8) with JetifyTransform
2026-04-25T03:15:25.5232838Z Transforming material-ripple-release.aar (androidx.compose.material:material-ripple-android:1.6.8) with AarToClassTransform
2026-04-25T03:15:25.5282914Z Transforming foundation-release.aar (androidx.compose.foundation:foundation-android:1.9.2) with JetifyTransform
2026-04-25T03:15:25.5312502Z Transforming foundation-release.aar (androidx.compose.foundation:foundation-android:1.9.2) with AarToClassTransform
2026-04-25T03:15:25.5313998Z Transforming animation-core.aar (androidx.compose.animation:animation-core-android:1.9.2) with JetifyTransform
2026-04-25T03:15:25.5337651Z Transforming animation-core.aar (androidx.compose.animation:animation-core-android:1.9.2) with AarToClassTransform
2026-04-25T03:15:25.5344145Z Transforming animation.aar (androidx.compose.animation:animation-android:1.9.2) with JetifyTransform
2026-04-25T03:15:25.5372516Z Transforming animation.aar (androidx.compose.animation:animation-android:1.9.2) with AarToClassTransform
2026-04-25T03:15:25.5422682Z Transforming ui-geometry.aar (androidx.compose.ui:ui-geometry-android:1.9.2) with JetifyTransform
2026-04-25T03:15:25.5465415Z Transforming ui-geometry.aar (androidx.compose.ui:ui-geometry-android:1.9.2) with AarToClassTransform
2026-04-25T03:15:25.5512572Z Transforming ui-tooling-data.aar (androidx.compose.ui:ui-tooling-data-android:1.9.2) with JetifyTransform
2026-04-25T03:15:25.5558852Z Transforming ui-tooling-data.aar (androidx.compose.ui:ui-tooling-data-android:1.9.2) with AarToClassTransform
2026-04-25T03:15:25.5582571Z Transforming ui-tooling-preview.aar (androidx.compose.ui:ui-tooling-preview-android:1.9.2) with JetifyTransform
2026-04-25T03:15:25.5618074Z Transforming ui-tooling-preview.aar (androidx.compose.ui:ui-tooling-preview-android:1.9.2) with AarToClassTransform
2026-04-25T03:15:25.5629865Z Transforming ui-graphics-release.aar (androidx.compose.ui:ui-graphics-android:1.9.2) with JetifyTransform
2026-04-25T03:15:25.5662741Z Transforming ui-graphics-release.aar (androidx.compose.ui:ui-graphics-android:1.9.2) with AarToClassTransform
2026-04-25T03:15:25.5672179Z Transforming ui-release.aar (androidx.compose.ui:ui-android:1.9.2) with JetifyTransform
2026-04-25T03:15:25.5705057Z Caching disabled for AarToClassTransform: /home/runner/.gradle/caches/8.11.1/transforms/5b883a22f6cfc1785fa561794c958fa5/transformed/jetified-ui-util.aar because:
2026-04-25T03:15:25.5732118Z   Caching not enabled.
2026-04-25T03:15:25.5749062Z Caching disabled for AarToClassTransform: /home/runner/.gradle/caches/8.11.1/transforms/22f792523c16f054b2accbf1c537728e/transformed/jetified-material3-release.aar because:
2026-04-25T03:15:25.5792122Z   Caching not enabled.
2026-04-25T03:15:25.5793097Z Transforming ui-release.aar (androidx.compose.ui:ui-android:1.9.2) with AarToClassTransform
2026-04-25T03:15:25.5812952Z Caching disabled for AarToClassTransform: /home/runner/.gradle/caches/8.11.1/transforms/be60eca1db00e760d557696ceb09452e/transformed/jetified-ui-unit.aar because:
2026-04-25T03:15:25.5822201Z   Caching not enabled.
2026-04-25T03:15:25.5829510Z Transforming ui-tooling.aar (androidx.compose.ui:ui-tooling-android:1.9.2) with JetifyTransform
2026-04-25T03:15:25.5863772Z Transforming ui-tooling.aar (androidx.compose.ui:ui-tooling-android:1.9.2) with AarToClassTransform
2026-04-25T03:15:25.5865226Z Transforming ui-test-manifest-1.9.2.aar (androidx.compose.ui:ui-test-manifest:1.9.2) with JetifyTransform
2026-04-25T03:15:25.5866642Z Transforming ui-test-manifest-1.9.2.aar (androidx.compose.ui:ui-test-manifest:1.9.2) with AarToClassTransform
2026-04-25T03:15:25.5867932Z Transforming activity-1.13.0.aar (androidx.activity:activity:1.13.0) with JetifyTransform
2026-04-25T03:15:25.5869099Z Transforming activity-1.13.0.aar (androidx.activity:activity:1.13.0) with AarToClassTransform
2026-04-25T03:15:25.5870395Z Transforming activity-compose-1.13.0.aar (androidx.activity:activity-compose:1.13.0) with JetifyTransform
2026-04-25T03:15:25.5872414Z Transforming activity-compose-1.13.0.aar (androidx.activity:activity-compose:1.13.0) with AarToClassTransform
2026-04-25T03:15:25.5873597Z Transforming core-1.18.0.aar (androidx.core:core:1.18.0) with JetifyTransform
2026-04-25T03:15:25.5874802Z Transforming core-1.18.0.aar (androidx.core:core:1.18.0) with AarToClassTransform
2026-04-25T03:15:25.5903087Z Transforming lifecycle-livedata-core-2.9.4.aar (androidx.lifecycle:lifecycle-livedata-core:2.9.4) with JetifyTransform
2026-04-25T03:15:25.5919299Z Transforming lifecycle-livedata-core-2.9.4.aar (androidx.lifecycle:lifecycle-livedata-core:2.9.4) with AarToClassTransform
2026-04-25T03:15:25.5966752Z Transforming lifecycle-runtime-compose-release.aar (androidx.lifecycle:lifecycle-runtime-compose-android:2.9.4) with JetifyTransform
2026-04-25T03:15:25.5988477Z Transforming lifecycle-runtime-compose-release.aar (androidx.lifecycle:lifecycle-runtime-compose-android:2.9.4) with AarToClassTransform
2026-04-25T03:15:25.6007294Z Transforming lifecycle-runtime-release.aar (androidx.lifecycle:lifecycle-runtime-android:2.9.4) with JetifyTransform
2026-04-25T03:15:25.6022834Z Transforming lifecycle-runtime-release.aar (androidx.lifecycle:lifecycle-runtime-android:2.9.4) with AarToClassTransform
2026-04-25T03:15:25.6052675Z Transforming lifecycle-common-jvm-2.9.4.jar (androidx.lifecycle:lifecycle-common-jvm:2.9.4) with JetifyTransform
2026-04-25T03:15:25.6082549Z Transforming lifecycle-common-jvm-2.9.4.jar (androidx.lifecycle:lifecycle-common-jvm:2.9.4) with IdentityTransform
2026-04-25T03:15:25.6103497Z Transforming lifecycle-viewmodel-release.aar (androidx.lifecycle:lifecycle-viewmodel-android:2.9.4) with JetifyTransform
2026-04-25T03:15:25.6105320Z Transforming lifecycle-viewmodel-release.aar (androidx.lifecycle:lifecycle-viewmodel-android:2.9.4) with AarToClassTransform
2026-04-25T03:15:25.6106837Z Transforming lifecycle-runtime-ktx.aar (androidx.lifecycle:lifecycle-runtime-ktx-android:2.9.4) with JetifyTransform
2026-04-25T03:15:25.6108388Z Transforming lifecycle-runtime-ktx.aar (androidx.lifecycle:lifecycle-runtime-ktx-android:2.9.4) with AarToClassTransform
2026-04-25T03:15:25.6110218Z Transforming lifecycle-viewmodel-savedstate-release.aar (androidx.lifecycle:lifecycle-viewmodel-savedstate-android:2.9.4) with JetifyTransform
2026-04-25T03:15:25.6112536Z Transforming lifecycle-viewmodel-savedstate-release.aar (androidx.lifecycle:lifecycle-viewmodel-savedstate-android:2.9.4) with AarToClassTransform
2026-04-25T03:15:25.6114143Z Transforming core-ktx-1.18.0.aar (androidx.core:core-ktx:1.18.0) with JetifyTransform
2026-04-25T03:15:25.6115269Z Transforming core-ktx-1.18.0.aar (androidx.core:core-ktx:1.18.0) with AarToClassTransform
2026-04-25T03:15:25.6116620Z Transforming room3-common-jvm-3.0.0-alpha03.jar (androidx.room3:room3-common-jvm:3.0.0-alpha03) with JetifyTransform
2026-04-25T03:15:25.6118143Z Transforming room3-common-jvm-3.0.0-alpha03.jar (androidx.room3:room3-common-jvm:3.0.0-alpha03) with IdentityTransform
2026-04-25T03:15:25.6119642Z Transforming room3-runtime.aar (androidx.room3:room3-runtime-android:3.0.0-alpha03) with JetifyTransform
2026-04-25T03:15:25.6121023Z Transforming room3-runtime.aar (androidx.room3:room3-runtime-android:3.0.0-alpha03) with AarToClassTransform
2026-04-25T03:15:25.6122538Z Transforming core-viewtree-1.0.0.aar (androidx.core:core-viewtree:1.0.0) with JetifyTransform
2026-04-25T03:15:25.6123718Z Transforming core-viewtree-1.0.0.aar (androidx.core:core-viewtree:1.0.0) with AarToClassTransform
2026-04-25T03:15:25.6125165Z Transforming versionedparcelable-1.1.1.aar (androidx.versionedparcelable:versionedparcelable:1.1.1) with JetifyTransform
2026-04-25T03:15:25.6127290Z Transforming versionedparcelable-1.1.1.aar (androidx.versionedparcelable:versionedparcelable:1.1.1) with AarToClassTransform
2026-04-25T03:15:25.6128799Z Transforming navigationevent.aar (androidx.navigationevent:navigationevent-android:1.0.0) with JetifyTransform
2026-04-25T03:15:25.6130104Z Transforming navigationevent.aar (androidx.navigationevent:navigationevent-android:1.0.0) with AarToClassTransform
2026-04-25T03:15:25.6132110Z Transforming navigationevent-compose.aar (androidx.navigationevent:navigationevent-compose-android:1.0.0) with JetifyTransform
2026-04-25T03:15:25.6134123Z Transforming navigationevent-compose.aar (androidx.navigationevent:navigationevent-compose-android:1.0.0) with AarToClassTransform
2026-04-25T03:15:25.6135660Z Transforming savedstate-release.aar (androidx.savedstate:savedstate-android:1.3.3) with JetifyTransform
2026-04-25T03:15:25.6136951Z Transforming savedstate-release.aar (androidx.savedstate:savedstate-android:1.3.3) with AarToClassTransform
2026-04-25T03:15:25.6138287Z Transforming savedstate-compose.aar (androidx.savedstate:savedstate-compose-android:1.3.3) with JetifyTransform
2026-04-25T03:15:25.6139666Z Transforming savedstate-compose.aar (androidx.savedstate:savedstate-compose-android:1.3.3) with AarToClassTransform
2026-04-25T03:15:25.6141253Z Transforming runtime-annotation.aar (androidx.compose.runtime:runtime-annotation-android:1.9.2) with JetifyTransform
2026-04-25T03:15:25.6143058Z Transforming runtime-annotation.aar (androidx.compose.runtime:runtime-annotation-android:1.9.2) with AarToClassTransform
2026-04-25T03:15:25.6144376Z Transforming runtime.aar (androidx.compose.runtime:runtime-android:1.9.2) with JetifyTransform
2026-04-25T03:15:25.6145611Z Transforming runtime.aar (androidx.compose.runtime:runtime-android:1.9.2) with AarToClassTransform
2026-04-25T03:15:25.6148246Z Transforming runtime-saveable.aar (androidx.compose.runtime:runtime-saveable-android:1.9.2) with JetifyTransform
2026-04-25T03:15:25.6149844Z Transforming runtime-saveable.aar (androidx.compose.runtime:runtime-saveable-android:1.9.2) with AarToClassTransform
2026-04-25T03:15:25.6151306Z Transforming collection-jvm-1.5.0.jar (androidx.collection:collection-jvm:1.5.0) with JetifyTransform
2026-04-25T03:15:25.6152810Z Transforming collection-jvm-1.5.0.jar (androidx.collection:collection-jvm:1.5.0) with IdentityTransform
2026-04-25T03:15:25.6154236Z Transforming sqlite-framework.aar (androidx.sqlite:sqlite-framework-android:2.7.0-alpha03) with JetifyTransform
2026-04-25T03:15:25.6155863Z Transforming sqlite-framework.aar (androidx.sqlite:sqlite-framework-android:2.7.0-alpha03) with AarToClassTransform
2026-04-25T03:15:25.6157257Z Transforming sqlite.aar (androidx.sqlite:sqlite-android:2.7.0-alpha03) with JetifyTransform
2026-04-25T03:15:25.6158453Z Transforming sqlite.aar (androidx.sqlite:sqlite-android:2.7.0-alpha03) with AarToClassTransform
2026-04-25T03:15:25.6159710Z Transforming core-common-2.2.0.jar (androidx.arch.core:core-common:2.2.0) with JetifyTransform
2026-04-25T03:15:25.6160926Z Transforming core-common-2.2.0.jar (androidx.arch.core:core-common:2.2.0) with IdentityTransform
2026-04-25T03:15:25.6162398Z Transforming annotation-jvm-1.9.1.jar (androidx.annotation:annotation-jvm:1.9.1) with JetifyTransform
2026-04-25T03:15:25.6163716Z Transforming annotation-jvm-1.9.1.jar (androidx.annotation:annotation-jvm:1.9.1) with IdentityTransform
2026-04-25T03:15:25.6165207Z Transforming annotation-experimental-1.5.0.aar (androidx.annotation:annotation-experimental:1.5.0) with JetifyTransform
2026-04-25T03:15:25.6166812Z Transforming annotation-experimental-1.5.0.aar (androidx.annotation:annotation-experimental:1.5.0) with AarToClassTransform
2026-04-25T03:15:25.6168513Z Transforming kotlinx-coroutines-core-jvm-1.9.0.jar (org.jetbrains.kotlinx:kotlinx-coroutines-core-jvm:1.9.0) with JetifyTransform
2026-04-25T03:15:25.6170224Z Transforming kotlinx-coroutines-core-jvm-1.9.0.jar (org.jetbrains.kotlinx:kotlinx-coroutines-core-jvm:1.9.0) with IdentityTransform
2026-04-25T03:15:25.6172129Z Transforming kotlinx-coroutines-android-1.9.0.jar (org.jetbrains.kotlinx:kotlinx-coroutines-android:1.9.0) with JetifyTransform
2026-04-25T03:15:25.6173732Z Transforming kotlinx-coroutines-android-1.9.0.jar (org.jetbrains.kotlinx:kotlinx-coroutines-android:1.9.0) with IdentityTransform
2026-04-25T03:15:25.6175438Z Transforming kotlinx-serialization-core-jvm-1.7.3.jar (org.jetbrains.kotlinx:kotlinx-serialization-core-jvm:1.7.3) with JetifyTransform
2026-04-25T03:15:25.6177503Z Transforming kotlinx-serialization-core-jvm-1.7.3.jar (org.jetbrains.kotlinx:kotlinx-serialization-core-jvm:1.7.3) with IdentityTransform
2026-04-25T03:15:25.6179298Z Transforming kotlin-stdlib-2.1.20.jar (org.jetbrains.kotlin:kotlin-stdlib:2.1.20) with JetifyTransform
2026-04-25T03:15:25.6180747Z Transforming kotlin-stdlib-2.1.20.jar (org.jetbrains.kotlin:kotlin-stdlib:2.1.20) with IdentityTransform
2026-04-25T03:15:25.6182380Z Transforming annotations-23.0.0.jar (org.jetbrains:annotations:23.0.0) with JetifyTransform
2026-04-25T03:15:25.6183622Z Transforming annotations-23.0.0.jar (org.jetbrains:annotations:23.0.0) with IdentityTransform
2026-04-25T03:15:25.6184935Z Transforming listenablefuture-1.0.jar (com.google.guava:listenablefuture:1.0) with JetifyTransform
2026-04-25T03:15:25.6186297Z Transforming listenablefuture-1.0.jar (com.google.guava:listenablefuture:1.0) with IdentityTransform
2026-04-25T03:15:25.6187555Z Transforming jspecify-1.0.0.jar (org.jspecify:jspecify:1.0.0) with JetifyTransform
2026-04-25T03:15:25.6188691Z Transforming jspecify-1.0.0.jar (org.jspecify:jspecify:1.0.0) with IdentityTransform
2026-04-25T03:15:25.6190441Z Caching disabled for AarToClassTransform: /home/runner/.gradle/caches/8.11.1/transforms/651c6859b01bd2452da29ab2d8071ef4/transformed/jetified-foundation-layout.aar because:
2026-04-25T03:15:25.6192113Z   Caching not enabled.
2026-04-25T03:15:25.6193363Z Caching disabled for AarToClassTransform: /home/runner/.gradle/caches/8.11.1/transforms/1f89e9327aab6c94be44bd21771f6ba8/transformed/jetified-ui-text.aar because:
2026-04-25T03:15:25.6194810Z   Caching not enabled.
2026-04-25T03:15:25.6196307Z Caching disabled for AarToClassTransform: /home/runner/.gradle/caches/8.11.1/transforms/bd302f50289597a006ce254b73a42d0c/transformed/jetified-material-icons-core-release.aar because:
2026-04-25T03:15:25.6197927Z   Caching not enabled.
2026-04-25T03:15:25.6199224Z Caching disabled for AarToClassTransform: /home/runner/.gradle/caches/8.11.1/transforms/3513aa9bb26281bbac5fb45f0d2964a9/transformed/jetified-material-ripple-release.aar because:
2026-04-25T03:15:25.6201526Z   Caching not enabled.
2026-04-25T03:15:25.6202970Z Caching disabled for AarToClassTransform: /home/runner/.gradle/caches/8.11.1/transforms/c0a4e2bd4f428ed71ec46f70fe399651/transformed/jetified-animation-core.aar because:
2026-04-25T03:15:25.6204297Z   Caching not enabled.
2026-04-25T03:15:25.6205501Z Caching disabled for AarToClassTransform: /home/runner/.gradle/caches/8.11.1/transforms/fdc5f9efc052b8d13e9b78ca37b95c62/transformed/jetified-animation.aar because:
2026-04-25T03:15:25.6206792Z   Caching not enabled.
2026-04-25T03:15:25.6208051Z Caching disabled for AarToClassTransform: /home/runner/.gradle/caches/8.11.1/transforms/37db2277dc94c4711ae63e662db15c55/transformed/jetified-foundation-release.aar because:
2026-04-25T03:15:25.6209406Z   Caching not enabled.
2026-04-25T03:15:25.6210608Z Caching disabled for AarToClassTransform: /home/runner/.gradle/caches/8.11.1/transforms/f4896e48c4d9e3d2c15f6304743b7f78/transformed/jetified-ui-geometry.aar because:
2026-04-25T03:15:25.6212088Z   Caching not enabled.
2026-04-25T03:15:25.6213329Z Caching disabled for AarToClassTransform: /home/runner/.gradle/caches/8.11.1/transforms/e8558172ca95303930bbecaa9104c895/transformed/jetified-ui-tooling-data.aar because:
2026-04-25T03:15:25.6214659Z   Caching not enabled.
2026-04-25T03:15:25.6215913Z Caching disabled for AarToClassTransform: /home/runner/.gradle/caches/8.11.1/transforms/f37b1d8fbac2dffae54114aab8b95cca/transformed/jetified-ui-tooling-preview.aar because:
2026-04-25T03:15:25.6217272Z   Caching not enabled.
2026-04-25T03:15:25.6218525Z Caching disabled for AarToClassTransform: /home/runner/.gradle/caches/8.11.1/transforms/8cc240ac30bb39cb75d0691ce335ceef/transformed/jetified-ui-graphics-release.aar because:
2026-04-25T03:15:25.6219867Z   Caching not enabled.
2026-04-25T03:15:25.6221077Z Caching disabled for AarToClassTransform: /home/runner/.gradle/caches/8.11.1/transforms/168cac6b72a3627e0c9fe76f3515a9f6/transformed/jetified-ui-release.aar because:
2026-04-25T03:15:25.6223004Z   Caching not enabled.
2026-04-25T03:15:25.6224452Z Caching disabled for AarToClassTransform: /home/runner/.gradle/caches/8.11.1/transforms/0e34dad59654817a9cf67b567a05ab93/transformed/jetified-ui-tooling.aar because:
2026-04-25T03:15:25.6225836Z   Caching not enabled.
2026-04-25T03:15:25.6227147Z Caching disabled for AarToClassTransform: /home/runner/.gradle/caches/8.11.1/transforms/66c1d3d4bfa5c4b94b2acf4d009ee8cc/transformed/jetified-ui-test-manifest-1.9.2.aar because:
2026-04-25T03:15:25.6228532Z   Caching not enabled.
2026-04-25T03:15:25.6229816Z Caching disabled for AarToClassTransform: /home/runner/.gradle/caches/8.11.1/transforms/30b931e1fe8e7883ccc4d21e3312a826/transformed/jetified-activity-1.13.0.aar because:
2026-04-25T03:15:25.6231174Z   Caching not enabled.
2026-04-25T03:15:25.6232761Z Caching disabled for AarToClassTransform: /home/runner/.gradle/caches/8.11.1/transforms/60f69dab7ac44814197acff2aac8a25f/transformed/jetified-activity-compose-1.13.0.aar because:
2026-04-25T03:15:25.6234233Z   Caching not enabled.
2026-04-25T03:15:25.6235552Z Caching disabled for AarToClassTransform: /home/runner/.gradle/caches/modules-2/files-2.1/androidx.core/core/1.18.0/ff046a9f2725d94c2eaaa82e08674bb761c17792/core-1.18.0.aar because:
2026-04-25T03:15:25.6236976Z   Caching not enabled.
2026-04-25T03:15:25.6238606Z Caching disabled for AarToClassTransform: /home/runner/.gradle/caches/modules-2/files-2.1/androidx.lifecycle/lifecycle-livedata-core/2.9.4/8ffb4401079c231b0a85014cf2e4df02c804d53b/lifecycle-livedata-core-2.9.4.aar because:
2026-04-25T03:15:25.6240319Z   Caching not enabled.
2026-04-25T03:15:25.6241959Z Caching disabled for AarToClassTransform: /home/runner/.gradle/caches/8.11.1/transforms/011a167bd879d706b109aa35f4d74a97/transformed/jetified-lifecycle-runtime-compose-release.aar because:
2026-04-25T03:15:25.6243579Z   Caching not enabled.
2026-04-25T03:15:25.6244996Z Caching disabled for AarToClassTransform: /home/runner/.gradle/caches/8.11.1/transforms/c710e89bf571aaab03c924e9cf1f80a4/transformed/jetified-lifecycle-runtime-release.aar because:
2026-04-25T03:15:25.6246483Z   Caching not enabled.
2026-04-25T03:15:25.6247898Z Caching disabled for AarToClassTransform: /home/runner/.gradle/caches/8.11.1/transforms/52f016a50531c7c4a23570e3613954b5/transformed/jetified-lifecycle-viewmodel-release.aar because:
2026-04-25T03:15:25.6249396Z   Caching not enabled.
2026-04-25T03:15:25.6250874Z Caching disabled for AarToClassTransform: /home/runner/.gradle/caches/8.11.1/transforms/ed46a769402c76e1a72c0447fb13a24d/transformed/jetified-lifecycle-viewmodel-savedstate-release.aar because:
2026-04-25T03:15:25.6252629Z   Caching not enabled.
2026-04-25T03:15:25.6253868Z Caching disabled for AarToClassTransform: /home/runner/.gradle/caches/8.11.1/transforms/a1f59c412310a807fa78e95c2cd2f381/transformed/jetified-core-ktx-1.18.0.aar because:
2026-04-25T03:15:25.6255296Z   Caching not enabled.
2026-04-25T03:15:25.6256588Z Caching disabled for AarToClassTransform: /home/runner/.gradle/caches/8.11.1/transforms/7ccdcc071688379202259ebaa6cce5dc/transformed/jetified-lifecycle-runtime-ktx.aar because:
2026-04-25T03:15:25.6259069Z   Caching not enabled.
2026-04-25T03:15:25.6260310Z Caching disabled for AarToClassTransform: /home/runner/.gradle/caches/8.11.1/transforms/c20b29de7efa83819c6c780f65229629/transformed/jetified-room3-runtime.aar because:
2026-04-25T03:15:25.6262838Z   Caching not enabled.
2026-04-25T03:15:25.6264220Z Caching disabled for AarToClassTransform: /home/runner/.gradle/caches/8.11.1/transforms/73ea9ae68b7a43d411a1937519cc481a/transformed/jetified-core-viewtree-1.0.0.aar because:
2026-04-25T03:15:25.6265647Z   Caching not enabled.
2026-04-25T03:15:25.6267268Z Caching disabled for AarToClassTransform: /home/runner/.gradle/caches/modules-2/files-2.1/androidx.versionedparcelable/versionedparcelable/1.1.1/18e18071e7715679e0593c570217edeb5ca48b9e/versionedparcelable-1.1.1.aar because:
2026-04-25T03:15:25.6269228Z   Caching not enabled.
2026-04-25T03:15:25.6270516Z Caching disabled for AarToClassTransform: /home/runner/.gradle/caches/8.11.1/transforms/662c191ac34b42e275af53136c9e4839/transformed/jetified-navigationevent.aar because:
2026-04-25T03:15:25.6272055Z   Caching not enabled.
2026-04-25T03:15:25.6273620Z Caching disabled for AarToClassTransform: /home/runner/.gradle/caches/8.11.1/transforms/0ab01a77cb0bfe4c2e331aaa425714c3/transformed/jetified-navigationevent-compose.aar because:
2026-04-25T03:15:25.6275138Z   Caching not enabled.
2026-04-25T03:15:25.6276486Z Caching disabled for AarToClassTransform: /home/runner/.gradle/caches/8.11.1/transforms/879fc58ba3342a988f57e0189e57f936/transformed/jetified-savedstate-release.aar because:
2026-04-25T03:15:25.6277924Z   Caching not enabled.
2026-04-25T03:15:25.6279260Z Caching disabled for AarToClassTransform: /home/runner/.gradle/caches/8.11.1/transforms/bf0718a3754a70a7d8945a3c6f358aca/transformed/jetified-savedstate-compose.aar because:
2026-04-25T03:15:25.6280688Z   Caching not enabled.
2026-04-25T03:15:25.6282218Z Caching disabled for AarToClassTransform: /home/runner/.gradle/caches/8.11.1/transforms/2fbb55867af2842e222ecea16bbc1052/transformed/jetified-runtime-annotation.aar because:
2026-04-25T03:15:25.6283670Z   Caching not enabled.
2026-04-25T03:15:25.6284895Z Caching disabled for AarToClassTransform: /home/runner/.gradle/caches/8.11.1/transforms/f00057971956fc18c8ce69fd8c9b6712/transformed/jetified-runtime.aar because:
2026-04-25T03:15:25.6286211Z   Caching not enabled.
2026-04-25T03:15:25.6287432Z Caching disabled for AarToClassTransform: /home/runner/.gradle/caches/8.11.1/transforms/53336594dea59a2359c892e97f73a1c1/transformed/jetified-runtime-saveable.aar because:
2026-04-25T03:15:25.6288770Z   Caching not enabled.
2026-04-25T03:15:25.6290005Z Caching disabled for AarToClassTransform: /home/runner/.gradle/caches/8.11.1/transforms/9cd59eb2c41f58fd4e44cb98c03351ff/transformed/jetified-sqlite-framework.aar because:
2026-04-25T03:15:25.6291834Z   Caching not enabled.
2026-04-25T03:15:25.6293114Z Caching disabled for AarToClassTransform: /home/runner/.gradle/caches/8.11.1/transforms/82dbdc1c085b8b12b10e0ebd7a2b32d7/transformed/jetified-sqlite.aar because:
2026-04-25T03:15:25.6294391Z   Caching not enabled.
2026-04-25T03:15:25.6295770Z Caching disabled for AarToClassTransform: /home/runner/.gradle/caches/8.11.1/transforms/f1eabfa6c66ecb5d015b60571e17d0a9/transformed/jetified-annotation-experimental-1.5.0.aar because:
2026-04-25T03:15:25.6297211Z   Caching not enabled.
2026-04-25T03:15:25.6298384Z Resource missing. [HTTP GET: https://dl.google.com/dl/android/maven2/org/jetbrains/kotlin/kotlin-build-tools-impl/2.0.0/kotlin-build-tools-impl-2.0.0.pom]
2026-04-25T03:15:25.6300553Z Downloading https://repo.maven.apache.org/maven2/org/jetbrains/kotlin/kotlin-build-tools-impl/2.0.0/kotlin-build-tools-impl-2.0.0.pom to /home/runner/.gradle/.tmp/gradle_download6122638950916410891bin
2026-04-25T03:15:25.6303198Z Resource missing. [HTTP GET: https://dl.google.com/dl/android/maven2/org/jetbrains/kotlin/kotlin-scripting-compiler-impl-embeddable/2.0.0/kotlin-scripting-compiler-impl-embeddable-2.0.0.pom]
2026-04-25T03:15:25.6305575Z Resource missing. [HTTP GET: https://dl.google.com/dl/android/maven2/org/jetbrains/kotlin/kotlin-scripting-compiler-embeddable/2.0.0/kotlin-scripting-compiler-embeddable-2.0.0.pom]
2026-04-25T03:15:25.6308299Z Downloading https://repo.maven.apache.org/maven2/org/jetbrains/kotlin/kotlin-scripting-compiler-impl-embeddable/2.0.0/kotlin-scripting-compiler-impl-embeddable-2.0.0.pom to /home/runner/.gradle/.tmp/gradle_download5849016245087008117bin
2026-04-25T03:15:25.6311181Z Downloading https://repo.maven.apache.org/maven2/org/jetbrains/kotlin/kotlin-scripting-compiler-embeddable/2.0.0/kotlin-scripting-compiler-embeddable-2.0.0.pom to /home/runner/.gradle/.tmp/gradle_download8635142203816245046bin
2026-04-25T03:15:25.6313402Z Resource missing. [HTTP GET: https://dl.google.com/dl/android/maven2/org/jetbrains/kotlin/kotlin-reflect/1.6.10/kotlin-reflect-1.6.10.pom]
2026-04-25T03:15:25.6315486Z Downloading https://repo.maven.apache.org/maven2/org/jetbrains/kotlin/kotlin-reflect/1.6.10/kotlin-reflect-1.6.10.pom to /home/runner/.gradle/.tmp/gradle_download8361035919269163867bin
2026-04-25T03:15:25.6317554Z Resource missing. [HTTP GET: https://dl.google.com/dl/android/maven2/org/jetbrains/kotlin/kotlin-script-runtime/2.0.0/kotlin-script-runtime-2.0.0.pom]
2026-04-25T03:15:25.6319465Z Downloading https://repo.maven.apache.org/maven2/org/jetbrains/kotlin/kotlin-script-runtime/2.0.0/kotlin-script-runtime-2.0.0.pom to /home/runner/.gradle/.tmp/gradle_download9388692889613102933bin
2026-04-25T03:15:25.6321360Z Resource missing. [HTTP GET: https://dl.google.com/dl/android/maven2/org/jetbrains/kotlin/kotlin-build-common/2.0.0/kotlin-build-common-2.0.0.pom]
2026-04-25T03:15:25.6323650Z Downloading https://repo.maven.apache.org/maven2/org/jetbrains/kotlin/kotlin-build-common/2.0.0/kotlin-build-common-2.0.0.pom to /home/runner/.gradle/.tmp/gradle_download4632821236970561640bin
2026-04-25T03:15:25.6326031Z Resource missing. [HTTP GET: https://dl.google.com/dl/android/maven2/org/jetbrains/kotlin/kotlin-scripting-common/2.0.0/kotlin-scripting-common-2.0.0.pom]
2026-04-25T03:15:25.6327973Z Resource missing. [HTTP GET: https://dl.google.com/dl/android/maven2/org/jetbrains/kotlin/kotlin-scripting-jvm/2.0.0/kotlin-scripting-jvm-2.0.0.pom]
2026-04-25T03:15:25.6330197Z Downloading https://repo.maven.apache.org/maven2/org/jetbrains/kotlin/kotlin-scripting-common/2.0.0/kotlin-scripting-common-2.0.0.pom to /home/runner/.gradle/.tmp/gradle_download968725323891723928bin
2026-04-25T03:15:25.6332889Z Downloading https://repo.maven.apache.org/maven2/org/jetbrains/kotlin/kotlin-scripting-jvm/2.0.0/kotlin-scripting-jvm-2.0.0.pom to /home/runner/.gradle/.tmp/gradle_download502172543658779335bin
2026-04-25T03:15:25.6335681Z Downloading https://repo.maven.apache.org/maven2/org/jetbrains/kotlin/kotlin-scripting-compiler-impl-embeddable/2.0.0/kotlin-scripting-compiler-impl-embeddable-2.0.0.jar to /home/runner/.gradle/.tmp/gradle_download15260893594281523521bin
2026-04-25T03:15:25.6338402Z Downloading https://repo.maven.apache.org/maven2/org/jetbrains/kotlin/kotlin-build-tools-impl/2.0.0/kotlin-build-tools-impl-2.0.0.jar to /home/runner/.gradle/.tmp/gradle_download4398907419419387659bin
2026-04-25T03:15:25.6340731Z Downloading https://repo.maven.apache.org/maven2/org/jetbrains/kotlin/kotlin-scripting-jvm/2.0.0/kotlin-scripting-jvm-2.0.0.jar to /home/runner/.gradle/.tmp/gradle_download12781618915927783703bin
2026-04-25T03:15:25.6343490Z Downloading https://repo.maven.apache.org/maven2/org/jetbrains/kotlin/kotlin-scripting-common/2.0.0/kotlin-scripting-common-2.0.0.jar to /home/runner/.gradle/.tmp/gradle_download13669050515422636677bin
2026-04-25T03:15:25.6346266Z Downloading https://repo.maven.apache.org/maven2/org/jetbrains/kotlin/kotlin-scripting-compiler-embeddable/2.0.0/kotlin-scripting-compiler-embeddable-2.0.0.jar to /home/runner/.gradle/.tmp/gradle_download8132798585479622891bin
2026-04-25T03:15:25.6348841Z Downloading https://repo.maven.apache.org/maven2/org/jetbrains/kotlin/kotlin-stdlib/2.0.0/kotlin-stdlib-2.0.0.jar to /home/runner/.gradle/.tmp/gradle_download548963600071311743bin
2026-04-25T03:15:25.6351062Z Downloading https://repo.maven.apache.org/maven2/org/jetbrains/kotlin/kotlin-reflect/1.6.10/kotlin-reflect-1.6.10.jar to /home/runner/.gradle/.tmp/gradle_download7727252247270072823bin
2026-04-25T03:15:25.6353596Z Downloading https://repo.maven.apache.org/maven2/org/jetbrains/kotlin/kotlin-script-runtime/2.0.0/kotlin-script-runtime-2.0.0.jar to /home/runner/.gradle/.tmp/gradle_download6014732459790033770bin
2026-04-25T03:15:25.6356035Z Downloading https://repo.maven.apache.org/maven2/org/jetbrains/kotlin/kotlin-build-common/2.0.0/kotlin-build-common-2.0.0.jar to /home/runner/.gradle/.tmp/gradle_download13260591814759198057bin
2026-04-25T03:15:25.6357943Z Adding -Xuse-inline-scopes-numbers Kotlin compiler flag for task :app:compileDebugAndroidTestKotlin
2026-04-25T03:15:25.6359485Z Transforming R.jar with BuildToolsApiClasspathEntrySnapshotTransform
2026-04-25T03:15:25.6360788Z Transforming jetified-material3-release-api.jar with BuildToolsApiClasspathEntrySnapshotTransform
2026-04-25T03:15:25.6362339Z Transforming jetified-ui-util-api.jar with BuildToolsApiClasspathEntrySnapshotTransform
2026-04-25T03:15:25.6363913Z Transforming jetified-ui-unit-api.jar with BuildToolsApiClasspathEntrySnapshotTransform
2026-04-25T03:15:25.6365133Z Transforming jetified-ui-text-api.jar with BuildToolsApiClasspathEntrySnapshotTransform
2026-04-25T03:15:25.6366478Z Transforming jetified-foundation-layout-api.jar with BuildToolsApiClasspathEntrySnapshotTransform
2026-04-25T03:15:25.6368016Z Transforming jetified-material-icons-core-release-api.jar with BuildToolsApiClasspathEntrySnapshotTransform
2026-04-25T03:15:25.6369577Z Transforming jetified-material-ripple-release-api.jar with BuildToolsApiClasspathEntrySnapshotTransform
2026-04-25T03:15:25.6370958Z Transforming jetified-foundation-release-api.jar with BuildToolsApiClasspathEntrySnapshotTransform
2026-04-25T03:15:25.6372606Z Transforming jetified-animation-core-api.jar with BuildToolsApiClasspathEntrySnapshotTransform
2026-04-25T03:15:25.6373959Z Transforming jetified-animation-api.jar with BuildToolsApiClasspathEntrySnapshotTransform
2026-04-25T03:15:25.6375208Z Transforming jetified-ui-geometry-api.jar with BuildToolsApiClasspathEntrySnapshotTransform
2026-04-25T03:15:25.6376481Z Transforming jetified-ui-tooling-data-api.jar with BuildToolsApiClasspathEntrySnapshotTransform
2026-04-25T03:15:25.6377808Z Transforming jetified-ui-tooling-preview-api.jar with BuildToolsApiClasspathEntrySnapshotTransform
2026-04-25T03:15:25.6379170Z Transforming jetified-ui-graphics-release-api.jar with BuildToolsApiClasspathEntrySnapshotTransform
2026-04-25T03:15:25.6380487Z Transforming jetified-ui-release-api.jar with BuildToolsApiClasspathEntrySnapshotTransform
2026-04-25T03:15:25.6381965Z Transforming jetified-ui-tooling-api.jar with BuildToolsApiClasspathEntrySnapshotTransform
2026-04-25T03:15:25.6383248Z Transforming jetified-ui-test-manifest-1.9.2-api.jar with BuildToolsApiClasspathEntrySnapshotTransform
2026-04-25T03:15:25.6384511Z Transforming jetified-activity-1.13.0-api.jar with BuildToolsApiClasspathEntrySnapshotTransform
2026-04-25T03:15:25.6385840Z Transforming jetified-activity-compose-1.13.0-api.jar with BuildToolsApiClasspathEntrySnapshotTransform
2026-04-25T03:15:25.6387123Z Transforming core-1.18.0-api.jar with BuildToolsApiClasspathEntrySnapshotTransform
2026-04-25T03:15:25.6388347Z Transforming lifecycle-livedata-core-2.9.4-api.jar with BuildToolsApiClasspathEntrySnapshotTransform
2026-04-25T03:15:25.6389842Z Transforming jetified-lifecycle-runtime-compose-release-api.jar with BuildToolsApiClasspathEntrySnapshotTransform
2026-04-25T03:15:25.6391349Z Transforming jetified-lifecycle-runtime-release-api.jar with BuildToolsApiClasspathEntrySnapshotTransform
2026-04-25T03:15:25.6392983Z Transforming jetified-lifecycle-common-jvm-2.9.4.jar with BuildToolsApiClasspathEntrySnapshotTransform
2026-04-25T03:15:25.6394439Z Transforming jetified-lifecycle-viewmodel-release-api.jar with BuildToolsApiClasspathEntrySnapshotTransform
2026-04-25T03:15:25.6395882Z Transforming jetified-lifecycle-runtime-ktx-api.jar with BuildToolsApiClasspathEntrySnapshotTransform
2026-04-25T03:15:25.6397433Z Transforming jetified-lifecycle-viewmodel-savedstate-release-api.jar with BuildToolsApiClasspathEntrySnapshotTransform
2026-04-25T03:15:25.6398945Z Transforming jetified-core-ktx-1.18.0-api.jar with BuildToolsApiClasspathEntrySnapshotTransform
2026-04-25T03:15:25.6400351Z Transforming jetified-room3-common-jvm-3.0.0-alpha03.jar with BuildToolsApiClasspathEntrySnapshotTransform
2026-04-25T03:15:25.6401952Z Transforming jetified-room3-runtime-api.jar with BuildToolsApiClasspathEntrySnapshotTransform
2026-04-25T03:15:25.6403362Z Transforming jetified-core-viewtree-1.0.0-api.jar with BuildToolsApiClasspathEntrySnapshotTransform
2026-04-25T03:15:25.6404758Z Transforming versionedparcelable-1.1.1-api.jar with BuildToolsApiClasspathEntrySnapshotTransform
2026-04-25T03:15:25.6406363Z Transforming jetified-navigationevent-api.jar with BuildToolsApiClasspathEntrySnapshotTransform
2026-04-25T03:15:25.6408233Z Transforming jetified-navigationevent-compose-api.jar with BuildToolsApiClasspathEntrySnapshotTransform
2026-04-25T03:15:25.6409812Z Transforming jetified-savedstate-release-api.jar with BuildToolsApiClasspathEntrySnapshotTransform
2026-04-25T03:15:25.6411231Z Transforming jetified-savedstate-compose-api.jar with BuildToolsApiClasspathEntrySnapshotTransform
2026-04-25T03:15:25.6413079Z Transforming jetified-runtime-annotation-api.jar with BuildToolsApiClasspathEntrySnapshotTransform
2026-04-25T03:15:25.6415162Z Build cache key for BuildToolsApiClasspathEntrySnapshotTransform: /home/runner/.gradle/caches/8.11.1/transforms/f814cf05f9deb26708958f87b7b2dafb/transformed/jetified-ui-util-api.jar is 6bbf258761690fedc97335dbc4456bbe
2026-04-25T03:15:25.6417217Z Transforming jetified-runtime-api.jar with BuildToolsApiClasspathEntrySnapshotTransform
2026-04-25T03:15:25.6418560Z Transforming jetified-runtime-saveable-api.jar with BuildToolsApiClasspathEntrySnapshotTransform
2026-04-25T03:15:25.6419928Z Transforming jetified-collection-jvm-1.5.0.jar with BuildToolsApiClasspathEntrySnapshotTransform
2026-04-25T03:15:25.6421381Z Transforming jetified-sqlite-framework-api.jar with BuildToolsApiClasspathEntrySnapshotTransform
2026-04-25T03:15:25.6422905Z Transforming jetified-sqlite-api.jar with BuildToolsApiClasspathEntrySnapshotTransform
2026-04-25T03:15:25.6424113Z Transforming core-common-2.2.0.jar with BuildToolsApiClasspathEntrySnapshotTransform
2026-04-25T03:15:25.6425375Z Transforming jetified-annotation-jvm-1.9.1.jar with BuildToolsApiClasspathEntrySnapshotTransform
2026-04-25T03:15:25.6426854Z Transforming jetified-annotation-experimental-1.5.0-api.jar with BuildToolsApiClasspathEntrySnapshotTransform
2026-04-25T03:15:25.6428419Z Transforming jetified-kotlinx-coroutines-core-jvm-1.9.0.jar with BuildToolsApiClasspathEntrySnapshotTransform
2026-04-25T03:15:25.6429980Z Transforming jetified-kotlinx-coroutines-android-1.9.0.jar with BuildToolsApiClasspathEntrySnapshotTransform
2026-04-25T03:15:25.6431536Z Transforming jetified-kotlinx-serialization-core-jvm-1.7.3.jar with BuildToolsApiClasspathEntrySnapshotTransform
2026-04-25T03:15:25.6433442Z Transforming jetified-kotlin-stdlib-2.1.20.jar with BuildToolsApiClasspathEntrySnapshotTransform
2026-04-25T03:15:25.6434752Z Transforming jetified-annotations-23.0.0.jar with BuildToolsApiClasspathEntrySnapshotTransform
2026-04-25T03:15:25.6436116Z Transforming jetified-listenablefuture-1.0.jar with BuildToolsApiClasspathEntrySnapshotTransform
2026-04-25T03:15:25.6437429Z Transforming jetified-jspecify-1.0.0.jar with BuildToolsApiClasspathEntrySnapshotTransform
2026-04-25T03:15:25.6438654Z Transforming android.jar with BuildToolsApiClasspathEntrySnapshotTransform
2026-04-25T03:15:25.6439792Z Transforming core-lambda-stubs.jar with BuildToolsApiClasspathEntrySnapshotTransform
2026-04-25T03:15:25.6442009Z Build cache key for BuildToolsApiClasspathEntrySnapshotTransform: /home/runner/.gradle/caches/8.11.1/transforms/7fca7ac9072f5acdc740e731a5011ba7/transformed/jetified-ui-unit-api.jar is 76a6626396b7a8e0aea59cbf1b63b2e8
2026-04-25T03:15:25.6445080Z Build cache key for BuildToolsApiClasspathEntrySnapshotTransform: /home/runner/work/flashcard-app/flashcard-app/app/build/intermediates/compile_and_runtime_not_namespaced_r_class_jar/debug/processDebugResources/R.jar is 35847f993698027129ca05e3ba045a9d
2026-04-25T03:15:25.6448269Z Build cache key for BuildToolsApiClasspathEntrySnapshotTransform: /home/runner/.gradle/caches/8.11.1/transforms/f4e4b5327620bbfa30853fe1ddd8dc57/transformed/jetified-material3-release-api.jar is ba0a8acaa3d4173027a3dadf273da999
2026-04-25T03:15:25.6451732Z Stored cache entry for BuildToolsApiClasspathEntrySnapshotTransform: /home/runner/work/flashcard-app/flashcard-app/app/build/intermediates/compile_and_runtime_not_namespaced_r_class_jar/debug/processDebugResources/R.jar with cache key 35847f993698027129ca05e3ba045a9d
2026-04-25T03:15:25.6455257Z Build cache key for BuildToolsApiClasspathEntrySnapshotTransform: /home/runner/.gradle/caches/8.11.1/transforms/996111de5d3baeeae086485a8a7120a8/transformed/jetified-ui-text-api.jar is c5f07a468407a6c4d7db3e4d87eac892
2026-04-25T03:15:25.7096034Z Stored cache entry for BuildToolsApiClasspathEntrySnapshotTransform: /home/runner/.gradle/caches/8.11.1/transforms/f814cf05f9deb26708958f87b7b2dafb/transformed/jetified-ui-util-api.jar with cache key 6bbf258761690fedc97335dbc4456bbe
2026-04-25T03:15:25.7123559Z Stored cache entry for BuildToolsApiClasspathEntrySnapshotTransform: /home/runner/.gradle/caches/8.11.1/transforms/7fca7ac9072f5acdc740e731a5011ba7/transformed/jetified-ui-unit-api.jar with cache key 76a6626396b7a8e0aea59cbf1b63b2e8
2026-04-25T03:15:25.7153410Z Build cache key for BuildToolsApiClasspathEntrySnapshotTransform: /home/runner/.gradle/caches/8.11.1/transforms/a2709803a4bb4d9248a4ee3c09696225/transformed/jetified-foundation-layout-api.jar is c134f294a6af90035b9d4c3154805c5c
2026-04-25T03:15:25.7183482Z Build cache key for BuildToolsApiClasspathEntrySnapshotTransform: /home/runner/.gradle/caches/8.11.1/transforms/43f0ab942e4f7cf2068fc89b724074f9/transformed/jetified-material-icons-core-release-api.jar is 6ffce588b86245ed4f809bcc14252994
2026-04-25T03:15:25.9124147Z Stored cache entry for BuildToolsApiClasspathEntrySnapshotTransform: /home/runner/.gradle/caches/8.11.1/transforms/a2709803a4bb4d9248a4ee3c09696225/transformed/jetified-foundation-layout-api.jar with cache key c134f294a6af90035b9d4c3154805c5c
2026-04-25T03:15:25.9173769Z Build cache key for BuildToolsApiClasspathEntrySnapshotTransform: /home/runner/.gradle/caches/8.11.1/transforms/a1858b5462198bde9d822edbdca4dcf0/transformed/jetified-material-ripple-release-api.jar is aff2de70655cad137427bfe8ef2721bb
2026-04-25T03:15:25.9243584Z Stored cache entry for BuildToolsApiClasspathEntrySnapshotTransform: /home/runner/.gradle/caches/8.11.1/transforms/a1858b5462198bde9d822edbdca4dcf0/transformed/jetified-material-ripple-release-api.jar with cache key aff2de70655cad137427bfe8ef2721bb
2026-04-25T03:15:25.9273333Z Stored cache entry for BuildToolsApiClasspathEntrySnapshotTransform: /home/runner/.gradle/caches/8.11.1/transforms/43f0ab942e4f7cf2068fc89b724074f9/transformed/jetified-material-icons-core-release-api.jar with cache key 6ffce588b86245ed4f809bcc14252994
2026-04-25T03:15:25.9275913Z Build cache key for BuildToolsApiClasspathEntrySnapshotTransform: /home/runner/.gradle/caches/8.11.1/transforms/00717a84cf65bef4f78806b92791770f/transformed/jetified-animation-core-api.jar is f9b25a45a05a99002c19b5a4bb510952
2026-04-25T03:15:26.0096341Z Build cache key for BuildToolsApiClasspathEntrySnapshotTransform: /home/runner/.gradle/caches/8.11.1/transforms/789d09a61741fc12086ff587f8a93ad4/transformed/jetified-foundation-release-api.jar is 73f416e3f3e4805c69d31121e2409168
2026-04-25T03:15:26.0144038Z Stored cache entry for BuildToolsApiClasspathEntrySnapshotTransform: /home/runner/.gradle/caches/8.11.1/transforms/996111de5d3baeeae086485a8a7120a8/transformed/jetified-ui-text-api.jar with cache key c5f07a468407a6c4d7db3e4d87eac892
2026-04-25T03:15:26.0153455Z Build cache key for BuildToolsApiClasspathEntrySnapshotTransform: /home/runner/.gradle/caches/8.11.1/transforms/e46959bbcdd83c4ce8e4f4c5a09f36c1/transformed/jetified-animation-api.jar is f28d5d3baabc363ecb6233e458461776
2026-04-25T03:15:26.1093773Z Stored cache entry for BuildToolsApiClasspathEntrySnapshotTransform: /home/runner/.gradle/caches/8.11.1/transforms/00717a84cf65bef4f78806b92791770f/transformed/jetified-animation-core-api.jar with cache key f9b25a45a05a99002c19b5a4bb510952
2026-04-25T03:15:26.1096682Z Build cache key for BuildToolsApiClasspathEntrySnapshotTransform: /home/runner/.gradle/caches/8.11.1/transforms/75b2b654b1d9908d2b43be8f853efadf/transformed/jetified-ui-geometry-api.jar is b2aef2683e9fe8f62455be46a374b40d
2026-04-25T03:15:26.1099445Z Stored cache entry for BuildToolsApiClasspathEntrySnapshotTransform: /home/runner/.gradle/caches/8.11.1/transforms/75b2b654b1d9908d2b43be8f853efadf/transformed/jetified-ui-geometry-api.jar with cache key b2aef2683e9fe8f62455be46a374b40d
2026-04-25T03:15:26.1102938Z Build cache key for BuildToolsApiClasspathEntrySnapshotTransform: /home/runner/.gradle/caches/8.11.1/transforms/e6b27246669ac8dced051af4465d0a9e/transformed/jetified-ui-tooling-data-api.jar is 9a91b1de793ca7187c60e42e081a4f89
2026-04-25T03:15:26.1105682Z Stored cache entry for BuildToolsApiClasspathEntrySnapshotTransform: /home/runner/.gradle/caches/8.11.1/transforms/e46959bbcdd83c4ce8e4f4c5a09f36c1/transformed/jetified-animation-api.jar with cache key f28d5d3baabc363ecb6233e458461776
2026-04-25T03:15:26.1108383Z Build cache key for BuildToolsApiClasspathEntrySnapshotTransform: /home/runner/.gradle/caches/8.11.1/transforms/4687627d1ee6042684b27b2aa6493234/transformed/jetified-ui-tooling-preview-api.jar is b8494fd8319689835dd8e08cb326eb19
2026-04-25T03:15:26.1110864Z Stored cache entry for BuildToolsApiClasspathEntrySnapshotTransform: /home/runner/.gradle/caches/8.11.1/transforms/e6b27246669ac8dced051af4465d0a9e/transformed/jetified-ui-tooling-data-api.jar with cache key 9a91b1de793ca7187c60e42e081a4f89
2026-04-25T03:15:26.1113887Z Stored cache entry for BuildToolsApiClasspathEntrySnapshotTransform: /home/runner/.gradle/caches/8.11.1/transforms/4687627d1ee6042684b27b2aa6493234/transformed/jetified-ui-tooling-preview-api.jar with cache key b8494fd8319689835dd8e08cb326eb19
2026-04-25T03:15:26.1116757Z Build cache key for BuildToolsApiClasspathEntrySnapshotTransform: /home/runner/.gradle/caches/8.11.1/transforms/6050333b45781e9272f456f0c5979f1e/transformed/jetified-ui-graphics-release-api.jar is d518801e3de923d06c07e655310b5091
2026-04-25T03:15:26.2094091Z Stored cache entry for BuildToolsApiClasspathEntrySnapshotTransform: /home/runner/.gradle/caches/8.11.1/transforms/f4e4b5327620bbfa30853fe1ddd8dc57/transformed/jetified-material3-release-api.jar with cache key ba0a8acaa3d4173027a3dadf273da999
2026-04-25T03:15:26.2153428Z Build cache key for BuildToolsApiClasspathEntrySnapshotTransform: /home/runner/.gradle/caches/8.11.1/transforms/e5c155693bbce7a4f360f4eafb983962/transformed/jetified-ui-tooling-api.jar is 7be01ed78a8bda1cf54ff3e5b4fe94f0
2026-04-25T03:15:26.2195379Z Build cache key for BuildToolsApiClasspathEntrySnapshotTransform: /home/runner/.gradle/caches/8.11.1/transforms/32b8fe3174df8ce6ec89fc73a7d142cf/transformed/jetified-ui-release-api.jar is f1dbf08707ae0f5ed5283f918dc54236
2026-04-25T03:15:26.2208667Z Stored cache entry for BuildToolsApiClasspathEntrySnapshotTransform: /home/runner/.gradle/caches/8.11.1/transforms/e5c155693bbce7a4f360f4eafb983962/transformed/jetified-ui-tooling-api.jar with cache key 7be01ed78a8bda1cf54ff3e5b4fe94f0
2026-04-25T03:15:26.2243280Z Build cache key for BuildToolsApiClasspathEntrySnapshotTransform: /home/runner/.gradle/caches/8.11.1/transforms/103b876249b69efb31ee56c5826038e4/transformed/jetified-ui-test-manifest-1.9.2-api.jar is 943b709dbcba0922424c8627ac67588c
2026-04-25T03:15:26.2271126Z Stored cache entry for BuildToolsApiClasspathEntrySnapshotTransform: /home/runner/.gradle/caches/8.11.1/transforms/103b876249b69efb31ee56c5826038e4/transformed/jetified-ui-test-manifest-1.9.2-api.jar with cache key 943b709dbcba0922424c8627ac67588c
2026-04-25T03:15:26.2303267Z Build cache key for BuildToolsApiClasspathEntrySnapshotTransform: /home/runner/.gradle/caches/8.11.1/transforms/241da2295cb5aa171c36f2e9fffce769/transformed/jetified-activity-1.13.0-api.jar is 38825127bfbc35449a29f21e2d6dd3e5
2026-04-25T03:15:26.2306133Z Stored cache entry for BuildToolsApiClasspathEntrySnapshotTransform: /home/runner/.gradle/caches/8.11.1/transforms/241da2295cb5aa171c36f2e9fffce769/transformed/jetified-activity-1.13.0-api.jar with cache key 38825127bfbc35449a29f21e2d6dd3e5
2026-04-25T03:15:26.2333453Z Build cache key for BuildToolsApiClasspathEntrySnapshotTransform: /home/runner/.gradle/caches/8.11.1/transforms/9404986f64345eaa9746602925ed3f26/transformed/jetified-activity-compose-1.13.0-api.jar is 53a4c7f763c63e4d93bef45edec89385
2026-04-25T03:15:26.3080546Z Stored cache entry for BuildToolsApiClasspathEntrySnapshotTransform: /home/runner/.gradle/caches/8.11.1/transforms/9404986f64345eaa9746602925ed3f26/transformed/jetified-activity-compose-1.13.0-api.jar with cache key 53a4c7f763c63e4d93bef45edec89385
2026-04-25T03:15:26.3101282Z Stored cache entry for BuildToolsApiClasspathEntrySnapshotTransform: /home/runner/.gradle/caches/8.11.1/transforms/6050333b45781e9272f456f0c5979f1e/transformed/jetified-ui-graphics-release-api.jar with cache key d518801e3de923d06c07e655310b5091
2026-04-25T03:15:26.3133014Z Build cache key for BuildToolsApiClasspathEntrySnapshotTransform: /home/runner/.gradle/caches/8.11.1/transforms/edc5da8cb1a63677e4d6849e5bba6456/transformed/lifecycle-livedata-core-2.9.4-api.jar is 907e199536e8ada8764a83dfa8f32213
2026-04-25T03:15:26.3143486Z Build cache key for BuildToolsApiClasspathEntrySnapshotTransform: /home/runner/.gradle/caches/8.11.1/transforms/9dc7d1e20bdf23b0804ce36a79ef9e23/transformed/core-1.18.0-api.jar is c46600a36df0520663d4b846f4de5c8b
2026-04-25T03:15:26.3146451Z Stored cache entry for BuildToolsApiClasspathEntrySnapshotTransform: /home/runner/.gradle/caches/8.11.1/transforms/edc5da8cb1a63677e4d6849e5bba6456/transformed/lifecycle-livedata-core-2.9.4-api.jar with cache key 907e199536e8ada8764a83dfa8f32213
2026-04-25T03:15:26.3149573Z Build cache key for BuildToolsApiClasspathEntrySnapshotTransform: /home/runner/.gradle/caches/8.11.1/transforms/0fd0c37e908880f2e290cc955b8a7a17/transformed/jetified-lifecycle-runtime-compose-release-api.jar is 359f361c1030fd8b5cf3ac70de7c69d9
2026-04-25T03:15:26.3152713Z Stored cache entry for BuildToolsApiClasspathEntrySnapshotTransform: /home/runner/.gradle/caches/8.11.1/transforms/0fd0c37e908880f2e290cc955b8a7a17/transformed/jetified-lifecycle-runtime-compose-release-api.jar with cache key 359f361c1030fd8b5cf3ac70de7c69d9
2026-04-25T03:15:26.3155622Z Build cache key for BuildToolsApiClasspathEntrySnapshotTransform: /home/runner/.gradle/caches/8.11.1/transforms/a2d50fd843a7c2d3bba8e8df52dc7fab/transformed/jetified-lifecycle-runtime-release-api.jar is a071ded967299e3a58cc8d23cb4aabca
2026-04-25T03:15:26.4081283Z Stored cache entry for BuildToolsApiClasspathEntrySnapshotTransform: /home/runner/.gradle/caches/8.11.1/transforms/a2d50fd843a7c2d3bba8e8df52dc7fab/transformed/jetified-lifecycle-runtime-release-api.jar with cache key a071ded967299e3a58cc8d23cb4aabca
2026-04-25T03:15:26.4113632Z Build cache key for BuildToolsApiClasspathEntrySnapshotTransform: /home/runner/.gradle/caches/8.11.1/transforms/ba972cd8aefa78e10f3ac529ba5cf210/transformed/jetified-lifecycle-common-jvm-2.9.4.jar is 6875b18d9cc4501b3137df948d089569
2026-04-25T03:15:26.4143835Z Stored cache entry for BuildToolsApiClasspathEntrySnapshotTransform: /home/runner/.gradle/caches/8.11.1/transforms/ba972cd8aefa78e10f3ac529ba5cf210/transformed/jetified-lifecycle-common-jvm-2.9.4.jar with cache key 6875b18d9cc4501b3137df948d089569
2026-04-25T03:15:26.4147239Z Build cache key for BuildToolsApiClasspathEntrySnapshotTransform: /home/runner/.gradle/caches/8.11.1/transforms/362c5ff3c24ea299dd723e9316befea4/transformed/jetified-lifecycle-viewmodel-release-api.jar is 86ec112342faa91bcb426cb7d4ad1643
2026-04-25T03:15:26.4173628Z Stored cache entry for BuildToolsApiClasspathEntrySnapshotTransform: /home/runner/.gradle/caches/8.11.1/transforms/362c5ff3c24ea299dd723e9316befea4/transformed/jetified-lifecycle-viewmodel-release-api.jar with cache key 86ec112342faa91bcb426cb7d4ad1643
2026-04-25T03:15:26.4203400Z Build cache key for BuildToolsApiClasspathEntrySnapshotTransform: /home/runner/.gradle/caches/8.11.1/transforms/9576075ed1dfcb4a6f0bcef7fc4ea7ab/transformed/jetified-lifecycle-runtime-ktx-api.jar is 661724a308e1c9331140eb59240d64e1
2026-04-25T03:15:26.4233501Z Stored cache entry for BuildToolsApiClasspathEntrySnapshotTransform: /home/runner/.gradle/caches/8.11.1/transforms/9576075ed1dfcb4a6f0bcef7fc4ea7ab/transformed/jetified-lifecycle-runtime-ktx-api.jar with cache key 661724a308e1c9331140eb59240d64e1
2026-04-25T03:15:26.4263419Z Build cache key for BuildToolsApiClasspathEntrySnapshotTransform: /home/runner/.gradle/caches/8.11.1/transforms/bd1124eae06fe14da66ce0c7887cda3b/transformed/jetified-lifecycle-viewmodel-savedstate-release-api.jar is 23f3c1a645f465dbc3890a176dc7890a
2026-04-25T03:15:26.4293948Z Stored cache entry for BuildToolsApiClasspathEntrySnapshotTransform: /home/runner/.gradle/caches/8.11.1/transforms/bd1124eae06fe14da66ce0c7887cda3b/transformed/jetified-lifecycle-viewmodel-savedstate-release-api.jar with cache key 23f3c1a645f465dbc3890a176dc7890a
2026-04-25T03:15:26.4297709Z Build cache key for BuildToolsApiClasspathEntrySnapshotTransform: /home/runner/.gradle/caches/8.11.1/transforms/81857e6e6002fb3b53ba2f8949a718d8/transformed/jetified-core-ktx-1.18.0-api.jar is 32233c3f63c8b31c95e1df4ade2c5f5b
2026-04-25T03:15:26.5104059Z Stored cache entry for BuildToolsApiClasspathEntrySnapshotTransform: /home/runner/.gradle/caches/8.11.1/transforms/789d09a61741fc12086ff587f8a93ad4/transformed/jetified-foundation-release-api.jar with cache key 73f416e3f3e4805c69d31121e2409168
2026-04-25T03:15:26.5130715Z Build cache key for BuildToolsApiClasspathEntrySnapshotTransform: /home/runner/.gradle/caches/8.11.1/transforms/b4d59bb185208f42b463dd709eb84325/transformed/jetified-room3-common-jvm-3.0.0-alpha03.jar is 3943f1b6789eca381364cf31eca02e4f
2026-04-25T03:15:26.5163575Z Stored cache entry for BuildToolsApiClasspathEntrySnapshotTransform: /home/runner/.gradle/caches/8.11.1/transforms/b4d59bb185208f42b463dd709eb84325/transformed/jetified-room3-common-jvm-3.0.0-alpha03.jar with cache key 3943f1b6789eca381364cf31eca02e4f
2026-04-25T03:15:26.5166614Z Build cache key for BuildToolsApiClasspathEntrySnapshotTransform: /home/runner/.gradle/caches/8.11.1/transforms/089c56ef35c95551217837febbcb24b7/transformed/jetified-room3-runtime-api.jar is bd71914900b82958afa800897e95d411
2026-04-25T03:15:26.5193462Z Stored cache entry for BuildToolsApiClasspathEntrySnapshotTransform: /home/runner/.gradle/caches/8.11.1/transforms/81857e6e6002fb3b53ba2f8949a718d8/transformed/jetified-core-ktx-1.18.0-api.jar with cache key 32233c3f63c8b31c95e1df4ade2c5f5b
2026-04-25T03:15:26.5196386Z Build cache key for BuildToolsApiClasspathEntrySnapshotTransform: /home/runner/.gradle/caches/8.11.1/transforms/95882d0de30b9f662c34df8659f16de6/transformed/jetified-core-viewtree-1.0.0-api.jar is 872243660dab2df556039c0dd00b5d2b
2026-04-25T03:15:26.5247017Z Stored cache entry for BuildToolsApiClasspathEntrySnapshotTransform: /home/runner/.gradle/caches/8.11.1/transforms/95882d0de30b9f662c34df8659f16de6/transformed/jetified-core-viewtree-1.0.0-api.jar with cache key 872243660dab2df556039c0dd00b5d2b
2026-04-25T03:15:26.5253320Z Build cache key for BuildToolsApiClasspathEntrySnapshotTransform: /home/runner/.gradle/caches/8.11.1/transforms/f149dc46fc15166ed762eb0147a523e0/transformed/versionedparcelable-1.1.1-api.jar is 95794df1c611dbd88f93ce583c922c3b
2026-04-25T03:15:26.5271223Z Stored cache entry for BuildToolsApiClasspathEntrySnapshotTransform: /home/runner/.gradle/caches/8.11.1/transforms/f149dc46fc15166ed762eb0147a523e0/transformed/versionedparcelable-1.1.1-api.jar with cache key 95794df1c611dbd88f93ce583c922c3b
2026-04-25T03:15:26.5309208Z Build cache key for BuildToolsApiClasspathEntrySnapshotTransform: /home/runner/.gradle/caches/8.11.1/transforms/5e317eda8cc86ff4d8784f7555ea1759/transformed/jetified-navigationevent-api.jar is 2c56f88088be3bd739edd38e826a2eba
2026-04-25T03:15:26.6114141Z Stored cache entry for BuildToolsApiClasspathEntrySnapshotTransform: /home/runner/.gradle/caches/8.11.1/transforms/5e317eda8cc86ff4d8784f7555ea1759/transformed/jetified-navigationevent-api.jar with cache key 2c56f88088be3bd739edd38e826a2eba
2026-04-25T03:15:26.6173708Z Build cache key for BuildToolsApiClasspathEntrySnapshotTransform: /home/runner/.gradle/caches/8.11.1/transforms/e45f03a0e8061a0f3f59fb957115c26e/transformed/jetified-navigationevent-compose-api.jar is 341338f1fa20a81e6f0055692a91d328
2026-04-25T03:15:26.6207635Z Stored cache entry for BuildToolsApiClasspathEntrySnapshotTransform: /home/runner/.gradle/caches/8.11.1/transforms/089c56ef35c95551217837febbcb24b7/transformed/jetified-room3-runtime-api.jar with cache key bd71914900b82958afa800897e95d411
2026-04-25T03:15:26.6235283Z Stored cache entry for BuildToolsApiClasspathEntrySnapshotTransform: /home/runner/.gradle/caches/8.11.1/transforms/e45f03a0e8061a0f3f59fb957115c26e/transformed/jetified-navigationevent-compose-api.jar with cache key 341338f1fa20a81e6f0055692a91d328
2026-04-25T03:15:26.6286952Z Build cache key for BuildToolsApiClasspathEntrySnapshotTransform: /home/runner/.gradle/caches/8.11.1/transforms/3884d9f7df3bf9c22212fdab5cb35e87/transformed/jetified-savedstate-release-api.jar is 7d31d06149f9ee257c2631aa66578841
2026-04-25T03:15:26.6325895Z Build cache key for BuildToolsApiClasspathEntrySnapshotTransform: /home/runner/.gradle/caches/8.11.1/transforms/192950ec1ef12c33929bca91beab3edb/transformed/jetified-savedstate-compose-api.jar is c30b95c0e4cdb8c3384dc59c2d79d348
2026-04-25T03:15:26.6373480Z Stored cache entry for BuildToolsApiClasspathEntrySnapshotTransform: /home/runner/.gradle/caches/8.11.1/transforms/192950ec1ef12c33929bca91beab3edb/transformed/jetified-savedstate-compose-api.jar with cache key c30b95c0e4cdb8c3384dc59c2d79d348
2026-04-25T03:15:26.6433443Z Build cache key for BuildToolsApiClasspathEntrySnapshotTransform: /home/runner/.gradle/caches/8.11.1/transforms/b7f88c6d44ccffab727c35620936fb4f/transformed/jetified-runtime-annotation-api.jar is f8d58eeb794948d35f90d64368bb42d0
2026-04-25T03:15:26.6455083Z Stored cache entry for BuildToolsApiClasspathEntrySnapshotTransform: /home/runner/.gradle/caches/8.11.1/transforms/b7f88c6d44ccffab727c35620936fb4f/transformed/jetified-runtime-annotation-api.jar with cache key f8d58eeb794948d35f90d64368bb42d0
2026-04-25T03:15:26.6499350Z Stored cache entry for BuildToolsApiClasspathEntrySnapshotTransform: /home/runner/.gradle/caches/8.11.1/transforms/9dc7d1e20bdf23b0804ce36a79ef9e23/transformed/core-1.18.0-api.jar with cache key c46600a36df0520663d4b846f4de5c8b
2026-04-25T03:15:26.6513299Z Build cache key for BuildToolsApiClasspathEntrySnapshotTransform: /home/runner/.gradle/caches/8.11.1/transforms/299651223a16a7e74b44e02c39b17484/transformed/jetified-runtime-saveable-api.jar is 0194fc433340afa4f41b929cd6a5fb4a
2026-04-25T03:15:26.6573452Z Stored cache entry for BuildToolsApiClasspathEntrySnapshotTransform: /home/runner/.gradle/caches/8.11.1/transforms/3884d9f7df3bf9c22212fdab5cb35e87/transformed/jetified-savedstate-release-api.jar with cache key 7d31d06149f9ee257c2631aa66578841
2026-04-25T03:15:26.6633553Z Build cache key for BuildToolsApiClasspathEntrySnapshotTransform: /home/runner/.gradle/caches/8.11.1/transforms/64aca5387c64e494253ef545d9e49d14/transformed/jetified-runtime-api.jar is a523fd8cf9e9c2d5dbe9743b05e1268a
2026-04-25T03:15:26.6636616Z Build cache key for BuildToolsApiClasspathEntrySnapshotTransform: /home/runner/.gradle/caches/8.11.1/transforms/d6f887207dff6862dfdad6bca0da5d04/transformed/jetified-collection-jvm-1.5.0.jar is 6808aae242d6acd4def406c5ede92663
2026-04-25T03:15:26.6639817Z Stored cache entry for BuildToolsApiClasspathEntrySnapshotTransform: /home/runner/.gradle/caches/8.11.1/transforms/299651223a16a7e74b44e02c39b17484/transformed/jetified-runtime-saveable-api.jar with cache key 0194fc433340afa4f41b929cd6a5fb4a
2026-04-25T03:15:26.6690225Z Build cache key for BuildToolsApiClasspathEntrySnapshotTransform: /home/runner/.gradle/caches/8.11.1/transforms/c6522156eddef59d9c3bf7f6a1d9c9f6/transformed/jetified-sqlite-framework-api.jar is b1b251ba10ee9f70b08a522db574f6a7
2026-04-25T03:15:26.6753651Z Stored cache entry for BuildToolsApiClasspathEntrySnapshotTransform: /home/runner/.gradle/caches/8.11.1/transforms/c6522156eddef59d9c3bf7f6a1d9c9f6/transformed/jetified-sqlite-framework-api.jar with cache key b1b251ba10ee9f70b08a522db574f6a7
2026-04-25T03:15:26.6763225Z Build cache key for BuildToolsApiClasspathEntrySnapshotTransform: /home/runner/.gradle/caches/8.11.1/transforms/6acebafd29c19caeb625310b97451dde/transformed/jetified-sqlite-api.jar is 6ecb0ec5899afdf021f0d3119febf481
2026-04-25T03:15:26.6788447Z Stored cache entry for BuildToolsApiClasspathEntrySnapshotTransform: /home/runner/.gradle/caches/8.11.1/transforms/6acebafd29c19caeb625310b97451dde/transformed/jetified-sqlite-api.jar with cache key 6ecb0ec5899afdf021f0d3119febf481
2026-04-25T03:15:26.6791899Z Build cache key for BuildToolsApiClasspathEntrySnapshotTransform: /home/runner/.gradle/caches/modules-2/files-2.1/androidx.arch.core/core-common/2.2.0/5e1b8b81dfd5f52c56a8d53b18ca759c19a301f3/core-common-2.2.0.jar is c4914989e01423a9a2e31c4a288998e5
2026-04-25T03:15:26.6794984Z Stored cache entry for BuildToolsApiClasspathEntrySnapshotTransform: /home/runner/.gradle/caches/modules-2/files-2.1/androidx.arch.core/core-common/2.2.0/5e1b8b81dfd5f52c56a8d53b18ca759c19a301f3/core-common-2.2.0.jar with cache key c4914989e01423a9a2e31c4a288998e5
2026-04-25T03:15:26.6797814Z Build cache key for BuildToolsApiClasspathEntrySnapshotTransform: /home/runner/.gradle/caches/8.11.1/transforms/80c77799f1f48bbc44c72bf51cbda254/transformed/jetified-annotation-jvm-1.9.1.jar is d6f2d51cd1d21c790ba8e9ccf7d4c647
2026-04-25T03:15:26.6800500Z Stored cache entry for BuildToolsApiClasspathEntrySnapshotTransform: /home/runner/.gradle/caches/8.11.1/transforms/80c77799f1f48bbc44c72bf51cbda254/transformed/jetified-annotation-jvm-1.9.1.jar with cache key d6f2d51cd1d21c790ba8e9ccf7d4c647
2026-04-25T03:15:26.6803449Z Build cache key for BuildToolsApiClasspathEntrySnapshotTransform: /home/runner/.gradle/caches/8.11.1/transforms/f5650cae77992b949238bfa303e01cd7/transformed/jetified-annotation-experimental-1.5.0-api.jar is b07f4148227fa5daccb87a2c4e0c10fe
2026-04-25T03:15:26.6832068Z Stored cache entry for BuildToolsApiClasspathEntrySnapshotTransform: /home/runner/.gradle/caches/8.11.1/transforms/f5650cae77992b949238bfa303e01cd7/transformed/jetified-annotation-experimental-1.5.0-api.jar with cache key b07f4148227fa5daccb87a2c4e0c10fe
2026-04-25T03:15:26.7080268Z Build cache key for BuildToolsApiClasspathEntrySnapshotTransform: /home/runner/.gradle/caches/8.11.1/transforms/22b22ee9503eac1fabcf30289204d3b3/transformed/jetified-kotlinx-coroutines-core-jvm-1.9.0.jar is b9dc385f2d17315a46c021ccb3190594
2026-04-25T03:15:26.8082292Z Stored cache entry for BuildToolsApiClasspathEntrySnapshotTransform: /home/runner/.gradle/caches/8.11.1/transforms/32b8fe3174df8ce6ec89fc73a7d142cf/transformed/jetified-ui-release-api.jar with cache key f1dbf08707ae0f5ed5283f918dc54236
2026-04-25T03:15:26.8113726Z Build cache key for BuildToolsApiClasspathEntrySnapshotTransform: /home/runner/.gradle/caches/8.11.1/transforms/814d3c340eff4679ec20eb79a8308d2f/transformed/jetified-kotlinx-coroutines-android-1.9.0.jar is 3aacd6664c76006924315c8c2da14a02
2026-04-25T03:15:26.8135292Z Stored cache entry for BuildToolsApiClasspathEntrySnapshotTransform: /home/runner/.gradle/caches/8.11.1/transforms/814d3c340eff4679ec20eb79a8308d2f/transformed/jetified-kotlinx-coroutines-android-1.9.0.jar with cache key 3aacd6664c76006924315c8c2da14a02
2026-04-25T03:15:26.8173634Z Build cache key for BuildToolsApiClasspathEntrySnapshotTransform: /home/runner/.gradle/caches/8.11.1/transforms/93b2fe31999446d77975deb313384cb5/transformed/jetified-kotlinx-serialization-core-jvm-1.7.3.jar is 67ea88809bcabedb69dca7a2f072c80e
2026-04-25T03:15:26.8176631Z Stored cache entry for BuildToolsApiClasspathEntrySnapshotTransform: /home/runner/.gradle/caches/8.11.1/transforms/64aca5387c64e494253ef545d9e49d14/transformed/jetified-runtime-api.jar with cache key a523fd8cf9e9c2d5dbe9743b05e1268a
2026-04-25T03:15:26.8202622Z Build cache key for BuildToolsApiClasspathEntrySnapshotTransform: /home/runner/.gradle/caches/8.11.1/transforms/0140aa4b8451d68af0374fd2fe0d2d59/transformed/jetified-kotlin-stdlib-2.1.20.jar is cc007d2f0cd985feff1d19625f687333
2026-04-25T03:15:26.9080936Z Stored cache entry for BuildToolsApiClasspathEntrySnapshotTransform: /home/runner/.gradle/caches/8.11.1/transforms/d6f887207dff6862dfdad6bca0da5d04/transformed/jetified-collection-jvm-1.5.0.jar with cache key 6808aae242d6acd4def406c5ede92663
2026-04-25T03:15:26.9109889Z Build cache key for BuildToolsApiClasspathEntrySnapshotTransform: /home/runner/.gradle/caches/8.11.1/transforms/098f1ee733bcc341d8285ab9571cc773/transformed/jetified-annotations-23.0.0.jar is c4004610680403f6f9f7c48c1fa4bfc4
2026-04-25T03:15:26.9137383Z Stored cache entry for BuildToolsApiClasspathEntrySnapshotTransform: /home/runner/.gradle/caches/8.11.1/transforms/098f1ee733bcc341d8285ab9571cc773/transformed/jetified-annotations-23.0.0.jar with cache key c4004610680403f6f9f7c48c1fa4bfc4
2026-04-25T03:15:26.9157712Z Build cache key for BuildToolsApiClasspathEntrySnapshotTransform: /home/runner/.gradle/caches/8.11.1/transforms/d6cac1b8a8e7c5766d8d2882f75223ae/transformed/jetified-listenablefuture-1.0.jar is 003acabf0d26604aa9c31b60287c6d03
2026-04-25T03:15:26.9183339Z Stored cache entry for BuildToolsApiClasspathEntrySnapshotTransform: /home/runner/.gradle/caches/8.11.1/transforms/d6cac1b8a8e7c5766d8d2882f75223ae/transformed/jetified-listenablefuture-1.0.jar with cache key 003acabf0d26604aa9c31b60287c6d03
2026-04-25T03:15:26.9193348Z Build cache key for BuildToolsApiClasspathEntrySnapshotTransform: /home/runner/.gradle/caches/8.11.1/transforms/a15dbaf446441037469d041422adc5a4/transformed/jetified-jspecify-1.0.0.jar is 4849a75f5d6f399b07fe92d770630dfd
2026-04-25T03:15:26.9214700Z Stored cache entry for BuildToolsApiClasspathEntrySnapshotTransform: /home/runner/.gradle/caches/8.11.1/transforms/93b2fe31999446d77975deb313384cb5/transformed/jetified-kotlinx-serialization-core-jvm-1.7.3.jar with cache key 67ea88809bcabedb69dca7a2f072c80e
2026-04-25T03:15:26.9253407Z Stored cache entry for BuildToolsApiClasspathEntrySnapshotTransform: /home/runner/.gradle/caches/8.11.1/transforms/a15dbaf446441037469d041422adc5a4/transformed/jetified-jspecify-1.0.0.jar with cache key 4849a75f5d6f399b07fe92d770630dfd
2026-04-25T03:15:26.9255942Z Build cache key for BuildToolsApiClasspathEntrySnapshotTransform: /usr/local/lib/android/sdk/platforms/android-36/android.jar is 6f6bebc5ec2ccdb38ba7cdd596c43d3a
2026-04-25T03:15:26.9257919Z Build cache key for BuildToolsApiClasspathEntrySnapshotTransform: /usr/local/lib/android/sdk/build-tools/35.0.0/core-lambda-stubs.jar is 938446104ce75bdaee80eea87289cb7c
2026-04-25T03:15:26.9260464Z Stored cache entry for BuildToolsApiClasspathEntrySnapshotTransform: /home/runner/.gradle/caches/8.11.1/transforms/22b22ee9503eac1fabcf30289204d3b3/transformed/jetified-kotlinx-coroutines-core-jvm-1.9.0.jar with cache key b9dc385f2d17315a46c021ccb3190594
2026-04-25T03:15:26.9263285Z Stored cache entry for BuildToolsApiClasspathEntrySnapshotTransform: /usr/local/lib/android/sdk/build-tools/35.0.0/core-lambda-stubs.jar with cache key 938446104ce75bdaee80eea87289cb7c
2026-04-25T03:15:27.2080397Z Stored cache entry for BuildToolsApiClasspathEntrySnapshotTransform: /home/runner/.gradle/caches/8.11.1/transforms/0140aa4b8451d68af0374fd2fe0d2d59/transformed/jetified-kotlin-stdlib-2.1.20.jar with cache key cc007d2f0cd985feff1d19625f687333
2026-04-25T03:15:27.5080124Z Stored cache entry for BuildToolsApiClasspathEntrySnapshotTransform: /usr/local/lib/android/sdk/platforms/android-36/android.jar with cache key 6f6bebc5ec2ccdb38ba7cdd596c43d3a
2026-04-25T03:15:28.7079851Z Resource missing. [HTTP GET: https://dl.google.com/dl/android/maven2/com/google/devtools/ksp/symbol-processing/2.0.0-1.0.24/symbol-processing-2.0.0-1.0.24.pom]
2026-04-25T03:15:28.8079724Z Downloading https://repo.maven.apache.org/maven2/com/google/devtools/ksp/symbol-processing/2.0.0-1.0.24/symbol-processing-2.0.0-1.0.24.pom to /home/runner/.gradle/.tmp/gradle_download9730512254477515128bin
2026-04-25T03:15:28.8080960Z Resource missing. [HTTP GET: https://dl.google.com/dl/android/maven2/org/jetbrains/kotlin/kotlin-stdlib/1.9.23/kotlin-stdlib-1.9.23.pom]
2026-04-25T03:15:28.8082212Z Downloading https://repo.maven.apache.org/maven2/org/jetbrains/kotlin/kotlin-stdlib/1.9.23/kotlin-stdlib-1.9.23.pom to /home/runner/.gradle/.tmp/gradle_download6273416940418524698bin
2026-04-25T03:15:28.8083463Z Downloading https://repo.maven.apache.org/maven2/org/jetbrains/kotlin/kotlin-stdlib/1.9.23/kotlin-stdlib-1.9.23.module to /home/runner/.gradle/.tmp/gradle_download17586852374745637021bin
2026-04-25T03:15:28.8084959Z Resource missing. [HTTP GET: https://dl.google.com/dl/android/maven2/org/jetbrains/kotlinx/kotlinx-serialization-json/1.6.3/kotlinx-serialization-json-1.6.3.pom]
2026-04-25T03:15:28.9080090Z Downloading https://repo.maven.apache.org/maven2/org/jetbrains/kotlinx/kotlinx-serialization-json/1.6.3/kotlinx-serialization-json-1.6.3.pom to /home/runner/.gradle/.tmp/gradle_download18278495502161589994bin
2026-04-25T03:15:28.9081472Z Resource missing. [HTTP GET: https://dl.google.com/dl/android/maven2/org/jetbrains/kotlinx/kotlinx-serialization-bom/1.6.3/kotlinx-serialization-bom-1.6.3.pom]
2026-04-25T03:15:28.9082986Z Downloading https://repo.maven.apache.org/maven2/org/jetbrains/kotlinx/kotlinx-serialization-bom/1.6.3/kotlinx-serialization-bom-1.6.3.pom to /home/runner/.gradle/.tmp/gradle_download18302250984489948876bin
2026-04-25T03:15:28.9084382Z Downloading https://repo.maven.apache.org/maven2/org/jetbrains/kotlinx/kotlinx-serialization-json/1.6.3/kotlinx-serialization-json-1.6.3.module to /home/runner/.gradle/.tmp/gradle_download9205876461140849644bin
2026-04-25T03:15:29.0079778Z Resource missing. [HTTP GET: https://dl.google.com/dl/android/maven2/org/jetbrains/kotlinx/kotlinx-serialization-json-jvm/1.6.3/kotlinx-serialization-json-jvm-1.6.3.pom]
2026-04-25T03:15:29.0082474Z Downloading https://repo.maven.apache.org/maven2/org/jetbrains/kotlinx/kotlinx-serialization-json-jvm/1.6.3/kotlinx-serialization-json-jvm-1.6.3.pom to /home/runner/.gradle/.tmp/gradle_download17463114406275123237bin
2026-04-25T03:15:29.0085041Z Downloading https://repo.maven.apache.org/maven2/org/jetbrains/kotlinx/kotlinx-serialization-json-jvm/1.6.3/kotlinx-serialization-json-jvm-1.6.3.module to /home/runner/.gradle/.tmp/gradle_download11924500501151627491bin
2026-04-25T03:15:29.0087244Z Resource missing. [HTTP GET: https://dl.google.com/dl/android/maven2/org/jetbrains/kotlinx/kotlinx-serialization-core/1.6.3/kotlinx-serialization-core-1.6.3.pom]
2026-04-25T03:15:29.0089174Z Downloading https://repo.maven.apache.org/maven2/org/jetbrains/kotlinx/kotlinx-serialization-core/1.6.3/kotlinx-serialization-core-1.6.3.pom to /home/runner/.gradle/.tmp/gradle_download4848556089535653583bin
2026-04-25T03:15:29.0091393Z Downloading https://repo.maven.apache.org/maven2/org/jetbrains/kotlinx/kotlinx-serialization-core/1.6.3/kotlinx-serialization-core-1.6.3.module to /home/runner/.gradle/.tmp/gradle_download10568964344697051002bin
2026-04-25T03:15:29.1079464Z Resource missing. [HTTP GET: https://dl.google.com/dl/android/maven2/org/jetbrains/kotlin/kotlin-stdlib-common/2.0.0/kotlin-stdlib-common-2.0.0.pom]
2026-04-25T03:15:29.1080727Z Downloading https://repo.maven.apache.org/maven2/org/jetbrains/kotlin/kotlin-stdlib-common/2.0.0/kotlin-stdlib-common-2.0.0.pom to /home/runner/.gradle/.tmp/gradle_download6597651137018759605bin
2026-04-25T03:15:29.1082233Z Downloading https://repo.maven.apache.org/maven2/org/jetbrains/kotlin/kotlin-stdlib-common/2.0.0/kotlin-stdlib-common-2.0.0.module to /home/runner/.gradle/.tmp/gradle_download3047521788169656662bin
2026-04-25T03:15:29.2080000Z Resource missing. [HTTP GET: https://dl.google.com/dl/android/maven2/org/jetbrains/kotlinx/kotlinx-serialization-core-jvm/1.6.3/kotlinx-serialization-core-jvm-1.6.3.pom]
2026-04-25T03:15:29.2083816Z Downloading https://repo.maven.apache.org/maven2/org/jetbrains/kotlinx/kotlinx-serialization-core-jvm/1.6.3/kotlinx-serialization-core-jvm-1.6.3.pom to /home/runner/.gradle/.tmp/gradle_download18396608407895379891bin
2026-04-25T03:15:29.2086671Z Downloading https://repo.maven.apache.org/maven2/org/jetbrains/kotlinx/kotlinx-serialization-core-jvm/1.6.3/kotlinx-serialization-core-jvm-1.6.3.module to /home/runner/.gradle/.tmp/gradle_download17833875296901722053bin
2026-04-25T03:15:29.2089474Z Downloading https://repo.maven.apache.org/maven2/com/google/devtools/ksp/symbol-processing/2.0.0-1.0.24/symbol-processing-2.0.0-1.0.24.jar to /home/runner/.gradle/.tmp/gradle_download13032783071286255586bin
2026-04-25T03:15:29.2092944Z Downloading https://repo.maven.apache.org/maven2/org/jetbrains/kotlinx/kotlinx-serialization-json-jvm/1.6.3/kotlinx-serialization-json-jvm-1.6.3.jar to /home/runner/.gradle/.tmp/gradle_download185370134085773962bin
2026-04-25T03:15:29.2096169Z Downloading https://repo.maven.apache.org/maven2/org/jetbrains/kotlinx/kotlinx-serialization-core-jvm/1.6.3/kotlinx-serialization-core-jvm-1.6.3.jar to /home/runner/.gradle/.tmp/gradle_download7178268683393101045bin
2026-04-25T03:15:29.3115761Z file or directory '/home/runner/work/flashcard-app/flashcard-app/app/src/debug/java', not found
2026-04-25T03:15:29.3142864Z file or directory '/home/runner/work/flashcard-app/flashcard-app/app/src/debug/java', not found
2026-04-25T03:15:29.3145569Z Build cache key for task ':app:kspDebugKotlin' is 3303fbf88cf370e79e2718dce0cbd427
2026-04-25T03:15:29.3160970Z Task ':app:kspDebugKotlin' is not up-to-date because:
2026-04-25T03:15:29.3161924Z   No history is available.
2026-04-25T03:15:29.3202444Z The input changes require a full rebuild for incremental task ':app:kspDebugKotlin'.
2026-04-25T03:15:29.3203475Z file or directory '/home/runner/work/flashcard-app/flashcard-app/app/src/debug/java', not found
2026-04-25T03:15:29.3204531Z file or directory '/home/runner/work/flashcard-app/flashcard-app/app/src/debug/java', not found
2026-04-25T03:15:29.3205541Z file or directory '/home/runner/work/flashcard-app/flashcard-app/app/src/debug/java', not found
2026-04-25T03:15:29.3206533Z file or directory '/home/runner/work/flashcard-app/flashcard-app/app/src/debug/java', not found
2026-04-25T03:15:29.3207510Z file or directory '/home/runner/work/flashcard-app/flashcard-app/app/src/debug/java', not found
2026-04-25T03:15:29.3208512Z file or directory '/home/runner/work/flashcard-app/flashcard-app/app/src/debug/java', not found
2026-04-25T03:15:29.3209533Z file or directory '/home/runner/work/flashcard-app/flashcard-app/app/src/debug/java', not found
2026-04-25T03:15:29.3210538Z file or directory '/home/runner/work/flashcard-app/flashcard-app/app/src/debug/java', not found
2026-04-25T03:15:29.3241819Z file or directory '/home/runner/work/flashcard-app/flashcard-app/app/src/debug/java', not found
2026-04-25T03:15:29.3254188Z Kotlin source files: /home/runner/work/flashcard-app/flashcard-app/app/src/main/java/com/nezumikait/flashcardapp/MainActivity.kt, /home/runner/work/flashcard-app/flashcard-app/app/src/main/java/com/nezumikait/flashcardapp/FloatingService.kt, /home/runner/work/flashcard-app/flashcard-app/app/src/main/java/com/nezumikait/flashcardapp/ui/theme/Type.kt, /home/runner/work/flashcard-app/flashcard-app/app/src/main/java/com/nezumikait/flashcardapp/ui/theme/Theme.kt, /home/runner/work/flashcard-app/flashcard-app/app/src/main/java/com/example/flashcardapp/MainActivity.kt, /home/runner/work/flashcard-app/flashcard-app/app/src/main/java/com/example/flashcardapp/SettingsScreen.kt, /home/runner/work/flashcard-app/flashcard-app/app/src/main/java/com/example/flashcardapp/ui/theme/Type.kt, /home/runner/work/flashcard-app/flashcard-app/app/src/main/java/com/example/flashcardapp/ui/theme/Color.kt, /home/runner/work/flashcard-app/flashcard-app/app/src/main/java/com/example/flashcardapp/ui/theme/Theme.kt, /home/runner/work/flashcard-app/flashcard-app/app/src/main/java/com/example/flashcardapp/FlashcardCard.kt, /home/runner/work/flashcard-app/flashcard-app/app/src/main/java/com/example/flashcardapp/DeckScreen.kt, /home/runner/work/flashcard-app/flashcard-app/app/src/main/java/com/example/flashcardapp/FlashcardDatabase.kt, /home/runner/work/flashcard-app/flashcard-app/app/src/main/java/com/example/flashcardapp/data/FlashcardDao.kt, /home/runner/work/flashcard-app/flashcard-app/app/src/main/java/com/example/flashcardapp/data/Flashcard.kt, /home/runner/work/flashcard-app/flashcard-app/app/src/main/java/com/example/flashcardapp/data/FlashcardViewModel.kt, /home/runner/work/flashcard-app/flashcard-app/app/src/main/java/com/example/flashcardapp/data/FlashcardDatabase.kt, /home/runner/work/flashcard-app/flashcard-app/app/src/main/java/com/example/flashcardapp/data/FlashcardRepository.kt
2026-04-25T03:15:29.3296832Z Java source files: 
2026-04-25T03:15:29.3297156Z Script source files: 
2026-04-25T03:15:29.3297513Z Script file extensions: 
2026-04-25T03:15:29.3297947Z Transforming R.jar with StructureTransformAction
2026-04-25T03:15:29.3299915Z Build cache key for StructureTransformAction: /home/runner/work/flashcard-app/flashcard-app/app/build/intermediates/compile_and_runtime_not_namespaced_r_class_jar/debug/processDebugResources/R.jar is c776369a89d2c373b12bfbb55b41ec6c
2026-04-25T03:15:29.3301947Z Transforming jetified-material3-release-api.jar with StructureTransformAction
2026-04-25T03:15:29.3302794Z Transforming jetified-ui-util-api.jar with StructureTransformAction
2026-04-25T03:15:29.3303549Z Transforming jetified-ui-unit-api.jar with StructureTransformAction
2026-04-25T03:15:29.3304287Z Transforming jetified-ui-text-api.jar with StructureTransformAction
2026-04-25T03:15:29.3305132Z Transforming jetified-foundation-layout-api.jar with StructureTransformAction
2026-04-25T03:15:29.3306125Z Transforming jetified-material-icons-core-release-api.jar with StructureTransformAction
2026-04-25T03:15:29.3307165Z Transforming jetified-material-ripple-release-api.jar with StructureTransformAction
2026-04-25T03:15:29.3308120Z Transforming jetified-foundation-release-api.jar with StructureTransformAction
2026-04-25T03:15:29.3309007Z Transforming jetified-animation-core-api.jar with StructureTransformAction
2026-04-25T03:15:29.3309818Z Transforming jetified-animation-api.jar with StructureTransformAction
2026-04-25T03:15:29.3311459Z Build cache key for StructureTransformAction: /home/runner/.gradle/caches/8.11.1/transforms/f4e4b5327620bbfa30853fe1ddd8dc57/transformed/jetified-material3-release-api.jar is 890298d613caaa0b0b6eeb11ae21929b
2026-04-25T03:15:29.3313251Z Transforming jetified-ui-geometry-api.jar with StructureTransformAction
2026-04-25T03:15:29.3314083Z Transforming jetified-ui-tooling-data-api.jar with StructureTransformAction
2026-04-25T03:15:29.3314973Z Transforming jetified-ui-tooling-preview-api.jar with StructureTransformAction
2026-04-25T03:15:29.3315889Z Transforming jetified-ui-graphics-release-api.jar with StructureTransformAction
2026-04-25T03:15:29.3316771Z Transforming jetified-ui-release-api.jar with StructureTransformAction
2026-04-25T03:15:29.3317557Z Transforming jetified-ui-tooling-api.jar with StructureTransformAction
2026-04-25T03:15:29.3318408Z Transforming jetified-ui-test-manifest-1.9.2-api.jar with StructureTransformAction
2026-04-25T03:15:29.3319306Z Transforming jetified-activity-1.13.0-api.jar with StructureTransformAction
2026-04-25T03:15:29.3320209Z Transforming jetified-activity-compose-1.13.0-api.jar with StructureTransformAction
2026-04-25T03:15:29.3321069Z Transforming core-1.18.0-api.jar with StructureTransformAction
2026-04-25T03:15:29.3381166Z Transforming lifecycle-livedata-core-2.9.4-api.jar with StructureTransformAction
2026-04-25T03:15:29.3382498Z Transforming jetified-lifecycle-runtime-compose-release-api.jar with StructureTransformAction
2026-04-25T03:15:29.3383624Z Transforming jetified-lifecycle-runtime-release-api.jar with StructureTransformAction
2026-04-25T03:15:29.3384630Z Transforming jetified-lifecycle-common-jvm-2.9.4.jar with StructureTransformAction
2026-04-25T03:15:29.3385679Z Transforming jetified-lifecycle-viewmodel-release-api.jar with StructureTransformAction
2026-04-25T03:15:29.3386711Z Transforming jetified-lifecycle-runtime-ktx-api.jar with StructureTransformAction
2026-04-25T03:15:29.3387815Z Transforming jetified-lifecycle-viewmodel-savedstate-release-api.jar with StructureTransformAction
2026-04-25T03:15:29.3388860Z Transforming jetified-core-ktx-1.18.0-api.jar with StructureTransformAction
2026-04-25T03:15:29.3389789Z Transforming jetified-room3-common-jvm-3.0.0-alpha03.jar with StructureTransformAction
2026-04-25T03:15:29.3390717Z Transforming jetified-room3-runtime-api.jar with StructureTransformAction
2026-04-25T03:15:29.3391739Z Transforming jetified-core-viewtree-1.0.0-api.jar with StructureTransformAction
2026-04-25T03:15:29.3393013Z Transforming versionedparcelable-1.1.1-api.jar with StructureTransformAction
2026-04-25T03:15:29.3393898Z Transforming jetified-navigationevent-api.jar with StructureTransformAction
2026-04-25T03:15:29.3395017Z Transforming jetified-navigationevent-compose-api.jar with StructureTransformAction
2026-04-25T03:15:29.3395981Z Transforming jetified-savedstate-release-api.jar with StructureTransformAction
2026-04-25T03:15:29.3396872Z Transforming jetified-savedstate-compose-api.jar with StructureTransformAction
2026-04-25T03:15:29.3397788Z Transforming jetified-runtime-annotation-api.jar with StructureTransformAction
2026-04-25T03:15:29.3398650Z Transforming jetified-runtime-api.jar with StructureTransformAction
2026-04-25T03:15:29.3399445Z Transforming jetified-runtime-saveable-api.jar with StructureTransformAction
2026-04-25T03:15:29.3400352Z Transforming jetified-collection-jvm-1.5.0.jar with StructureTransformAction
2026-04-25T03:15:29.3401206Z Transforming jetified-sqlite-framework-api.jar with StructureTransformAction
2026-04-25T03:15:29.3452526Z Transforming jetified-sqlite-api.jar with StructureTransformAction
2026-04-25T03:15:29.3453301Z Transforming core-common-2.2.0.jar with StructureTransformAction
2026-04-25T03:15:29.3454211Z Transforming jetified-annotation-jvm-1.9.1.jar with StructureTransformAction
2026-04-25T03:15:29.3455211Z Transforming jetified-annotation-experimental-1.5.0-api.jar with StructureTransformAction
2026-04-25T03:15:29.3456291Z Transforming jetified-kotlinx-coroutines-core-jvm-1.9.0.jar with StructureTransformAction
2026-04-25T03:15:29.3457345Z Transforming jetified-kotlinx-coroutines-android-1.9.0.jar with StructureTransformAction
2026-04-25T03:15:29.3458438Z Transforming jetified-kotlinx-serialization-core-jvm-1.7.3.jar with StructureTransformAction
2026-04-25T03:15:29.3459428Z Transforming jetified-kotlin-stdlib-2.1.20.jar with StructureTransformAction
2026-04-25T03:15:29.3460289Z Transforming jetified-annotations-23.0.0.jar with StructureTransformAction
2026-04-25T03:15:29.3461127Z Transforming jetified-listenablefuture-1.0.jar with StructureTransformAction
2026-04-25T03:15:29.3462160Z Transforming jetified-jspecify-1.0.0.jar with StructureTransformAction
2026-04-25T03:15:29.3462854Z Transforming android.jar with StructureTransformAction
2026-04-25T03:15:29.3463516Z Transforming core-lambda-stubs.jar with StructureTransformAction
2026-04-25T03:15:29.3465058Z Build cache key for StructureTransformAction: /home/runner/.gradle/caches/8.11.1/transforms/7fca7ac9072f5acdc740e731a5011ba7/transformed/jetified-ui-unit-api.jar is 8ca0e1e4fcc011564ad9d5d28d879954
2026-04-25T03:15:29.3467364Z Build cache key for StructureTransformAction: /home/runner/.gradle/caches/8.11.1/transforms/f814cf05f9deb26708958f87b7b2dafb/transformed/jetified-ui-util-api.jar is 4ff8061e2300c94a86a41978515c1a0c
2026-04-25T03:15:29.4124878Z Stored cache entry for StructureTransformAction: /home/runner/.gradle/caches/8.11.1/transforms/f814cf05f9deb26708958f87b7b2dafb/transformed/jetified-ui-util-api.jar with cache key 4ff8061e2300c94a86a41978515c1a0c
2026-04-25T03:15:29.4143579Z Build cache key for StructureTransformAction: /home/runner/.gradle/caches/8.11.1/transforms/996111de5d3baeeae086485a8a7120a8/transformed/jetified-ui-text-api.jar is 0db56e5777f636e33d90021a1ce3fa1b
2026-04-25T03:15:29.4210796Z Stored cache entry for StructureTransformAction: /home/runner/work/flashcard-app/flashcard-app/app/build/intermediates/compile_and_runtime_not_namespaced_r_class_jar/debug/processDebugResources/R.jar with cache key c776369a89d2c373b12bfbb55b41ec6c
2026-04-25T03:15:29.4213907Z Stored cache entry for StructureTransformAction: /home/runner/.gradle/caches/8.11.1/transforms/7fca7ac9072f5acdc740e731a5011ba7/transformed/jetified-ui-unit-api.jar with cache key 8ca0e1e4fcc011564ad9d5d28d879954
2026-04-25T03:15:29.4273373Z Build cache key for StructureTransformAction: /home/runner/.gradle/caches/8.11.1/transforms/a2709803a4bb4d9248a4ee3c09696225/transformed/jetified-foundation-layout-api.jar is 45599a17c0f71b84d075d17f814dbc89
2026-04-25T03:15:29.4313342Z Build cache key for StructureTransformAction: /home/runner/.gradle/caches/8.11.1/transforms/43f0ab942e4f7cf2068fc89b724074f9/transformed/jetified-material-icons-core-release-api.jar is 309df59426dbe0e3a15862878cceb622
2026-04-25T03:15:29.4339284Z Stored cache entry for StructureTransformAction: /home/runner/.gradle/caches/8.11.1/transforms/43f0ab942e4f7cf2068fc89b724074f9/transformed/jetified-material-icons-core-release-api.jar with cache key 309df59426dbe0e3a15862878cceb622
2026-04-25T03:15:29.4345376Z Build cache key for StructureTransformAction: /home/runner/.gradle/caches/8.11.1/transforms/a1858b5462198bde9d822edbdca4dcf0/transformed/jetified-material-ripple-release-api.jar is aea0593f49f092607a9af58cbc5938df
2026-04-25T03:15:29.5105218Z Stored cache entry for StructureTransformAction: /home/runner/.gradle/caches/8.11.1/transforms/a1858b5462198bde9d822edbdca4dcf0/transformed/jetified-material-ripple-release-api.jar with cache key aea0593f49f092607a9af58cbc5938df
2026-04-25T03:15:29.5133144Z Build cache key for StructureTransformAction: /home/runner/.gradle/caches/8.11.1/transforms/789d09a61741fc12086ff587f8a93ad4/transformed/jetified-foundation-release-api.jar is 75b8940d4bcb6cffdf8f841741444c28
2026-04-25T03:15:29.5153685Z Stored cache entry for StructureTransformAction: /home/runner/.gradle/caches/8.11.1/transforms/a2709803a4bb4d9248a4ee3c09696225/transformed/jetified-foundation-layout-api.jar with cache key 45599a17c0f71b84d075d17f814dbc89
2026-04-25T03:15:29.5163224Z Build cache key for StructureTransformAction: /home/runner/.gradle/caches/8.11.1/transforms/00717a84cf65bef4f78806b92791770f/transformed/jetified-animation-core-api.jar is 39a3d36f7b970b6f91e1d50fb2470c84
2026-04-25T03:15:29.5243334Z Stored cache entry for StructureTransformAction: /home/runner/.gradle/caches/8.11.1/transforms/996111de5d3baeeae086485a8a7120a8/transformed/jetified-ui-text-api.jar with cache key 0db56e5777f636e33d90021a1ce3fa1b
2026-04-25T03:15:29.5245855Z Build cache key for StructureTransformAction: /home/runner/.gradle/caches/8.11.1/transforms/e46959bbcdd83c4ce8e4f4c5a09f36c1/transformed/jetified-animation-api.jar is 93f0258e04ce98bf176cc669601577fd
2026-04-25T03:15:29.5274680Z Stored cache entry for StructureTransformAction: /home/runner/.gradle/caches/8.11.1/transforms/00717a84cf65bef4f78806b92791770f/transformed/jetified-animation-core-api.jar with cache key 39a3d36f7b970b6f91e1d50fb2470c84
2026-04-25T03:15:29.5303267Z Build cache key for StructureTransformAction: /home/runner/.gradle/caches/8.11.1/transforms/75b2b654b1d9908d2b43be8f853efadf/transformed/jetified-ui-geometry-api.jar is 0f3b526313971b912b626fb8f1e4f91c
2026-04-25T03:15:29.5316048Z Stored cache entry for StructureTransformAction: /home/runner/.gradle/caches/8.11.1/transforms/75b2b654b1d9908d2b43be8f853efadf/transformed/jetified-ui-geometry-api.jar with cache key 0f3b526313971b912b626fb8f1e4f91c
2026-04-25T03:15:29.5363141Z Build cache key for StructureTransformAction: /home/runner/.gradle/caches/8.11.1/transforms/e6b27246669ac8dced051af4465d0a9e/transformed/jetified-ui-tooling-data-api.jar is 4be3221041ddd3ade57bc24becb2febb
2026-04-25T03:15:29.5373318Z Stored cache entry for StructureTransformAction: /home/runner/.gradle/caches/8.11.1/transforms/e6b27246669ac8dced051af4465d0a9e/transformed/jetified-ui-tooling-data-api.jar with cache key 4be3221041ddd3ade57bc24becb2febb
2026-04-25T03:15:29.5403123Z Build cache key for StructureTransformAction: /home/runner/.gradle/caches/8.11.1/transforms/4687627d1ee6042684b27b2aa6493234/transformed/jetified-ui-tooling-preview-api.jar is 4e7ef828c4c43c1f2a9e020844ee1449
2026-04-25T03:15:29.5423175Z Stored cache entry for StructureTransformAction: /home/runner/.gradle/caches/8.11.1/transforms/4687627d1ee6042684b27b2aa6493234/transformed/jetified-ui-tooling-preview-api.jar with cache key 4e7ef828c4c43c1f2a9e020844ee1449
2026-04-25T03:15:29.5454668Z Build cache key for StructureTransformAction: /home/runner/.gradle/caches/8.11.1/transforms/6050333b45781e9272f456f0c5979f1e/transformed/jetified-ui-graphics-release-api.jar is 776d1b9b62463ed02744ea339f5add34
2026-04-25T03:15:29.5463339Z Stored cache entry for StructureTransformAction: /home/runner/.gradle/caches/8.11.1/transforms/e46959bbcdd83c4ce8e4f4c5a09f36c1/transformed/jetified-animation-api.jar with cache key 93f0258e04ce98bf176cc669601577fd
2026-04-25T03:15:29.5494626Z Build cache key for StructureTransformAction: /home/runner/.gradle/caches/8.11.1/transforms/32b8fe3174df8ce6ec89fc73a7d142cf/transformed/jetified-ui-release-api.jar is b640cf62a7c45f899aba0191d53ae673
2026-04-25T03:15:29.6093789Z Stored cache entry for StructureTransformAction: /home/runner/.gradle/caches/8.11.1/transforms/6050333b45781e9272f456f0c5979f1e/transformed/jetified-ui-graphics-release-api.jar with cache key 776d1b9b62463ed02744ea339f5add34
2026-04-25T03:15:29.6123141Z Build cache key for StructureTransformAction: /home/runner/.gradle/caches/8.11.1/transforms/e5c155693bbce7a4f360f4eafb983962/transformed/jetified-ui-tooling-api.jar is 837aa637e26c5d0669a56ef0aa2bc09b
2026-04-25T03:15:29.6153249Z Stored cache entry for StructureTransformAction: /home/runner/.gradle/caches/8.11.1/transforms/e5c155693bbce7a4f360f4eafb983962/transformed/jetified-ui-tooling-api.jar with cache key 837aa637e26c5d0669a56ef0aa2bc09b
2026-04-25T03:15:29.6155914Z Build cache key for StructureTransformAction: /home/runner/.gradle/caches/8.11.1/transforms/103b876249b69efb31ee56c5826038e4/transformed/jetified-ui-test-manifest-1.9.2-api.jar is 9f1b6739bae3582670bcb3a0a736b998
2026-04-25T03:15:29.6158442Z Stored cache entry for StructureTransformAction: /home/runner/.gradle/caches/8.11.1/transforms/103b876249b69efb31ee56c5826038e4/transformed/jetified-ui-test-manifest-1.9.2-api.jar with cache key 9f1b6739bae3582670bcb3a0a736b998
2026-04-25T03:15:29.6160957Z Build cache key for StructureTransformAction: /home/runner/.gradle/caches/8.11.1/transforms/241da2295cb5aa171c36f2e9fffce769/transformed/jetified-activity-1.13.0-api.jar is 894c49f6946a193d9455e9e81d708088
2026-04-25T03:15:29.6163719Z Stored cache entry for StructureTransformAction: /home/runner/.gradle/caches/8.11.1/transforms/f4e4b5327620bbfa30853fe1ddd8dc57/transformed/jetified-material3-release-api.jar with cache key 890298d613caaa0b0b6eeb11ae21929b
2026-04-25T03:15:29.6223203Z Build cache key for StructureTransformAction: /home/runner/.gradle/caches/8.11.1/transforms/9404986f64345eaa9746602925ed3f26/transformed/jetified-activity-compose-1.13.0-api.jar is e58a346e16e08435e860ec34e9328293
2026-04-25T03:15:29.6283281Z Stored cache entry for StructureTransformAction: /home/runner/.gradle/caches/8.11.1/transforms/241da2295cb5aa171c36f2e9fffce769/transformed/jetified-activity-1.13.0-api.jar with cache key 894c49f6946a193d9455e9e81d708088
2026-04-25T03:15:29.6327653Z Build cache key for StructureTransformAction: /home/runner/.gradle/caches/8.11.1/transforms/9dc7d1e20bdf23b0804ce36a79ef9e23/transformed/core-1.18.0-api.jar is 4495f72660c8bae8171ba3536d5451b4
2026-04-25T03:15:29.6330043Z Stored cache entry for StructureTransformAction: /home/runner/.gradle/caches/8.11.1/transforms/9404986f64345eaa9746602925ed3f26/transformed/jetified-activity-compose-1.13.0-api.jar with cache key e58a346e16e08435e860ec34e9328293
2026-04-25T03:15:29.6381252Z Build cache key for StructureTransformAction: /home/runner/.gradle/caches/8.11.1/transforms/edc5da8cb1a63677e4d6849e5bba6456/transformed/lifecycle-livedata-core-2.9.4-api.jar is 684d036e100ce55544d33df9baedb307
2026-04-25T03:15:29.6453294Z Stored cache entry for StructureTransformAction: /home/runner/.gradle/caches/8.11.1/transforms/edc5da8cb1a63677e4d6849e5bba6456/transformed/lifecycle-livedata-core-2.9.4-api.jar with cache key 684d036e100ce55544d33df9baedb307
2026-04-25T03:15:29.6483189Z Build cache key for StructureTransformAction: /home/runner/.gradle/caches/8.11.1/transforms/0fd0c37e908880f2e290cc955b8a7a17/transformed/jetified-lifecycle-runtime-compose-release-api.jar is 2f8b12aba09ffeae1f499145e991991f
2026-04-25T03:15:29.7083617Z Stored cache entry for StructureTransformAction: /home/runner/.gradle/caches/8.11.1/transforms/0fd0c37e908880f2e290cc955b8a7a17/transformed/jetified-lifecycle-runtime-compose-release-api.jar with cache key 2f8b12aba09ffeae1f499145e991991f
2026-04-25T03:15:29.7093465Z Build cache key for StructureTransformAction: /home/runner/.gradle/caches/8.11.1/transforms/a2d50fd843a7c2d3bba8e8df52dc7fab/transformed/jetified-lifecycle-runtime-release-api.jar is 22889081f2941681dfb29864a07f463a
2026-04-25T03:15:29.7123415Z Stored cache entry for StructureTransformAction: /home/runner/.gradle/caches/8.11.1/transforms/a2d50fd843a7c2d3bba8e8df52dc7fab/transformed/jetified-lifecycle-runtime-release-api.jar with cache key 22889081f2941681dfb29864a07f463a
2026-04-25T03:15:29.7148053Z Build cache key for StructureTransformAction: /home/runner/.gradle/caches/8.11.1/transforms/ba972cd8aefa78e10f3ac529ba5cf210/transformed/jetified-lifecycle-common-jvm-2.9.4.jar is 2619ab833e486cb40c04e9fc9af53e77
2026-04-25T03:15:29.7180033Z Stored cache entry for StructureTransformAction: /home/runner/.gradle/caches/8.11.1/transforms/ba972cd8aefa78e10f3ac529ba5cf210/transformed/jetified-lifecycle-common-jvm-2.9.4.jar with cache key 2619ab833e486cb40c04e9fc9af53e77
2026-04-25T03:15:29.7208344Z Build cache key for StructureTransformAction: /home/runner/.gradle/caches/8.11.1/transforms/362c5ff3c24ea299dd723e9316befea4/transformed/jetified-lifecycle-viewmodel-release-api.jar is 5005fd9373d9c94f4eb1cbf9458b4e39
2026-04-25T03:15:29.7233291Z Stored cache entry for StructureTransformAction: /home/runner/.gradle/caches/8.11.1/transforms/362c5ff3c24ea299dd723e9316befea4/transformed/jetified-lifecycle-viewmodel-release-api.jar with cache key 5005fd9373d9c94f4eb1cbf9458b4e39
2026-04-25T03:15:29.7263236Z Build cache key for StructureTransformAction: /home/runner/.gradle/caches/8.11.1/transforms/9576075ed1dfcb4a6f0bcef7fc4ea7ab/transformed/jetified-lifecycle-runtime-ktx-api.jar is 43959728a98c554c17afdda7fcf30175
2026-04-25T03:15:29.7266126Z Stored cache entry for StructureTransformAction: /home/runner/.gradle/caches/8.11.1/transforms/9576075ed1dfcb4a6f0bcef7fc4ea7ab/transformed/jetified-lifecycle-runtime-ktx-api.jar with cache key 43959728a98c554c17afdda7fcf30175
2026-04-25T03:15:29.7293448Z Build cache key for StructureTransformAction: /home/runner/.gradle/caches/8.11.1/transforms/bd1124eae06fe14da66ce0c7887cda3b/transformed/jetified-lifecycle-viewmodel-savedstate-release-api.jar is 357cc4f5f1133358ad3604d894f22799
2026-04-25T03:15:29.7323573Z Stored cache entry for StructureTransformAction: /home/runner/.gradle/caches/8.11.1/transforms/bd1124eae06fe14da66ce0c7887cda3b/transformed/jetified-lifecycle-viewmodel-savedstate-release-api.jar with cache key 357cc4f5f1133358ad3604d894f22799
2026-04-25T03:15:29.7354313Z Build cache key for StructureTransformAction: /home/runner/.gradle/caches/8.11.1/transforms/81857e6e6002fb3b53ba2f8949a718d8/transformed/jetified-core-ktx-1.18.0-api.jar is fab956f9264be4dfa077360f1b1b9fee
2026-04-25T03:15:29.7377276Z Stored cache entry for StructureTransformAction: /home/runner/.gradle/caches/8.11.1/transforms/32b8fe3174df8ce6ec89fc73a7d142cf/transformed/jetified-ui-release-api.jar with cache key b640cf62a7c45f899aba0191d53ae673
2026-04-25T03:15:29.7396929Z Build cache key for StructureTransformAction: /home/runner/.gradle/caches/8.11.1/transforms/b4d59bb185208f42b463dd709eb84325/transformed/jetified-room3-common-jvm-3.0.0-alpha03.jar is a75adc82b8b8de1f6e01fdf01958ebf8
2026-04-25T03:15:29.7443346Z Stored cache entry for StructureTransformAction: /home/runner/.gradle/caches/8.11.1/transforms/b4d59bb185208f42b463dd709eb84325/transformed/jetified-room3-common-jvm-3.0.0-alpha03.jar with cache key a75adc82b8b8de1f6e01fdf01958ebf8
2026-04-25T03:15:29.7446626Z Build cache key for StructureTransformAction: /home/runner/.gradle/caches/8.11.1/transforms/089c56ef35c95551217837febbcb24b7/transformed/jetified-room3-runtime-api.jar is 15a6e43630b63aae23a3abd7fe96cbae
2026-04-25T03:15:29.7473244Z Stored cache entry for StructureTransformAction: /home/runner/.gradle/caches/8.11.1/transforms/81857e6e6002fb3b53ba2f8949a718d8/transformed/jetified-core-ktx-1.18.0-api.jar with cache key fab956f9264be4dfa077360f1b1b9fee
2026-04-25T03:15:29.7499063Z Build cache key for StructureTransformAction: /home/runner/.gradle/caches/8.11.1/transforms/95882d0de30b9f662c34df8659f16de6/transformed/jetified-core-viewtree-1.0.0-api.jar is de36280647432aad42b61329025169f8
2026-04-25T03:15:29.7533361Z Stored cache entry for StructureTransformAction: /home/runner/.gradle/caches/8.11.1/transforms/95882d0de30b9f662c34df8659f16de6/transformed/jetified-core-viewtree-1.0.0-api.jar with cache key de36280647432aad42b61329025169f8
2026-04-25T03:15:29.7543374Z Build cache key for StructureTransformAction: /home/runner/.gradle/caches/8.11.1/transforms/f149dc46fc15166ed762eb0147a523e0/transformed/versionedparcelable-1.1.1-api.jar is a1d04a4ed7cd835671912a91f0cec5bf
2026-04-25T03:15:29.7573289Z Stored cache entry for StructureTransformAction: /home/runner/.gradle/caches/8.11.1/transforms/f149dc46fc15166ed762eb0147a523e0/transformed/versionedparcelable-1.1.1-api.jar with cache key a1d04a4ed7cd835671912a91f0cec5bf
2026-04-25T03:15:29.7585002Z Stored cache entry for StructureTransformAction: /home/runner/.gradle/caches/8.11.1/transforms/9dc7d1e20bdf23b0804ce36a79ef9e23/transformed/core-1.18.0-api.jar with cache key 4495f72660c8bae8171ba3536d5451b4
2026-04-25T03:15:29.7613327Z Build cache key for StructureTransformAction: /home/runner/.gradle/caches/8.11.1/transforms/5e317eda8cc86ff4d8784f7555ea1759/transformed/jetified-navigationevent-api.jar is 9314e455ae385156d26f9fc109020840
2026-04-25T03:15:29.7653477Z Build cache key for StructureTransformAction: /home/runner/.gradle/caches/8.11.1/transforms/e45f03a0e8061a0f3f59fb957115c26e/transformed/jetified-navigationevent-compose-api.jar is 60e6ec0104b09fd29dadcdf7d1f1c0c6
2026-04-25T03:15:29.7663427Z Stored cache entry for StructureTransformAction: /home/runner/.gradle/caches/8.11.1/transforms/e45f03a0e8061a0f3f59fb957115c26e/transformed/jetified-navigationevent-compose-api.jar with cache key 60e6ec0104b09fd29dadcdf7d1f1c0c6
2026-04-25T03:15:29.7693345Z Stored cache entry for StructureTransformAction: /home/runner/.gradle/caches/8.11.1/transforms/5e317eda8cc86ff4d8784f7555ea1759/transformed/jetified-navigationevent-api.jar with cache key 9314e455ae385156d26f9fc109020840
2026-04-25T03:15:29.7723418Z Stored cache entry for StructureTransformAction: /home/runner/.gradle/caches/8.11.1/transforms/089c56ef35c95551217837febbcb24b7/transformed/jetified-room3-runtime-api.jar with cache key 15a6e43630b63aae23a3abd7fe96cbae
2026-04-25T03:15:29.7739409Z Build cache key for StructureTransformAction: /home/runner/.gradle/caches/8.11.1/transforms/3884d9f7df3bf9c22212fdab5cb35e87/transformed/jetified-savedstate-release-api.jar is 291ed08019676335274bd64752c86f22
2026-04-25T03:15:29.8084047Z Build cache key for StructureTransformAction: /home/runner/.gradle/caches/8.11.1/transforms/b7f88c6d44ccffab727c35620936fb4f/transformed/jetified-runtime-annotation-api.jar is c8f5c797fc8e89aa9bbfb24f4f69518f
2026-04-25T03:15:29.8104696Z Build cache key for StructureTransformAction: /home/runner/.gradle/caches/8.11.1/transforms/192950ec1ef12c33929bca91beab3edb/transformed/jetified-savedstate-compose-api.jar is b1fdf2df111649a395ba180167ada732
2026-04-25T03:15:29.8133496Z Stored cache entry for StructureTransformAction: /home/runner/.gradle/caches/8.11.1/transforms/b7f88c6d44ccffab727c35620936fb4f/transformed/jetified-runtime-annotation-api.jar with cache key c8f5c797fc8e89aa9bbfb24f4f69518f
2026-04-25T03:15:29.8163233Z Stored cache entry for StructureTransformAction: /home/runner/.gradle/caches/8.11.1/transforms/192950ec1ef12c33929bca91beab3edb/transformed/jetified-savedstate-compose-api.jar with cache key b1fdf2df111649a395ba180167ada732
2026-04-25T03:15:29.8183128Z Build cache key for StructureTransformAction: /home/runner/.gradle/caches/8.11.1/transforms/64aca5387c64e494253ef545d9e49d14/transformed/jetified-runtime-api.jar is 7a7d2f6fd7022a448869de162481fb06
2026-04-25T03:15:29.8193346Z Build cache key for StructureTransformAction: /home/runner/.gradle/caches/8.11.1/transforms/299651223a16a7e74b44e02c39b17484/transformed/jetified-runtime-saveable-api.jar is 9ebcadd0d76c287d4aa56298911d50ba
2026-04-25T03:15:29.8217289Z Stored cache entry for StructureTransformAction: /home/runner/.gradle/caches/8.11.1/transforms/3884d9f7df3bf9c22212fdab5cb35e87/transformed/jetified-savedstate-release-api.jar with cache key 291ed08019676335274bd64752c86f22
2026-04-25T03:15:29.8243206Z Build cache key for StructureTransformAction: /home/runner/.gradle/caches/8.11.1/transforms/d6f887207dff6862dfdad6bca0da5d04/transformed/jetified-collection-jvm-1.5.0.jar is ec889c8318997df4ca52201478b3b88a
2026-04-25T03:15:29.8273273Z Stored cache entry for StructureTransformAction: /home/runner/.gradle/caches/8.11.1/transforms/299651223a16a7e74b44e02c39b17484/transformed/jetified-runtime-saveable-api.jar with cache key 9ebcadd0d76c287d4aa56298911d50ba
2026-04-25T03:15:29.8303137Z Build cache key for StructureTransformAction: /home/runner/.gradle/caches/8.11.1/transforms/c6522156eddef59d9c3bf7f6a1d9c9f6/transformed/jetified-sqlite-framework-api.jar is 829d45f10997e381c8c47b95e9fa2ac3
2026-04-25T03:15:29.8333196Z Stored cache entry for StructureTransformAction: /home/runner/.gradle/caches/8.11.1/transforms/789d09a61741fc12086ff587f8a93ad4/transformed/jetified-foundation-release-api.jar with cache key 75b8940d4bcb6cffdf8f841741444c28
2026-04-25T03:15:29.8335928Z Build cache key for StructureTransformAction: /home/runner/.gradle/caches/8.11.1/transforms/6acebafd29c19caeb625310b97451dde/transformed/jetified-sqlite-api.jar is 2fc86c1aaa6323951435525979af89f3
2026-04-25T03:15:29.8348828Z Stored cache entry for StructureTransformAction: /home/runner/.gradle/caches/8.11.1/transforms/c6522156eddef59d9c3bf7f6a1d9c9f6/transformed/jetified-sqlite-framework-api.jar with cache key 829d45f10997e381c8c47b95e9fa2ac3
2026-04-25T03:15:29.8351362Z Build cache key for StructureTransformAction: /home/runner/.gradle/caches/modules-2/files-2.1/androidx.arch.core/core-common/2.2.0/5e1b8b81dfd5f52c56a8d53b18ca759c19a301f3/core-common-2.2.0.jar is e36aaa86a9f4832315a6583a28e8996c
2026-04-25T03:15:29.8354327Z Stored cache entry for StructureTransformAction: /home/runner/.gradle/caches/modules-2/files-2.1/androidx.arch.core/core-common/2.2.0/5e1b8b81dfd5f52c56a8d53b18ca759c19a301f3/core-common-2.2.0.jar with cache key e36aaa86a9f4832315a6583a28e8996c
2026-04-25T03:15:29.8357136Z Stored cache entry for StructureTransformAction: /home/runner/.gradle/caches/8.11.1/transforms/6acebafd29c19caeb625310b97451dde/transformed/jetified-sqlite-api.jar with cache key 2fc86c1aaa6323951435525979af89f3
2026-04-25T03:15:29.8359652Z Build cache key for StructureTransformAction: /home/runner/.gradle/caches/8.11.1/transforms/80c77799f1f48bbc44c72bf51cbda254/transformed/jetified-annotation-jvm-1.9.1.jar is b58e976c6a609de5f40d681ce8a75609
2026-04-25T03:15:29.8362404Z Build cache key for StructureTransformAction: /home/runner/.gradle/caches/8.11.1/transforms/f5650cae77992b949238bfa303e01cd7/transformed/jetified-annotation-experimental-1.5.0-api.jar is e9ab2cc90dac0266f26989b7b988176c
2026-04-25T03:15:29.8365385Z Stored cache entry for StructureTransformAction: /home/runner/.gradle/caches/8.11.1/transforms/f5650cae77992b949238bfa303e01cd7/transformed/jetified-annotation-experimental-1.5.0-api.jar with cache key e9ab2cc90dac0266f26989b7b988176c
2026-04-25T03:15:29.8368198Z Build cache key for StructureTransformAction: /home/runner/.gradle/caches/8.11.1/transforms/22b22ee9503eac1fabcf30289204d3b3/transformed/jetified-kotlinx-coroutines-core-jvm-1.9.0.jar is cb0c925fea64af41a640cab6cea5afd2
2026-04-25T03:15:29.8370831Z Stored cache entry for StructureTransformAction: /home/runner/.gradle/caches/8.11.1/transforms/80c77799f1f48bbc44c72bf51cbda254/transformed/jetified-annotation-jvm-1.9.1.jar with cache key b58e976c6a609de5f40d681ce8a75609
2026-04-25T03:15:29.8373458Z Build cache key for StructureTransformAction: /home/runner/.gradle/caches/8.11.1/transforms/814d3c340eff4679ec20eb79a8308d2f/transformed/jetified-kotlinx-coroutines-android-1.9.0.jar is 41d3313f75e0e49a924ac604ff3c2f8d
2026-04-25T03:15:29.8376438Z Stored cache entry for StructureTransformAction: /home/runner/.gradle/caches/8.11.1/transforms/d6f887207dff6862dfdad6bca0da5d04/transformed/jetified-collection-jvm-1.5.0.jar with cache key ec889c8318997df4ca52201478b3b88a
2026-04-25T03:15:29.8379583Z Build cache key for StructureTransformAction: /home/runner/.gradle/caches/8.11.1/transforms/93b2fe31999446d77975deb313384cb5/transformed/jetified-kotlinx-serialization-core-jvm-1.7.3.jar is c257facf9575eb609c695e313b3f2d4d
2026-04-25T03:15:29.8382266Z Stored cache entry for StructureTransformAction: /home/runner/.gradle/caches/8.11.1/transforms/814d3c340eff4679ec20eb79a8308d2f/transformed/jetified-kotlinx-coroutines-android-1.9.0.jar with cache key 41d3313f75e0e49a924ac604ff3c2f8d
2026-04-25T03:15:29.8384158Z Build cache key for StructureTransformAction: /home/runner/.gradle/caches/8.11.1/transforms/0140aa4b8451d68af0374fd2fe0d2d59/transformed/jetified-kotlin-stdlib-2.1.20.jar is 21e08fbf85a669fe6589771a2b45ac33
2026-04-25T03:15:29.9083815Z Stored cache entry for StructureTransformAction: /home/runner/.gradle/caches/8.11.1/transforms/64aca5387c64e494253ef545d9e49d14/transformed/jetified-runtime-api.jar with cache key 7a7d2f6fd7022a448869de162481fb06
2026-04-25T03:15:29.9123415Z Build cache key for StructureTransformAction: /home/runner/.gradle/caches/8.11.1/transforms/098f1ee733bcc341d8285ab9571cc773/transformed/jetified-annotations-23.0.0.jar is 0ae70c6d0e3a9883415e18b93de685e9
2026-04-25T03:15:29.9125969Z Stored cache entry for StructureTransformAction: /home/runner/.gradle/caches/8.11.1/transforms/098f1ee733bcc341d8285ab9571cc773/transformed/jetified-annotations-23.0.0.jar with cache key 0ae70c6d0e3a9883415e18b93de685e9
2026-04-25T03:15:29.9163304Z Build cache key for StructureTransformAction: /home/runner/.gradle/caches/8.11.1/transforms/d6cac1b8a8e7c5766d8d2882f75223ae/transformed/jetified-listenablefuture-1.0.jar is 8fbf11143abb773b37fec1b30d489715
2026-04-25T03:15:29.9183123Z Stored cache entry for StructureTransformAction: /home/runner/.gradle/caches/8.11.1/transforms/d6cac1b8a8e7c5766d8d2882f75223ae/transformed/jetified-listenablefuture-1.0.jar with cache key 8fbf11143abb773b37fec1b30d489715
2026-04-25T03:15:29.9193264Z Build cache key for StructureTransformAction: /home/runner/.gradle/caches/8.11.1/transforms/a15dbaf446441037469d041422adc5a4/transformed/jetified-jspecify-1.0.0.jar is f3a5199c284526ce67a436ec400fffff
2026-04-25T03:15:29.9223391Z Stored cache entry for StructureTransformAction: /home/runner/.gradle/caches/8.11.1/transforms/93b2fe31999446d77975deb313384cb5/transformed/jetified-kotlinx-serialization-core-jvm-1.7.3.jar with cache key c257facf9575eb609c695e313b3f2d4d
2026-04-25T03:15:29.9252727Z Build cache key for StructureTransformAction: /usr/local/lib/android/sdk/platforms/android-36/android.jar is ac8ad566f475d5211e9b7a80f7271710
2026-04-25T03:15:29.9263094Z Stored cache entry for StructureTransformAction: /home/runner/.gradle/caches/8.11.1/transforms/a15dbaf446441037469d041422adc5a4/transformed/jetified-jspecify-1.0.0.jar with cache key f3a5199c284526ce67a436ec400fffff
2026-04-25T03:15:29.9292659Z Build cache key for StructureTransformAction: /usr/local/lib/android/sdk/build-tools/35.0.0/core-lambda-stubs.jar is e4cea518f136f173dfd7d7e62e4b8518
2026-04-25T03:15:29.9312948Z Stored cache entry for StructureTransformAction: /usr/local/lib/android/sdk/build-tools/35.0.0/core-lambda-stubs.jar with cache key e4cea518f136f173dfd7d7e62e4b8518
2026-04-25T03:15:30.0080324Z Stored cache entry for StructureTransformAction: /home/runner/.gradle/caches/8.11.1/transforms/22b22ee9503eac1fabcf30289204d3b3/transformed/jetified-kotlinx-coroutines-core-jvm-1.9.0.jar with cache key cb0c925fea64af41a640cab6cea5afd2
2026-04-25T03:15:30.1080480Z Stored cache entry for StructureTransformAction: /home/runner/.gradle/caches/8.11.1/transforms/0140aa4b8451d68af0374fd2fe0d2d59/transformed/jetified-kotlin-stdlib-2.1.20.jar with cache key 21e08fbf85a669fe6589771a2b45ac33
2026-04-25T03:15:30.4080029Z Stored cache entry for StructureTransformAction: /usr/local/lib/android/sdk/platforms/android-36/android.jar with cache key ac8ad566f475d5211e9b7a80f7271710
2026-04-25T03:15:30.5079274Z [KOTLIN] Kotlin compilation 'jdkHome' argument: null
2026-04-25T03:15:30.7092189Z 
2026-04-25T03:15:30.7113913Z Resolve mutations for :app:mergeExtDexDebug (Thread[Execution worker,5,main]) started.
2026-04-25T03:15:30.7122148Z :app:mergeExtDexDebug (Thread[Execution worker,5,main]) started.
2026-04-25T03:15:32.5079337Z 
2026-04-25T03:15:32.5132834Z > Task :app:kspDebugKotlin
2026-04-25T03:15:32.5163829Z i: starting the daemon as: /usr/lib/jvm/temurin-17-jdk-amd64/bin/java -cp /home/runner/.gradle/caches/modules-2/files-2.1/org.jetbrains.kotlin/kotlin-compiler-embeddable/2.0.0/1de310de3446414381282ffc46c3ed3919a4d1da/kotlin-compiler-embeddable-2.0.0.jar:/home/runner/.gradle/caches/modules-2/files-2.1/org.jetbrains.kotlin/kotlin-stdlib/2.0.0/b48df2c4aede9586cc931ead433bc02d6fd7879e/kotlin-stdlib-2.0.0.jar:/home/runner/.gradle/caches/modules-2/files-2.1/org.jetbrains.kotlin/kotlin-script-runtime/2.0.0/fdc27dd047d592fa41d2dfa21e7621287a361612/kotlin-script-runtime-2.0.0.jar:/home/runner/.gradle/caches/modules-2/files-2.1/org.jetbrains.kotlin/kotlin-reflect/1.6.10/1cbe9c92c12a94eea200d23c2bbaedaf3daf5132/kotlin-reflect-1.6.10.jar:/home/runner/.gradle/caches/modules-2/files-2.1/org.jetbrains.kotlin/kotlin-daemon-embeddable/2.0.0/b39c612768614c4428c96ee9c65477181fffe9d/kotlin-daemon-embeddable-2.0.0.jar:/home/runner/.gradle/caches/modules-2/files-2.1/org.jetbrains.intellij.deps/trove4j/1.0.20200330/3afb14d5f9ceb459d724e907a21145e8ff394f02/trove4j-1.0.20200330.jar:/home/runner/.gradle/caches/modules-2/files-2.1/org.jetbrains/annotations/13.0/919f0dfe192fb4e063e7dacadee7f8bb9a2672a9/annotations-13.0.jar -Djava.awt.headless=true -Djava.rmi.server.hostname=127.0.0.1 -Xmx3072m -XX:ReservedCodeCacheSize=320m -Dkotlin.environment.keepalive -ea -XX:+UseCodeCacheFlushing -XX:+UseParallelGC --add-exports java.base/sun.nio.ch=ALL-UNNAMED org.jetbrains.kotlin.daemon.KotlinCompileDaemon --daemon-runFilesPath /home/runner/.kotlin/daemon --daemon-autoshutdownIdleSeconds=7200 --daemon-compilerClasspath /home/runner/.gradle/caches/modules-2/files-2.1/org.jetbrains.kotlin/kotlin-compiler-embeddable/2.0.0/1de310de3446414381282ffc46c3ed3919a4d1da/kotlin-compiler-embeddable-2.0.0.jar:/home/runner/.gradle/caches/modules-2/files-2.1/org.jetbrains.kotlin/kotlin-stdlib/2.0.0/b48df2c4aede9586cc931ead433bc02d6fd7879e/kotlin-stdlib-2.0.0.jar:/home/runner/.gradle/caches/modules-2/files-2.1/org.jetbrains.kotlin/kotlin-script-runtime/2.0.0/fdc27dd047d592fa41d2dfa21e7621287a361612/kotlin-script-runtime-2.0.0.jar:/home/runner/.gradle/caches/modules-2/files-2.1/org.jetbrains.kotlin/kotlin-reflect/1.6.10/1cbe9c92c12a94eea200d23c2bbaedaf3daf5132/kotlin-reflect-1.6.10.jar:/home/runner/.gradle/caches/modules-2/files-2.1/org.jetbrains.kotlin/kotlin-daemon-embeddable/2.0.0/b39c612768614c4428c96ee9c65477181fffe9d/kotlin-daemon-embeddable-2.0.0.jar:/home/runner/.gradle/caches/modules-2/files-2.1/org.jetbrains.intellij.deps/trove4j/1.0.20200330/3afb14d5f9ceb459d724e907a21145e8ff394f02/trove4j-1.0.20200330.jar:/home/runner/.gradle/caches/modules-2/files-2.1/org.jetbrains/annotations/13.0/919f0dfe192fb4e063e7dacadee7f8bb9a2672a9/annotations-13.0.jar
2026-04-25T03:15:32.5242345Z i: #1 retrying connecting to the daemon 
2026-04-25T03:15:37.8084691Z i: [ksp] loaded provider(s): [androidx.room3.RoomProcessor$Provider]
2026-04-25T03:15:37.8112940Z e: file:///home/runner/work/flashcard-app/flashcard-app/app/src/main/java/com/example/flashcardapp/DeckScreen.kt:26:22 Expecting an expression
2026-04-25T03:15:37.8114081Z Finished executing kotlin compiler using DAEMON strategy
2026-04-25T03:15:37.8172612Z e: file:///home/runner/work/flashcard-app/flashcard-app/app/src/main/java/com/example/flashcardapp/DeckScreen.kt:26:22 Expecting ')'
2026-04-25T03:15:37.8233074Z e: file:///home/runner/work/flashcard-app/flashcard-app/app/src/main/java/com/example/flashcardapp/DeckScreen.kt:26:23 Unexpected tokens (use ';' to separate expressions on the same line)
2026-04-25T03:15:37.8245929Z e: file:///home/runner/work/flashcard-app/flashcard-app/app/src/main/java/com/example/flashcardapp/DeckScreen.kt:29:8 Expecting an element
2026-04-25T03:15:37.8273146Z e: file:///home/runner/work/flashcard-app/flashcard-app/app/src/main/java/com/example/flashcardapp/DeckScreen.kt:29:24 Unexpected tokens (use ';' to separate expressions on the same line)
2026-04-25T03:15:37.8275061Z e: file:///home/runner/work/flashcard-app/flashcard-app/app/src/main/java/com/example/flashcardapp/DeckScreen.kt:35:22 Expecting an expression
2026-04-25T03:15:37.8276596Z e: file:///home/runner/work/flashcard-app/flashcard-app/app/src/main/java/com/example/flashcardapp/DeckScreen.kt:35:22 Expecting ')'
2026-04-25T03:15:37.8278400Z e: file:///home/runner/work/flashcard-app/flashcard-app/app/src/main/java/com/example/flashcardapp/DeckScreen.kt:35:23 Unexpected tokens (use ';' to separate expressions on the same line)
2026-04-25T03:15:37.8280220Z e: file:///home/runner/work/flashcard-app/flashcard-app/app/src/main/java/com/example/flashcardapp/DeckScreen.kt:38:40 Expecting an element
2026-04-25T03:15:37.8282262Z e: file:///home/runner/work/flashcard-app/flashcard-app/app/src/main/java/com/example/flashcardapp/DeckScreen.kt:38:52 Unexpected tokens (use ';' to separate expressions on the same line)
2026-04-25T03:15:37.8284132Z e: file:///home/runner/work/flashcard-app/flashcard-app/app/src/main/java/com/example/flashcardapp/DeckScreen.kt:59:26 Expecting an element
2026-04-25T03:15:37.8285995Z e: file:///home/runner/work/flashcard-app/flashcard-app/app/src/main/java/com/example/flashcardapp/DeckScreen.kt:59:36 Unexpected tokens (use ';' to separate expressions on the same line)
2026-04-25T03:15:37.8287852Z e: file:///home/runner/work/flashcard-app/flashcard-app/app/src/main/java/com/example/flashcardapp/DeckScreen.kt:76:70 Expecting an element
2026-04-25T03:15:37.8289414Z e: file:///home/runner/work/flashcard-app/flashcard-app/app/src/main/java/com/example/flashcardapp/DeckScreen.kt:76:71 Expecting ','
2026-04-25T03:15:37.8291003Z e: file:///home/runner/work/flashcard-app/flashcard-app/app/src/main/java/com/example/flashcardapp/DeckScreen.kt:76:77 Expecting '"'
2026-04-25T03:15:37.8292656Z e: file:///home/runner/work/flashcard-app/flashcard-app/app/src/main/java/com/example/flashcardapp/DeckScreen.kt:77:5 Expecting ')'
2026-04-25T03:15:37.8294238Z e: file:///home/runner/work/flashcard-app/flashcard-app/app/src/main/java/com/example/flashcardapp/DeckScreen.kt:77:66 Expecting an element
2026-04-25T03:15:37.8295791Z e: file:///home/runner/work/flashcard-app/flashcard-app/app/src/main/java/com/example/flashcardapp/DeckScreen.kt:77:67 Expecting ','
2026-04-25T03:15:37.8297319Z e: file:///home/runner/work/flashcard-app/flashcard-app/app/src/main/java/com/example/flashcardapp/DeckScreen.kt:77:73 Expecting '"'
2026-04-25T03:15:37.8298802Z e: file:///home/runner/work/flashcard-app/flashcard-app/app/src/main/java/com/example/flashcardapp/DeckScreen.kt:80:37 Expecting ')'
2026-04-25T03:15:37.8300371Z e: file:///home/runner/work/flashcard-app/flashcard-app/app/src/main/java/com/example/flashcardapp/DeckScreen.kt:81:47 Expecting an expression
2026-04-25T03:15:37.8332311Z e: file:///home/runner/work/flashcard-app/flashcard-app/app/src/main/java/com/example/flashcardapp/DeckScreen.kt:81:47 Expecting ')'
2026-04-25T03:15:37.8334235Z e: file:///home/runner/work/flashcard-app/flashcard-app/app/src/main/java/com/example/flashcardapp/DeckScreen.kt:81:48 Unexpected tokens (use ';' to separate expressions on the same line)
2026-04-25T03:15:37.8336148Z e: file:///home/runner/work/flashcard-app/flashcard-app/app/src/main/java/com/example/flashcardapp/DeckScreen.kt:87:36 Expecting an expression
2026-04-25T03:15:37.8337729Z e: file:///home/runner/work/flashcard-app/flashcard-app/app/src/main/java/com/example/flashcardapp/DeckScreen.kt:87:36 Expecting ')'
2026-04-25T03:15:37.8339547Z e: file:///home/runner/work/flashcard-app/flashcard-app/app/src/main/java/com/example/flashcardapp/DeckScreen.kt:87:37 Unexpected tokens (use ';' to separate expressions on the same line)
2026-04-25T03:15:37.8341903Z e: file:///home/runner/work/flashcard-app/flashcard-app/app/src/main/java/com/example/flashcardapp/DeckScreen.kt:89:17 Expecting an element
2026-04-25T03:15:37.8343753Z e: file:///home/runner/work/flashcard-app/flashcard-app/app/src/main/java/com/example/flashcardapp/DeckScreen.kt:94:36 Expecting an expression
2026-04-25T03:15:37.8345339Z e: file:///home/runner/work/flashcard-app/flashcard-app/app/src/main/java/com/example/flashcardapp/DeckScreen.kt:94:36 Expecting ')'
2026-04-25T03:15:37.8347201Z e: file:///home/runner/work/flashcard-app/flashcard-app/app/src/main/java/com/example/flashcardapp/DeckScreen.kt:94:37 Unexpected tokens (use ';' to separate expressions on the same line)
2026-04-25T03:15:37.8349096Z e: file:///home/runner/work/flashcard-app/flashcard-app/app/src/main/java/com/example/flashcardapp/DeckScreen.kt:96:17 Expecting an element
2026-04-25T03:15:37.8350653Z e: file:///home/runner/work/flashcard-app/flashcard-app/app/src/main/java/com/example/flashcardapp/DeckScreen.kt:97:14 Expecting ')'
2026-04-25T03:15:37.8352398Z e: file:///home/runner/work/flashcard-app/flashcard-app/app/src/main/java/com/example/flashcardapp/DeckScreen.kt:101:22 Expecting an expression
2026-04-25T03:15:37.8353988Z e: file:///home/runner/work/flashcard-app/flashcard-app/app/src/main/java/com/example/flashcardapp/DeckScreen.kt:101:22 Expecting ')'
2026-04-25T03:15:37.8355816Z e: file:///home/runner/work/flashcard-app/flashcard-app/app/src/main/java/com/example/flashcardapp/DeckScreen.kt:101:23 Unexpected tokens (use ';' to separate expressions on the same line)
2026-04-25T03:15:37.8357703Z e: file:///home/runner/work/flashcard-app/flashcard-app/app/src/main/java/com/example/flashcardapp/DeckScreen.kt:106:22 Expecting an expression
2026-04-25T03:15:37.8359269Z e: file:///home/runner/work/flashcard-app/flashcard-app/app/src/main/java/com/example/flashcardapp/DeckScreen.kt:106:22 Expecting ')'
2026-04-25T03:15:37.8361095Z e: file:///home/runner/work/flashcard-app/flashcard-app/app/src/main/java/com/example/flashcardapp/DeckScreen.kt:106:23 Unexpected tokens (use ';' to separate expressions on the same line)
2026-04-25T03:15:37.8366921Z e: file:///home/runner/work/flashcard-app/flashcard-app/app/src/main/java/com/example/flashcardapp/DeckScreen.kt:110:2 Expecting '}'
2026-04-25T03:15:37.8368271Z e: file:///home/runner/work/flashcard-app/flashcard-app/app/src/main/java/com/example/flashcardapp/DeckScreen.kt:110:2 Expecting ')'
2026-04-25T03:16:00.7122926Z 
2026-04-25T03:16:00.7132414Z > Task :app:mergeExtDexDebug
2026-04-25T03:16:00.7162813Z Transforming navigationevent.aar (androidx.navigationevent:navigationevent-android:1.0.0) with JetifyTransform
2026-04-25T03:16:00.7228218Z Transforming navigationevent.aar (androidx.navigationevent:navigationevent-android:1.0.0) with AarToClassTransform
2026-04-25T03:16:00.7253890Z Transforming navigationevent.aar (androidx.navigationevent:navigationevent-android:1.0.0) with IdentityTransform
2026-04-25T03:16:00.7272659Z Transforming navigationevent-compose.aar (androidx.navigationevent:navigationevent-compose-android:1.0.0) with JetifyTransform
2026-04-25T03:16:00.7302629Z Transforming navigationevent-compose.aar (androidx.navigationevent:navigationevent-compose-android:1.0.0) with AarToClassTransform
2026-04-25T03:16:00.7332848Z Transforming navigationevent-compose.aar (androidx.navigationevent:navigationevent-compose-android:1.0.0) with IdentityTransform
2026-04-25T03:16:00.7334273Z Transforming material3-release.aar (androidx.compose.material3:material3-android:1.2.1) with JetifyTransform
2026-04-25T03:16:00.7362602Z Transforming material3-release.aar (androidx.compose.material3:material3-android:1.2.1) with AarToClassTransform
2026-04-25T03:16:00.7372821Z Transforming material3-release.aar (androidx.compose.material3:material3-android:1.2.1) with IdentityTransform
2026-04-25T03:16:00.7402536Z Transforming ui-tooling-data.aar (androidx.compose.ui:ui-tooling-data-android:1.9.2) with JetifyTransform
2026-04-25T03:16:00.7412817Z Transforming ui-tooling-data.aar (androidx.compose.ui:ui-tooling-data-android:1.9.2) with AarToClassTransform
2026-04-25T03:16:00.7452544Z Transforming ui-tooling-data.aar (androidx.compose.ui:ui-tooling-data-android:1.9.2) with IdentityTransform
2026-04-25T03:16:00.7462228Z Transforming foundation-layout.aar (androidx.compose.foundation:foundation-layout-android:1.9.2) with JetifyTransform
2026-04-25T03:16:00.7492563Z Transforming foundation-layout.aar (androidx.compose.foundation:foundation-layout-android:1.9.2) with AarToClassTransform
2026-04-25T03:16:00.7512621Z Transforming foundation-layout.aar (androidx.compose.foundation:foundation-layout-android:1.9.2) with IdentityTransform
2026-04-25T03:16:00.7532542Z Transforming foundation-release.aar (androidx.compose.foundation:foundation-android:1.9.2) with JetifyTransform
2026-04-25T03:16:00.7552598Z Transforming foundation-release.aar (androidx.compose.foundation:foundation-android:1.9.2) with AarToClassTransform
2026-04-25T03:16:00.7572604Z Transforming foundation-release.aar (androidx.compose.foundation:foundation-android:1.9.2) with IdentityTransform
2026-04-25T03:16:00.7602467Z Transforming animation.aar (androidx.compose.animation:animation-android:1.9.2) with JetifyTransform
2026-04-25T03:16:00.7612534Z Transforming animation.aar (androidx.compose.animation:animation-android:1.9.2) with AarToClassTransform
2026-04-25T03:16:00.7651358Z Transforming animation.aar (androidx.compose.animation:animation-android:1.9.2) with IdentityTransform
2026-04-25T03:16:00.7662740Z Transforming animation-core.aar (androidx.compose.animation:animation-core-android:1.9.2) with JetifyTransform
2026-04-25T03:16:00.7692521Z Transforming animation-core.aar (androidx.compose.animation:animation-core-android:1.9.2) with AarToClassTransform
2026-04-25T03:16:00.7702476Z Transforming animation-core.aar (androidx.compose.animation:animation-core-android:1.9.2) with IdentityTransform
2026-04-25T03:16:00.7732391Z Transforming ui-unit.aar (androidx.compose.ui:ui-unit-android:1.9.2) with JetifyTransform
2026-04-25T03:16:00.7752428Z Transforming ui-unit.aar (androidx.compose.ui:ui-unit-android:1.9.2) with AarToClassTransform
2026-04-25T03:16:00.7782474Z Transforming ui-unit.aar (androidx.compose.ui:ui-unit-android:1.9.2) with IdentityTransform
2026-04-25T03:16:00.7792510Z Transforming ui-geometry.aar (androidx.compose.ui:ui-geometry-android:1.9.2) with JetifyTransform
2026-04-25T03:16:00.7812528Z Transforming ui-geometry.aar (androidx.compose.ui:ui-geometry-android:1.9.2) with AarToClassTransform
2026-04-25T03:16:00.7842560Z Transforming ui-geometry.aar (androidx.compose.ui:ui-geometry-android:1.9.2) with IdentityTransform
2026-04-25T03:16:00.7872616Z Transforming ui-tooling-preview.aar (androidx.compose.ui:ui-tooling-preview-android:1.9.2) with JetifyTransform
2026-04-25T03:16:00.7875885Z Transforming ui-tooling-preview.aar (androidx.compose.ui:ui-tooling-preview-android:1.9.2) with AarToClassTransform
2026-04-25T03:16:00.7902650Z Transforming ui-tooling-preview.aar (androidx.compose.ui:ui-tooling-preview-android:1.9.2) with IdentityTransform
2026-04-25T03:16:00.7932411Z Transforming ui-util.aar (androidx.compose.ui:ui-util-android:1.9.2) with JetifyTransform
2026-04-25T03:16:00.7962624Z Transforming ui-util.aar (androidx.compose.ui:ui-util-android:1.9.2) with AarToClassTransform
2026-04-25T03:16:00.7972451Z Transforming ui-util.aar (androidx.compose.ui:ui-util-android:1.9.2) with IdentityTransform
2026-04-25T03:16:00.7992410Z Transforming ui-text.aar (androidx.compose.ui:ui-text-android:1.9.2) with JetifyTransform
2026-04-25T03:16:00.8022531Z Transforming ui-text.aar (androidx.compose.ui:ui-text-android:1.9.2) with AarToClassTransform
2026-04-25T03:16:00.8052379Z Transforming ui-text.aar (androidx.compose.ui:ui-text-android:1.9.2) with IdentityTransform
2026-04-25T03:16:00.8062543Z Transforming ui-graphics-release.aar (androidx.compose.ui:ui-graphics-android:1.9.2) with JetifyTransform
2026-04-25T03:16:00.8082373Z Transforming ui-graphics-release.aar (androidx.compose.ui:ui-graphics-android:1.9.2) with AarToClassTransform
2026-04-25T03:16:00.8112554Z Transforming ui-graphics-release.aar (androidx.compose.ui:ui-graphics-android:1.9.2) with IdentityTransform
2026-04-25T03:16:00.8132629Z Transforming ui-tooling.aar (androidx.compose.ui:ui-tooling-android:1.9.2) with JetifyTransform
2026-04-25T03:16:00.8152624Z Transforming ui-tooling.aar (androidx.compose.ui:ui-tooling-android:1.9.2) with AarToClassTransform
2026-04-25T03:16:00.8172516Z Transforming ui-tooling.aar (androidx.compose.ui:ui-tooling-android:1.9.2) with IdentityTransform
2026-04-25T03:16:00.8202463Z Transforming material-release.aar (androidx.compose.material:material-android:1.6.8) with JetifyTransform
2026-04-25T03:16:00.8217717Z Transforming material-release.aar (androidx.compose.material:material-android:1.6.8) with AarToClassTransform
2026-04-25T03:16:00.8232636Z Transforming material-release.aar (androidx.compose.material:material-android:1.6.8) with IdentityTransform
2026-04-25T03:16:00.8262650Z Transforming material-ripple-release.aar (androidx.compose.material:material-ripple-android:1.6.8) with JetifyTransform
2026-04-25T03:16:00.8292564Z Transforming material-ripple-release.aar (androidx.compose.material:material-ripple-android:1.6.8) with AarToClassTransform
2026-04-25T03:16:00.8294067Z Transforming material-ripple-release.aar (androidx.compose.material:material-ripple-android:1.6.8) with IdentityTransform
2026-04-25T03:16:00.8322696Z Transforming material-icons-core-release.aar (androidx.compose.material:material-icons-core-android:1.6.8) with JetifyTransform
2026-04-25T03:16:00.8324237Z Transforming material-icons-core-release.aar (androidx.compose.material:material-icons-core-android:1.6.8) with AarToClassTransform
2026-04-25T03:16:00.8325756Z Transforming material-icons-core-release.aar (androidx.compose.material:material-icons-core-android:1.6.8) with IdentityTransform
2026-04-25T03:16:00.8326946Z Transforming ui-release.aar (androidx.compose.ui:ui-android:1.9.2) with JetifyTransform
2026-04-25T03:16:00.8327896Z Transforming ui-release.aar (androidx.compose.ui:ui-android:1.9.2) with AarToClassTransform
2026-04-25T03:16:00.8328831Z Transforming ui-release.aar (androidx.compose.ui:ui-android:1.9.2) with IdentityTransform
2026-04-25T03:16:00.8329831Z Transforming ui-test-manifest-1.9.2.aar (androidx.compose.ui:ui-test-manifest:1.9.2) with JetifyTransform
2026-04-25T03:16:00.8330956Z Transforming ui-test-manifest-1.9.2.aar (androidx.compose.ui:ui-test-manifest:1.9.2) with AarToClassTransform
2026-04-25T03:16:00.8332273Z Transforming ui-test-manifest-1.9.2.aar (androidx.compose.ui:ui-test-manifest:1.9.2) with IdentityTransform
2026-04-25T03:16:00.8333313Z Transforming activity-ktx-1.13.0.aar (androidx.activity:activity-ktx:1.13.0) with JetifyTransform
2026-04-25T03:16:00.8334309Z Transforming activity-ktx-1.13.0.aar (androidx.activity:activity-ktx:1.13.0) with AarToClassTransform
2026-04-25T03:16:00.8335331Z Transforming activity-ktx-1.13.0.aar (androidx.activity:activity-ktx:1.13.0) with IdentityTransform
2026-04-25T03:16:00.8336401Z Transforming activity-1.13.0.aar (androidx.activity:activity:1.13.0) with JetifyTransform
2026-04-25T03:16:00.8337351Z Transforming activity-1.13.0.aar (androidx.activity:activity:1.13.0) with AarToClassTransform
2026-04-25T03:16:00.8338293Z Transforming activity-1.13.0.aar (androidx.activity:activity:1.13.0) with IdentityTransform
2026-04-25T03:16:00.8339290Z Transforming activity-compose-1.13.0.aar (androidx.activity:activity-compose:1.13.0) with JetifyTransform
2026-04-25T03:16:00.8340393Z Transforming activity-compose-1.13.0.aar (androidx.activity:activity-compose:1.13.0) with AarToClassTransform
2026-04-25T03:16:00.8341512Z Transforming activity-compose-1.13.0.aar (androidx.activity:activity-compose:1.13.0) with IdentityTransform
2026-04-25T03:16:00.8342760Z Transforming autofill-1.0.0.aar (androidx.autofill:autofill:1.0.0) with JetifyTransform
2026-04-25T03:16:00.8343647Z Transforming autofill-1.0.0.aar (androidx.autofill:autofill:1.0.0) with AarToClassTransform
2026-04-25T03:16:00.8344996Z Transforming autofill-1.0.0.aar (androidx.autofill:autofill:1.0.0) with IdentityTransform
2026-04-25T03:16:00.8346047Z Transforming graphics-path-1.0.1.aar (androidx.graphics:graphics-path:1.0.1) with JetifyTransform
2026-04-25T03:16:00.8347246Z Transforming graphics-path-1.0.1.aar (androidx.graphics:graphics-path:1.0.1) with AarToClassTransform
2026-04-25T03:16:00.8348270Z Transforming graphics-path-1.0.1.aar (androidx.graphics:graphics-path:1.0.1) with IdentityTransform
2026-04-25T03:16:00.8349170Z Transforming emoji2-1.4.0.aar (androidx.emoji2:emoji2:1.4.0) with JetifyTransform
2026-04-25T03:16:00.8349973Z Transforming emoji2-1.4.0.aar (androidx.emoji2:emoji2:1.4.0) with AarToClassTransform
2026-04-25T03:16:00.8350813Z Transforming emoji2-1.4.0.aar (androidx.emoji2:emoji2:1.4.0) with IdentityTransform
2026-04-25T03:16:00.8379320Z Transforming core-1.18.0.aar (androidx.core:core:1.18.0) with JetifyTransform
2026-04-25T03:16:00.8380262Z Transforming core-1.18.0.aar (androidx.core:core:1.18.0) with AarToClassTransform
2026-04-25T03:16:00.8381091Z Transforming core-1.18.0.aar (androidx.core:core:1.18.0) with IdentityTransform
2026-04-25T03:16:00.8382068Z Transforming core-1.18.0.aar (androidx.core:core:1.18.0) with JetifyTransform
2026-04-25T03:16:00.8382873Z Transforming core-1.18.0.aar (androidx.core:core:1.18.0) with AarToClassTransform
2026-04-25T03:16:00.8383673Z Transforming core-1.18.0.aar (androidx.core:core:1.18.0) with IdentityTransform
2026-04-25T03:16:00.8384650Z Transforming lifecycle-process-2.9.4.aar (androidx.lifecycle:lifecycle-process:2.9.4) with JetifyTransform
2026-04-25T03:16:00.8385833Z Transforming lifecycle-process-2.9.4.aar (androidx.lifecycle:lifecycle-process:2.9.4) with AarToClassTransform
2026-04-25T03:16:00.8387015Z Transforming lifecycle-process-2.9.4.aar (androidx.lifecycle:lifecycle-process:2.9.4) with IdentityTransform
2026-04-25T03:16:00.8388612Z Caching disabled for IdentityTransform: /home/runner/.gradle/caches/8.11.1/transforms/e7d8f488d42542db66a20fc5bb1448ba/transformed/jetified-navigationevent-runtime.jar because:
2026-04-25T03:16:00.8389803Z   Caching not enabled.
2026-04-25T03:16:00.8390984Z Caching disabled for IdentityTransform: /home/runner/.gradle/caches/8.11.1/transforms/1221570b795cfe2ef8dac742c5eafbee/transformed/jetified-navigationevent-compose-runtime.jar because:
2026-04-25T03:16:00.8392392Z   Caching not enabled.
2026-04-25T03:16:00.8393188Z Transforming lifecycle-viewmodel-ktx-2.9.4.aar (androidx.lifecycle:lifecycle-viewmodel-ktx:2.9.4) with JetifyTransform
2026-04-25T03:16:00.8394487Z Transforming lifecycle-viewmodel-ktx-2.9.4.aar (androidx.lifecycle:lifecycle-viewmodel-ktx:2.9.4) with AarToClassTransform
2026-04-25T03:16:00.8395766Z Transforming lifecycle-viewmodel-ktx-2.9.4.aar (androidx.lifecycle:lifecycle-viewmodel-ktx:2.9.4) with IdentityTransform
2026-04-25T03:16:00.8396943Z Transforming lifecycle-livedata-core-2.9.4.aar (androidx.lifecycle:lifecycle-livedata-core:2.9.4) with JetifyTransform
2026-04-25T03:16:00.8398261Z Transforming lifecycle-livedata-core-2.9.4.aar (androidx.lifecycle:lifecycle-livedata-core:2.9.4) with AarToClassTransform
2026-04-25T03:16:00.8399582Z Transforming lifecycle-livedata-core-2.9.4.aar (androidx.lifecycle:lifecycle-livedata-core:2.9.4) with IdentityTransform
2026-04-25T03:16:00.8400960Z Transforming lifecycle-runtime-ktx.aar (androidx.lifecycle:lifecycle-runtime-ktx-android:2.9.4) with JetifyTransform
2026-04-25T03:16:00.8432806Z Transforming lifecycle-runtime-ktx.aar (androidx.lifecycle:lifecycle-runtime-ktx-android:2.9.4) with AarToClassTransform
2026-04-25T03:16:00.8434218Z Transforming lifecycle-runtime-ktx.aar (androidx.lifecycle:lifecycle-runtime-ktx-android:2.9.4) with IdentityTransform
2026-04-25T03:16:00.8435524Z Transforming lifecycle-common-java8-2.9.4.jar (androidx.lifecycle:lifecycle-common-java8:2.9.4) with JetifyTransform
2026-04-25T03:16:00.8436794Z Transforming lifecycle-common-java8-2.9.4.jar (androidx.lifecycle:lifecycle-common-java8:2.9.4) with IdentityTransform
2026-04-25T03:16:00.8438069Z Transforming lifecycle-common-java8-2.9.4.jar (androidx.lifecycle:lifecycle-common-java8:2.9.4) with IdentityTransform
2026-04-25T03:16:00.8439847Z Transforming lifecycle-common-java8-2.9.4.jar (androidx.lifecycle:lifecycle-common-java8:2.9.4) with DexingNoClasspathTransform
2026-04-25T03:16:00.8441469Z Transforming lifecycle-viewmodel-release.aar (androidx.lifecycle:lifecycle-viewmodel-android:2.9.4) with JetifyTransform
2026-04-25T03:16:00.8443087Z Transforming lifecycle-viewmodel-release.aar (androidx.lifecycle:lifecycle-viewmodel-android:2.9.4) with AarToClassTransform
2026-04-25T03:16:00.8444476Z Transforming lifecycle-viewmodel-release.aar (androidx.lifecycle:lifecycle-viewmodel-android:2.9.4) with IdentityTransform
2026-04-25T03:16:00.8445798Z Transforming runtime-annotation.aar (androidx.compose.runtime:runtime-annotation-android:1.9.2) with JetifyTransform
2026-04-25T03:16:00.8447097Z Transforming runtime-annotation.aar (androidx.compose.runtime:runtime-annotation-android:1.9.2) with AarToClassTransform
2026-04-25T03:16:00.8448411Z Transforming runtime-annotation.aar (androidx.compose.runtime:runtime-annotation-android:1.9.2) with IdentityTransform
2026-04-25T03:16:00.8449613Z Transforming savedstate-release.aar (androidx.savedstate:savedstate-android:1.3.3) with JetifyTransform
2026-04-25T03:16:00.8450745Z Transforming savedstate-release.aar (androidx.savedstate:savedstate-android:1.3.3) with AarToClassTransform
2026-04-25T03:16:00.8452131Z Transforming savedstate-release.aar (androidx.savedstate:savedstate-android:1.3.3) with IdentityTransform
2026-04-25T03:16:00.8453214Z Transforming savedstate-ktx-1.3.3.aar (androidx.savedstate:savedstate-ktx:1.3.3) with JetifyTransform
2026-04-25T03:16:00.8481191Z Transforming savedstate-ktx-1.3.3.aar (androidx.savedstate:savedstate-ktx:1.3.3) with AarToClassTransform
2026-04-25T03:16:00.8482510Z Transforming savedstate-ktx-1.3.3.aar (androidx.savedstate:savedstate-ktx:1.3.3) with IdentityTransform
2026-04-25T03:16:00.8483737Z Transforming savedstate-compose.aar (androidx.savedstate:savedstate-compose-android:1.3.3) with JetifyTransform
2026-04-25T03:16:00.8485059Z Transforming savedstate-compose.aar (androidx.savedstate:savedstate-compose-android:1.3.3) with AarToClassTransform
2026-04-25T03:16:00.8486362Z Transforming savedstate-compose.aar (androidx.savedstate:savedstate-compose-android:1.3.3) with IdentityTransform
2026-04-25T03:16:00.8487520Z Transforming runtime.aar (androidx.compose.runtime:runtime-android:1.9.2) with JetifyTransform
2026-04-25T03:16:00.8488540Z Transforming runtime.aar (androidx.compose.runtime:runtime-android:1.9.2) with AarToClassTransform
2026-04-25T03:16:00.8489597Z Transforming runtime.aar (androidx.compose.runtime:runtime-android:1.9.2) with IdentityTransform
2026-04-25T03:16:00.8490744Z Transforming runtime-saveable.aar (androidx.compose.runtime:runtime-saveable-android:1.9.2) with JetifyTransform
2026-04-25T03:16:00.8492212Z Transforming runtime-saveable.aar (androidx.compose.runtime:runtime-saveable-android:1.9.2) with AarToClassTransform
2026-04-25T03:16:00.8493522Z Transforming runtime-saveable.aar (androidx.compose.runtime:runtime-saveable-android:1.9.2) with IdentityTransform
2026-04-25T03:16:00.8494919Z Transforming lifecycle-runtime-compose-release.aar (androidx.lifecycle:lifecycle-runtime-compose-android:2.9.4) with JetifyTransform
2026-04-25T03:16:00.8496475Z Transforming lifecycle-runtime-compose-release.aar (androidx.lifecycle:lifecycle-runtime-compose-android:2.9.4) with AarToClassTransform
2026-04-25T03:16:00.8498026Z Transforming lifecycle-runtime-compose-release.aar (androidx.lifecycle:lifecycle-runtime-compose-android:2.9.4) with IdentityTransform
2026-04-25T03:16:00.8499419Z Transforming lifecycle-runtime-release.aar (androidx.lifecycle:lifecycle-runtime-android:2.9.4) with JetifyTransform
2026-04-25T03:16:00.8500805Z Transforming lifecycle-runtime-release.aar (androidx.lifecycle:lifecycle-runtime-android:2.9.4) with AarToClassTransform
2026-04-25T03:16:00.8532485Z Transforming lifecycle-runtime-release.aar (androidx.lifecycle:lifecycle-runtime-android:2.9.4) with IdentityTransform
2026-04-25T03:16:00.8534118Z Transforming lifecycle-common-jvm-2.9.4.jar (androidx.lifecycle:lifecycle-common-jvm:2.9.4) with JetifyTransform
2026-04-25T03:16:00.8535647Z Transforming lifecycle-common-jvm-2.9.4.jar (androidx.lifecycle:lifecycle-common-jvm:2.9.4) with IdentityTransform
2026-04-25T03:16:00.8536902Z Transforming lifecycle-common-jvm-2.9.4.jar (androidx.lifecycle:lifecycle-common-jvm:2.9.4) with IdentityTransform
2026-04-25T03:16:00.8538147Z Transforming lifecycle-common-jvm-2.9.4.jar (androidx.lifecycle:lifecycle-common-jvm:2.9.4) with DexingNoClasspathTransform
2026-04-25T03:16:00.8539673Z Transforming lifecycle-viewmodel-savedstate-release.aar (androidx.lifecycle:lifecycle-viewmodel-savedstate-android:2.9.4) with JetifyTransform
2026-04-25T03:16:00.8541384Z Transforming lifecycle-viewmodel-savedstate-release.aar (androidx.lifecycle:lifecycle-viewmodel-savedstate-android:2.9.4) with AarToClassTransform
2026-04-25T03:16:00.8543323Z Transforming lifecycle-viewmodel-savedstate-release.aar (androidx.lifecycle:lifecycle-viewmodel-savedstate-android:2.9.4) with IdentityTransform
2026-04-25T03:16:00.8544885Z Transforming customview-poolingcontainer-1.0.0.aar (androidx.customview:customview-poolingcontainer:1.0.0) with JetifyTransform
2026-04-25T03:16:00.8546377Z Transforming customview-poolingcontainer-1.0.0.aar (androidx.customview:customview-poolingcontainer:1.0.0) with AarToClassTransform
2026-04-25T03:16:00.8547867Z Transforming customview-poolingcontainer-1.0.0.aar (androidx.customview:customview-poolingcontainer:1.0.0) with IdentityTransform
2026-04-25T03:16:00.8549018Z Transforming core-ktx-1.18.0.aar (androidx.core:core-ktx:1.18.0) with JetifyTransform
2026-04-25T03:16:00.8549902Z Transforming core-ktx-1.18.0.aar (androidx.core:core-ktx:1.18.0) with AarToClassTransform
2026-04-25T03:16:00.8550782Z Transforming core-ktx-1.18.0.aar (androidx.core:core-ktx:1.18.0) with IdentityTransform
2026-04-25T03:16:00.8552051Z Transforming room3-common-jvm-3.0.0-alpha03.jar (androidx.room3:room3-common-jvm:3.0.0-alpha03) with JetifyTransform
2026-04-25T03:16:00.8553319Z Transforming room3-common-jvm-3.0.0-alpha03.jar (androidx.room3:room3-common-jvm:3.0.0-alpha03) with IdentityTransform
2026-04-25T03:16:00.8555864Z Transforming room3-common-jvm-3.0.0-alpha03.jar (androidx.room3:room3-common-jvm:3.0.0-alpha03) with IdentityTransform
2026-04-25T03:16:00.8557221Z Transforming room3-common-jvm-3.0.0-alpha03.jar (androidx.room3:room3-common-jvm:3.0.0-alpha03) with DexingNoClasspathTransform
2026-04-25T03:16:00.8558425Z Transforming room3-runtime.aar (androidx.room3:room3-runtime-android:3.0.0-alpha03) with JetifyTransform
2026-04-25T03:16:00.8559536Z Transforming room3-runtime.aar (androidx.room3:room3-runtime-android:3.0.0-alpha03) with AarToClassTransform
2026-04-25T03:16:00.8560677Z Transforming room3-runtime.aar (androidx.room3:room3-runtime-android:3.0.0-alpha03) with IdentityTransform
2026-04-25T03:16:00.8561922Z Transforming core-viewtree-1.0.0.aar (androidx.core:core-viewtree:1.0.0) with JetifyTransform
2026-04-25T03:16:00.8562931Z Transforming core-viewtree-1.0.0.aar (androidx.core:core-viewtree:1.0.0) with AarToClassTransform
2026-04-25T03:16:00.8563907Z Transforming core-viewtree-1.0.0.aar (androidx.core:core-viewtree:1.0.0) with IdentityTransform
2026-04-25T03:16:00.8565119Z Transforming kotlinx-coroutines-android-1.9.0.jar (org.jetbrains.kotlinx:kotlinx-coroutines-android:1.9.0) with JetifyTransform
2026-04-25T03:16:00.8566515Z Transforming kotlinx-coroutines-android-1.9.0.jar (org.jetbrains.kotlinx:kotlinx-coroutines-android:1.9.0) with IdentityTransform
2026-04-25T03:16:00.8567875Z Transforming kotlinx-coroutines-android-1.9.0.jar (org.jetbrains.kotlinx:kotlinx-coroutines-android:1.9.0) with IdentityTransform
2026-04-25T03:16:00.8569355Z Transforming kotlinx-coroutines-android-1.9.0.jar (org.jetbrains.kotlinx:kotlinx-coroutines-android:1.9.0) with DexingNoClasspathTransform
2026-04-25T03:16:00.8570839Z Transforming kotlinx-coroutines-core-jvm-1.9.0.jar (org.jetbrains.kotlinx:kotlinx-coroutines-core-jvm:1.9.0) with JetifyTransform
2026-04-25T03:16:00.8572794Z Transforming kotlinx-coroutines-core-jvm-1.9.0.jar (org.jetbrains.kotlinx:kotlinx-coroutines-core-jvm:1.9.0) with IdentityTransform
2026-04-25T03:16:00.8574485Z Transforming kotlinx-coroutines-core-jvm-1.9.0.jar (org.jetbrains.kotlinx:kotlinx-coroutines-core-jvm:1.9.0) with IdentityTransform
2026-04-25T03:16:00.8576001Z Transforming kotlinx-coroutines-core-jvm-1.9.0.jar (org.jetbrains.kotlinx:kotlinx-coroutines-core-jvm:1.9.0) with DexingNoClasspathTransform
2026-04-25T03:16:00.8577434Z Transforming annotation-experimental-1.5.0.aar (androidx.annotation:annotation-experimental:1.5.0) with JetifyTransform
2026-04-25T03:16:00.8578761Z Transforming annotation-experimental-1.5.0.aar (androidx.annotation:annotation-experimental:1.5.0) with AarToClassTransform
2026-04-25T03:16:00.8580092Z Transforming annotation-experimental-1.5.0.aar (androidx.annotation:annotation-experimental:1.5.0) with IdentityTransform
2026-04-25T03:16:00.8603091Z Transforming profileinstaller-1.4.0.aar (androidx.profileinstaller:profileinstaller:1.4.0) with JetifyTransform
2026-04-25T03:16:00.8604390Z Transforming profileinstaller-1.4.0.aar (androidx.profileinstaller:profileinstaller:1.4.0) with AarToClassTransform
2026-04-25T03:16:00.8605652Z Transforming profileinstaller-1.4.0.aar (androidx.profileinstaller:profileinstaller:1.4.0) with IdentityTransform
2026-04-25T03:16:00.8606825Z Transforming startup-runtime-1.1.1.aar (androidx.startup:startup-runtime:1.1.1) with JetifyTransform
2026-04-25T03:16:00.8607902Z Transforming startup-runtime-1.1.1.aar (androidx.startup:startup-runtime:1.1.1) with AarToClassTransform
2026-04-25T03:16:00.8608996Z Transforming startup-runtime-1.1.1.aar (androidx.startup:startup-runtime:1.1.1) with IdentityTransform
2026-04-25T03:16:00.8609981Z Transforming tracing-1.2.0.aar (androidx.tracing:tracing:1.2.0) with JetifyTransform
2026-04-25T03:16:00.8610872Z Transforming tracing-1.2.0.aar (androidx.tracing:tracing:1.2.0) with AarToClassTransform
2026-04-25T03:16:00.8611978Z Transforming tracing-1.2.0.aar (androidx.tracing:tracing:1.2.0) with IdentityTransform
2026-04-25T03:16:00.8612944Z Transforming interpolator-1.0.0.aar (androidx.interpolator:interpolator:1.0.0) with JetifyTransform
2026-04-25T03:16:00.8614051Z Transforming interpolator-1.0.0.aar (androidx.interpolator:interpolator:1.0.0) with AarToClassTransform
2026-04-25T03:16:00.8615095Z Transforming interpolator-1.0.0.aar (androidx.interpolator:interpolator:1.0.0) with IdentityTransform
2026-04-25T03:16:00.8616294Z Transforming versionedparcelable-1.1.1.aar (androidx.versionedparcelable:versionedparcelable:1.1.1) with JetifyTransform
2026-04-25T03:16:00.8617693Z Transforming versionedparcelable-1.1.1.aar (androidx.versionedparcelable:versionedparcelable:1.1.1) with AarToClassTransform
2026-04-25T03:16:00.8619079Z Transforming versionedparcelable-1.1.1.aar (androidx.versionedparcelable:versionedparcelable:1.1.1) with IdentityTransform
2026-04-25T03:16:00.8620415Z Transforming concurrent-futures-1.1.0.jar (androidx.concurrent:concurrent-futures:1.1.0) with JetifyTransform
2026-04-25T03:16:00.8621855Z Transforming concurrent-futures-1.1.0.jar (androidx.concurrent:concurrent-futures:1.1.0) with IdentityTransform
2026-04-25T03:16:00.8623027Z Transforming concurrent-futures-1.1.0.jar (androidx.concurrent:concurrent-futures:1.1.0) with IdentityTransform
2026-04-25T03:16:00.8624292Z Transforming concurrent-futures-1.1.0.jar (androidx.concurrent:concurrent-futures:1.1.0) with DexingNoClasspathTransform
2026-04-25T03:16:00.8625434Z Transforming core-runtime-2.2.0.aar (androidx.arch.core:core-runtime:2.2.0) with JetifyTransform
2026-04-25T03:16:00.8626449Z Transforming core-runtime-2.2.0.aar (androidx.arch.core:core-runtime:2.2.0) with AarToClassTransform
2026-04-25T03:16:00.8627427Z Transforming core-runtime-2.2.0.aar (androidx.arch.core:core-runtime:2.2.0) with IdentityTransform
2026-04-25T03:16:00.8628388Z Transforming core-common-2.2.0.jar (androidx.arch.core:core-common:2.2.0) with JetifyTransform
2026-04-25T03:16:00.8629627Z Transforming core-common-2.2.0.jar (androidx.arch.core:core-common:2.2.0) with IdentityTransform
2026-04-25T03:16:00.8630576Z Transforming core-common-2.2.0.jar (androidx.arch.core:core-common:2.2.0) with IdentityTransform
2026-04-25T03:16:00.8682262Z Transforming core-common-2.2.0.jar (androidx.arch.core:core-common:2.2.0) with DexingNoClasspathTransform
2026-04-25T03:16:00.8683498Z Transforming collection-ktx-1.5.0.jar (androidx.collection:collection-ktx:1.5.0) with JetifyTransform
2026-04-25T03:16:00.8684587Z Transforming collection-ktx-1.5.0.jar (androidx.collection:collection-ktx:1.5.0) with IdentityTransform
2026-04-25T03:16:00.8685671Z Transforming collection-ktx-1.5.0.jar (androidx.collection:collection-ktx:1.5.0) with IdentityTransform
2026-04-25T03:16:00.8686805Z Transforming collection-ktx-1.5.0.jar (androidx.collection:collection-ktx:1.5.0) with DexingNoClasspathTransform
2026-04-25T03:16:00.8687927Z Transforming collection-jvm-1.5.0.jar (androidx.collection:collection-jvm:1.5.0) with JetifyTransform
2026-04-25T03:16:00.8689002Z Transforming collection-jvm-1.5.0.jar (androidx.collection:collection-jvm:1.5.0) with IdentityTransform
2026-04-25T03:16:00.8690063Z Transforming collection-jvm-1.5.0.jar (androidx.collection:collection-jvm:1.5.0) with IdentityTransform
2026-04-25T03:16:00.8691152Z Transforming collection-jvm-1.5.0.jar (androidx.collection:collection-jvm:1.5.0) with DexingNoClasspathTransform
2026-04-25T03:16:00.8692343Z Transforming sqlite-framework.aar (androidx.sqlite:sqlite-framework-android:2.7.0-alpha03) with JetifyTransform
2026-04-25T03:16:00.8693406Z Transforming sqlite-framework.aar (androidx.sqlite:sqlite-framework-android:2.7.0-alpha03) with AarToClassTransform
2026-04-25T03:16:00.8694527Z Transforming sqlite-framework.aar (androidx.sqlite:sqlite-framework-android:2.7.0-alpha03) with IdentityTransform
2026-04-25T03:16:00.8695577Z Transforming sqlite-async.aar (androidx.sqlite:sqlite-async-android:2.7.0-alpha03) with JetifyTransform
2026-04-25T03:16:00.8696608Z Transforming sqlite-async.aar (androidx.sqlite:sqlite-async-android:2.7.0-alpha03) with AarToClassTransform
2026-04-25T03:16:00.8697637Z Transforming sqlite-async.aar (androidx.sqlite:sqlite-async-android:2.7.0-alpha03) with IdentityTransform
2026-04-25T03:16:00.8698564Z Transforming sqlite.aar (androidx.sqlite:sqlite-android:2.7.0-alpha03) with JetifyTransform
2026-04-25T03:16:00.8699443Z Transforming sqlite.aar (androidx.sqlite:sqlite-android:2.7.0-alpha03) with AarToClassTransform
2026-04-25T03:16:00.8700397Z Transforming sqlite.aar (androidx.sqlite:sqlite-android:2.7.0-alpha03) with IdentityTransform
2026-04-25T03:16:00.8701317Z Transforming annotation-jvm-1.9.1.jar (androidx.annotation:annotation-jvm:1.9.1) with JetifyTransform
2026-04-25T03:16:00.8702432Z Transforming annotation-jvm-1.9.1.jar (androidx.annotation:annotation-jvm:1.9.1) with IdentityTransform
2026-04-25T03:16:00.8703386Z Transforming annotation-jvm-1.9.1.jar (androidx.annotation:annotation-jvm:1.9.1) with IdentityTransform
2026-04-25T03:16:00.8704424Z Transforming annotation-jvm-1.9.1.jar (androidx.annotation:annotation-jvm:1.9.1) with DexingNoClasspathTransform
2026-04-25T03:16:00.8705660Z Transforming kotlinx-serialization-core-jvm-1.7.3.jar (org.jetbrains.kotlinx:kotlinx-serialization-core-jvm:1.7.3) with JetifyTransform
2026-04-25T03:16:00.8707050Z Transforming kotlinx-serialization-core-jvm-1.7.3.jar (org.jetbrains.kotlinx:kotlinx-serialization-core-jvm:1.7.3) with IdentityTransform
2026-04-25T03:16:00.8708453Z Transforming navigationevent-compose.aar (androidx.navigationevent:navigationevent-compose-android:1.0.0) with DexingNoClasspathTransform
2026-04-25T03:16:00.8710361Z Build cache key for DexingNoClasspathTransform: /home/runner/.gradle/caches/8.11.1/transforms/1221570b795cfe2ef8dac742c5eafbee/transformed/jetified-navigationevent-compose-runtime.jar is b2a9e3617d0622c808cea9fa98649676
2026-04-25T03:16:00.8742770Z Transforming kotlinx-serialization-core-jvm-1.7.3.jar (org.jetbrains.kotlinx:kotlinx-serialization-core-jvm:1.7.3) with IdentityTransform
2026-04-25T03:16:00.8744629Z Transforming kotlinx-serialization-core-jvm-1.7.3.jar (org.jetbrains.kotlinx:kotlinx-serialization-core-jvm:1.7.3) with DexingNoClasspathTransform
2026-04-25T03:16:00.8746046Z Transforming kotlin-stdlib-2.1.20.jar (org.jetbrains.kotlin:kotlin-stdlib:2.1.20) with JetifyTransform
2026-04-25T03:16:00.8747037Z Transforming kotlin-stdlib-2.1.20.jar (org.jetbrains.kotlin:kotlin-stdlib:2.1.20) with IdentityTransform
2026-04-25T03:16:00.8747968Z Transforming kotlin-stdlib-2.1.20.jar (org.jetbrains.kotlin:kotlin-stdlib:2.1.20) with IdentityTransform
2026-04-25T03:16:00.8748990Z Transforming kotlin-stdlib-2.1.20.jar (org.jetbrains.kotlin:kotlin-stdlib:2.1.20) with DexingNoClasspathTransform
2026-04-25T03:16:00.8749960Z Transforming annotations-23.0.0.jar (org.jetbrains:annotations:23.0.0) with JetifyTransform
2026-04-25T03:16:00.8750792Z Transforming annotations-23.0.0.jar (org.jetbrains:annotations:23.0.0) with IdentityTransform
2026-04-25T03:16:00.8751791Z Transforming annotations-23.0.0.jar (org.jetbrains:annotations:23.0.0) with IdentityTransform
2026-04-25T03:16:00.8752687Z Transforming annotations-23.0.0.jar (org.jetbrains:annotations:23.0.0) with DexingNoClasspathTransform
2026-04-25T03:16:00.8753556Z Transforming jspecify-1.0.0.jar (org.jspecify:jspecify:1.0.0) with JetifyTransform
2026-04-25T03:16:00.8754337Z Transforming jspecify-1.0.0.jar (org.jspecify:jspecify:1.0.0) with IdentityTransform
2026-04-25T03:16:00.8755083Z Transforming jspecify-1.0.0.jar (org.jspecify:jspecify:1.0.0) with IdentityTransform
2026-04-25T03:16:00.8756216Z Transforming jspecify-1.0.0.jar (org.jspecify:jspecify:1.0.0) with DexingNoClasspathTransform
2026-04-25T03:16:00.8757139Z Transforming listenablefuture-1.0.jar (com.google.guava:listenablefuture:1.0) with JetifyTransform
2026-04-25T03:16:00.8758071Z Transforming listenablefuture-1.0.jar (com.google.guava:listenablefuture:1.0) with IdentityTransform
2026-04-25T03:16:00.8758994Z Transforming listenablefuture-1.0.jar (com.google.guava:listenablefuture:1.0) with IdentityTransform
2026-04-25T03:16:00.8760014Z Transforming listenablefuture-1.0.jar (com.google.guava:listenablefuture:1.0) with DexingNoClasspathTransform
2026-04-25T03:16:00.8761184Z Transforming navigationevent.aar (androidx.navigationevent:navigationevent-android:1.0.0) with DexingNoClasspathTransform
2026-04-25T03:16:00.8762856Z Caching disabled for IdentityTransform: /home/runner/.gradle/caches/8.11.1/transforms/4b4494291fb4ead5f851815bd205d22d/transformed/jetified-ui-tooling-data-runtime.jar because:
2026-04-25T03:16:00.8763932Z   Caching not enabled.
2026-04-25T03:16:00.8765134Z Build cache key for DexingNoClasspathTransform: /home/runner/.gradle/caches/8.11.1/transforms/e7d8f488d42542db66a20fc5bb1448ba/transformed/jetified-navigationevent-runtime.jar is 595a79040209accea22004dd522a000c
2026-04-25T03:16:00.8766770Z Transforming ui-tooling-data.aar (androidx.compose.ui:ui-tooling-data-android:1.9.2) with DexingNoClasspathTransform
2026-04-25T03:16:00.8768448Z Build cache key for DexingNoClasspathTransform: /home/runner/.gradle/caches/8.11.1/transforms/4b4494291fb4ead5f851815bd205d22d/transformed/jetified-ui-tooling-data-runtime.jar is ee587e0be3327241da162916091caa19
2026-04-25T03:16:00.8770403Z Running dexing transform non-incrementally for '/home/runner/.gradle/caches/8.11.1/transforms/e7d8f488d42542db66a20fc5bb1448ba/transformed/jetified-navigationevent-runtime.jar'
2026-04-25T03:16:00.8782778Z Running dexing transform non-incrementally for '/home/runner/.gradle/caches/8.11.1/transforms/4b4494291fb4ead5f851815bd205d22d/transformed/jetified-ui-tooling-data-runtime.jar'
2026-04-25T03:16:00.8784914Z Running dexing transform non-incrementally for '/home/runner/.gradle/caches/8.11.1/transforms/1221570b795cfe2ef8dac742c5eafbee/transformed/jetified-navigationevent-compose-runtime.jar'
2026-04-25T03:16:00.8787335Z Stored cache entry for DexingNoClasspathTransform: /home/runner/.gradle/caches/8.11.1/transforms/4b4494291fb4ead5f851815bd205d22d/transformed/jetified-ui-tooling-data-runtime.jar with cache key ee587e0be3327241da162916091caa19
2026-04-25T03:16:00.8790531Z Stored cache entry for DexingNoClasspathTransform: /home/runner/.gradle/caches/8.11.1/transforms/1221570b795cfe2ef8dac742c5eafbee/transformed/jetified-navigationevent-compose-runtime.jar with cache key b2a9e3617d0622c808cea9fa98649676
2026-04-25T03:16:00.8793403Z Stored cache entry for DexingNoClasspathTransform: /home/runner/.gradle/caches/8.11.1/transforms/e7d8f488d42542db66a20fc5bb1448ba/transformed/jetified-navigationevent-runtime.jar with cache key 595a79040209accea22004dd522a000c
2026-04-25T03:16:00.8795539Z Transforming navigationevent-compose.aar (androidx.navigationevent:navigationevent-compose-android:1.0.0) with DexingOutputSplitTransform
2026-04-25T03:16:00.8797482Z Caching disabled for DexingOutputSplitTransform: /home/runner/.gradle/caches/8.11.1/transforms/da74bb2471d4a7a00809cef91af7701b/transformed/jetified-navigationevent-compose-runtime because:
2026-04-25T03:16:00.8798793Z   Caching not enabled.
2026-04-25T03:16:00.8799614Z Transforming navigationevent.aar (androidx.navigationevent:navigationevent-android:1.0.0) with DexingOutputSplitTransform
2026-04-25T03:16:00.8801416Z Caching disabled for DexingOutputSplitTransform: /home/runner/.gradle/caches/8.11.1/transforms/bac354041f151ad12d3d56104576e6f6/transformed/jetified-navigationevent-runtime because:
2026-04-25T03:16:00.8802764Z   Caching not enabled.
2026-04-25T03:16:00.8803432Z Transforming ui-tooling-data.aar (androidx.compose.ui:ui-tooling-data-android:1.9.2) with DexingOutputSplitTransform
2026-04-25T03:16:00.8804924Z Caching disabled for DexingOutputSplitTransform: /home/runner/.gradle/caches/8.11.1/transforms/012b160a8b7672e886636ec04c4629f3/transformed/jetified-ui-tooling-data-runtime because:
2026-04-25T03:16:00.8806025Z   Caching not enabled.
2026-04-25T03:16:00.8807023Z Caching disabled for IdentityTransform: /home/runner/.gradle/caches/8.11.1/transforms/6c375430bd48a71d1b662904206b97f6/transformed/jetified-foundation-layout-runtime.jar because:
2026-04-25T03:16:00.8808062Z   Caching not enabled.
2026-04-25T03:16:00.8809084Z Caching disabled for IdentityTransform: /home/runner/.gradle/caches/8.11.1/transforms/0cdd137cdfe6c4e73c3e301a3142f46a/transformed/jetified-foundation-release-runtime.jar because:
2026-04-25T03:16:00.8810171Z   Caching not enabled.
2026-04-25T03:16:00.8811115Z Caching disabled for IdentityTransform: /home/runner/.gradle/caches/8.11.1/transforms/2686296ec80c02cafa818a951cfeba5f/transformed/jetified-animation-runtime.jar because:
2026-04-25T03:16:00.8857593Z   Caching not enabled.
2026-04-25T03:16:00.8858470Z Transforming foundation-release.aar (androidx.compose.foundation:foundation-android:1.9.2) with DexingNoClasspathTransform
2026-04-25T03:16:00.8860432Z Build cache key for DexingNoClasspathTransform: /home/runner/.gradle/caches/8.11.1/transforms/0cdd137cdfe6c4e73c3e301a3142f46a/transformed/jetified-foundation-release-runtime.jar is 2184bf70155d217e5661e79d3aae73a6
2026-04-25T03:16:00.8862801Z Running dexing transform non-incrementally for '/home/runner/.gradle/caches/8.11.1/transforms/0cdd137cdfe6c4e73c3e301a3142f46a/transformed/jetified-foundation-release-runtime.jar'
2026-04-25T03:16:00.8864453Z Transforming animation.aar (androidx.compose.animation:animation-android:1.9.2) with DexingNoClasspathTransform
2026-04-25T03:16:00.8866047Z Build cache key for DexingNoClasspathTransform: /home/runner/.gradle/caches/8.11.1/transforms/2686296ec80c02cafa818a951cfeba5f/transformed/jetified-animation-runtime.jar is b477c00e48b7560ae82b9d6a472c8471
2026-04-25T03:16:00.8867928Z Running dexing transform non-incrementally for '/home/runner/.gradle/caches/8.11.1/transforms/2686296ec80c02cafa818a951cfeba5f/transformed/jetified-animation-runtime.jar'
2026-04-25T03:16:00.8869503Z Transforming foundation-layout.aar (androidx.compose.foundation:foundation-layout-android:1.9.2) with DexingNoClasspathTransform
2026-04-25T03:16:00.8871321Z Build cache key for DexingNoClasspathTransform: /home/runner/.gradle/caches/8.11.1/transforms/6c375430bd48a71d1b662904206b97f6/transformed/jetified-foundation-layout-runtime.jar is 979b5dca1fac18e542fe80e811674874
2026-04-25T03:16:00.8873822Z Running dexing transform non-incrementally for '/home/runner/.gradle/caches/8.11.1/transforms/6c375430bd48a71d1b662904206b97f6/transformed/jetified-foundation-layout-runtime.jar'
2026-04-25T03:16:00.8875928Z Caching disabled for IdentityTransform: /home/runner/.gradle/caches/8.11.1/transforms/ec283a6939d5489f2fd4d019fc9a7361/transformed/jetified-material3-release-runtime.jar because:
2026-04-25T03:16:00.8877095Z   Caching not enabled.
2026-04-25T03:16:00.8877888Z Transforming material3-release.aar (androidx.compose.material3:material3-android:1.2.1) with DexingNoClasspathTransform
2026-04-25T03:16:00.8879794Z Build cache key for DexingNoClasspathTransform: /home/runner/.gradle/caches/8.11.1/transforms/ec283a6939d5489f2fd4d019fc9a7361/transformed/jetified-material3-release-runtime.jar is c2335735e931d08f9d8dc6eb26f2c4f7
2026-04-25T03:16:00.8912602Z Running dexing transform non-incrementally for '/home/runner/.gradle/caches/8.11.1/transforms/ec283a6939d5489f2fd4d019fc9a7361/transformed/jetified-material3-release-runtime.jar'
2026-04-25T03:16:00.8914975Z Stored cache entry for DexingNoClasspathTransform: /home/runner/.gradle/caches/8.11.1/transforms/2686296ec80c02cafa818a951cfeba5f/transformed/jetified-animation-runtime.jar with cache key b477c00e48b7560ae82b9d6a472c8471
2026-04-25T03:16:00.8916850Z Transforming animation.aar (androidx.compose.animation:animation-android:1.9.2) with DexingOutputSplitTransform
2026-04-25T03:16:00.8918547Z Caching disabled for DexingOutputSplitTransform: /home/runner/.gradle/caches/8.11.1/transforms/f7ded8d6d9870e6e9a180e71b93caa26/transformed/jetified-animation-runtime because:
2026-04-25T03:16:00.8919746Z   Caching not enabled.
2026-04-25T03:16:00.8920861Z Caching disabled for IdentityTransform: /home/runner/.gradle/caches/8.11.1/transforms/c50ce91939ecbd16882c3737f0dfd46d/transformed/jetified-animation-core-runtime.jar because:
2026-04-25T03:16:00.8922285Z   Caching not enabled.
2026-04-25T03:16:00.8923121Z Transforming animation-core.aar (androidx.compose.animation:animation-core-android:1.9.2) with DexingNoClasspathTransform
2026-04-25T03:16:00.8925057Z Build cache key for DexingNoClasspathTransform: /home/runner/.gradle/caches/8.11.1/transforms/c50ce91939ecbd16882c3737f0dfd46d/transformed/jetified-animation-core-runtime.jar is bacdc5bdb19d55b41d4986f3ac89e449
2026-04-25T03:16:00.8927304Z Running dexing transform non-incrementally for '/home/runner/.gradle/caches/8.11.1/transforms/c50ce91939ecbd16882c3737f0dfd46d/transformed/jetified-animation-core-runtime.jar'
2026-04-25T03:16:00.8929693Z Stored cache entry for DexingNoClasspathTransform: /home/runner/.gradle/caches/8.11.1/transforms/6c375430bd48a71d1b662904206b97f6/transformed/jetified-foundation-layout-runtime.jar with cache key 979b5dca1fac18e542fe80e811674874
2026-04-25T03:16:00.8931974Z Transforming foundation-layout.aar (androidx.compose.foundation:foundation-layout-android:1.9.2) with DexingOutputSplitTransform
2026-04-25T03:16:00.8933845Z Caching disabled for DexingOutputSplitTransform: /home/runner/.gradle/caches/8.11.1/transforms/5f50307f359ca52444c327d95ce1fae1/transformed/jetified-foundation-layout-runtime because:
2026-04-25T03:16:00.8935102Z   Caching not enabled.
2026-04-25T03:16:00.8936183Z Caching disabled for IdentityTransform: /home/runner/.gradle/caches/8.11.1/transforms/d8b218e4cdbe58d3f70ba42db465a03c/transformed/jetified-ui-unit-runtime.jar because:
2026-04-25T03:16:00.8937329Z   Caching not enabled.
2026-04-25T03:16:00.8937990Z Transforming ui-unit.aar (androidx.compose.ui:ui-unit-android:1.9.2) with DexingNoClasspathTransform
2026-04-25T03:16:00.8939739Z Build cache key for DexingNoClasspathTransform: /home/runner/.gradle/caches/8.11.1/transforms/d8b218e4cdbe58d3f70ba42db465a03c/transformed/jetified-ui-unit-runtime.jar is 01c15b18a282b1b3f7b7a11572d05cc8
2026-04-25T03:16:00.8957924Z Running dexing transform non-incrementally for '/home/runner/.gradle/caches/8.11.1/transforms/d8b218e4cdbe58d3f70ba42db465a03c/transformed/jetified-ui-unit-runtime.jar'
2026-04-25T03:16:00.8960578Z Stored cache entry for DexingNoClasspathTransform: /home/runner/.gradle/caches/8.11.1/transforms/d8b218e4cdbe58d3f70ba42db465a03c/transformed/jetified-ui-unit-runtime.jar with cache key 01c15b18a282b1b3f7b7a11572d05cc8
2026-04-25T03:16:00.8963154Z Transforming ui-unit.aar (androidx.compose.ui:ui-unit-android:1.9.2) with DexingOutputSplitTransform
2026-04-25T03:16:00.8964705Z Caching disabled for DexingOutputSplitTransform: /home/runner/.gradle/caches/8.11.1/transforms/124a7c956ab36b512d39f04dd8ee64bd/transformed/jetified-ui-unit-runtime because:
2026-04-25T03:16:00.8965893Z   Caching not enabled.
2026-04-25T03:16:00.8966983Z Caching disabled for IdentityTransform: /home/runner/.gradle/caches/8.11.1/transforms/15c659c241cedbf7f57c4ee91e5cd15a/transformed/jetified-ui-geometry-runtime.jar because:
2026-04-25T03:16:00.8968160Z   Caching not enabled.
2026-04-25T03:16:00.8968898Z Transforming ui-geometry.aar (androidx.compose.ui:ui-geometry-android:1.9.2) with DexingNoClasspathTransform
2026-04-25T03:16:00.8970712Z Build cache key for DexingNoClasspathTransform: /home/runner/.gradle/caches/8.11.1/transforms/15c659c241cedbf7f57c4ee91e5cd15a/transformed/jetified-ui-geometry-runtime.jar is 943d1dc316b2f896f96ba35125549400
2026-04-25T03:16:00.8973119Z Running dexing transform non-incrementally for '/home/runner/.gradle/caches/8.11.1/transforms/15c659c241cedbf7f57c4ee91e5cd15a/transformed/jetified-ui-geometry-runtime.jar'
2026-04-25T03:16:00.8975373Z Stored cache entry for DexingNoClasspathTransform: /home/runner/.gradle/caches/8.11.1/transforms/15c659c241cedbf7f57c4ee91e5cd15a/transformed/jetified-ui-geometry-runtime.jar with cache key 943d1dc316b2f896f96ba35125549400
2026-04-25T03:16:00.8977230Z Transforming ui-geometry.aar (androidx.compose.ui:ui-geometry-android:1.9.2) with DexingOutputSplitTransform
2026-04-25T03:16:00.8978836Z Caching disabled for DexingOutputSplitTransform: /home/runner/.gradle/caches/8.11.1/transforms/78f1f0c1b73ad51f5f83e19179969e3e/transformed/jetified-ui-geometry-runtime because:
2026-04-25T03:16:00.8980069Z   Caching not enabled.
2026-04-25T03:16:00.8981220Z Caching disabled for IdentityTransform: /home/runner/.gradle/caches/8.11.1/transforms/c749e5795c132aac751e4384c448a744/transformed/jetified-ui-tooling-preview-runtime.jar because:
2026-04-25T03:16:00.9013781Z   Caching not enabled.
2026-04-25T03:16:00.9014638Z Transforming ui-tooling-preview.aar (androidx.compose.ui:ui-tooling-preview-android:1.9.2) with DexingNoClasspathTransform
2026-04-25T03:16:00.9016642Z Build cache key for DexingNoClasspathTransform: /home/runner/.gradle/caches/8.11.1/transforms/c749e5795c132aac751e4384c448a744/transformed/jetified-ui-tooling-preview-runtime.jar is 700cc71ff9efbe8a0a711b4403fb97fd
2026-04-25T03:16:00.9018889Z Running dexing transform non-incrementally for '/home/runner/.gradle/caches/8.11.1/transforms/c749e5795c132aac751e4384c448a744/transformed/jetified-ui-tooling-preview-runtime.jar'
2026-04-25T03:16:00.9021224Z Stored cache entry for DexingNoClasspathTransform: /home/runner/.gradle/caches/8.11.1/transforms/c749e5795c132aac751e4384c448a744/transformed/jetified-ui-tooling-preview-runtime.jar with cache key 700cc71ff9efbe8a0a711b4403fb97fd
2026-04-25T03:16:00.9023312Z Transforming ui-tooling-preview.aar (androidx.compose.ui:ui-tooling-preview-android:1.9.2) with DexingOutputSplitTransform
2026-04-25T03:16:00.9025031Z Caching disabled for DexingOutputSplitTransform: /home/runner/.gradle/caches/8.11.1/transforms/856d294b8445c25de5d665137def60de/transformed/jetified-ui-tooling-preview-runtime because:
2026-04-25T03:16:00.9026279Z   Caching not enabled.
2026-04-25T03:16:00.9027347Z Caching disabled for IdentityTransform: /home/runner/.gradle/caches/8.11.1/transforms/24a5a4b1bc851ec56eac8c0ed8cb3e93/transformed/jetified-ui-util-runtime.jar because:
2026-04-25T03:16:00.9028460Z   Caching not enabled.
2026-04-25T03:16:00.9029099Z Transforming ui-util.aar (androidx.compose.ui:ui-util-android:1.9.2) with DexingNoClasspathTransform
2026-04-25T03:16:00.9031103Z Build cache key for DexingNoClasspathTransform: /home/runner/.gradle/caches/8.11.1/transforms/24a5a4b1bc851ec56eac8c0ed8cb3e93/transformed/jetified-ui-util-runtime.jar is 2cccc20dbcdd39f6043708c4c857847d
2026-04-25T03:16:00.9033734Z Running dexing transform non-incrementally for '/home/runner/.gradle/caches/8.11.1/transforms/24a5a4b1bc851ec56eac8c0ed8cb3e93/transformed/jetified-ui-util-runtime.jar'
2026-04-25T03:16:00.9035929Z Stored cache entry for DexingNoClasspathTransform: /home/runner/.gradle/caches/8.11.1/transforms/24a5a4b1bc851ec56eac8c0ed8cb3e93/transformed/jetified-ui-util-runtime.jar with cache key 2cccc20dbcdd39f6043708c4c857847d
2026-04-25T03:16:00.9037742Z Transforming ui-util.aar (androidx.compose.ui:ui-util-android:1.9.2) with DexingOutputSplitTransform
2026-04-25T03:16:00.9039328Z Caching disabled for DexingOutputSplitTransform: /home/runner/.gradle/caches/8.11.1/transforms/5d8fc99f3559828faf22dd271670471c/transformed/jetified-ui-util-runtime because:
2026-04-25T03:16:00.9040618Z   Caching not enabled.
2026-04-25T03:16:00.9073932Z Caching disabled for IdentityTransform: /home/runner/.gradle/caches/8.11.1/transforms/8e8ee922eaa0e954c590b81bda790621/transformed/jetified-ui-text-runtime.jar because:
2026-04-25T03:16:00.9075159Z   Caching not enabled.
2026-04-25T03:16:00.9075871Z Transforming ui-text.aar (androidx.compose.ui:ui-text-android:1.9.2) with DexingNoClasspathTransform
2026-04-25T03:16:00.9077609Z Build cache key for DexingNoClasspathTransform: /home/runner/.gradle/caches/8.11.1/transforms/8e8ee922eaa0e954c590b81bda790621/transformed/jetified-ui-text-runtime.jar is 6899555a35f728243ef9e4aeb95cb830
2026-04-25T03:16:00.9079744Z Running dexing transform non-incrementally for '/home/runner/.gradle/caches/8.11.1/transforms/8e8ee922eaa0e954c590b81bda790621/transformed/jetified-ui-text-runtime.jar'
2026-04-25T03:16:00.9082203Z Stored cache entry for DexingNoClasspathTransform: /home/runner/.gradle/caches/8.11.1/transforms/c50ce91939ecbd16882c3737f0dfd46d/transformed/jetified-animation-core-runtime.jar with cache key bacdc5bdb19d55b41d4986f3ac89e449
2026-04-25T03:16:00.9084232Z Transforming animation-core.aar (androidx.compose.animation:animation-core-android:1.9.2) with DexingOutputSplitTransform
2026-04-25T03:16:00.9086013Z Caching disabled for DexingOutputSplitTransform: /home/runner/.gradle/caches/8.11.1/transforms/146aad2f98cf833e0e98264054c9a598/transformed/jetified-animation-core-runtime because:
2026-04-25T03:16:00.9087249Z   Caching not enabled.
2026-04-25T03:16:00.9088424Z Caching disabled for IdentityTransform: /home/runner/.gradle/caches/8.11.1/transforms/f709c3b37c092f63c933929d8c9f6c59/transformed/jetified-ui-graphics-release-runtime.jar because:
2026-04-25T03:16:00.9089679Z   Caching not enabled.
2026-04-25T03:16:00.9090462Z Transforming ui-graphics-release.aar (androidx.compose.ui:ui-graphics-android:1.9.2) with DexingNoClasspathTransform
2026-04-25T03:16:00.9092632Z Build cache key for DexingNoClasspathTransform: /home/runner/.gradle/caches/8.11.1/transforms/f709c3b37c092f63c933929d8c9f6c59/transformed/jetified-ui-graphics-release-runtime.jar is 8e0c6b3d1808c8291a10b37d61cb140b
2026-04-25T03:16:00.9094972Z Running dexing transform non-incrementally for '/home/runner/.gradle/caches/8.11.1/transforms/f709c3b37c092f63c933929d8c9f6c59/transformed/jetified-ui-graphics-release-runtime.jar'
2026-04-25T03:16:00.9097312Z Stored cache entry for DexingNoClasspathTransform: /home/runner/.gradle/caches/8.11.1/transforms/8e8ee922eaa0e954c590b81bda790621/transformed/jetified-ui-text-runtime.jar with cache key 6899555a35f728243ef9e4aeb95cb830
2026-04-25T03:16:00.9099033Z Transforming ui-text.aar (androidx.compose.ui:ui-text-android:1.9.2) with DexingOutputSplitTransform
2026-04-25T03:16:00.9100637Z Caching disabled for DexingOutputSplitTransform: /home/runner/.gradle/caches/8.11.1/transforms/16dc7c03bf7e34cf2a2a703224d78b5f/transformed/jetified-ui-text-runtime because:
2026-04-25T03:16:00.9132099Z   Caching not enabled.
2026-04-25T03:16:00.9133468Z Caching disabled for IdentityTransform: /home/runner/.gradle/caches/8.11.1/transforms/d9269463d282ba06fff094ce5ee0e13d/transformed/jetified-ui-tooling-runtime.jar because:
2026-04-25T03:16:00.9134493Z   Caching not enabled.
2026-04-25T03:16:00.9135317Z Transforming ui-tooling.aar (androidx.compose.ui:ui-tooling-android:1.9.2) with DexingNoClasspathTransform
2026-04-25T03:16:00.9136989Z Build cache key for DexingNoClasspathTransform: /home/runner/.gradle/caches/8.11.1/transforms/d9269463d282ba06fff094ce5ee0e13d/transformed/jetified-ui-tooling-runtime.jar is e155a33974ad788fc7297798d91c48c0
2026-04-25T03:16:00.9139027Z Running dexing transform non-incrementally for '/home/runner/.gradle/caches/8.11.1/transforms/d9269463d282ba06fff094ce5ee0e13d/transformed/jetified-ui-tooling-runtime.jar'
2026-04-25T03:16:00.9141350Z Stored cache entry for DexingNoClasspathTransform: /home/runner/.gradle/caches/8.11.1/transforms/f709c3b37c092f63c933929d8c9f6c59/transformed/jetified-ui-graphics-release-runtime.jar with cache key 8e0c6b3d1808c8291a10b37d61cb140b
2026-04-25T03:16:00.9143673Z Transforming ui-graphics-release.aar (androidx.compose.ui:ui-graphics-android:1.9.2) with DexingOutputSplitTransform
2026-04-25T03:16:00.9145470Z Caching disabled for DexingOutputSplitTransform: /home/runner/.gradle/caches/8.11.1/transforms/d35d1207a262858f80bee3da1262a0eb/transformed/jetified-ui-graphics-release-runtime because:
2026-04-25T03:16:00.9146780Z   Caching not enabled.
2026-04-25T03:16:00.9147917Z Caching disabled for IdentityTransform: /home/runner/.gradle/caches/8.11.1/transforms/7736eda14eddb6e727d12c5a3bfd0a90/transformed/jetified-material-release-runtime.jar because:
2026-04-25T03:16:00.9149089Z   Caching not enabled.
2026-04-25T03:16:00.9149874Z Transforming material-release.aar (androidx.compose.material:material-android:1.6.8) with DexingNoClasspathTransform
2026-04-25T03:16:00.9151912Z Build cache key for DexingNoClasspathTransform: /home/runner/.gradle/caches/8.11.1/transforms/7736eda14eddb6e727d12c5a3bfd0a90/transformed/jetified-material-release-runtime.jar is eac2159c96aa75ed6985df4aa8f1ae6d
2026-04-25T03:16:00.9154159Z Running dexing transform non-incrementally for '/home/runner/.gradle/caches/8.11.1/transforms/7736eda14eddb6e727d12c5a3bfd0a90/transformed/jetified-material-release-runtime.jar'
2026-04-25T03:16:00.9156449Z Stored cache entry for DexingNoClasspathTransform: /home/runner/.gradle/caches/8.11.1/transforms/d9269463d282ba06fff094ce5ee0e13d/transformed/jetified-ui-tooling-runtime.jar with cache key e155a33974ad788fc7297798d91c48c0
2026-04-25T03:16:00.9158332Z Transforming ui-tooling.aar (androidx.compose.ui:ui-tooling-android:1.9.2) with DexingOutputSplitTransform
2026-04-25T03:16:00.9213207Z Caching disabled for DexingOutputSplitTransform: /home/runner/.gradle/caches/8.11.1/transforms/46bfc82e3c833744630c8c00c866c485/transformed/jetified-ui-tooling-runtime because:
2026-04-25T03:16:00.9214498Z   Caching not enabled.
2026-04-25T03:16:00.9215683Z Caching disabled for IdentityTransform: /home/runner/.gradle/caches/8.11.1/transforms/13480716f924021096e96709d4f22e52/transformed/jetified-material-ripple-release-runtime.jar because:
2026-04-25T03:16:00.9216924Z   Caching not enabled.
2026-04-25T03:16:00.9217719Z Transforming material-ripple-release.aar (androidx.compose.material:material-ripple-android:1.6.8) with DexingNoClasspathTransform
2026-04-25T03:16:00.9219617Z Build cache key for DexingNoClasspathTransform: /home/runner/.gradle/caches/8.11.1/transforms/13480716f924021096e96709d4f22e52/transformed/jetified-material-ripple-release-runtime.jar is 3f0ead744600dd67266eb43e8f0fe993
2026-04-25T03:16:00.9221942Z Running dexing transform non-incrementally for '/home/runner/.gradle/caches/8.11.1/transforms/13480716f924021096e96709d4f22e52/transformed/jetified-material-ripple-release-runtime.jar'
2026-04-25T03:16:00.9224253Z Stored cache entry for DexingNoClasspathTransform: /home/runner/.gradle/caches/8.11.1/transforms/13480716f924021096e96709d4f22e52/transformed/jetified-material-ripple-release-runtime.jar with cache key 3f0ead744600dd67266eb43e8f0fe993
2026-04-25T03:16:00.9226753Z Transforming material-ripple-release.aar (androidx.compose.material:material-ripple-android:1.6.8) with DexingOutputSplitTransform
2026-04-25T03:16:00.9228710Z Caching disabled for DexingOutputSplitTransform: /home/runner/.gradle/caches/8.11.1/transforms/48ad330223e350ded642f738ebc4765a/transformed/jetified-material-ripple-release-runtime because:
2026-04-25T03:16:00.9229970Z   Caching not enabled.
2026-04-25T03:16:00.9231166Z Caching disabled for IdentityTransform: /home/runner/.gradle/caches/8.11.1/transforms/77a67cdd26c2389aa12008436286c22b/transformed/jetified-material-icons-core-release-runtime.jar because:
2026-04-25T03:16:00.9232531Z   Caching not enabled.
2026-04-25T03:16:00.9233414Z Transforming material-icons-core-release.aar (androidx.compose.material:material-icons-core-android:1.6.8) with DexingNoClasspathTransform
2026-04-25T03:16:00.9235394Z Build cache key for DexingNoClasspathTransform: /home/runner/.gradle/caches/8.11.1/transforms/77a67cdd26c2389aa12008436286c22b/transformed/jetified-material-icons-core-release-runtime.jar is 323b6e906c06ff193ed6648cccc6f507
2026-04-25T03:16:00.9237784Z Running dexing transform non-incrementally for '/home/runner/.gradle/caches/8.11.1/transforms/77a67cdd26c2389aa12008436286c22b/transformed/jetified-material-icons-core-release-runtime.jar'
2026-04-25T03:16:00.9240253Z Stored cache entry for DexingNoClasspathTransform: /home/runner/.gradle/caches/8.11.1/transforms/77a67cdd26c2389aa12008436286c22b/transformed/jetified-material-icons-core-release-runtime.jar with cache key 323b6e906c06ff193ed6648cccc6f507
2026-04-25T03:16:00.9272917Z Transforming material-icons-core-release.aar (androidx.compose.material:material-icons-core-android:1.6.8) with DexingOutputSplitTransform
2026-04-25T03:16:00.9274804Z Caching disabled for DexingOutputSplitTransform: /home/runner/.gradle/caches/8.11.1/transforms/ab98cc8e516ce3317045722f35146d8e/transformed/jetified-material-icons-core-release-runtime because:
2026-04-25T03:16:00.9276105Z   Caching not enabled.
2026-04-25T03:16:00.9277204Z Caching disabled for IdentityTransform: /home/runner/.gradle/caches/8.11.1/transforms/12cb93c89e37dfe1a8aec50d86949224/transformed/jetified-ui-release-runtime.jar because:
2026-04-25T03:16:00.9278355Z   Caching not enabled.
2026-04-25T03:16:00.9279008Z Transforming ui-release.aar (androidx.compose.ui:ui-android:1.9.2) with DexingNoClasspathTransform
2026-04-25T03:16:00.9280684Z Build cache key for DexingNoClasspathTransform: /home/runner/.gradle/caches/8.11.1/transforms/12cb93c89e37dfe1a8aec50d86949224/transformed/jetified-ui-release-runtime.jar is c35cad464f4b057df6acbd9f5b7d26d0
2026-04-25T03:16:00.9283024Z Running dexing transform non-incrementally for '/home/runner/.gradle/caches/8.11.1/transforms/12cb93c89e37dfe1a8aec50d86949224/transformed/jetified-ui-release-runtime.jar'
2026-04-25T03:16:00.9285371Z Stored cache entry for DexingNoClasspathTransform: /home/runner/.gradle/caches/8.11.1/transforms/7736eda14eddb6e727d12c5a3bfd0a90/transformed/jetified-material-release-runtime.jar with cache key eac2159c96aa75ed6985df4aa8f1ae6d
2026-04-25T03:16:00.9287341Z Transforming material-release.aar (androidx.compose.material:material-android:1.6.8) with DexingOutputSplitTransform
2026-04-25T03:16:00.9289038Z Caching disabled for DexingOutputSplitTransform: /home/runner/.gradle/caches/8.11.1/transforms/3c11054909f857409fb3136fc0fa68c1/transformed/jetified-material-release-runtime because:
2026-04-25T03:16:00.9290277Z   Caching not enabled.
2026-04-25T03:16:00.9291450Z Caching disabled for IdentityTransform: /home/runner/.gradle/caches/8.11.1/transforms/81fdae91d6f022ca5fde0050653b6919/transformed/jetified-ui-test-manifest-1.9.2-runtime.jar because:
2026-04-25T03:16:00.9292888Z   Caching not enabled.
2026-04-25T03:16:00.9293652Z Transforming ui-test-manifest-1.9.2.aar (androidx.compose.ui:ui-test-manifest:1.9.2) with DexingNoClasspathTransform
2026-04-25T03:16:00.9295588Z Build cache key for DexingNoClasspathTransform: /home/runner/.gradle/caches/8.11.1/transforms/81fdae91d6f022ca5fde0050653b6919/transformed/jetified-ui-test-manifest-1.9.2-runtime.jar is e1680237c82b4f3f55c23c1f420fe7c1
2026-04-25T03:16:00.9298421Z Running dexing transform non-incrementally for '/home/runner/.gradle/caches/8.11.1/transforms/81fdae91d6f022ca5fde0050653b6919/transformed/jetified-ui-test-manifest-1.9.2-runtime.jar'
2026-04-25T03:16:00.9300828Z Stored cache entry for DexingNoClasspathTransform: /home/runner/.gradle/caches/8.11.1/transforms/81fdae91d6f022ca5fde0050653b6919/transformed/jetified-ui-test-manifest-1.9.2-runtime.jar with cache key e1680237c82b4f3f55c23c1f420fe7c1
2026-04-25T03:16:00.9333292Z Transforming ui-test-manifest-1.9.2.aar (androidx.compose.ui:ui-test-manifest:1.9.2) with DexingOutputSplitTransform
2026-04-25T03:16:00.9335066Z Caching disabled for DexingOutputSplitTransform: /home/runner/.gradle/caches/8.11.1/transforms/d8c49ad7af9576e7d39742d8bbcd4c48/transformed/jetified-ui-test-manifest-1.9.2-runtime because:
2026-04-25T03:16:00.9336355Z   Caching not enabled.
2026-04-25T03:16:00.9337532Z Caching disabled for IdentityTransform: /home/runner/.gradle/caches/8.11.1/transforms/f75d8b7227fcb12deabf01abc90045ab/transformed/jetified-activity-ktx-1.13.0-runtime.jar because:
2026-04-25T03:16:00.9338740Z   Caching not enabled.
2026-04-25T03:16:00.9339464Z Transforming activity-ktx-1.13.0.aar (androidx.activity:activity-ktx:1.13.0) with DexingNoClasspathTransform
2026-04-25T03:16:00.9341291Z Build cache key for DexingNoClasspathTransform: /home/runner/.gradle/caches/8.11.1/transforms/f75d8b7227fcb12deabf01abc90045ab/transformed/jetified-activity-ktx-1.13.0-runtime.jar is b91bb89b1bde32edbd82d29844c405b9
2026-04-25T03:16:00.9344227Z Running dexing transform non-incrementally for '/home/runner/.gradle/caches/8.11.1/transforms/f75d8b7227fcb12deabf01abc90045ab/transformed/jetified-activity-ktx-1.13.0-runtime.jar'
2026-04-25T03:16:00.9346535Z Stored cache entry for DexingNoClasspathTransform: /home/runner/.gradle/caches/8.11.1/transforms/f75d8b7227fcb12deabf01abc90045ab/transformed/jetified-activity-ktx-1.13.0-runtime.jar with cache key b91bb89b1bde32edbd82d29844c405b9
2026-04-25T03:16:00.9348473Z Transforming activity-ktx-1.13.0.aar (androidx.activity:activity-ktx:1.13.0) with DexingOutputSplitTransform
2026-04-25T03:16:00.9350097Z Caching disabled for DexingOutputSplitTransform: /home/runner/.gradle/caches/8.11.1/transforms/4b41cf6d7792efb0bf2e941f790340b4/transformed/jetified-activity-ktx-1.13.0-runtime because:
2026-04-25T03:16:00.9351361Z   Caching not enabled.
2026-04-25T03:16:00.9352664Z Caching disabled for IdentityTransform: /home/runner/.gradle/caches/8.11.1/transforms/a3cf2716807c7983d21362afdac67e35/transformed/jetified-activity-1.13.0-runtime.jar because:
2026-04-25T03:16:00.9353810Z   Caching not enabled.
2026-04-25T03:16:00.9354447Z Transforming activity-1.13.0.aar (androidx.activity:activity:1.13.0) with DexingNoClasspathTransform
2026-04-25T03:16:00.9356145Z Build cache key for DexingNoClasspathTransform: /home/runner/.gradle/caches/8.11.1/transforms/a3cf2716807c7983d21362afdac67e35/transformed/jetified-activity-1.13.0-runtime.jar is 60a9597a48910004796051c63b48c3ce
2026-04-25T03:16:00.9358118Z Running dexing transform non-incrementally for '/home/runner/.gradle/caches/8.11.1/transforms/a3cf2716807c7983d21362afdac67e35/transformed/jetified-activity-1.13.0-runtime.jar'
2026-04-25T03:16:00.9360069Z Stored cache entry for DexingNoClasspathTransform: /home/runner/.gradle/caches/8.11.1/transforms/a3cf2716807c7983d21362afdac67e35/transformed/jetified-activity-1.13.0-runtime.jar with cache key 60a9597a48910004796051c63b48c3ce
2026-04-25T03:16:00.9370499Z Transforming activity-1.13.0.aar (androidx.activity:activity:1.13.0) with DexingOutputSplitTransform
2026-04-25T03:16:00.9372329Z Caching disabled for DexingOutputSplitTransform: /home/runner/.gradle/caches/8.11.1/transforms/a6cd81104a296a27da62ebac56a21ba8/transformed/jetified-activity-1.13.0-runtime because:
2026-04-25T03:16:00.9373497Z   Caching not enabled.
2026-04-25T03:16:00.9374643Z Caching disabled for IdentityTransform: /home/runner/.gradle/caches/8.11.1/transforms/664350fd0cd387d38457cd4a24cb5e82/transformed/jetified-activity-compose-1.13.0-runtime.jar because:
2026-04-25T03:16:00.9376347Z   Caching not enabled.
2026-04-25T03:16:00.9377081Z Transforming activity-compose-1.13.0.aar (androidx.activity:activity-compose:1.13.0) with DexingNoClasspathTransform
2026-04-25T03:16:00.9379206Z Build cache key for DexingNoClasspathTransform: /home/runner/.gradle/caches/8.11.1/transforms/664350fd0cd387d38457cd4a24cb5e82/transformed/jetified-activity-compose-1.13.0-runtime.jar is 149292e6eb2c5ba606ccd2d969f65552
2026-04-25T03:16:00.9381484Z Running dexing transform non-incrementally for '/home/runner/.gradle/caches/8.11.1/transforms/664350fd0cd387d38457cd4a24cb5e82/transformed/jetified-activity-compose-1.13.0-runtime.jar'
2026-04-25T03:16:00.9384041Z Stored cache entry for DexingNoClasspathTransform: /home/runner/.gradle/caches/8.11.1/transforms/664350fd0cd387d38457cd4a24cb5e82/transformed/jetified-activity-compose-1.13.0-runtime.jar with cache key 149292e6eb2c5ba606ccd2d969f65552
2026-04-25T03:16:00.9385978Z Transforming activity-compose-1.13.0.aar (androidx.activity:activity-compose:1.13.0) with DexingOutputSplitTransform
2026-04-25T03:16:00.9387676Z Caching disabled for DexingOutputSplitTransform: /home/runner/.gradle/caches/8.11.1/transforms/f299037809b43aa26be62e3ea385886e/transformed/jetified-activity-compose-1.13.0-runtime because:
2026-04-25T03:16:00.9388922Z   Caching not enabled.
2026-04-25T03:16:00.9389997Z Caching disabled for IdentityTransform: /home/runner/.gradle/caches/8.11.1/transforms/f3921713d852b22906e20daae3c5adf9/transformed/jetified-autofill-1.0.0-runtime.jar because:
2026-04-25T03:16:00.9391125Z   Caching not enabled.
2026-04-25T03:16:00.9392081Z Transforming autofill-1.0.0.aar (androidx.autofill:autofill:1.0.0) with DexingNoClasspathTransform
2026-04-25T03:16:00.9393780Z Build cache key for DexingNoClasspathTransform: /home/runner/.gradle/caches/8.11.1/transforms/f3921713d852b22906e20daae3c5adf9/transformed/jetified-autofill-1.0.0-runtime.jar is 9aa90b8e040bebb60d79ae6ba0a731d8
2026-04-25T03:16:00.9395900Z Running dexing transform non-incrementally for '/home/runner/.gradle/caches/8.11.1/transforms/f3921713d852b22906e20daae3c5adf9/transformed/jetified-autofill-1.0.0-runtime.jar'
2026-04-25T03:16:00.9398094Z Stored cache entry for DexingNoClasspathTransform: /home/runner/.gradle/caches/8.11.1/transforms/f3921713d852b22906e20daae3c5adf9/transformed/jetified-autofill-1.0.0-runtime.jar with cache key 9aa90b8e040bebb60d79ae6ba0a731d8
2026-04-25T03:16:00.9399940Z Transforming autofill-1.0.0.aar (androidx.autofill:autofill:1.0.0) with DexingOutputSplitTransform
2026-04-25T03:16:00.9401458Z Caching disabled for DexingOutputSplitTransform: /home/runner/.gradle/caches/8.11.1/transforms/db7e7cc9980ef4989cb3ddd8cb1da059/transformed/jetified-autofill-1.0.0-runtime because:
2026-04-25T03:16:00.9402885Z   Caching not enabled.
2026-04-25T03:16:00.9403997Z Caching disabled for IdentityTransform: /home/runner/.gradle/caches/8.11.1/transforms/45652384df96b3255cbd3398ae836668/transformed/jetified-graphics-path-1.0.1-runtime.jar because:
2026-04-25T03:16:00.9405220Z   Caching not enabled.
2026-04-25T03:16:00.9405936Z Transforming graphics-path-1.0.1.aar (androidx.graphics:graphics-path:1.0.1) with DexingNoClasspathTransform
2026-04-25T03:16:00.9407716Z Build cache key for DexingNoClasspathTransform: /home/runner/.gradle/caches/8.11.1/transforms/45652384df96b3255cbd3398ae836668/transformed/jetified-graphics-path-1.0.1-runtime.jar is 784e8692905785f45ce40f67cd75fc9c
2026-04-25T03:16:00.9409923Z Running dexing transform non-incrementally for '/home/runner/.gradle/caches/8.11.1/transforms/45652384df96b3255cbd3398ae836668/transformed/jetified-graphics-path-1.0.1-runtime.jar'
2026-04-25T03:16:00.9412389Z Stored cache entry for DexingNoClasspathTransform: /home/runner/.gradle/caches/8.11.1/transforms/45652384df96b3255cbd3398ae836668/transformed/jetified-graphics-path-1.0.1-runtime.jar with cache key 784e8692905785f45ce40f67cd75fc9c
2026-04-25T03:16:00.9414625Z Transforming graphics-path-1.0.1.aar (androidx.graphics:graphics-path:1.0.1) with DexingOutputSplitTransform
2026-04-25T03:16:00.9416276Z Caching disabled for DexingOutputSplitTransform: /home/runner/.gradle/caches/8.11.1/transforms/52c8339b8e711bceb867ee9207219e20/transformed/jetified-graphics-path-1.0.1-runtime because:
2026-04-25T03:16:00.9417752Z   Caching not enabled.
2026-04-25T03:16:00.9418979Z Caching disabled for IdentityTransform: /home/runner/.gradle/caches/8.11.1/transforms/5ad05c50146a1cbd8d93c7a9fe65d4cf/transformed/jetified-emoji2-1.4.0-runtime.jar because:
2026-04-25T03:16:00.9420087Z   Caching not enabled.
2026-04-25T03:16:00.9420648Z Transforming emoji2-1.4.0.aar (androidx.emoji2:emoji2:1.4.0) with DexingNoClasspathTransform
2026-04-25T03:16:00.9422462Z Build cache key for DexingNoClasspathTransform: /home/runner/.gradle/caches/8.11.1/transforms/5ad05c50146a1cbd8d93c7a9fe65d4cf/transformed/jetified-emoji2-1.4.0-runtime.jar is e9f798260dc5b38ad1a43c3c7c6a6a4e
2026-04-25T03:16:00.9424555Z Running dexing transform non-incrementally for '/home/runner/.gradle/caches/8.11.1/transforms/5ad05c50146a1cbd8d93c7a9fe65d4cf/transformed/jetified-emoji2-1.4.0-runtime.jar'
2026-04-25T03:16:00.9426754Z Stored cache entry for DexingNoClasspathTransform: /home/runner/.gradle/caches/8.11.1/transforms/0cdd137cdfe6c4e73c3e301a3142f46a/transformed/jetified-foundation-release-runtime.jar with cache key 2184bf70155d217e5661e79d3aae73a6
2026-04-25T03:16:00.9428683Z Transforming foundation-release.aar (androidx.compose.foundation:foundation-android:1.9.2) with DexingOutputSplitTransform
2026-04-25T03:16:00.9430381Z Caching disabled for DexingOutputSplitTransform: /home/runner/.gradle/caches/8.11.1/transforms/396df6e351d122f94a4c114b03f72a5a/transformed/jetified-foundation-release-runtime because:
2026-04-25T03:16:00.9431756Z   Caching not enabled.
2026-04-25T03:16:00.9432748Z Caching disabled for IdentityTransform: /home/runner/.gradle/caches/8.11.1/transforms/356dae2c25023742bd884aa0f8f87e3a/transformed/core-1.18.0-runtime.jar because:
2026-04-25T03:16:00.9433803Z   Caching not enabled.
2026-04-25T03:16:00.9434351Z Transforming core-1.18.0.aar (androidx.core:core:1.18.0) with DexingNoClasspathTransform
2026-04-25T03:16:00.9435863Z Build cache key for DexingNoClasspathTransform: /home/runner/.gradle/caches/8.11.1/transforms/356dae2c25023742bd884aa0f8f87e3a/transformed/core-1.18.0-runtime.jar is 00216e41db2feb098f285aefef9278d1
2026-04-25T03:16:00.9437751Z Running dexing transform non-incrementally for '/home/runner/.gradle/caches/8.11.1/transforms/356dae2c25023742bd884aa0f8f87e3a/transformed/core-1.18.0-runtime.jar'
2026-04-25T03:16:00.9439842Z Stored cache entry for DexingNoClasspathTransform: /home/runner/.gradle/caches/8.11.1/transforms/5ad05c50146a1cbd8d93c7a9fe65d4cf/transformed/jetified-emoji2-1.4.0-runtime.jar with cache key e9f798260dc5b38ad1a43c3c7c6a6a4e
2026-04-25T03:16:00.9441538Z Transforming emoji2-1.4.0.aar (androidx.emoji2:emoji2:1.4.0) with DexingOutputSplitTransform
2026-04-25T03:16:00.9496599Z Caching disabled for DexingOutputSplitTransform: /home/runner/.gradle/caches/8.11.1/transforms/9456097ab93d6a4a343ff852de447652/transformed/jetified-emoji2-1.4.0-runtime because:
2026-04-25T03:16:00.9497725Z   Caching not enabled.
2026-04-25T03:16:00.9498246Z Transforming core-1.18.0.aar (androidx.core:core:1.18.0) with DexingNoClasspathTransform
2026-04-25T03:16:00.9499935Z Stored cache entry for DexingNoClasspathTransform: /home/runner/.gradle/caches/8.11.1/transforms/ec283a6939d5489f2fd4d019fc9a7361/transformed/jetified-material3-release-runtime.jar with cache key c2335735e931d08f9d8dc6eb26f2c4f7
2026-04-25T03:16:00.9502013Z Transforming material3-release.aar (androidx.compose.material3:material3-android:1.2.1) with DexingOutputSplitTransform
2026-04-25T03:16:00.9503772Z Caching disabled for DexingOutputSplitTransform: /home/runner/.gradle/caches/8.11.1/transforms/9994bd1bcb8fa26e3eb4c7d45a2f0bf8/transformed/jetified-material3-release-runtime because:
2026-04-25T03:16:00.9504987Z   Caching not enabled.
2026-04-25T03:16:00.9506501Z Caching disabled for IdentityTransform: /home/runner/.gradle/caches/8.11.1/transforms/d06b36368afda4fdac33c4fe938a9166/transformed/jetified-lifecycle-process-2.9.4-runtime.jar because:
2026-04-25T03:16:00.9507680Z   Caching not enabled.
2026-04-25T03:16:00.9508663Z Transforming lifecycle-process-2.9.4.aar (androidx.lifecycle:lifecycle-process:2.9.4) with DexingNoClasspathTransform
2026-04-25T03:16:00.9510584Z Build cache key for DexingNoClasspathTransform: /home/runner/.gradle/caches/8.11.1/transforms/d06b36368afda4fdac33c4fe938a9166/transformed/jetified-lifecycle-process-2.9.4-runtime.jar is c12dde3402a2d4c65b288dd9fec7300e
2026-04-25T03:16:00.9513048Z Running dexing transform non-incrementally for '/home/runner/.gradle/caches/8.11.1/transforms/d06b36368afda4fdac33c4fe938a9166/transformed/jetified-lifecycle-process-2.9.4-runtime.jar'
2026-04-25T03:16:00.9515434Z Stored cache entry for DexingNoClasspathTransform: /home/runner/.gradle/caches/8.11.1/transforms/d06b36368afda4fdac33c4fe938a9166/transformed/jetified-lifecycle-process-2.9.4-runtime.jar with cache key c12dde3402a2d4c65b288dd9fec7300e
2026-04-25T03:16:00.9517265Z Transforming lifecycle-process-2.9.4.aar (androidx.lifecycle:lifecycle-process:2.9.4) with DexingOutputSplitTransform
2026-04-25T03:16:00.9518860Z Caching disabled for DexingOutputSplitTransform: /home/runner/.gradle/caches/8.11.1/transforms/42a0a6dd32ef2836af3d322b433a5fb2/transformed/jetified-lifecycle-process-2.9.4-runtime because:
2026-04-25T03:16:00.9519987Z   Caching not enabled.
2026-04-25T03:16:00.9521023Z Caching disabled for IdentityTransform: /home/runner/.gradle/caches/8.11.1/transforms/5e309d74b2007092c1150a367ac3fa36/transformed/jetified-lifecycle-viewmodel-ktx-2.9.4-runtime.jar because:
2026-04-25T03:16:00.9568002Z   Caching not enabled.
2026-04-25T03:16:00.9568920Z Transforming lifecycle-viewmodel-ktx-2.9.4.aar (androidx.lifecycle:lifecycle-viewmodel-ktx:2.9.4) with DexingNoClasspathTransform
2026-04-25T03:16:00.9570948Z Build cache key for DexingNoClasspathTransform: /home/runner/.gradle/caches/8.11.1/transforms/5e309d74b2007092c1150a367ac3fa36/transformed/jetified-lifecycle-viewmodel-ktx-2.9.4-runtime.jar is 24cdef8f4b9cee7d545263a50326e4b6
2026-04-25T03:16:00.9573587Z Running dexing transform non-incrementally for '/home/runner/.gradle/caches/8.11.1/transforms/5e309d74b2007092c1150a367ac3fa36/transformed/jetified-lifecycle-viewmodel-ktx-2.9.4-runtime.jar'
2026-04-25T03:16:00.9576011Z Stored cache entry for DexingNoClasspathTransform: /home/runner/.gradle/caches/8.11.1/transforms/5e309d74b2007092c1150a367ac3fa36/transformed/jetified-lifecycle-viewmodel-ktx-2.9.4-runtime.jar with cache key 24cdef8f4b9cee7d545263a50326e4b6
2026-04-25T03:16:00.9578140Z Transforming lifecycle-viewmodel-ktx-2.9.4.aar (androidx.lifecycle:lifecycle-viewmodel-ktx:2.9.4) with DexingOutputSplitTransform
2026-04-25T03:16:00.9580053Z Stored cache entry for DexingNoClasspathTransform: /home/runner/.gradle/caches/8.11.1/transforms/356dae2c25023742bd884aa0f8f87e3a/transformed/core-1.18.0-runtime.jar with cache key 00216e41db2feb098f285aefef9278d1
2026-04-25T03:16:00.9581953Z Transforming core-1.18.0.aar (androidx.core:core:1.18.0) with DexingOutputSplitTransform
2026-04-25T03:16:00.9583366Z Caching disabled for DexingOutputSplitTransform: /home/runner/.gradle/caches/8.11.1/transforms/2bc0328805ff1b978e93648de3cebbcc/transformed/core-1.18.0-runtime because:
2026-04-25T03:16:00.9584500Z   Caching not enabled.
2026-04-25T03:16:00.9585617Z Caching disabled for IdentityTransform: /home/runner/.gradle/caches/8.11.1/transforms/e3a1ac3d869b4d88e16020522a6576ba/transformed/lifecycle-livedata-core-2.9.4-runtime.jar because:
2026-04-25T03:16:00.9586811Z   Caching not enabled.
2026-04-25T03:16:00.9587643Z Transforming lifecycle-livedata-core-2.9.4.aar (androidx.lifecycle:lifecycle-livedata-core:2.9.4) with DexingNoClasspathTransform
2026-04-25T03:16:00.9589561Z Build cache key for DexingNoClasspathTransform: /home/runner/.gradle/caches/8.11.1/transforms/e3a1ac3d869b4d88e16020522a6576ba/transformed/lifecycle-livedata-core-2.9.4-runtime.jar is 9f4da7c748a03dab1cd4203fe8a1faa9
2026-04-25T03:16:00.9592531Z Running dexing transform non-incrementally for '/home/runner/.gradle/caches/8.11.1/transforms/e3a1ac3d869b4d88e16020522a6576ba/transformed/lifecycle-livedata-core-2.9.4-runtime.jar'
2026-04-25T03:16:00.9594253Z Transforming core-1.18.0.aar (androidx.core:core:1.18.0) with DexingOutputSplitTransform
2026-04-25T03:16:00.9595793Z Caching disabled for IdentityTransform: /home/runner/.gradle/caches/8.11.1/transforms/db95ab61ba57ef6e542545b93bdfefb4/transformed/jetified-lifecycle-runtime-ktx-runtime.jar because:
2026-04-25T03:16:00.9597026Z   Caching not enabled.
2026-04-25T03:16:00.9597891Z Transforming lifecycle-runtime-ktx.aar (androidx.lifecycle:lifecycle-runtime-ktx-android:2.9.4) with DexingNoClasspathTransform
2026-04-25T03:16:00.9600002Z Build cache key for DexingNoClasspathTransform: /home/runner/.gradle/caches/8.11.1/transforms/db95ab61ba57ef6e542545b93bdfefb4/transformed/jetified-lifecycle-runtime-ktx-runtime.jar is 6ec81ce6517999693f61e06c36115113
2026-04-25T03:16:00.9602550Z Running dexing transform non-incrementally for '/home/runner/.gradle/caches/8.11.1/transforms/db95ab61ba57ef6e542545b93bdfefb4/transformed/jetified-lifecycle-runtime-ktx-runtime.jar'
2026-04-25T03:16:00.9604969Z Stored cache entry for DexingNoClasspathTransform: /home/runner/.gradle/caches/8.11.1/transforms/db95ab61ba57ef6e542545b93bdfefb4/transformed/jetified-lifecycle-runtime-ktx-runtime.jar with cache key 6ec81ce6517999693f61e06c36115113
2026-04-25T03:16:00.9607131Z Transforming lifecycle-runtime-ktx.aar (androidx.lifecycle:lifecycle-runtime-ktx-android:2.9.4) with DexingOutputSplitTransform
2026-04-25T03:16:00.9612255Z Caching disabled for DexingOutputSplitTransform: /home/runner/.gradle/caches/8.11.1/transforms/45b8015f63e3fc933572ec2a62314f4f/transformed/jetified-lifecycle-runtime-ktx-runtime because:
2026-04-25T03:16:00.9613546Z   Caching not enabled.
2026-04-25T03:16:00.9615237Z Build cache key for DexingNoClasspathTransform: /home/runner/.gradle/caches/modules-2/files-2.1/androidx.lifecycle/lifecycle-common-java8/2.9.4/86a8e6b9d0ba0c964fdc7223a38b6ce74bcb24dd/lifecycle-common-java8-2.9.4.jar is 11724695199ff0d10da572317bbefa91
2026-04-25T03:16:00.9618174Z Running dexing transform non-incrementally for '/home/runner/.gradle/caches/modules-2/files-2.1/androidx.lifecycle/lifecycle-common-java8/2.9.4/86a8e6b9d0ba0c964fdc7223a38b6ce74bcb24dd/lifecycle-common-java8-2.9.4.jar'
2026-04-25T03:16:00.9620635Z Stored cache entry for DexingNoClasspathTransform: /home/runner/.gradle/caches/modules-2/files-2.1/androidx.lifecycle/lifecycle-common-java8/2.9.4/86a8e6b9d0ba0c964fdc7223a38b6ce74bcb24dd/lifecycle-common-java8-2.9.4.jar with cache key 11724695199ff0d10da572317bbefa91
2026-04-25T03:16:00.9622893Z Transforming lifecycle-common-java8-2.9.4.jar (androidx.lifecycle:lifecycle-common-java8:2.9.4) with DexingOutputSplitTransform
2026-04-25T03:16:00.9624636Z Caching disabled for DexingOutputSplitTransform: /home/runner/.gradle/caches/8.11.1/transforms/2d88084eea5c1d6de1f807bda9c45179/transformed/lifecycle-common-java8-2.9.4 because:
2026-04-25T03:16:00.9625717Z   Caching not enabled.
2026-04-25T03:16:00.9626750Z Caching disabled for IdentityTransform: /home/runner/.gradle/caches/8.11.1/transforms/9e56568a9f3a3685a0e0c89a8bd132fb/transformed/jetified-lifecycle-viewmodel-release-runtime.jar because:
2026-04-25T03:16:00.9627855Z   Caching not enabled.
2026-04-25T03:16:00.9628659Z Transforming lifecycle-viewmodel-release.aar (androidx.lifecycle:lifecycle-viewmodel-android:2.9.4) with DexingNoClasspathTransform
2026-04-25T03:16:00.9630594Z Build cache key for DexingNoClasspathTransform: /home/runner/.gradle/caches/8.11.1/transforms/9e56568a9f3a3685a0e0c89a8bd132fb/transformed/jetified-lifecycle-viewmodel-release-runtime.jar is 4f0cadeed53a7f4a2823b3d576aafccd
2026-04-25T03:16:00.9633092Z Running dexing transform non-incrementally for '/home/runner/.gradle/caches/8.11.1/transforms/9e56568a9f3a3685a0e0c89a8bd132fb/transformed/jetified-lifecycle-viewmodel-release-runtime.jar'
2026-04-25T03:16:00.9635770Z Stored cache entry for DexingNoClasspathTransform: /home/runner/.gradle/caches/8.11.1/transforms/e3a1ac3d869b4d88e16020522a6576ba/transformed/lifecycle-livedata-core-2.9.4-runtime.jar with cache key 9f4da7c748a03dab1cd4203fe8a1faa9
2026-04-25T03:16:00.9637987Z Transforming lifecycle-livedata-core-2.9.4.aar (androidx.lifecycle:lifecycle-livedata-core:2.9.4) with DexingOutputSplitTransform
2026-04-25T03:16:00.9639794Z Caching disabled for DexingOutputSplitTransform: /home/runner/.gradle/caches/8.11.1/transforms/c50ea79184f8d1b4a756ff9b7af3a8d9/transformed/lifecycle-livedata-core-2.9.4-runtime because:
2026-04-25T03:16:00.9641041Z   Caching not enabled.
2026-04-25T03:16:00.9642235Z Caching disabled for IdentityTransform: /home/runner/.gradle/caches/8.11.1/transforms/793d3b0c986c9b33e1d5626bfb6a399e/transformed/jetified-runtime-annotation-runtime.jar because:
2026-04-25T03:16:00.9643307Z   Caching not enabled.
2026-04-25T03:16:00.9644173Z Transforming runtime-annotation.aar (androidx.compose.runtime:runtime-annotation-android:1.9.2) with DexingNoClasspathTransform
2026-04-25T03:16:00.9646505Z Build cache key for DexingNoClasspathTransform: /home/runner/.gradle/caches/8.11.1/transforms/793d3b0c986c9b33e1d5626bfb6a399e/transformed/jetified-runtime-annotation-runtime.jar is f6918855c73e4ef2bbccca001e21f60c
2026-04-25T03:16:00.9648913Z Running dexing transform non-incrementally for '/home/runner/.gradle/caches/8.11.1/transforms/793d3b0c986c9b33e1d5626bfb6a399e/transformed/jetified-runtime-annotation-runtime.jar'
2026-04-25T03:16:00.9651417Z Stored cache entry for DexingNoClasspathTransform: /home/runner/.gradle/caches/8.11.1/transforms/793d3b0c986c9b33e1d5626bfb6a399e/transformed/jetified-runtime-annotation-runtime.jar with cache key f6918855c73e4ef2bbccca001e21f60c
2026-04-25T03:16:00.9653715Z Transforming runtime-annotation.aar (androidx.compose.runtime:runtime-annotation-android:1.9.2) with DexingOutputSplitTransform
2026-04-25T03:16:00.9655628Z Caching disabled for DexingOutputSplitTransform: /home/runner/.gradle/caches/8.11.1/transforms/409ff1ebd74d802c300e2666d60687ed/transformed/jetified-runtime-annotation-runtime because:
2026-04-25T03:16:00.9656955Z   Caching not enabled.
2026-04-25T03:16:00.9658166Z Caching disabled for IdentityTransform: /home/runner/.gradle/caches/8.11.1/transforms/71e3e6bf26d551ca1fee5b46b4f8904d/transformed/jetified-savedstate-release-runtime.jar because:
2026-04-25T03:16:00.9659452Z   Caching not enabled.
2026-04-25T03:16:00.9660246Z Transforming savedstate-release.aar (androidx.savedstate:savedstate-android:1.3.3) with DexingNoClasspathTransform
2026-04-25T03:16:00.9662349Z Build cache key for DexingNoClasspathTransform: /home/runner/.gradle/caches/8.11.1/transforms/71e3e6bf26d551ca1fee5b46b4f8904d/transformed/jetified-savedstate-release-runtime.jar is 4e73ca9727552e8180c4318d72a4cb7c
2026-04-25T03:16:00.9664603Z Running dexing transform non-incrementally for '/home/runner/.gradle/caches/8.11.1/transforms/71e3e6bf26d551ca1fee5b46b4f8904d/transformed/jetified-savedstate-release-runtime.jar'
2026-04-25T03:16:00.9667401Z Stored cache entry for DexingNoClasspathTransform: /home/runner/.gradle/caches/8.11.1/transforms/9e56568a9f3a3685a0e0c89a8bd132fb/transformed/jetified-lifecycle-viewmodel-release-runtime.jar with cache key 4f0cadeed53a7f4a2823b3d576aafccd
2026-04-25T03:16:00.9669596Z Transforming lifecycle-viewmodel-release.aar (androidx.lifecycle:lifecycle-viewmodel-android:2.9.4) with DexingOutputSplitTransform
2026-04-25T03:16:00.9671496Z Caching disabled for DexingOutputSplitTransform: /home/runner/.gradle/caches/8.11.1/transforms/26d2cfc556c3aff999b0ca55027eb0b7/transformed/jetified-lifecycle-viewmodel-release-runtime because:
2026-04-25T03:16:00.9672967Z   Caching not enabled.
2026-04-25T03:16:00.9674110Z Caching disabled for IdentityTransform: /home/runner/.gradle/caches/8.11.1/transforms/6f2fccdebbd3cc5986c6a8854d005b83/transformed/jetified-savedstate-ktx-1.3.3-runtime.jar because:
2026-04-25T03:16:00.9675315Z   Caching not enabled.
2026-04-25T03:16:00.9676237Z Transforming savedstate-ktx-1.3.3.aar (androidx.savedstate:savedstate-ktx:1.3.3) with DexingNoClasspathTransform
2026-04-25T03:16:00.9678222Z Build cache key for DexingNoClasspathTransform: /home/runner/.gradle/caches/8.11.1/transforms/6f2fccdebbd3cc5986c6a8854d005b83/transformed/jetified-savedstate-ktx-1.3.3-runtime.jar is c12d86a9fb288ea844f54523a2d59642
2026-04-25T03:16:00.9680514Z Running dexing transform non-incrementally for '/home/runner/.gradle/caches/8.11.1/transforms/6f2fccdebbd3cc5986c6a8854d005b83/transformed/jetified-savedstate-ktx-1.3.3-runtime.jar'
2026-04-25T03:16:00.9683023Z Stored cache entry for DexingNoClasspathTransform: /home/runner/.gradle/caches/8.11.1/transforms/6f2fccdebbd3cc5986c6a8854d005b83/transformed/jetified-savedstate-ktx-1.3.3-runtime.jar with cache key c12d86a9fb288ea844f54523a2d59642
2026-04-25T03:16:00.9685004Z Transforming savedstate-ktx-1.3.3.aar (androidx.savedstate:savedstate-ktx:1.3.3) with DexingOutputSplitTransform
2026-04-25T03:16:00.9686711Z Caching disabled for DexingOutputSplitTransform: /home/runner/.gradle/caches/8.11.1/transforms/9d496dbec004cf75f96373882adecb47/transformed/jetified-savedstate-ktx-1.3.3-runtime because:
2026-04-25T03:16:00.9687961Z   Caching not enabled.
2026-04-25T03:16:00.9689101Z Caching disabled for IdentityTransform: /home/runner/.gradle/caches/8.11.1/transforms/c33f0fd21bcf13ede1579f5ad44df459/transformed/jetified-savedstate-compose-runtime.jar because:
2026-04-25T03:16:00.9690330Z   Caching not enabled.
2026-04-25T03:16:00.9691153Z Transforming savedstate-compose.aar (androidx.savedstate:savedstate-compose-android:1.3.3) with DexingNoClasspathTransform
2026-04-25T03:16:00.9693339Z Build cache key for DexingNoClasspathTransform: /home/runner/.gradle/caches/8.11.1/transforms/c33f0fd21bcf13ede1579f5ad44df459/transformed/jetified-savedstate-compose-runtime.jar is dd836a7e97c5a690756f1e3c36fbd47a
2026-04-25T03:16:00.9695689Z Running dexing transform non-incrementally for '/home/runner/.gradle/caches/8.11.1/transforms/c33f0fd21bcf13ede1579f5ad44df459/transformed/jetified-savedstate-compose-runtime.jar'
2026-04-25T03:16:00.9698053Z Stored cache entry for DexingNoClasspathTransform: /home/runner/.gradle/caches/8.11.1/transforms/c33f0fd21bcf13ede1579f5ad44df459/transformed/jetified-savedstate-compose-runtime.jar with cache key dd836a7e97c5a690756f1e3c36fbd47a
2026-04-25T03:16:00.9700128Z Transforming savedstate-compose.aar (androidx.savedstate:savedstate-compose-android:1.3.3) with DexingOutputSplitTransform
2026-04-25T03:16:00.9701990Z Caching disabled for DexingOutputSplitTransform: /home/runner/.gradle/caches/8.11.1/transforms/e776907607906b2c6efc974d6f4c3d71/transformed/jetified-savedstate-compose-runtime because:
2026-04-25T03:16:00.9703208Z   Caching not enabled.
2026-04-25T03:16:00.9704221Z Caching disabled for IdentityTransform: /home/runner/.gradle/caches/8.11.1/transforms/31ff9d7015450c2de1150bf6060c418d/transformed/jetified-runtime-runtime.jar because:
2026-04-25T03:16:00.9705310Z   Caching not enabled.
2026-04-25T03:16:00.9705994Z Transforming runtime.aar (androidx.compose.runtime:runtime-android:1.9.2) with DexingNoClasspathTransform
2026-04-25T03:16:00.9707699Z Build cache key for DexingNoClasspathTransform: /home/runner/.gradle/caches/8.11.1/transforms/31ff9d7015450c2de1150bf6060c418d/transformed/jetified-runtime-runtime.jar is 884e3de160600a2c1a9c2dfd6bf7ecd5
2026-04-25T03:16:00.9709723Z Running dexing transform non-incrementally for '/home/runner/.gradle/caches/8.11.1/transforms/31ff9d7015450c2de1150bf6060c418d/transformed/jetified-runtime-runtime.jar'
2026-04-25T03:16:01.4093785Z Stored cache entry for DexingNoClasspathTransform: /home/runner/.gradle/caches/8.11.1/transforms/71e3e6bf26d551ca1fee5b46b4f8904d/transformed/jetified-savedstate-release-runtime.jar with cache key 4e73ca9727552e8180c4318d72a4cb7c
2026-04-25T03:16:01.4102876Z Transforming savedstate-release.aar (androidx.savedstate:savedstate-android:1.3.3) with DexingOutputSplitTransform
2026-04-25T03:16:01.4154209Z Caching disabled for DexingOutputSplitTransform: /home/runner/.gradle/caches/8.11.1/transforms/6402381cfb56aee70698098adc1e92c5/transformed/jetified-savedstate-release-runtime because:
2026-04-25T03:16:01.4162093Z   Caching not enabled.
2026-04-25T03:16:01.4195041Z Caching disabled for IdentityTransform: /home/runner/.gradle/caches/8.11.1/transforms/a7c475e39bcacc19c40dd9ff1986912f/transformed/jetified-runtime-saveable-runtime.jar because:
2026-04-25T03:16:01.4212023Z   Caching not enabled.
2026-04-25T03:16:01.4242932Z Transforming runtime-saveable.aar (androidx.compose.runtime:runtime-saveable-android:1.9.2) with DexingNoClasspathTransform
2026-04-25T03:16:01.4253077Z Build cache key for DexingNoClasspathTransform: /home/runner/.gradle/caches/8.11.1/transforms/a7c475e39bcacc19c40dd9ff1986912f/transformed/jetified-runtime-saveable-runtime.jar is 6c73d0840b7cd3c55025d59402ee6e63
2026-04-25T03:16:01.4292808Z Running dexing transform non-incrementally for '/home/runner/.gradle/caches/8.11.1/transforms/a7c475e39bcacc19c40dd9ff1986912f/transformed/jetified-runtime-saveable-runtime.jar'
2026-04-25T03:16:01.5083840Z Stored cache entry for DexingNoClasspathTransform: /home/runner/.gradle/caches/8.11.1/transforms/a7c475e39bcacc19c40dd9ff1986912f/transformed/jetified-runtime-saveable-runtime.jar with cache key 6c73d0840b7cd3c55025d59402ee6e63
2026-04-25T03:16:01.5092654Z Transforming runtime-saveable.aar (androidx.compose.runtime:runtime-saveable-android:1.9.2) with DexingOutputSplitTransform
2026-04-25T03:16:01.5123144Z Caching disabled for DexingOutputSplitTransform: /home/runner/.gradle/caches/8.11.1/transforms/2f476482b288cf75b70a420a3c98ee57/transformed/jetified-runtime-saveable-runtime because:
2026-04-25T03:16:01.5152496Z   Caching not enabled.
2026-04-25T03:16:01.5183201Z Caching disabled for IdentityTransform: /home/runner/.gradle/caches/8.11.1/transforms/13a16a641cc17946ad4b7925162eb555/transformed/jetified-lifecycle-runtime-compose-release-runtime.jar because:
2026-04-25T03:16:01.5202099Z   Caching not enabled.
2026-04-25T03:16:01.5212764Z Transforming lifecycle-runtime-compose-release.aar (androidx.lifecycle:lifecycle-runtime-compose-android:2.9.4) with DexingNoClasspathTransform
2026-04-25T03:16:01.5243313Z Build cache key for DexingNoClasspathTransform: /home/runner/.gradle/caches/8.11.1/transforms/13a16a641cc17946ad4b7925162eb555/transformed/jetified-lifecycle-runtime-compose-release-runtime.jar is 03db31e7bb4696f12e400f14644964a6
2026-04-25T03:16:01.5273047Z Running dexing transform non-incrementally for '/home/runner/.gradle/caches/8.11.1/transforms/13a16a641cc17946ad4b7925162eb555/transformed/jetified-lifecycle-runtime-compose-release-runtime.jar'
2026-04-25T03:16:01.7111845Z Stored cache entry for DexingNoClasspathTransform: /home/runner/.gradle/caches/8.11.1/transforms/13a16a641cc17946ad4b7925162eb555/transformed/jetified-lifecycle-runtime-compose-release-runtime.jar with cache key 03db31e7bb4696f12e400f14644964a6
2026-04-25T03:16:01.7114551Z Transforming lifecycle-runtime-compose-release.aar (androidx.lifecycle:lifecycle-runtime-compose-android:2.9.4) with DexingOutputSplitTransform
2026-04-25T03:16:01.7143148Z Caching disabled for DexingOutputSplitTransform: /home/runner/.gradle/caches/8.11.1/transforms/c926417ddb279e2f89ce86513d998645/transformed/jetified-lifecycle-runtime-compose-release-runtime because:
2026-04-25T03:16:01.7172297Z   Caching not enabled.
2026-04-25T03:16:01.7183264Z Caching disabled for IdentityTransform: /home/runner/.gradle/caches/8.11.1/transforms/f5a9d0a365d3342f694de6c385dd7320/transformed/jetified-lifecycle-runtime-release-runtime.jar because:
2026-04-25T03:16:01.7202085Z   Caching not enabled.
2026-04-25T03:16:01.7232667Z Transforming lifecycle-runtime-release.aar (androidx.lifecycle:lifecycle-runtime-android:2.9.4) with DexingNoClasspathTransform
2026-04-25T03:16:01.7263413Z Build cache key for DexingNoClasspathTransform: /home/runner/.gradle/caches/8.11.1/transforms/f5a9d0a365d3342f694de6c385dd7320/transformed/jetified-lifecycle-runtime-release-runtime.jar is b9fc5c915e1ce847679affde98c2ef66
2026-04-25T03:16:01.7284020Z Running dexing transform non-incrementally for '/home/runner/.gradle/caches/8.11.1/transforms/f5a9d0a365d3342f694de6c385dd7320/transformed/jetified-lifecycle-runtime-release-runtime.jar'
2026-04-25T03:16:01.8098784Z Stored cache entry for DexingNoClasspathTransform: /home/runner/.gradle/caches/8.11.1/transforms/f5a9d0a365d3342f694de6c385dd7320/transformed/jetified-lifecycle-runtime-release-runtime.jar with cache key b9fc5c915e1ce847679affde98c2ef66
2026-04-25T03:16:01.8132824Z Transforming lifecycle-runtime-release.aar (androidx.lifecycle:lifecycle-runtime-android:2.9.4) with DexingOutputSplitTransform
2026-04-25T03:16:01.8163212Z Caching disabled for DexingOutputSplitTransform: /home/runner/.gradle/caches/8.11.1/transforms/84257992d1973e9706766d2b0deb8a57/transformed/jetified-lifecycle-runtime-release-runtime because:
2026-04-25T03:16:01.8192013Z   Caching not enabled.
2026-04-25T03:16:01.8223287Z Build cache key for DexingNoClasspathTransform: /home/runner/.gradle/caches/8.11.1/transforms/ba972cd8aefa78e10f3ac529ba5cf210/transformed/jetified-lifecycle-common-jvm-2.9.4.jar is c8a16483a7ed74f7649be10b53294ea3
2026-04-25T03:16:01.8253172Z Running dexing transform non-incrementally for '/home/runner/.gradle/caches/8.11.1/transforms/ba972cd8aefa78e10f3ac529ba5cf210/transformed/jetified-lifecycle-common-jvm-2.9.4.jar'
2026-04-25T03:16:01.9099938Z Stored cache entry for DexingNoClasspathTransform: /home/runner/.gradle/caches/8.11.1/transforms/ba972cd8aefa78e10f3ac529ba5cf210/transformed/jetified-lifecycle-common-jvm-2.9.4.jar with cache key c8a16483a7ed74f7649be10b53294ea3
2026-04-25T03:16:01.9102377Z Transforming lifecycle-common-jvm-2.9.4.jar (androidx.lifecycle:lifecycle-common-jvm:2.9.4) with DexingOutputSplitTransform
2026-04-25T03:16:01.9176925Z Caching disabled for DexingOutputSplitTransform: /home/runner/.gradle/caches/8.11.1/transforms/92f4729342b9125ce4fe7336bf51436e/transformed/jetified-lifecycle-common-jvm-2.9.4 because:
2026-04-25T03:16:01.9220481Z   Caching not enabled.
2026-04-25T03:16:01.9221912Z Caching disabled for IdentityTransform: /home/runner/.gradle/caches/8.11.1/transforms/cd5cf6bf19f52e5498d19cbeb89a4511/transformed/jetified-lifecycle-viewmodel-savedstate-release-runtime.jar because:
2026-04-25T03:16:01.9224044Z   Caching not enabled.
2026-04-25T03:16:01.9225221Z Transforming lifecycle-viewmodel-savedstate-release.aar (androidx.lifecycle:lifecycle-viewmodel-savedstate-android:2.9.4) with DexingNoClasspathTransform
2026-04-25T03:16:01.9227799Z Build cache key for DexingNoClasspathTransform: /home/runner/.gradle/caches/8.11.1/transforms/cd5cf6bf19f52e5498d19cbeb89a4511/transformed/jetified-lifecycle-viewmodel-savedstate-release-runtime.jar is cc9e8ca9dbae12012e0eda7d5d42287c
2026-04-25T03:16:01.9230186Z Running dexing transform non-incrementally for '/home/runner/.gradle/caches/8.11.1/transforms/cd5cf6bf19f52e5498d19cbeb89a4511/transformed/jetified-lifecycle-viewmodel-savedstate-release-runtime.jar'
2026-04-25T03:16:01.9232593Z Stored cache entry for DexingNoClasspathTransform: /home/runner/.gradle/caches/8.11.1/transforms/12cb93c89e37dfe1a8aec50d86949224/transformed/jetified-ui-release-runtime.jar with cache key c35cad464f4b057df6acbd9f5b7d26d0
2026-04-25T03:16:01.9235060Z Caching disabled for DexingOutputSplitTransform: /home/runner/.gradle/caches/8.11.1/transforms/95b3536e99c8ba2ec6a149ed4ed37288/transformed/jetified-lifecycle-viewmodel-ktx-2.9.4-runtime because:
2026-04-25T03:16:01.9236438Z   Caching not enabled.
2026-04-25T03:16:01.9237090Z Transforming ui-release.aar (androidx.compose.ui:ui-android:1.9.2) with DexingOutputSplitTransform
2026-04-25T03:16:01.9238656Z Caching disabled for DexingOutputSplitTransform: /home/runner/.gradle/caches/8.11.1/transforms/b6af708afa35e0be8dad5171feb1dbc2/transformed/jetified-ui-release-runtime because:
2026-04-25T03:16:01.9239825Z   Caching not enabled.
2026-04-25T03:16:01.9240996Z Caching disabled for IdentityTransform: /home/runner/.gradle/caches/8.11.1/transforms/63ae5062943bd3d9febfec8d571e7220/transformed/jetified-customview-poolingcontainer-1.0.0-runtime.jar because:
2026-04-25T03:16:01.9242753Z   Caching not enabled.
2026-04-25T03:16:01.9243623Z Transforming customview-poolingcontainer-1.0.0.aar (androidx.customview:customview-poolingcontainer:1.0.0) with DexingNoClasspathTransform
2026-04-25T03:16:01.9246028Z Build cache key for DexingNoClasspathTransform: /home/runner/.gradle/caches/8.11.1/transforms/63ae5062943bd3d9febfec8d571e7220/transformed/jetified-customview-poolingcontainer-1.0.0-runtime.jar is 8056b5e558697c3bd0f755868b54f753
2026-04-25T03:16:01.9248580Z Running dexing transform non-incrementally for '/home/runner/.gradle/caches/8.11.1/transforms/63ae5062943bd3d9febfec8d571e7220/transformed/jetified-customview-poolingcontainer-1.0.0-runtime.jar'
2026-04-25T03:16:01.9250759Z Caching disabled for IdentityTransform: /home/runner/.gradle/caches/8.11.1/transforms/930829849183c1253929038a83ed1014/transformed/jetified-core-ktx-1.18.0-runtime.jar because:
2026-04-25T03:16:01.9312350Z   Caching not enabled.
2026-04-25T03:16:02.0133261Z Transforming core-ktx-1.18.0.aar (androidx.core:core-ktx:1.18.0) with DexingNoClasspathTransform
2026-04-25T03:16:02.0223448Z Build cache key for DexingNoClasspathTransform: /home/runner/.gradle/caches/8.11.1/transforms/930829849183c1253929038a83ed1014/transformed/jetified-core-ktx-1.18.0-runtime.jar is 0999c12d5fdbce3efbe4e6f3553a9d82
2026-04-25T03:16:02.0273137Z Running dexing transform non-incrementally for '/home/runner/.gradle/caches/8.11.1/transforms/930829849183c1253929038a83ed1014/transformed/jetified-core-ktx-1.18.0-runtime.jar'
2026-04-25T03:16:02.0332208Z Stored cache entry for DexingNoClasspathTransform: /home/runner/.gradle/caches/8.11.1/transforms/63ae5062943bd3d9febfec8d571e7220/transformed/jetified-customview-poolingcontainer-1.0.0-runtime.jar with cache key 8056b5e558697c3bd0f755868b54f753
2026-04-25T03:16:02.0353008Z Transforming customview-poolingcontainer-1.0.0.aar (androidx.customview:customview-poolingcontainer:1.0.0) with DexingOutputSplitTransform
2026-04-25T03:16:02.0383544Z Caching disabled for DexingOutputSplitTransform: /home/runner/.gradle/caches/8.11.1/transforms/6da21ff6fc86ce736712622d741a1120/transformed/jetified-customview-poolingcontainer-1.0.0-runtime because:
2026-04-25T03:16:02.0442152Z   Caching not enabled.
2026-04-25T03:16:02.0503537Z Build cache key for DexingNoClasspathTransform: /home/runner/.gradle/caches/8.11.1/transforms/b4d59bb185208f42b463dd709eb84325/transformed/jetified-room3-common-jvm-3.0.0-alpha03.jar is fda8503b6c8ac9234b42aac75dbc1f4e
2026-04-25T03:16:02.0532906Z Running dexing transform non-incrementally for '/home/runner/.gradle/caches/8.11.1/transforms/b4d59bb185208f42b463dd709eb84325/transformed/jetified-room3-common-jvm-3.0.0-alpha03.jar'
2026-04-25T03:16:02.1095717Z Stored cache entry for DexingNoClasspathTransform: /home/runner/.gradle/caches/8.11.1/transforms/cd5cf6bf19f52e5498d19cbeb89a4511/transformed/jetified-lifecycle-viewmodel-savedstate-release-runtime.jar with cache key cc9e8ca9dbae12012e0eda7d5d42287c
2026-04-25T03:16:02.1123255Z Transforming lifecycle-viewmodel-savedstate-release.aar (androidx.lifecycle:lifecycle-viewmodel-savedstate-android:2.9.4) with DexingOutputSplitTransform
2026-04-25T03:16:02.1135425Z Caching disabled for DexingOutputSplitTransform: /home/runner/.gradle/caches/8.11.1/transforms/87b350af037ce89032deb17ef804054f/transformed/jetified-lifecycle-viewmodel-savedstate-release-runtime because:
2026-04-25T03:16:02.1162245Z   Caching not enabled.
2026-04-25T03:16:02.1195440Z Caching disabled for IdentityTransform: /home/runner/.gradle/caches/8.11.1/transforms/ac3e9f9005ece5a461a041d16a8f4a52/transformed/jetified-room3-runtime-runtime.jar because:
2026-04-25T03:16:02.1224816Z   Caching not enabled.
2026-04-25T03:16:02.1415330Z Transforming room3-runtime.aar (androidx.room3:room3-runtime-android:3.0.0-alpha03) with DexingNoClasspathTransform
2026-04-25T03:16:02.1430405Z Build cache key for DexingNoClasspathTransform: /home/runner/.gradle/caches/8.11.1/transforms/ac3e9f9005ece5a461a041d16a8f4a52/transformed/jetified-room3-runtime-runtime.jar is 51ab1b10236b2c468123f1523f7d7f45
2026-04-25T03:16:02.1442986Z Running dexing transform non-incrementally for '/home/runner/.gradle/caches/8.11.1/transforms/ac3e9f9005ece5a461a041d16a8f4a52/transformed/jetified-room3-runtime-runtime.jar'
2026-04-25T03:16:02.2104770Z Stored cache entry for DexingNoClasspathTransform: /home/runner/.gradle/caches/8.11.1/transforms/b4d59bb185208f42b463dd709eb84325/transformed/jetified-room3-common-jvm-3.0.0-alpha03.jar with cache key fda8503b6c8ac9234b42aac75dbc1f4e
2026-04-25T03:16:02.2112744Z Transforming room3-common-jvm-3.0.0-alpha03.jar (androidx.room3:room3-common-jvm:3.0.0-alpha03) with DexingOutputSplitTransform
2026-04-25T03:16:02.2153099Z Caching disabled for DexingOutputSplitTransform: /home/runner/.gradle/caches/8.11.1/transforms/f00ab11c00d9c08984bbd7ce71089580/transformed/jetified-room3-common-jvm-3.0.0-alpha03 because:
2026-04-25T03:16:02.2162360Z   Caching not enabled.
2026-04-25T03:16:02.2190482Z Caching disabled for IdentityTransform: /home/runner/.gradle/caches/8.11.1/transforms/e5eff31b8fbdb822960e1f95b9f597c6/transformed/jetified-core-viewtree-1.0.0-runtime.jar because:
2026-04-25T03:16:02.2202171Z   Caching not enabled.
2026-04-25T03:16:02.2242605Z Transforming core-viewtree-1.0.0.aar (androidx.core:core-viewtree:1.0.0) with DexingNoClasspathTransform
2026-04-25T03:16:02.2263251Z Build cache key for DexingNoClasspathTransform: /home/runner/.gradle/caches/8.11.1/transforms/e5eff31b8fbdb822960e1f95b9f597c6/transformed/jetified-core-viewtree-1.0.0-runtime.jar is aa30175dad86114f3c27f6906d434310
2026-04-25T03:16:02.2293075Z Running dexing transform non-incrementally for '/home/runner/.gradle/caches/8.11.1/transforms/e5eff31b8fbdb822960e1f95b9f597c6/transformed/jetified-core-viewtree-1.0.0-runtime.jar'
2026-04-25T03:16:02.2303468Z Stored cache entry for DexingNoClasspathTransform: /home/runner/.gradle/caches/8.11.1/transforms/e5eff31b8fbdb822960e1f95b9f597c6/transformed/jetified-core-viewtree-1.0.0-runtime.jar with cache key aa30175dad86114f3c27f6906d434310
2026-04-25T03:16:02.2332665Z Transforming core-viewtree-1.0.0.aar (androidx.core:core-viewtree:1.0.0) with DexingOutputSplitTransform
2026-04-25T03:16:02.2363097Z Caching disabled for DexingOutputSplitTransform: /home/runner/.gradle/caches/8.11.1/transforms/9b3a5e0b458caa8410a01b54c3b3e9c1/transformed/jetified-core-viewtree-1.0.0-runtime because:
2026-04-25T03:16:02.2378065Z   Caching not enabled.
2026-04-25T03:16:02.2413227Z Build cache key for DexingNoClasspathTransform: /home/runner/.gradle/caches/8.11.1/transforms/814d3c340eff4679ec20eb79a8308d2f/transformed/jetified-kotlinx-coroutines-android-1.9.0.jar is fd571052e822da490ea8495c17ec9988
2026-04-25T03:16:02.2423220Z Running dexing transform non-incrementally for '/home/runner/.gradle/caches/8.11.1/transforms/814d3c340eff4679ec20eb79a8308d2f/transformed/jetified-kotlinx-coroutines-android-1.9.0.jar'
2026-04-25T03:16:02.3113724Z Stored cache entry for DexingNoClasspathTransform: /home/runner/.gradle/caches/8.11.1/transforms/814d3c340eff4679ec20eb79a8308d2f/transformed/jetified-kotlinx-coroutines-android-1.9.0.jar with cache key fd571052e822da490ea8495c17ec9988
2026-04-25T03:16:02.3142775Z Transforming kotlinx-coroutines-android-1.9.0.jar (org.jetbrains.kotlinx:kotlinx-coroutines-android:1.9.0) with DexingOutputSplitTransform
2026-04-25T03:16:02.3145013Z Caching disabled for DexingOutputSplitTransform: /home/runner/.gradle/caches/8.11.1/transforms/1486e55ddca55a54fa88bac454201713/transformed/jetified-kotlinx-coroutines-android-1.9.0 because:
2026-04-25T03:16:02.3172238Z   Caching not enabled.
2026-04-25T03:16:02.3202255Z Build cache key for DexingNoClasspathTransform: /home/runner/.gradle/caches/8.11.1/transforms/22b22ee9503eac1fabcf30289204d3b3/transformed/jetified-kotlinx-coroutines-core-jvm-1.9.0.jar is 1d33465d32e69ae5981e3608ee996cff
2026-04-25T03:16:02.3204941Z Running dexing transform non-incrementally for '/home/runner/.gradle/caches/8.11.1/transforms/22b22ee9503eac1fabcf30289204d3b3/transformed/jetified-kotlinx-coroutines-core-jvm-1.9.0.jar'
2026-04-25T03:16:02.7087033Z Stored cache entry for DexingNoClasspathTransform: /home/runner/.gradle/caches/8.11.1/transforms/930829849183c1253929038a83ed1014/transformed/jetified-core-ktx-1.18.0-runtime.jar with cache key 0999c12d5fdbce3efbe4e6f3553a9d82
2026-04-25T03:16:02.7103234Z Transforming core-ktx-1.18.0.aar (androidx.core:core-ktx:1.18.0) with DexingOutputSplitTransform
2026-04-25T03:16:02.7127350Z Caching disabled for DexingOutputSplitTransform: /home/runner/.gradle/caches/8.11.1/transforms/99aa339763e527b1733f636b90681f81/transformed/jetified-core-ktx-1.18.0-runtime because:
2026-04-25T03:16:02.7152296Z   Caching not enabled.
2026-04-25T03:16:02.7154537Z Caching disabled for IdentityTransform: /home/runner/.gradle/caches/8.11.1/transforms/15258964302b6ea7e0e15718625f749c/transformed/jetified-annotation-experimental-1.5.0-runtime.jar because:
2026-04-25T03:16:02.7182446Z   Caching not enabled.
2026-04-25T03:16:02.7209899Z Transforming annotation-experimental-1.5.0.aar (androidx.annotation:annotation-experimental:1.5.0) with DexingNoClasspathTransform
2026-04-25T03:16:02.7243234Z Build cache key for DexingNoClasspathTransform: /home/runner/.gradle/caches/8.11.1/transforms/15258964302b6ea7e0e15718625f749c/transformed/jetified-annotation-experimental-1.5.0-runtime.jar is bf495f37c172326f30d9744eb3ce2fa7
2026-04-25T03:16:02.7273157Z Running dexing transform non-incrementally for '/home/runner/.gradle/caches/8.11.1/transforms/15258964302b6ea7e0e15718625f749c/transformed/jetified-annotation-experimental-1.5.0-runtime.jar'
2026-04-25T03:16:02.8093872Z Stored cache entry for DexingNoClasspathTransform: /home/runner/.gradle/caches/8.11.1/transforms/15258964302b6ea7e0e15718625f749c/transformed/jetified-annotation-experimental-1.5.0-runtime.jar with cache key bf495f37c172326f30d9744eb3ce2fa7
2026-04-25T03:16:02.8125407Z Transforming annotation-experimental-1.5.0.aar (androidx.annotation:annotation-experimental:1.5.0) with DexingOutputSplitTransform
2026-04-25T03:16:02.8136092Z Caching disabled for DexingOutputSplitTransform: /home/runner/.gradle/caches/8.11.1/transforms/a20af5a4c8e7a903c27af305018c6cd8/transformed/jetified-annotation-experimental-1.5.0-runtime because:
2026-04-25T03:16:02.8152149Z   Caching not enabled.
2026-04-25T03:16:02.8183118Z Caching disabled for IdentityTransform: /home/runner/.gradle/caches/8.11.1/transforms/f7a223fbf08d68a06893d365f4b64937/transformed/jetified-profileinstaller-1.4.0-runtime.jar because:
2026-04-25T03:16:02.8208993Z   Caching not enabled.
2026-04-25T03:16:02.8232861Z Transforming profileinstaller-1.4.0.aar (androidx.profileinstaller:profileinstaller:1.4.0) with DexingNoClasspathTransform
2026-04-25T03:16:02.8263311Z Build cache key for DexingNoClasspathTransform: /home/runner/.gradle/caches/8.11.1/transforms/f7a223fbf08d68a06893d365f4b64937/transformed/jetified-profileinstaller-1.4.0-runtime.jar is 108aff6a16756779a30cf93c98c46888
2026-04-25T03:16:02.8292986Z Running dexing transform non-incrementally for '/home/runner/.gradle/caches/8.11.1/transforms/f7a223fbf08d68a06893d365f4b64937/transformed/jetified-profileinstaller-1.4.0-runtime.jar'
2026-04-25T03:16:02.9093766Z Stored cache entry for DexingNoClasspathTransform: /home/runner/.gradle/caches/8.11.1/transforms/f7a223fbf08d68a06893d365f4b64937/transformed/jetified-profileinstaller-1.4.0-runtime.jar with cache key 108aff6a16756779a30cf93c98c46888
2026-04-25T03:16:02.9142902Z Transforming profileinstaller-1.4.0.aar (androidx.profileinstaller:profileinstaller:1.4.0) with DexingOutputSplitTransform
2026-04-25T03:16:02.9183155Z Caching disabled for DexingOutputSplitTransform: /home/runner/.gradle/caches/8.11.1/transforms/5cd80535eee4c4c4321e9b40fb6695b3/transformed/jetified-profileinstaller-1.4.0-runtime because:
2026-04-25T03:16:02.9202165Z   Caching not enabled.
2026-04-25T03:16:02.9263111Z Caching disabled for IdentityTransform: /home/runner/.gradle/caches/8.11.1/transforms/2aa37f0dab75c1ddb712e2857f366b33/transformed/jetified-startup-runtime-1.1.1-runtime.jar because:
2026-04-25T03:16:02.9282619Z   Caching not enabled.
2026-04-25T03:16:02.9292542Z Transforming startup-runtime-1.1.1.aar (androidx.startup:startup-runtime:1.1.1) with DexingNoClasspathTransform
2026-04-25T03:16:02.9323215Z Build cache key for DexingNoClasspathTransform: /home/runner/.gradle/caches/8.11.1/transforms/2aa37f0dab75c1ddb712e2857f366b33/transformed/jetified-startup-runtime-1.1.1-runtime.jar is f637351a53183ac7573b53392602c38b
2026-04-25T03:16:02.9383445Z Running dexing transform non-incrementally for '/home/runner/.gradle/caches/8.11.1/transforms/2aa37f0dab75c1ddb712e2857f366b33/transformed/jetified-startup-runtime-1.1.1-runtime.jar'
2026-04-25T03:16:03.0123930Z Stored cache entry for DexingNoClasspathTransform: /home/runner/.gradle/caches/8.11.1/transforms/2aa37f0dab75c1ddb712e2857f366b33/transformed/jetified-startup-runtime-1.1.1-runtime.jar with cache key f637351a53183ac7573b53392602c38b
2026-04-25T03:16:03.0152874Z Transforming startup-runtime-1.1.1.aar (androidx.startup:startup-runtime:1.1.1) with DexingOutputSplitTransform
2026-04-25T03:16:03.0179061Z Caching disabled for DexingOutputSplitTransform: /home/runner/.gradle/caches/8.11.1/transforms/7ac6049af55f7ed60acf0f60c5166bca/transformed/jetified-startup-runtime-1.1.1-runtime because:
2026-04-25T03:16:03.0202121Z   Caching not enabled.
2026-04-25T03:16:03.0253101Z Caching disabled for IdentityTransform: /home/runner/.gradle/caches/8.11.1/transforms/875547ab98f67fde1b9f4aa59184e898/transformed/jetified-tracing-1.2.0-runtime.jar because:
2026-04-25T03:16:03.0262032Z   Caching not enabled.
2026-04-25T03:16:03.0262714Z Transforming tracing-1.2.0.aar (androidx.tracing:tracing:1.2.0) with DexingNoClasspathTransform
2026-04-25T03:16:03.0264467Z Build cache key for DexingNoClasspathTransform: /home/runner/.gradle/caches/8.11.1/transforms/875547ab98f67fde1b9f4aa59184e898/transformed/jetified-tracing-1.2.0-runtime.jar is 3a117108363e381361b095203992e8c5
2026-04-25T03:16:03.0266599Z Running dexing transform non-incrementally for '/home/runner/.gradle/caches/8.11.1/transforms/875547ab98f67fde1b9f4aa59184e898/transformed/jetified-tracing-1.2.0-runtime.jar'
2026-04-25T03:16:03.0268790Z Stored cache entry for DexingNoClasspathTransform: /home/runner/.gradle/caches/8.11.1/transforms/875547ab98f67fde1b9f4aa59184e898/transformed/jetified-tracing-1.2.0-runtime.jar with cache key 3a117108363e381361b095203992e8c5
2026-04-25T03:16:03.0270597Z Transforming tracing-1.2.0.aar (androidx.tracing:tracing:1.2.0) with DexingOutputSplitTransform
2026-04-25T03:16:03.0272411Z Caching disabled for DexingOutputSplitTransform: /home/runner/.gradle/caches/8.11.1/transforms/823dd08c5af7fc39e836c567916d4f6d/transformed/jetified-tracing-1.2.0-runtime because:
2026-04-25T03:16:03.0273649Z   Caching not enabled.
2026-04-25T03:16:03.0274752Z Caching disabled for IdentityTransform: /home/runner/.gradle/caches/8.11.1/transforms/123cdb90cc1556861bd9cd2f6d7c9e2f/transformed/interpolator-1.0.0-runtime.jar because:
2026-04-25T03:16:03.0275914Z   Caching not enabled.
2026-04-25T03:16:03.0276662Z Transforming interpolator-1.0.0.aar (androidx.interpolator:interpolator:1.0.0) with DexingNoClasspathTransform
2026-04-25T03:16:03.0278995Z Build cache key for DexingNoClasspathTransform: /home/runner/.gradle/caches/8.11.1/transforms/123cdb90cc1556861bd9cd2f6d7c9e2f/transformed/interpolator-1.0.0-runtime.jar is d1648516c4bb745453af6e8e2cb38d9c
2026-04-25T03:16:03.0281478Z Running dexing transform non-incrementally for '/home/runner/.gradle/caches/8.11.1/transforms/123cdb90cc1556861bd9cd2f6d7c9e2f/transformed/interpolator-1.0.0-runtime.jar'
2026-04-25T03:16:03.1080473Z Stored cache entry for DexingNoClasspathTransform: /home/runner/.gradle/caches/8.11.1/transforms/123cdb90cc1556861bd9cd2f6d7c9e2f/transformed/interpolator-1.0.0-runtime.jar with cache key d1648516c4bb745453af6e8e2cb38d9c
2026-04-25T03:16:03.1102678Z Transforming interpolator-1.0.0.aar (androidx.interpolator:interpolator:1.0.0) with DexingOutputSplitTransform
2026-04-25T03:16:03.1104448Z Caching disabled for DexingOutputSplitTransform: /home/runner/.gradle/caches/8.11.1/transforms/e8cc2f84e826c2545546784eebb10394/transformed/interpolator-1.0.0-runtime because:
2026-04-25T03:16:03.1106235Z   Caching not enabled.
2026-04-25T03:16:03.1107443Z Caching disabled for IdentityTransform: /home/runner/.gradle/caches/8.11.1/transforms/4e4d18a86a76f51d7dbe637e0d253b1b/transformed/versionedparcelable-1.1.1-runtime.jar because:
2026-04-25T03:16:03.1108690Z   Caching not enabled.
2026-04-25T03:16:03.1109845Z Transforming versionedparcelable-1.1.1.aar (androidx.versionedparcelable:versionedparcelable:1.1.1) with DexingNoClasspathTransform
2026-04-25T03:16:03.1112121Z Build cache key for DexingNoClasspathTransform: /home/runner/.gradle/caches/8.11.1/transforms/4e4d18a86a76f51d7dbe637e0d253b1b/transformed/versionedparcelable-1.1.1-runtime.jar is 9da753d011c8b084f5dde73ab66d2aae
2026-04-25T03:16:03.1114499Z Running dexing transform non-incrementally for '/home/runner/.gradle/caches/8.11.1/transforms/4e4d18a86a76f51d7dbe637e0d253b1b/transformed/versionedparcelable-1.1.1-runtime.jar'
2026-04-25T03:16:03.3080351Z Stored cache entry for DexingNoClasspathTransform: /home/runner/.gradle/caches/8.11.1/transforms/4e4d18a86a76f51d7dbe637e0d253b1b/transformed/versionedparcelable-1.1.1-runtime.jar with cache key 9da753d011c8b084f5dde73ab66d2aae
2026-04-25T03:16:03.3112255Z Transforming versionedparcelable-1.1.1.aar (androidx.versionedparcelable:versionedparcelable:1.1.1) with DexingOutputSplitTransform
2026-04-25T03:16:03.3143451Z Caching disabled for DexingOutputSplitTransform: /home/runner/.gradle/caches/8.11.1/transforms/8e08dd99b9e9a1e9e35c63f64a7fa961/transformed/versionedparcelable-1.1.1-runtime because:
2026-04-25T03:16:03.3155385Z   Caching not enabled.
2026-04-25T03:16:03.3184399Z Build cache key for DexingNoClasspathTransform: /home/runner/.gradle/caches/8.11.1/transforms/27cbcd3bd5612ff336f9581be3021e8e/transformed/jetified-concurrent-futures-1.1.0.jar is d85db5505041a5061439b19cc97f31de
2026-04-25T03:16:03.3225103Z Running dexing transform non-incrementally for '/home/runner/.gradle/caches/8.11.1/transforms/27cbcd3bd5612ff336f9581be3021e8e/transformed/jetified-concurrent-futures-1.1.0.jar'
2026-04-25T03:16:03.4079958Z Stored cache entry for DexingNoClasspathTransform: /home/runner/.gradle/caches/8.11.1/transforms/27cbcd3bd5612ff336f9581be3021e8e/transformed/jetified-concurrent-futures-1.1.0.jar with cache key d85db5505041a5061439b19cc97f31de
2026-04-25T03:16:03.4112810Z Transforming concurrent-futures-1.1.0.jar (androidx.concurrent:concurrent-futures:1.1.0) with DexingOutputSplitTransform
2026-04-25T03:16:03.4123104Z Caching disabled for DexingOutputSplitTransform: /home/runner/.gradle/caches/8.11.1/transforms/4dccb3604a10e033fe627fdf2e46e2cc/transformed/jetified-concurrent-futures-1.1.0 because:
2026-04-25T03:16:03.4142132Z   Caching not enabled.
2026-04-25T03:16:03.4172993Z Caching disabled for IdentityTransform: /home/runner/.gradle/caches/8.11.1/transforms/824d268f103d3611216e9001501ac1eb/transformed/core-runtime-2.2.0-runtime.jar because:
2026-04-25T03:16:03.4181994Z   Caching not enabled.
2026-04-25T03:16:03.4212405Z Transforming core-runtime-2.2.0.aar (androidx.arch.core:core-runtime:2.2.0) with DexingNoClasspathTransform
2026-04-25T03:16:03.4232994Z Build cache key for DexingNoClasspathTransform: /home/runner/.gradle/caches/8.11.1/transforms/824d268f103d3611216e9001501ac1eb/transformed/core-runtime-2.2.0-runtime.jar is bd939eaf12e68d62b61a31aa9fbd7801
2026-04-25T03:16:03.4262844Z Running dexing transform non-incrementally for '/home/runner/.gradle/caches/8.11.1/transforms/824d268f103d3611216e9001501ac1eb/transformed/core-runtime-2.2.0-runtime.jar'
2026-04-25T03:16:03.4273095Z Stored cache entry for DexingNoClasspathTransform: /home/runner/.gradle/caches/8.11.1/transforms/824d268f103d3611216e9001501ac1eb/transformed/core-runtime-2.2.0-runtime.jar with cache key bd939eaf12e68d62b61a31aa9fbd7801
2026-04-25T03:16:03.4302460Z Transforming core-runtime-2.2.0.aar (androidx.arch.core:core-runtime:2.2.0) with DexingOutputSplitTransform
2026-04-25T03:16:03.4322901Z Caching disabled for DexingOutputSplitTransform: /home/runner/.gradle/caches/8.11.1/transforms/4315395d87a23fd9a3bbf38136afa242/transformed/core-runtime-2.2.0-runtime because:
2026-04-25T03:16:03.4352083Z   Caching not enabled.
2026-04-25T03:16:03.4363538Z Build cache key for DexingNoClasspathTransform: /home/runner/.gradle/caches/modules-2/files-2.1/androidx.arch.core/core-common/2.2.0/5e1b8b81dfd5f52c56a8d53b18ca759c19a301f3/core-common-2.2.0.jar is e31d4b16e167187fe37bd8ec2a189e80
2026-04-25T03:16:03.4382956Z Running dexing transform non-incrementally for '/home/runner/.gradle/caches/modules-2/files-2.1/androidx.arch.core/core-common/2.2.0/5e1b8b81dfd5f52c56a8d53b18ca759c19a301f3/core-common-2.2.0.jar'
2026-04-25T03:16:03.4413421Z Stored cache entry for DexingNoClasspathTransform: /home/runner/.gradle/caches/modules-2/files-2.1/androidx.arch.core/core-common/2.2.0/5e1b8b81dfd5f52c56a8d53b18ca759c19a301f3/core-common-2.2.0.jar with cache key e31d4b16e167187fe37bd8ec2a189e80
2026-04-25T03:16:03.4442520Z Transforming core-common-2.2.0.jar (androidx.arch.core:core-common:2.2.0) with DexingOutputSplitTransform
2026-04-25T03:16:03.4452866Z Caching disabled for DexingOutputSplitTransform: /home/runner/.gradle/caches/8.11.1/transforms/98caf65df6834f2013665874b16d04a8/transformed/core-common-2.2.0 because:
2026-04-25T03:16:03.4472270Z   Caching not enabled.
2026-04-25T03:16:03.4503169Z Build cache key for DexingNoClasspathTransform: /home/runner/.gradle/caches/8.11.1/transforms/409a684ecf4db05cf755c2c170d38a22/transformed/jetified-collection-ktx-1.5.0.jar is d58e15b6c94f7caafb08d6af6fad5972
2026-04-25T03:16:03.4533003Z Running dexing transform non-incrementally for '/home/runner/.gradle/caches/8.11.1/transforms/409a684ecf4db05cf755c2c170d38a22/transformed/jetified-collection-ktx-1.5.0.jar'
2026-04-25T03:16:03.4543188Z Stored cache entry for DexingNoClasspathTransform: /home/runner/.gradle/caches/8.11.1/transforms/409a684ecf4db05cf755c2c170d38a22/transformed/jetified-collection-ktx-1.5.0.jar with cache key d58e15b6c94f7caafb08d6af6fad5972
2026-04-25T03:16:03.4562744Z Transforming collection-ktx-1.5.0.jar (androidx.collection:collection-ktx:1.5.0) with DexingOutputSplitTransform
2026-04-25T03:16:03.4593092Z Caching disabled for DexingOutputSplitTransform: /home/runner/.gradle/caches/8.11.1/transforms/5e3de65fa7a72afa1b9ed4503ce9df9c/transformed/jetified-collection-ktx-1.5.0 because:
2026-04-25T03:16:03.4622110Z   Caching not enabled.
2026-04-25T03:16:03.4632489Z Build cache key for DexingNoClasspathTransform: /home/runner/.gradle/caches/8.11.1/transforms/d6f887207dff6862dfdad6bca0da5d04/transformed/jetified-collection-jvm-1.5.0.jar is eab34292bada42e180ed444a3adc9a71
2026-04-25T03:16:03.4653084Z Running dexing transform non-incrementally for '/home/runner/.gradle/caches/8.11.1/transforms/d6f887207dff6862dfdad6bca0da5d04/transformed/jetified-collection-jvm-1.5.0.jar'
2026-04-25T03:16:04.3080968Z Stored cache entry for DexingNoClasspathTransform: /home/runner/.gradle/caches/8.11.1/transforms/ac3e9f9005ece5a461a041d16a8f4a52/transformed/jetified-room3-runtime-runtime.jar with cache key 51ab1b10236b2c468123f1523f7d7f45
2026-04-25T03:16:04.3102519Z Transforming room3-runtime.aar (androidx.room3:room3-runtime-android:3.0.0-alpha03) with DexingOutputSplitTransform
2026-04-25T03:16:04.3113009Z Caching disabled for DexingOutputSplitTransform: /home/runner/.gradle/caches/8.11.1/transforms/09fa729b469f79ffa7eedb761fb3c259/transformed/jetified-room3-runtime-runtime because:
2026-04-25T03:16:04.3142011Z   Caching not enabled.
2026-04-25T03:16:04.3175788Z Caching disabled for IdentityTransform: /home/runner/.gradle/caches/8.11.1/transforms/ce170e1dd7a8e7e72fcec39f6b82d0ac/transformed/jetified-sqlite-framework-runtime.jar because:
2026-04-25T03:16:04.3177388Z   Caching not enabled.
2026-04-25T03:16:04.3202566Z Transforming sqlite-framework.aar (androidx.sqlite:sqlite-framework-android:2.7.0-alpha03) with DexingNoClasspathTransform
2026-04-25T03:16:04.3230479Z Build cache key for DexingNoClasspathTransform: /home/runner/.gradle/caches/8.11.1/transforms/ce170e1dd7a8e7e72fcec39f6b82d0ac/transformed/jetified-sqlite-framework-runtime.jar is e2fdfc5f72663c75f77688c7fe7d2496
2026-04-25T03:16:04.3263069Z Running dexing transform non-incrementally for '/home/runner/.gradle/caches/8.11.1/transforms/ce170e1dd7a8e7e72fcec39f6b82d0ac/transformed/jetified-sqlite-framework-runtime.jar'
2026-04-25T03:16:04.7082471Z Stored cache entry for DexingNoClasspathTransform: /home/runner/.gradle/caches/8.11.1/transforms/ce170e1dd7a8e7e72fcec39f6b82d0ac/transformed/jetified-sqlite-framework-runtime.jar with cache key e2fdfc5f72663c75f77688c7fe7d2496
2026-04-25T03:16:04.7092640Z Transforming sqlite-framework.aar (androidx.sqlite:sqlite-framework-android:2.7.0-alpha03) with DexingOutputSplitTransform
2026-04-25T03:16:04.7123154Z Caching disabled for DexingOutputSplitTransform: /home/runner/.gradle/caches/8.11.1/transforms/a9dca6af204dcbcec14dd14a3ca79104/transformed/jetified-sqlite-framework-runtime because:
2026-04-25T03:16:04.7124544Z   Caching not enabled.
2026-04-25T03:16:04.7183007Z Caching disabled for IdentityTransform: /home/runner/.gradle/caches/8.11.1/transforms/277774cc561bf15913c8c025d1c079a5/transformed/jetified-sqlite-async-runtime.jar because:
2026-04-25T03:16:04.7184534Z   Caching not enabled.
2026-04-25T03:16:04.7212735Z Transforming sqlite-async.aar (androidx.sqlite:sqlite-async-android:2.7.0-alpha03) with DexingNoClasspathTransform
2026-04-25T03:16:04.7243194Z Build cache key for DexingNoClasspathTransform: /home/runner/.gradle/caches/8.11.1/transforms/277774cc561bf15913c8c025d1c079a5/transformed/jetified-sqlite-async-runtime.jar is 717102dbbbfb28b2901b253a789ce49d
2026-04-25T03:16:04.7272932Z Running dexing transform non-incrementally for '/home/runner/.gradle/caches/8.11.1/transforms/277774cc561bf15913c8c025d1c079a5/transformed/jetified-sqlite-async-runtime.jar'
2026-04-25T03:16:04.7275286Z Stored cache entry for DexingNoClasspathTransform: /home/runner/.gradle/caches/8.11.1/transforms/277774cc561bf15913c8c025d1c079a5/transformed/jetified-sqlite-async-runtime.jar with cache key 717102dbbbfb28b2901b253a789ce49d
2026-04-25T03:16:04.7302615Z Transforming sqlite-async.aar (androidx.sqlite:sqlite-async-android:2.7.0-alpha03) with DexingOutputSplitTransform
2026-04-25T03:16:04.7304452Z Caching disabled for DexingOutputSplitTransform: /home/runner/.gradle/caches/8.11.1/transforms/749e3224d697a773966b8ce192169c6e/transformed/jetified-sqlite-async-runtime because:
2026-04-25T03:16:04.7332157Z   Caching not enabled.
2026-04-25T03:16:04.7362901Z Caching disabled for IdentityTransform: /home/runner/.gradle/caches/8.11.1/transforms/47e156ca509b4db299fdc7c18cf6cd93/transformed/jetified-sqlite-runtime.jar because:
2026-04-25T03:16:04.7382306Z   Caching not enabled.
2026-04-25T03:16:04.7384280Z Transforming sqlite.aar (androidx.sqlite:sqlite-android:2.7.0-alpha03) with DexingNoClasspathTransform
2026-04-25T03:16:04.7423126Z Build cache key for DexingNoClasspathTransform: /home/runner/.gradle/caches/8.11.1/transforms/47e156ca509b4db299fdc7c18cf6cd93/transformed/jetified-sqlite-runtime.jar is 65b89fd9aa47fc860388feeb236043ad
2026-04-25T03:16:04.7443031Z Running dexing transform non-incrementally for '/home/runner/.gradle/caches/8.11.1/transforms/47e156ca509b4db299fdc7c18cf6cd93/transformed/jetified-sqlite-runtime.jar'
2026-04-25T03:16:04.8080450Z Stored cache entry for DexingNoClasspathTransform: /home/runner/.gradle/caches/8.11.1/transforms/47e156ca509b4db299fdc7c18cf6cd93/transformed/jetified-sqlite-runtime.jar with cache key 65b89fd9aa47fc860388feeb236043ad
2026-04-25T03:16:04.8112605Z Transforming sqlite.aar (androidx.sqlite:sqlite-android:2.7.0-alpha03) with DexingOutputSplitTransform
2026-04-25T03:16:04.8123109Z Caching disabled for DexingOutputSplitTransform: /home/runner/.gradle/caches/8.11.1/transforms/6552ec02e8c79ef286aeaff46338d7c5/transformed/jetified-sqlite-runtime because:
2026-04-25T03:16:04.8137168Z   Caching not enabled.
2026-04-25T03:16:04.8173597Z Build cache key for DexingNoClasspathTransform: /home/runner/.gradle/caches/8.11.1/transforms/80c77799f1f48bbc44c72bf51cbda254/transformed/jetified-annotation-jvm-1.9.1.jar is 65ac96357e4c21bfafef87a4595f6a3e
2026-04-25T03:16:04.8183069Z Running dexing transform non-incrementally for '/home/runner/.gradle/caches/8.11.1/transforms/80c77799f1f48bbc44c72bf51cbda254/transformed/jetified-annotation-jvm-1.9.1.jar'
2026-04-25T03:16:04.9124436Z Stored cache entry for DexingNoClasspathTransform: /home/runner/.gradle/caches/8.11.1/transforms/80c77799f1f48bbc44c72bf51cbda254/transformed/jetified-annotation-jvm-1.9.1.jar with cache key 65ac96357e4c21bfafef87a4595f6a3e
2026-04-25T03:16:04.9178009Z Transforming annotation-jvm-1.9.1.jar (androidx.annotation:annotation-jvm:1.9.1) with DexingOutputSplitTransform
2026-04-25T03:16:04.9223182Z Caching disabled for DexingOutputSplitTransform: /home/runner/.gradle/caches/8.11.1/transforms/da2ac17396e6ed0517fcfa5a21aa8226/transformed/jetified-annotation-jvm-1.9.1 because:
2026-04-25T03:16:04.9224665Z   Caching not enabled.
2026-04-25T03:16:04.9283390Z Build cache key for DexingNoClasspathTransform: /home/runner/.gradle/caches/8.11.1/transforms/93b2fe31999446d77975deb313384cb5/transformed/jetified-kotlinx-serialization-core-jvm-1.7.3.jar is e918141c4e8385266aabc6db96048989
2026-04-25T03:16:04.9336046Z Running dexing transform non-incrementally for '/home/runner/.gradle/caches/8.11.1/transforms/93b2fe31999446d77975deb313384cb5/transformed/jetified-kotlinx-serialization-core-jvm-1.7.3.jar'
2026-04-25T03:16:05.9083822Z Stored cache entry for DexingNoClasspathTransform: /home/runner/.gradle/caches/8.11.1/transforms/93b2fe31999446d77975deb313384cb5/transformed/jetified-kotlinx-serialization-core-jvm-1.7.3.jar with cache key e918141c4e8385266aabc6db96048989
2026-04-25T03:16:05.9112737Z Transforming kotlinx-serialization-core-jvm-1.7.3.jar (org.jetbrains.kotlinx:kotlinx-serialization-core-jvm:1.7.3) with DexingOutputSplitTransform
2026-04-25T03:16:05.9173003Z Caching disabled for DexingOutputSplitTransform: /home/runner/.gradle/caches/8.11.1/transforms/fec241b45f82274ddb841265df457748/transformed/jetified-kotlinx-serialization-core-jvm-1.7.3 because:
2026-04-25T03:16:05.9202092Z   Caching not enabled.
2026-04-25T03:16:05.9232971Z Build cache key for DexingNoClasspathTransform: /home/runner/.gradle/caches/8.11.1/transforms/0140aa4b8451d68af0374fd2fe0d2d59/transformed/jetified-kotlin-stdlib-2.1.20.jar is a24d00f8686cf294fb2980055e6019a1
2026-04-25T03:16:05.9289805Z Running dexing transform non-incrementally for '/home/runner/.gradle/caches/8.11.1/transforms/0140aa4b8451d68af0374fd2fe0d2d59/transformed/jetified-kotlin-stdlib-2.1.20.jar'
2026-04-25T03:16:07.1091909Z INFO: D8: Stripped invalid locals information from 2 methods.
2026-04-25T03:16:07.1113191Z INFO: /home/runner/.gradle/caches/8.11.1/transforms/22b22ee9503eac1fabcf30289204d3b3/transformed/jetified-kotlinx-coroutines-core-jvm-1.9.0.jar: D8: Methods with invalid locals information:
2026-04-25T03:16:07.1173010Z   java.lang.Object kotlinx.coroutines.flow.FlowKt__BuildersKt$asFlow$$inlined$unsafeFlow$10.collect(kotlinx.coroutines.flow.FlowCollector, kotlin.coroutines.Continuation)
2026-04-25T03:16:07.1202369Z   Attempt to define local of type long as element$iv:java.lang.Object
2026-04-25T03:16:07.1233015Z INFO: /home/runner/.gradle/caches/8.11.1/transforms/22b22ee9503eac1fabcf30289204d3b3/transformed/jetified-kotlinx-coroutines-core-jvm-1.9.0.jar: D8: Methods with invalid locals information:
2026-04-25T03:16:07.1282947Z   java.lang.Object kotlinx.coroutines.flow.FlowKt__BuildersKt$asFlow$$inlined$unsafeFlow$9.collect(kotlinx.coroutines.flow.FlowCollector, kotlin.coroutines.Continuation)
2026-04-25T03:16:07.1342343Z   Attempt to define local of type int as element$iv:java.lang.Object
2026-04-25T03:16:07.1372640Z INFO: D8: Some warnings are typically a sign of using an outdated Java toolchain. To fix, recompile the source with an updated toolchain.
2026-04-25T03:16:07.3114015Z Stored cache entry for DexingNoClasspathTransform: /home/runner/.gradle/caches/8.11.1/transforms/22b22ee9503eac1fabcf30289204d3b3/transformed/jetified-kotlinx-coroutines-core-jvm-1.9.0.jar with cache key 1d33465d32e69ae5981e3608ee996cff
2026-04-25T03:16:07.3153021Z Transforming kotlinx-coroutines-core-jvm-1.9.0.jar (org.jetbrains.kotlinx:kotlinx-coroutines-core-jvm:1.9.0) with DexingOutputSplitTransform
2026-04-25T03:16:07.3216808Z Caching disabled for DexingOutputSplitTransform: /home/runner/.gradle/caches/8.11.1/transforms/7ce57ca3b4777ddc3af05f254b448486/transformed/jetified-kotlinx-coroutines-core-jvm-1.9.0 because:
2026-04-25T03:16:07.3252507Z   Caching not enabled.
2026-04-25T03:16:07.3273469Z Build cache key for DexingNoClasspathTransform: /home/runner/.gradle/caches/8.11.1/transforms/098f1ee733bcc341d8285ab9571cc773/transformed/jetified-annotations-23.0.0.jar is d8134ec81bbc1104754c942adc52dec2
2026-04-25T03:16:07.3311296Z Running dexing transform non-incrementally for '/home/runner/.gradle/caches/8.11.1/transforms/098f1ee733bcc341d8285ab9571cc773/transformed/jetified-annotations-23.0.0.jar'
2026-04-25T03:16:07.4083875Z Stored cache entry for DexingNoClasspathTransform: /home/runner/.gradle/caches/8.11.1/transforms/098f1ee733bcc341d8285ab9571cc773/transformed/jetified-annotations-23.0.0.jar with cache key d8134ec81bbc1104754c942adc52dec2
2026-04-25T03:16:07.4112442Z Transforming annotations-23.0.0.jar (org.jetbrains:annotations:23.0.0) with DexingOutputSplitTransform
2026-04-25T03:16:07.4114141Z Caching disabled for DexingOutputSplitTransform: /home/runner/.gradle/caches/8.11.1/transforms/f658f61ef649ff0c54060d0330d2d6dd/transformed/jetified-annotations-23.0.0 because:
2026-04-25T03:16:07.4115382Z   Caching not enabled.
2026-04-25T03:16:07.4116687Z Build cache key for DexingNoClasspathTransform: /home/runner/.gradle/caches/8.11.1/transforms/a15dbaf446441037469d041422adc5a4/transformed/jetified-jspecify-1.0.0.jar is b6f6147897d4aec4feeb2ee789cdcabf
2026-04-25T03:16:07.4118747Z Running dexing transform non-incrementally for '/home/runner/.gradle/caches/8.11.1/transforms/a15dbaf446441037469d041422adc5a4/transformed/jetified-jspecify-1.0.0.jar'
2026-04-25T03:16:07.4120920Z Stored cache entry for DexingNoClasspathTransform: /home/runner/.gradle/caches/8.11.1/transforms/a15dbaf446441037469d041422adc5a4/transformed/jetified-jspecify-1.0.0.jar with cache key b6f6147897d4aec4feeb2ee789cdcabf
2026-04-25T03:16:07.4122855Z Transforming jspecify-1.0.0.jar (org.jspecify:jspecify:1.0.0) with DexingOutputSplitTransform
2026-04-25T03:16:07.4124378Z Caching disabled for DexingOutputSplitTransform: /home/runner/.gradle/caches/8.11.1/transforms/acc686944e85a429cd6bdef8d99b4e63/transformed/jetified-jspecify-1.0.0 because:
2026-04-25T03:16:07.4125563Z   Caching not enabled.
2026-04-25T03:16:07.4126879Z Build cache key for DexingNoClasspathTransform: /home/runner/.gradle/caches/8.11.1/transforms/d6cac1b8a8e7c5766d8d2882f75223ae/transformed/jetified-listenablefuture-1.0.jar is 311951ad06a44bc560d5268321998d13
2026-04-25T03:16:07.4129046Z Running dexing transform non-incrementally for '/home/runner/.gradle/caches/8.11.1/transforms/d6cac1b8a8e7c5766d8d2882f75223ae/transformed/jetified-listenablefuture-1.0.jar'
2026-04-25T03:16:07.4131311Z Stored cache entry for DexingNoClasspathTransform: /home/runner/.gradle/caches/8.11.1/transforms/d6cac1b8a8e7c5766d8d2882f75223ae/transformed/jetified-listenablefuture-1.0.jar with cache key 311951ad06a44bc560d5268321998d13
2026-04-25T03:16:07.4133410Z Transforming listenablefuture-1.0.jar (com.google.guava:listenablefuture:1.0) with DexingOutputSplitTransform
2026-04-25T03:16:07.4135020Z Caching disabled for DexingOutputSplitTransform: /home/runner/.gradle/caches/8.11.1/transforms/6f721d8f6b4f16cdba2c4ec79a7e762f/transformed/jetified-listenablefuture-1.0 because:
2026-04-25T03:16:07.4136292Z   Caching not enabled.
2026-04-25T03:16:07.4136499Z 
2026-04-25T03:16:07.4136643Z > Task :app:kspDebugKotlin FAILED
2026-04-25T03:16:09.4078803Z 
2026-04-25T03:16:09.4080954Z > Task :app:mergeExtDexDebug
2026-04-25T03:16:09.4082899Z Stored cache entry for DexingNoClasspathTransform: /home/runner/.gradle/caches/8.11.1/transforms/31ff9d7015450c2de1150bf6060c418d/transformed/jetified-runtime-runtime.jar with cache key 884e3de160600a2c1a9c2dfd6bf7ecd5
2026-04-25T03:16:09.4085024Z Transforming runtime.aar (androidx.compose.runtime:runtime-android:1.9.2) with DexingOutputSplitTransform
2026-04-25T03:16:09.4087299Z Caching disabled for DexingOutputSplitTransform: /home/runner/.gradle/caches/8.11.1/transforms/66db67e4d40d78826edf03860414d915/transformed/jetified-runtime-runtime because:
2026-04-25T03:16:09.4088679Z   Caching not enabled.
2026-04-25T03:16:09.4090503Z Stored cache entry for DexingNoClasspathTransform: /home/runner/.gradle/caches/8.11.1/transforms/d6f887207dff6862dfdad6bca0da5d04/transformed/jetified-collection-jvm-1.5.0.jar with cache key eab34292bada42e180ed444a3adc9a71
2026-04-25T03:16:09.4092778Z Transforming collection-jvm-1.5.0.jar (androidx.collection:collection-jvm:1.5.0) with DexingOutputSplitTransform
2026-04-25T03:16:09.4094633Z Caching disabled for DexingOutputSplitTransform: /home/runner/.gradle/caches/8.11.1/transforms/e969fe76663e8d2321fc5dbdb277dc28/transformed/jetified-collection-jvm-1.5.0 because:
2026-04-25T03:16:09.4096050Z   Caching not enabled.
2026-04-25T03:16:12.2080461Z Stored cache entry for DexingNoClasspathTransform: /home/runner/.gradle/caches/8.11.1/transforms/0140aa4b8451d68af0374fd2fe0d2d59/transformed/jetified-kotlin-stdlib-2.1.20.jar with cache key a24d00f8686cf294fb2980055e6019a1
2026-04-25T03:16:12.2084086Z Transforming kotlin-stdlib-2.1.20.jar (org.jetbrains.kotlin:kotlin-stdlib:2.1.20) with DexingOutputSplitTransform
2026-04-25T03:16:12.2095376Z Caching disabled for DexingOutputSplitTransform: /home/runner/.gradle/caches/8.11.1/transforms/c4a8ab4ae985223d7b759a122735d8c2/transformed/jetified-kotlin-stdlib-2.1.20 because:
2026-04-25T03:16:12.2096942Z   Caching not enabled.
2026-04-25T03:16:12.2097713Z Build cache key for task ':app:mergeExtDexDebug' is 119e9ead788cd2d77d0e5dc8dee700e4
2026-04-25T03:16:12.2098680Z Task ':app:mergeExtDexDebug' is not up-to-date because:
2026-04-25T03:16:12.2099454Z   No history is available.
2026-04-25T03:16:12.2100251Z The input changes require a full rebuild for incremental task ':app:mergeExtDexDebug'.
2026-04-25T03:16:12.3170320Z Merging to '/home/runner/work/flashcard-app/flashcard-app/app/build/intermediates/dex/debug/mergeExtDexDebug' with D8 from all or a subset of dex files in /home/runner/.gradle/caches/8.11.1/transforms/bac354041f151ad12d3d56104576e6f6/transformed/jetified-navigationevent-runtime/jetified-navigationevent-runtime_dex, /home/runner/.gradle/caches/8.11.1/transforms/da74bb2471d4a7a00809cef91af7701b/transformed/jetified-navigationevent-compose-runtime/jetified-navigationevent-compose-runtime_dex, /home/runner/.gradle/caches/8.11.1/transforms/9994bd1bcb8fa26e3eb4c7d45a2f0bf8/transformed/jetified-material3-release-runtime/jetified-material3-release-runtime_dex, /home/runner/.gradle/caches/8.11.1/transforms/012b160a8b7672e886636ec04c4629f3/transformed/jetified-ui-tooling-data-runtime/jetified-ui-tooling-data-runtime_dex, /home/runner/.gradle/caches/8.11.1/transforms/5f50307f359ca52444c327d95ce1fae1/transformed/jetified-foundation-layout-runtime/jetified-foundation-layout-runtime_dex, /home/runner/.gradle/caches/8.11.1/transforms/396df6e351d122f94a4c114b03f72a5a/transformed/jetified-foundation-release-runtime/jetified-foundation-release-runtime_dex, /home/runner/.gradle/caches/8.11.1/transforms/f7ded8d6d9870e6e9a180e71b93caa26/transformed/jetified-animation-runtime/jetified-animation-runtime_dex, /home/runner/.gradle/caches/8.11.1/transforms/146aad2f98cf833e0e98264054c9a598/transformed/jetified-animation-core-runtime/jetified-animation-core-runtime_dex, /home/runner/.gradle/caches/8.11.1/transforms/124a7c956ab36b512d39f04dd8ee64bd/transformed/jetified-ui-unit-runtime/jetified-ui-unit-runtime_dex, /home/runner/.gradle/caches/8.11.1/transforms/78f1f0c1b73ad51f5f83e19179969e3e/transformed/jetified-ui-geometry-runtime/jetified-ui-geometry-runtime_dex, /home/runner/.gradle/caches/8.11.1/transforms/856d294b8445c25de5d665137def60de/transformed/jetified-ui-tooling-preview-runtime/jetified-ui-tooling-preview-runtime_dex, /home/runner/.gradle/caches/8.11.1/transforms/5d8fc99f3559828faf22dd271670471c/transformed/jetified-ui-util-runtime/jetified-ui-util-runtime_dex, /home/runner/.gradle/caches/8.11.1/transforms/16dc7c03bf7e34cf2a2a703224d78b5f/transformed/jetified-ui-text-runtime/jetified-ui-text-runtime_dex, /home/runner/.gradle/caches/8.11.1/transforms/d35d1207a262858f80bee3da1262a0eb/transformed/jetified-ui-graphics-release-runtime/jetified-ui-graphics-release-runtime_dex, /home/runner/.gradle/caches/8.11.1/transforms/46bfc82e3c833744630c8c00c866c485/transformed/jetified-ui-tooling-runtime/jetified-ui-tooling-runtime_dex, /home/runner/.gradle/caches/8.11.1/transforms/3c11054909f857409fb3136fc0fa68c1/transformed/jetified-material-release-runtime/jetified-material-release-runtime_dex, /home/runner/.gradle/caches/8.11.1/transforms/48ad330223e350ded642f738ebc4765a/transformed/jetified-material-ripple-release-runtime/jetified-material-ripple-release-runtime_dex, /home/runner/.gradle/caches/8.11.1/transforms/ab98cc8e516ce3317045722f35146d8e/transformed/jetified-material-icons-core-release-runtime/jetified-material-icons-core-release-runtime_dex, /home/runner/.gradle/caches/8.11.1/transforms/b6af708afa35e0be8dad5171feb1dbc2/transformed/jetified-ui-release-runtime/jetified-ui-release-runtime_dex, /home/runner/.gradle/caches/8.11.1/transforms/a6cd81104a296a27da62ebac56a21ba8/transformed/jetified-activity-1.13.0-runtime/jetified-activity-1.13.0-runtime_dex, /home/runner/.gradle/caches/8.11.1/transforms/f299037809b43aa26be62e3ea385886e/transformed/jetified-activity-compose-1.13.0-runtime/jetified-activity-compose-1.13.0-runtime_dex, /home/runner/.gradle/caches/8.11.1/transforms/db7e7cc9980ef4989cb3ddd8cb1da059/transformed/jetified-autofill-1.0.0-runtime/jetified-autofill-1.0.0-runtime_dex, /home/runner/.gradle/caches/8.11.1/transforms/52c8339b8e711bceb867ee9207219e20/transformed/jetified-graphics-path-1.0.1-runtime/jetified-graphics-path-1.0.1-runtime_dex, /home/runner/.gradle/caches/8.11.1/transforms/9456097ab93d6a4a343ff852de447652/transformed/jetified-emoji2-1.4.0-runtime/jetified-emoji2-1.4.0-runtime_dex, /home/runner/.gradle/caches/8.11.1/transforms/2bc0328805ff1b978e93648de3cebbcc/transformed/core-1.18.0-runtime/core-1.18.0-runtime_dex, /home/runner/.gradle/caches/8.11.1/transforms/42a0a6dd32ef2836af3d322b433a5fb2/transformed/jetified-lifecycle-process-2.9.4-runtime/jetified-lifecycle-process-2.9.4-runtime_dex, /home/runner/.gradle/caches/8.11.1/transforms/c50ea79184f8d1b4a756ff9b7af3a8d9/transformed/lifecycle-livedata-core-2.9.4-runtime/lifecycle-livedata-core-2.9.4-runtime_dex, /home/runner/.gradle/caches/8.11.1/transforms/26d2cfc556c3aff999b0ca55027eb0b7/transformed/jetified-lifecycle-viewmodel-release-runtime/jetified-lifecycle-viewmodel-release-runtime_dex, /home/runner/.gradle/caches/8.11.1/transforms/409ff1ebd74d802c300e2666d60687ed/transformed/jetified-runtime-annotation-runtime/jetified-runtime-annotation-runtime_dex, /home/runner/.gradle/caches/8.11.1/transforms/6402381cfb56aee70698098adc1e92c5/transformed/jetified-savedstate-release-runtime/jetified-savedstate-release-runtime_dex, /home/runner/.gradle/caches/8.11.1/transforms/e776907607906b2c6efc974d6f4c3d71/transformed/jetified-savedstate-compose-runtime/jetified-savedstate-compose-runtime_dex, /home/runner/.gradle/caches/8.11.1/transforms/66db67e4d40d78826edf03860414d915/transformed/jetified-runtime-runtime/jetified-runtime-runtime_dex, /home/runner/.gradle/caches/8.11.1/transforms/2f476482b288cf75b70a420a3c98ee57/transformed/jetified-runtime-saveable-runtime/jetified-runtime-saveable-runtime_dex, /home/runner/.gradle/caches/8.11.1/transforms/c926417ddb279e2f89ce86513d998645/transformed/jetified-lifecycle-runtime-compose-release-runtime/jetified-lifecycle-runtime-compose-release-runtime_dex, /home/runner/.gradle/caches/8.11.1/transforms/84257992d1973e9706766d2b0deb8a57/transformed/jetified-lifecycle-runtime-release-runtime/jetified-lifecycle-runtime-release-runtime_dex, /home/runner/.gradle/caches/8.11.1/transforms/92f4729342b9125ce4fe7336bf51436e/transformed/jetified-lifecycle-common-jvm-2.9.4/jetified-lifecycle-common-jvm-2.9.4_dex, /home/runner/.gradle/caches/8.11.1/transforms/87b350af037ce89032deb17ef804054f/transformed/jetified-lifecycle-viewmodel-savedstate-release-runtime/jetified-lifecycle-viewmodel-savedstate-release-runtime_dex, /home/runner/.gradle/caches/8.11.1/transforms/6da21ff6fc86ce736712622d741a1120/transformed/jetified-customview-poolingcontainer-1.0.0-runtime/jetified-customview-poolingcontainer-1.0.0-runtime_dex, /home/runner/.gradle/caches/8.11.1/transforms/99aa339763e527b1733f636b90681f81/transformed/jetified-core-ktx-1.18.0-runtime/jetified-core-ktx-1.18.0-runtime_dex, /home/runner/.gradle/caches/8.11.1/transforms/f00ab11c00d9c08984bbd7ce71089580/transformed/jetified-room3-common-jvm-3.0.0-alpha03/jetified-room3-common-jvm-3.0.0-alpha03_dex, /home/runner/.gradle/caches/8.11.1/transforms/09fa729b469f79ffa7eedb761fb3c259/transformed/jetified-room3-runtime-runtime/jetified-room3-runtime-runtime_dex, /home/runner/.gradle/caches/8.11.1/transforms/9b3a5e0b458caa8410a01b54c3b3e9c1/transformed/jetified-core-viewtree-1.0.0-runtime/jetified-core-viewtree-1.0.0-runtime_dex, /home/runner/.gradle/caches/8.11.1/transforms/1486e55ddca55a54fa88bac454201713/transformed/jetified-kotlinx-coroutines-android-1.9.0/jetified-kotlinx-coroutines-android-1.9.0_dex, /home/runner/.gradle/caches/8.11.1/transforms/7ce57ca3b4777ddc3af05f254b448486/transformed/jetified-kotlinx-coroutines-core-jvm-1.9.0/jetified-kotlinx-coroutines-core-jvm-1.9.0_dex, /home/runner/.gradle/caches/8.11.1/transforms/a20af5a4c8e7a903c27af305018c6cd8/transformed/jetified-annotation-experimental-1.5.0-runtime/jetified-annotation-experimental-1.5.0-runtime_dex, /home/runner/.gradle/caches/8.11.1/transforms/5cd80535eee4c4c4321e9b40fb6695b3/transformed/jetified-profileinstaller-1.4.0-runtime/jetified-profileinstaller-1.4.0-runtime_dex, /home/runner/.gradle/caches/8.11.1/transforms/7ac6049af55f7ed60acf0f60c5166bca/transformed/jetified-startup-runtime-1.1.1-runtime/jetified-startup-runtime-1.1.1-runtime_dex, /home/runner/.gradle/caches/8.11.1/transforms/823dd08c5af7fc39e836c567916d4f6d/transformed/jetified-tracing-1.2.0-runtime/jetified-tracing-1.2.0-runtime_dex, /home/runner/.gradle/caches/8.11.1/transforms/e8cc2f84e826c2545546784eebb10394/transformed/interpolator-1.0.0-runtime/interpolator-1.0.0-runtime_dex, /home/runner/.gradle/caches/8.11.1/transforms/8e08dd99b9e9a1e9e35c63f64a7fa961/transformed/versionedparcelable-1.1.1-runtime/versionedparcelable-1.1.1-runtime_dex, /home/runner/.gradle/caches/8.11.1/transforms/4dccb3604a10e033fe627fdf2e46e2cc/transformed/jetified-concurrent-futures-1.1.0/jetified-concurrent-futures-1.1.0_dex, /home/runner/.gradle/caches/8.11.1/transforms/4315395d87a23fd9a3bbf38136afa242/transformed/core-runtime-2.2.0-runtime/core-runtime-2.2.0-runtime_dex, /home/runner/.gradle/caches/8.11.1/transforms/98caf65df6834f2013665874b16d04a8/transformed/core-common-2.2.0/core-common-2.2.0_dex, /home/runner/.gradle/caches/8.11.1/transforms/e969fe76663e8d2321fc5dbdb277dc28/transformed/jetified-collection-jvm-1.5.0/jetified-collection-jvm-1.5.0_dex, /home/runner/.gradle/caches/8.11.1/transforms/a9dca6af204dcbcec14dd14a3ca79104/transformed/jetified-sqlite-framework-runtime/jetified-sqlite-framework-runtime_dex, /home/runner/.gradle/caches/8.11.1/transforms/749e3224d697a773966b8ce192169c6e/transformed/jetified-sqlite-async-runtime/jetified-sqlite-async-runtime_dex, /home/runner/.gradle/caches/8.11.1/transforms/6552ec02e8c79ef286aeaff46338d7c5/transformed/jetified-sqlite-runtime/jetified-sqlite-runtime_dex, /home/runner/.gradle/caches/8.11.1/transforms/da2ac17396e6ed0517fcfa5a21aa8226/transformed/jetified-annotation-jvm-1.9.1/jetified-annotation-jvm-1.9.1_dex, /home/runner/.gradle/caches/8.11.1/transforms/fec241b45f82274ddb841265df457748/transformed/jetified-kotlinx-serialization-core-jvm-1.7.3/jetified-kotlinx-serialization-core-jvm-1.7.3_dex, /home/runner/.gradle/caches/8.11.1/transforms/c4a8ab4ae985223d7b759a122735d8c2/transformed/jetified-kotlin-stdlib-2.1.20/jetified-kotlin-stdlib-2.1.20_dex, /home/runner/.gradle/caches/8.11.1/transforms/f658f61ef649ff0c54060d0330d2d6dd/transformed/jetified-annotations-23.0.0/jetified-annotations-23.0.0_dex, /home/runner/.gradle/caches/8.11.1/transforms/acc686944e85a429cd6bdef8d99b4e63/transformed/jetified-jspecify-1.0.0/jetified-jspecify-1.0.0_dex, /home/runner/.gradle/caches/8.11.1/transforms/6f721d8f6b4f16cdba2c4ec79a7e762f/transformed/jetified-listenablefuture-1.0/jetified-listenablefuture-1.0_dex, and from all global synthetics files in 
2026-04-25T03:16:17.9079514Z Stored cache entry for task ':app:mergeExtDexDebug' with cache key 119e9ead788cd2d77d0e5dc8dee700e4
2026-04-25T03:16:17.9080365Z AAPT2 aapt2-8.9.1-12782657-linux Daemon #0: shutdown
2026-04-25T03:16:18.0084016Z 
2026-04-25T03:16:18.0121374Z FAILURE: Build failed with an exception.
2026-04-25T03:16:18.0122056Z 21 actionable tasks: 21 executed
2026-04-25T03:16:18.0151863Z 
2026-04-25T03:16:18.0152114Z * What went wrong:
2026-04-25T03:16:18.0152525Z Execution failed for task ':app:kspDebugKotlin'.
2026-04-25T03:16:18.0153717Z > A failure occurred while executing org.jetbrains.kotlin.compilerRunner.GradleCompilerRunnerWithWorkers$GradleKotlinCompilerWorkAction
2026-04-25T03:16:18.0154878Z    > Compilation error. See log for more details
2026-04-25T03:16:18.0155200Z 
2026-04-25T03:16:18.0155308Z * Try:
2026-04-25T03:16:18.0155630Z > Run with --debug option to get more log output.
2026-04-25T03:16:18.0156092Z > Run with --scan to get full insights.
2026-04-25T03:16:18.0156562Z > Get more help at https://help.gradle.org.
2026-04-25T03:16:18.0156883Z 
2026-04-25T03:16:18.0156996Z * Exception is:
2026-04-25T03:16:18.0157639Z org.gradle.api.tasks.TaskExecutionException: Execution failed for task ':app:kspDebugKotlin'.
2026-04-25T03:16:18.0159070Z 	at org.gradle.api.internal.tasks.execution.ExecuteActionsTaskExecuter.lambda$executeIfValid$1(ExecuteActionsTaskExecuter.java:130)
2026-04-25T03:16:18.0160307Z 	at org.gradle.internal.Try$Failure.ifSuccessfulOrElse(Try.java:293)
2026-04-25T03:16:18.0161485Z 	at org.gradle.api.internal.tasks.execution.ExecuteActionsTaskExecuter.executeIfValid(ExecuteActionsTaskExecuter.java:128)
2026-04-25T03:16:18.0163212Z 	at org.gradle.api.internal.tasks.execution.ExecuteActionsTaskExecuter.execute(ExecuteActionsTaskExecuter.java:116)
2026-04-25T03:16:18.0164781Z 	at org.gradle.api.internal.tasks.execution.FinalizePropertiesTaskExecuter.execute(FinalizePropertiesTaskExecuter.java:46)
2026-04-25T03:16:18.0166439Z 	at org.gradle.api.internal.tasks.execution.ResolveTaskExecutionModeExecuter.execute(ResolveTaskExecutionModeExecuter.java:51)
2026-04-25T03:16:18.0168092Z 	at org.gradle.api.internal.tasks.execution.SkipTaskWithNoActionsExecuter.execute(SkipTaskWithNoActionsExecuter.java:57)
2026-04-25T03:16:18.0169566Z 	at org.gradle.api.internal.tasks.execution.SkipOnlyIfTaskExecuter.execute(SkipOnlyIfTaskExecuter.java:74)
2026-04-25T03:16:18.0170985Z 	at org.gradle.api.internal.tasks.execution.CatchExceptionTaskExecuter.execute(CatchExceptionTaskExecuter.java:36)
2026-04-25T03:16:18.0172591Z 	at org.gradle.api.internal.tasks.execution.EventFiringTaskExecuter$1.executeTask(EventFiringTaskExecuter.java:77)
2026-04-25T03:16:18.0174003Z 	at org.gradle.api.internal.tasks.execution.EventFiringTaskExecuter$1.call(EventFiringTaskExecuter.java:55)
2026-04-25T03:16:18.0175339Z 	at org.gradle.api.internal.tasks.execution.EventFiringTaskExecuter$1.call(EventFiringTaskExecuter.java:52)
2026-04-25T03:16:18.0176897Z 	at org.gradle.internal.operations.DefaultBuildOperationRunner$CallableBuildOperationWorker.execute(DefaultBuildOperationRunner.java:209)
2026-04-25T03:16:18.0178632Z 	at org.gradle.internal.operations.DefaultBuildOperationRunner$CallableBuildOperationWorker.execute(DefaultBuildOperationRunner.java:204)
2026-04-25T03:16:18.0180191Z 	at org.gradle.internal.operations.DefaultBuildOperationRunner$2.execute(DefaultBuildOperationRunner.java:66)
2026-04-25T03:16:18.0211837Z 	at org.gradle.internal.operations.DefaultBuildOperationRunner$2.execute(DefaultBuildOperationRunner.java:59)
2026-04-25T03:16:18.0213388Z 	at org.gradle.internal.operations.DefaultBuildOperationRunner.execute(DefaultBuildOperationRunner.java:166)
2026-04-25T03:16:18.0214851Z 	at org.gradle.internal.operations.DefaultBuildOperationRunner.execute(DefaultBuildOperationRunner.java:59)
2026-04-25T03:16:18.0216764Z 	at org.gradle.internal.operations.DefaultBuildOperationRunner.call(DefaultBuildOperationRunner.java:53)
2026-04-25T03:16:18.0218325Z 	at org.gradle.api.internal.tasks.execution.EventFiringTaskExecuter.execute(EventFiringTaskExecuter.java:52)
2026-04-25T03:16:18.0219570Z 	at org.gradle.execution.plan.LocalTaskNodeExecutor.execute(LocalTaskNodeExecutor.java:42)
2026-04-25T03:16:18.0220955Z 	at org.gradle.execution.taskgraph.DefaultTaskExecutionGraph$InvokeNodeExecutorsAction.execute(DefaultTaskExecutionGraph.java:331)
2026-04-25T03:16:18.0222789Z 	at org.gradle.execution.taskgraph.DefaultTaskExecutionGraph$InvokeNodeExecutorsAction.execute(DefaultTaskExecutionGraph.java:318)
2026-04-25T03:16:18.0224605Z 	at org.gradle.execution.taskgraph.DefaultTaskExecutionGraph$BuildOperationAwareExecutionAction.lambda$execute$0(DefaultTaskExecutionGraph.java:314)
2026-04-25T03:16:18.0226190Z 	at org.gradle.internal.operations.CurrentBuildOperationRef.with(CurrentBuildOperationRef.java:85)
2026-04-25T03:16:18.0227759Z 	at org.gradle.execution.taskgraph.DefaultTaskExecutionGraph$BuildOperationAwareExecutionAction.execute(DefaultTaskExecutionGraph.java:314)
2026-04-25T03:16:18.0229557Z 	at org.gradle.execution.taskgraph.DefaultTaskExecutionGraph$BuildOperationAwareExecutionAction.execute(DefaultTaskExecutionGraph.java:303)
2026-04-25T03:16:18.0231117Z 	at org.gradle.execution.plan.DefaultPlanExecutor$ExecutorWorker.execute(DefaultPlanExecutor.java:459)
2026-04-25T03:16:18.0232503Z 	at org.gradle.execution.plan.DefaultPlanExecutor$ExecutorWorker.run(DefaultPlanExecutor.java:376)
2026-04-25T03:16:18.0233702Z 	at org.gradle.internal.concurrent.ExecutorPolicy$CatchAndRecordFailures.onExecute(ExecutorPolicy.java:64)
2026-04-25T03:16:18.0234921Z 	at org.gradle.internal.concurrent.AbstractManagedExecutor$1.run(AbstractManagedExecutor.java:48)
2026-04-25T03:16:18.0236940Z Caused by: org.gradle.workers.internal.DefaultWorkerExecutor$WorkExecutionException: A failure occurred while executing org.jetbrains.kotlin.compilerRunner.GradleCompilerRunnerWithWorkers$GradleKotlinCompilerWorkAction
2026-04-25T03:16:18.0239166Z 	at org.gradle.workers.internal.DefaultWorkerExecutor$WorkItemExecution.waitForCompletion(DefaultWorkerExecutor.java:287)
2026-04-25T03:16:18.0240767Z 	at org.gradle.internal.work.DefaultAsyncWorkTracker.lambda$waitForItemsAndGatherFailures$2(DefaultAsyncWorkTracker.java:130)
2026-04-25T03:16:18.0246238Z 	at org.gradle.internal.Factories$1.create(Factories.java:31)
2026-04-25T03:16:18.0247301Z 	at org.gradle.internal.work.DefaultWorkerLeaseService.withoutLocks(DefaultWorkerLeaseService.java:335)
2026-04-25T03:16:18.0248665Z 	at org.gradle.internal.work.DefaultWorkerLeaseService.withoutLocks(DefaultWorkerLeaseService.java:318)
2026-04-25T03:16:18.0249982Z 	at org.gradle.internal.work.DefaultWorkerLeaseService.withoutLock(DefaultWorkerLeaseService.java:323)
2026-04-25T03:16:18.0251455Z 	at org.gradle.internal.work.DefaultAsyncWorkTracker.waitForItemsAndGatherFailures(DefaultAsyncWorkTracker.java:126)
2026-04-25T03:16:18.0253205Z 	at org.gradle.internal.work.DefaultAsyncWorkTracker.waitForItemsAndGatherFailures(DefaultAsyncWorkTracker.java:92)
2026-04-25T03:16:18.0254591Z 	at org.gradle.internal.work.DefaultAsyncWorkTracker.waitForAll(DefaultAsyncWorkTracker.java:78)
2026-04-25T03:16:18.0255835Z 	at org.gradle.internal.work.DefaultAsyncWorkTracker.waitForCompletion(DefaultAsyncWorkTracker.java:66)
2026-04-25T03:16:18.0257010Z 	at org.gradle.api.internal.tasks.execution.TaskExecution$3.run(TaskExecution.java:252)
2026-04-25T03:16:18.0258196Z 	at org.gradle.internal.operations.DefaultBuildOperationRunner$1.execute(DefaultBuildOperationRunner.java:29)
2026-04-25T03:16:18.0259524Z 	at org.gradle.internal.operations.DefaultBuildOperationRunner$1.execute(DefaultBuildOperationRunner.java:26)
2026-04-25T03:16:18.0260997Z 	at org.gradle.internal.operations.DefaultBuildOperationRunner$2.execute(DefaultBuildOperationRunner.java:66)
2026-04-25T03:16:18.0263162Z 	at org.gradle.internal.operations.DefaultBuildOperationRunner$2.execute(DefaultBuildOperationRunner.java:59)
2026-04-25T03:16:18.0264516Z 	at org.gradle.internal.operations.DefaultBuildOperationRunner.execute(DefaultBuildOperationRunner.java:166)
2026-04-25T03:16:18.0266088Z 	at org.gradle.internal.operations.DefaultBuildOperationRunner.execute(DefaultBuildOperationRunner.java:59)
2026-04-25T03:16:18.0267448Z 	at org.gradle.internal.operations.DefaultBuildOperationRunner.run(DefaultBuildOperationRunner.java:47)
2026-04-25T03:16:18.0268706Z 	at org.gradle.api.internal.tasks.execution.TaskExecution.executeAction(TaskExecution.java:229)
2026-04-25T03:16:18.0269896Z 	at org.gradle.api.internal.tasks.execution.TaskExecution.executeActions(TaskExecution.java:212)
2026-04-25T03:16:18.0271224Z 	at org.gradle.api.internal.tasks.execution.TaskExecution.executeWithPreviousOutputFiles(TaskExecution.java:195)
2026-04-25T03:16:18.0272924Z 	at org.gradle.api.internal.tasks.execution.TaskExecution.execute(TaskExecution.java:162)
2026-04-25T03:16:18.0273993Z 	at org.gradle.internal.execution.steps.ExecuteStep.executeInternal(ExecuteStep.java:105)
2026-04-25T03:16:18.0275009Z 	at org.gradle.internal.execution.steps.ExecuteStep.access$000(ExecuteStep.java:44)
2026-04-25T03:16:18.0275946Z 	at org.gradle.internal.execution.steps.ExecuteStep$1.call(ExecuteStep.java:59)
2026-04-25T03:16:18.0276827Z 	at org.gradle.internal.execution.steps.ExecuteStep$1.call(ExecuteStep.java:56)
2026-04-25T03:16:18.0278163Z 	at org.gradle.internal.operations.DefaultBuildOperationRunner$CallableBuildOperationWorker.execute(DefaultBuildOperationRunner.java:209)
2026-04-25T03:16:18.0279961Z 	at org.gradle.internal.operations.DefaultBuildOperationRunner$CallableBuildOperationWorker.execute(DefaultBuildOperationRunner.java:204)
2026-04-25T03:16:18.0281520Z 	at org.gradle.internal.operations.DefaultBuildOperationRunner$2.execute(DefaultBuildOperationRunner.java:66)
2026-04-25T03:16:18.0283044Z 	at org.gradle.internal.operations.DefaultBuildOperationRunner$2.execute(DefaultBuildOperationRunner.java:59)
2026-04-25T03:16:18.0284419Z 	at org.gradle.internal.operations.DefaultBuildOperationRunner.execute(DefaultBuildOperationRunner.java:166)
2026-04-25T03:16:18.0285816Z 	at org.gradle.internal.operations.DefaultBuildOperationRunner.execute(DefaultBuildOperationRunner.java:59)
2026-04-25T03:16:18.0287153Z 	at org.gradle.internal.operations.DefaultBuildOperationRunner.call(DefaultBuildOperationRunner.java:53)
2026-04-25T03:16:18.0288260Z 	at org.gradle.internal.execution.steps.ExecuteStep.execute(ExecuteStep.java:56)
2026-04-25T03:16:18.0289194Z 	at org.gradle.internal.execution.steps.ExecuteStep.execute(ExecuteStep.java:44)
2026-04-25T03:16:18.0290249Z 	at org.gradle.internal.execution.steps.CancelExecutionStep.execute(CancelExecutionStep.java:42)
2026-04-25T03:16:18.0297706Z 	at org.gradle.internal.execution.steps.TimeoutStep.executeWithoutTimeout(TimeoutStep.java:75)
2026-04-25T03:16:18.0298790Z 	at org.gradle.internal.execution.steps.TimeoutStep.execute(TimeoutStep.java:55)
2026-04-25T03:16:18.0300016Z 	at org.gradle.internal.execution.steps.PreCreateOutputParentsStep.execute(PreCreateOutputParentsStep.java:50)
2026-04-25T03:16:18.0301478Z 	at org.gradle.internal.execution.steps.PreCreateOutputParentsStep.execute(PreCreateOutputParentsStep.java:28)
2026-04-25T03:16:18.0323757Z 	at org.gradle.internal.execution.steps.RemovePreviousOutputsStep.execute(RemovePreviousOutputsStep.java:67)
2026-04-25T03:16:18.0325168Z 	at org.gradle.internal.execution.steps.RemovePreviousOutputsStep.execute(RemovePreviousOutputsStep.java:37)
2026-04-25T03:16:18.0326646Z 	at org.gradle.internal.execution.steps.BroadcastChangingOutputsStep.execute(BroadcastChangingOutputsStep.java:61)
2026-04-25T03:16:18.0328138Z 	at org.gradle.internal.execution.steps.BroadcastChangingOutputsStep.execute(BroadcastChangingOutputsStep.java:26)
2026-04-25T03:16:18.0329712Z 	at org.gradle.internal.execution.steps.CaptureOutputsAfterExecutionStep.execute(CaptureOutputsAfterExecutionStep.java:69)
2026-04-25T03:16:18.0331763Z 	at org.gradle.internal.execution.steps.CaptureOutputsAfterExecutionStep.execute(CaptureOutputsAfterExecutionStep.java:46)
2026-04-25T03:16:18.0333237Z 	at org.gradle.internal.execution.steps.ResolveInputChangesStep.execute(ResolveInputChangesStep.java:40)
2026-04-25T03:16:18.0334735Z 	at org.gradle.internal.execution.steps.ResolveInputChangesStep.execute(ResolveInputChangesStep.java:29)
2026-04-25T03:16:18.0336047Z 	at org.gradle.internal.execution.steps.BuildCacheStep.executeWithoutCache(BuildCacheStep.java:189)
2026-04-25T03:16:18.0337331Z 	at org.gradle.internal.execution.steps.BuildCacheStep.executeAndStoreInCache(BuildCacheStep.java:145)
2026-04-25T03:16:18.0338619Z 	at org.gradle.internal.execution.steps.BuildCacheStep.lambda$executeWithCache$4(BuildCacheStep.java:101)
2026-04-25T03:16:18.0339881Z 	at org.gradle.internal.execution.steps.BuildCacheStep.lambda$executeWithCache$5(BuildCacheStep.java:101)
2026-04-25T03:16:18.0340791Z 	at org.gradle.internal.Try$Success.map(Try.java:175)
2026-04-25T03:16:18.0341826Z 	at org.gradle.internal.execution.steps.BuildCacheStep.executeWithCache(BuildCacheStep.java:85)
2026-04-25T03:16:18.0343030Z 	at org.gradle.internal.execution.steps.BuildCacheStep.lambda$execute$0(BuildCacheStep.java:74)
2026-04-25T03:16:18.0343936Z 	at org.gradle.internal.Either$Left.fold(Either.java:115)
2026-04-25T03:16:18.0344732Z 	at org.gradle.internal.execution.caching.CachingState.fold(CachingState.java:62)
2026-04-25T03:16:18.0345829Z 	at org.gradle.internal.execution.steps.BuildCacheStep.execute(BuildCacheStep.java:73)
2026-04-25T03:16:18.0346866Z 	at org.gradle.internal.execution.steps.BuildCacheStep.execute(BuildCacheStep.java:48)
2026-04-25T03:16:18.0348067Z 	at org.gradle.internal.execution.steps.StoreExecutionStateStep.execute(StoreExecutionStateStep.java:46)
2026-04-25T03:16:18.0349404Z 	at org.gradle.internal.execution.steps.StoreExecutionStateStep.execute(StoreExecutionStateStep.java:35)
2026-04-25T03:16:18.0350739Z 	at org.gradle.internal.execution.steps.SkipUpToDateStep.executeBecause(SkipUpToDateStep.java:75)
2026-04-25T03:16:18.0402159Z 	at org.gradle.internal.execution.steps.SkipUpToDateStep.lambda$execute$2(SkipUpToDateStep.java:53)
2026-04-25T03:16:18.0403454Z 	at org.gradle.internal.execution.steps.SkipUpToDateStep.execute(SkipUpToDateStep.java:53)
2026-04-25T03:16:18.0404634Z 	at org.gradle.internal.execution.steps.SkipUpToDateStep.execute(SkipUpToDateStep.java:35)
2026-04-25T03:16:18.0406179Z 	at org.gradle.internal.execution.steps.legacy.MarkSnapshottingInputsFinishedStep.execute(MarkSnapshottingInputsFinishedStep.java:37)
2026-04-25T03:16:18.0408065Z 	at org.gradle.internal.execution.steps.legacy.MarkSnapshottingInputsFinishedStep.execute(MarkSnapshottingInputsFinishedStep.java:27)
2026-04-25T03:16:18.0409951Z 	at org.gradle.internal.execution.steps.ResolveIncrementalCachingStateStep.executeDelegate(ResolveIncrementalCachingStateStep.java:49)
2026-04-25T03:16:18.0411981Z 	at org.gradle.internal.execution.steps.ResolveIncrementalCachingStateStep.executeDelegate(ResolveIncrementalCachingStateStep.java:27)
2026-04-25T03:16:18.0413738Z 	at org.gradle.internal.execution.steps.AbstractResolveCachingStateStep.execute(AbstractResolveCachingStateStep.java:71)
2026-04-25T03:16:18.0415323Z 	at org.gradle.internal.execution.steps.AbstractResolveCachingStateStep.execute(AbstractResolveCachingStateStep.java:39)
2026-04-25T03:16:18.0416676Z 	at org.gradle.internal.execution.steps.ResolveChangesStep.execute(ResolveChangesStep.java:65)
2026-04-25T03:16:18.0417806Z 	at org.gradle.internal.execution.steps.ResolveChangesStep.execute(ResolveChangesStep.java:36)
2026-04-25T03:16:18.0418863Z 	at org.gradle.internal.execution.steps.ValidateStep.execute(ValidateStep.java:107)
2026-04-25T03:16:18.0419824Z 	at org.gradle.internal.execution.steps.ValidateStep.execute(ValidateStep.java:56)
2026-04-25T03:16:18.0421215Z 	at org.gradle.internal.execution.steps.AbstractCaptureStateBeforeExecutionStep.execute(AbstractCaptureStateBeforeExecutionStep.java:64)
2026-04-25T03:16:18.0423496Z 	at org.gradle.internal.execution.steps.AbstractCaptureStateBeforeExecutionStep.execute(AbstractCaptureStateBeforeExecutionStep.java:43)
2026-04-25T03:16:18.0425323Z 	at org.gradle.internal.execution.steps.AbstractSkipEmptyWorkStep.executeWithNonEmptySources(AbstractSkipEmptyWorkStep.java:125)
2026-04-25T03:16:18.0427096Z 	at org.gradle.internal.execution.steps.AbstractSkipEmptyWorkStep.execute(AbstractSkipEmptyWorkStep.java:61)
2026-04-25T03:16:18.0428494Z 	at org.gradle.internal.execution.steps.AbstractSkipEmptyWorkStep.execute(AbstractSkipEmptyWorkStep.java:36)
2026-04-25T03:16:18.0430077Z 	at org.gradle.internal.execution.steps.legacy.MarkSnapshottingInputsStartedStep.execute(MarkSnapshottingInputsStartedStep.java:38)
2026-04-25T03:16:18.0432673Z 	at org.gradle.internal.execution.steps.LoadPreviousExecutionStateStep.execute(LoadPreviousExecutionStateStep.java:36)
2026-04-25T03:16:18.0434233Z 	at org.gradle.internal.execution.steps.LoadPreviousExecutionStateStep.execute(LoadPreviousExecutionStateStep.java:23)
2026-04-25T03:16:18.0435655Z 	at org.gradle.internal.execution.steps.HandleStaleOutputsStep.execute(HandleStaleOutputsStep.java:75)
2026-04-25T03:16:18.0436929Z 	at org.gradle.internal.execution.steps.HandleStaleOutputsStep.execute(HandleStaleOutputsStep.java:41)
2026-04-25T03:16:18.0438345Z 	at org.gradle.internal.execution.steps.AssignMutableWorkspaceStep.lambda$execute$0(AssignMutableWorkspaceStep.java:35)
2026-04-25T03:16:18.0439670Z 	at org.gradle.api.internal.tasks.execution.TaskExecution$4.withWorkspace(TaskExecution.java:289)
2026-04-25T03:16:18.0440958Z 	at org.gradle.internal.execution.steps.AssignMutableWorkspaceStep.execute(AssignMutableWorkspaceStep.java:31)
2026-04-25T03:16:18.0442469Z 	at org.gradle.internal.execution.steps.AssignMutableWorkspaceStep.execute(AssignMutableWorkspaceStep.java:22)
2026-04-25T03:16:18.0443762Z 	at org.gradle.internal.execution.steps.ChoosePipelineStep.execute(ChoosePipelineStep.java:40)
2026-04-25T03:16:18.0444903Z 	at org.gradle.internal.execution.steps.ChoosePipelineStep.execute(ChoosePipelineStep.java:23)
2026-04-25T03:16:18.0446492Z 	at org.gradle.internal.execution.steps.ExecuteWorkBuildOperationFiringStep.lambda$execute$2(ExecuteWorkBuildOperationFiringStep.java:67)
2026-04-25T03:16:18.0448235Z 	at org.gradle.internal.execution.steps.ExecuteWorkBuildOperationFiringStep.execute(ExecuteWorkBuildOperationFiringStep.java:67)
2026-04-25T03:16:18.0449915Z 	at org.gradle.internal.execution.steps.ExecuteWorkBuildOperationFiringStep.execute(ExecuteWorkBuildOperationFiringStep.java:39)
2026-04-25T03:16:18.0451381Z 	at org.gradle.internal.execution.steps.IdentityCacheStep.execute(IdentityCacheStep.java:46)
2026-04-25T03:16:18.0452680Z 	at org.gradle.internal.execution.steps.IdentityCacheStep.execute(IdentityCacheStep.java:34)
2026-04-25T03:16:18.0453748Z 	at org.gradle.internal.execution.steps.IdentifyStep.execute(IdentifyStep.java:48)
2026-04-25T03:16:18.0454768Z 	at org.gradle.internal.execution.steps.IdentifyStep.execute(IdentifyStep.java:35)
2026-04-25T03:16:18.0455878Z 	at org.gradle.internal.execution.impl.DefaultExecutionEngine$1.execute(DefaultExecutionEngine.java:61)
2026-04-25T03:16:18.0457356Z 	at org.gradle.api.internal.tasks.execution.ExecuteActionsTaskExecuter.executeIfValid(ExecuteActionsTaskExecuter.java:127)
2026-04-25T03:16:18.0458967Z 	at org.gradle.api.internal.tasks.execution.ExecuteActionsTaskExecuter.execute(ExecuteActionsTaskExecuter.java:116)
2026-04-25T03:16:18.0487271Z 	at org.gradle.api.internal.tasks.execution.FinalizePropertiesTaskExecuter.execute(FinalizePropertiesTaskExecuter.java:46)
2026-04-25T03:16:18.0513525Z 	at org.gradle.api.internal.tasks.execution.ResolveTaskExecutionModeExecuter.execute(ResolveTaskExecutionModeExecuter.java:51)
2026-04-25T03:16:18.0515190Z 	at org.gradle.api.internal.tasks.execution.SkipTaskWithNoActionsExecuter.execute(SkipTaskWithNoActionsExecuter.java:57)
2026-04-25T03:16:18.0516659Z 	at org.gradle.api.internal.tasks.execution.SkipOnlyIfTaskExecuter.execute(SkipOnlyIfTaskExecuter.java:74)
2026-04-25T03:16:18.0518360Z 	at org.gradle.api.internal.tasks.execution.CatchExceptionTaskExecuter.execute(CatchExceptionTaskExecuter.java:36)
2026-04-25T03:16:18.0519790Z 	at org.gradle.api.internal.tasks.execution.EventFiringTaskExecuter$1.executeTask(EventFiringTaskExecuter.java:77)
2026-04-25T03:16:18.0521330Z 	at org.gradle.api.internal.tasks.execution.EventFiringTaskExecuter$1.call(EventFiringTaskExecuter.java:55)
2026-04-25T03:16:18.0522761Z 	at org.gradle.api.internal.tasks.execution.EventFiringTaskExecuter$1.call(EventFiringTaskExecuter.java:52)
2026-04-25T03:16:18.0524304Z 	at org.gradle.internal.operations.DefaultBuildOperationRunner$CallableBuildOperationWorker.execute(DefaultBuildOperationRunner.java:209)
2026-04-25T03:16:18.0526085Z 	at org.gradle.internal.operations.DefaultBuildOperationRunner$CallableBuildOperationWorker.execute(DefaultBuildOperationRunner.java:204)
2026-04-25T03:16:18.0527684Z 	at org.gradle.internal.operations.DefaultBuildOperationRunner$2.execute(DefaultBuildOperationRunner.java:66)
2026-04-25T03:16:18.0529073Z 	at org.gradle.internal.operations.DefaultBuildOperationRunner$2.execute(DefaultBuildOperationRunner.java:59)
2026-04-25T03:16:18.0530433Z 	at org.gradle.internal.operations.DefaultBuildOperationRunner.execute(DefaultBuildOperationRunner.java:166)
2026-04-25T03:16:18.0531962Z 	at org.gradle.internal.operations.DefaultBuildOperationRunner.execute(DefaultBuildOperationRunner.java:59)
2026-04-25T03:16:18.0533310Z 	at org.gradle.internal.operations.DefaultBuildOperationRunner.call(DefaultBuildOperationRunner.java:53)
2026-04-25T03:16:18.0534639Z 	at org.gradle.api.internal.tasks.execution.EventFiringTaskExecuter.execute(EventFiringTaskExecuter.java:52)
2026-04-25T03:16:18.0535868Z 	at org.gradle.execution.plan.LocalTaskNodeExecutor.execute(LocalTaskNodeExecutor.java:42)
2026-04-25T03:16:18.0537243Z 	at org.gradle.execution.taskgraph.DefaultTaskExecutionGraph$InvokeNodeExecutorsAction.execute(DefaultTaskExecutionGraph.java:331)
2026-04-25T03:16:18.0538891Z 	at org.gradle.execution.taskgraph.DefaultTaskExecutionGraph$InvokeNodeExecutorsAction.execute(DefaultTaskExecutionGraph.java:318)
2026-04-25T03:16:18.0540692Z 	at org.gradle.execution.taskgraph.DefaultTaskExecutionGraph$BuildOperationAwareExecutionAction.lambda$execute$0(DefaultTaskExecutionGraph.java:314)
2026-04-25T03:16:18.0546128Z 	at org.gradle.internal.operations.CurrentBuildOperationRef.with(CurrentBuildOperationRef.java:85)
2026-04-25T03:16:18.0547680Z 	at org.gradle.execution.taskgraph.DefaultTaskExecutionGraph$BuildOperationAwareExecutionAction.execute(DefaultTaskExecutionGraph.java:314)
2026-04-25T03:16:18.0549525Z 	at org.gradle.execution.taskgraph.DefaultTaskExecutionGraph$BuildOperationAwareExecutionAction.execute(DefaultTaskExecutionGraph.java:303)
2026-04-25T03:16:18.0551017Z 	at org.gradle.execution.plan.DefaultPlanExecutor$ExecutorWorker.execute(DefaultPlanExecutor.java:459)
2026-04-25T03:16:18.0552363Z 	at org.gradle.execution.plan.DefaultPlanExecutor$ExecutorWorker.run(DefaultPlanExecutor.java:376)
2026-04-25T03:16:18.0553623Z 	at org.gradle.internal.concurrent.ExecutorPolicy$CatchAndRecordFailures.onExecute(ExecutorPolicy.java:64)
2026-04-25T03:16:18.0554870Z 	at org.gradle.internal.concurrent.AbstractManagedExecutor$1.run(AbstractManagedExecutor.java:48)
2026-04-25T03:16:18.0556186Z Caused by: org.jetbrains.kotlin.gradle.tasks.CompilationErrorException: Compilation error. See log for more details
2026-04-25T03:16:18.0557551Z 	at org.jetbrains.kotlin.gradle.tasks.TasksUtilsKt.throwExceptionIfCompilationFailed(tasksUtils.kt:21)
2026-04-25T03:16:18.0558867Z 	at org.jetbrains.kotlin.compilerRunner.GradleKotlinCompilerWork.run(GradleKotlinCompilerWork.kt:119)
2026-04-25T03:16:18.0560532Z 	at org.jetbrains.kotlin.compilerRunner.GradleCompilerRunnerWithWorkers$GradleKotlinCompilerWorkAction.execute(GradleCompilerRunnerWithWorkers.kt:76)
2026-04-25T03:16:18.0562342Z 	at org.gradle.workers.internal.DefaultWorkerServer.execute(DefaultWorkerServer.java:63)
2026-04-25T03:16:18.0563570Z 	at org.gradle.workers.internal.NoIsolationWorkerFactory$1$1.create(NoIsolationWorkerFactory.java:66)
2026-04-25T03:16:18.0565097Z 	at org.gradle.workers.internal.NoIsolationWorkerFactory$1$1.create(NoIsolationWorkerFactory.java:62)
2026-04-25T03:16:18.0566366Z 	at org.gradle.internal.classloader.ClassLoaderUtils.executeInClassloader(ClassLoaderUtils.java:100)
2026-04-25T03:16:18.0567858Z 	at org.gradle.workers.internal.NoIsolationWorkerFactory$1.lambda$execute$0(NoIsolationWorkerFactory.java:62)
2026-04-25T03:16:18.0568983Z 	at org.gradle.workers.internal.AbstractWorker$1.call(AbstractWorker.java:44)
2026-04-25T03:16:18.0569842Z 	at org.gradle.workers.internal.AbstractWorker$1.call(AbstractWorker.java:41)
2026-04-25T03:16:18.0571163Z 	at org.gradle.internal.operations.DefaultBuildOperationRunner$CallableBuildOperationWorker.execute(DefaultBuildOperationRunner.java:209)
2026-04-25T03:16:18.0603341Z 	at org.gradle.internal.operations.DefaultBuildOperationRunner$CallableBuildOperationWorker.execute(DefaultBuildOperationRunner.java:204)
2026-04-25T03:16:18.0604927Z 	at org.gradle.internal.operations.DefaultBuildOperationRunner$2.execute(DefaultBuildOperationRunner.java:66)
2026-04-25T03:16:18.0606264Z 	at org.gradle.internal.operations.DefaultBuildOperationRunner$2.execute(DefaultBuildOperationRunner.java:59)
2026-04-25T03:16:18.0607680Z 	at org.gradle.internal.operations.DefaultBuildOperationRunner.execute(DefaultBuildOperationRunner.java:166)
2026-04-25T03:16:18.0609075Z 	at org.gradle.internal.operations.DefaultBuildOperationRunner.execute(DefaultBuildOperationRunner.java:59)
2026-04-25T03:16:18.0610432Z 	at org.gradle.internal.operations.DefaultBuildOperationRunner.call(DefaultBuildOperationRunner.java:53)
2026-04-25T03:16:18.0611911Z 	at org.gradle.workers.internal.AbstractWorker.executeWrappedInBuildOperation(AbstractWorker.java:41)
2026-04-25T03:16:18.0613178Z 	at org.gradle.workers.internal.NoIsolationWorkerFactory$1.execute(NoIsolationWorkerFactory.java:59)
2026-04-25T03:16:18.0614441Z 	at org.gradle.workers.internal.DefaultWorkerExecutor.lambda$submitWork$0(DefaultWorkerExecutor.java:174)
2026-04-25T03:16:18.0615990Z 	at org.gradle.internal.work.DefaultConditionalExecutionQueue$ExecutionRunner.runExecution(DefaultConditionalExecutionQueue.java:194)
2026-04-25T03:16:18.0617753Z 	at org.gradle.internal.work.DefaultConditionalExecutionQueue$ExecutionRunner.access$700(DefaultConditionalExecutionQueue.java:127)
2026-04-25T03:16:18.0619370Z 	at org.gradle.internal.work.DefaultConditionalExecutionQueue$ExecutionRunner$1.run(DefaultConditionalExecutionQueue.java:169)
2026-04-25T03:16:18.0620514Z 	at org.gradle.internal.Factories$1.create(Factories.java:31)
2026-04-25T03:16:18.0621471Z 	at org.gradle.internal.work.DefaultWorkerLeaseService.withLocks(DefaultWorkerLeaseService.java:263)
2026-04-25T03:16:18.0622964Z 	at org.gradle.internal.work.DefaultWorkerLeaseService.runAsWorkerThread(DefaultWorkerLeaseService.java:127)
2026-04-25T03:16:18.0624355Z 	at org.gradle.internal.work.DefaultWorkerLeaseService.runAsWorkerThread(DefaultWorkerLeaseService.java:132)
2026-04-25T03:16:18.0625860Z 	at org.gradle.internal.work.DefaultConditionalExecutionQueue$ExecutionRunner.runBatch(DefaultConditionalExecutionQueue.java:164)
2026-04-25T03:16:18.0627456Z 	at org.gradle.internal.work.DefaultConditionalExecutionQueue$ExecutionRunner.run(DefaultConditionalExecutionQueue.java:133)
2026-04-25T03:16:18.0628417Z 	... 2 more
2026-04-25T03:16:18.0628574Z 
2026-04-25T03:16:18.0628580Z 
2026-04-25T03:16:18.0628698Z BUILD FAILED in 2m 21s
2026-04-25T03:16:18.5262113Z ##[error]Process completed with exit code 1.
2026-04-25T03:16:18.5478545Z Post job cleanup.
2026-04-25T03:16:18.8118432Z In post-action step
2026-04-25T03:16:18.8126213Z Stopping all Gradle daemons before saving Gradle User Home state
2026-04-25T03:16:18.8127066Z Stopping Gradle daemons for /home/runner/gradle-installations/installs/gradle-8.11.1
2026-04-25T03:16:18.8145791Z [command]/home/runner/gradle-installations/installs/gradle-8.11.1/bin/gradle --stop
2026-04-25T03:16:19.4368762Z Stopping Daemon(s)
2026-04-25T03:16:19.4371147Z 1 Daemon stopped
2026-04-25T03:16:19.4503133Z ##[group]Caching Gradle state
2026-04-25T03:16:19.4759922Z Caching generated-gradle-jars with path '/home/runner/.gradle/caches/8.11.1/generated-gradle-jars/gradle-api-8.11.1.jar' and cache key: gradle-generated-gradle-jars-v1-162ec066fc0a1bae82804bbc69cfff33
2026-04-25T03:16:19.4942631Z [command]/usr/bin/tar --posix -cf cache.tzst --exclude cache.tzst -P -C /home/runner/work/flashcard-app/flashcard-app --files-from manifest.txt --use-compress-program zstdmt
2026-04-25T03:16:20.0954756Z Caching dependencies with path '/home/runner/.gradle/caches/modules-*/files-*/*/*/*/*' and cache key: gradle-dependencies-v1-d23ae0c7d721f46d5281246a004f6e3d
2026-04-25T03:16:20.1036840Z Caching instrumented-jars with path '/home/runner/.gradle/caches/jars-*/*/' and cache key: gradle-instrumented-jars-v1-a28e35082f8b33a768a79c3127096ff5
2026-04-25T03:16:20.1214937Z Caching kotlin-dsl with path '/home/runner/.gradle/caches/*/kotlin-dsl/accessors/*/
2026-04-25T03:16:20.1216082Z /home/runner/.gradle/caches/*/kotlin-dsl/scripts/*/' and cache key: gradle-kotlin-dsl-v1-aa941177173bb9844fedd2bfbbd3ee1d
2026-04-25T03:16:20.1311225Z [command]/usr/bin/tar --posix -cf cache.tzst --exclude cache.tzst -P -C /home/runner/work/flashcard-app/flashcard-app --files-from manifest.txt --use-compress-program zstdmt
2026-04-25T03:16:20.1449399Z ##[warning]Failed to save cache entry with path '/home/runner/.gradle/caches/8.11.1/generated-gradle-jars/gradle-api-8.11.1.jar' and key: gradle-generated-gradle-jars-v1-162ec066fc0a1bae82804bbc69cfff33: Error: <h2>Our services aren't available right now</h2><p>We're working to restore all services as soon as possible. Please check back soon.</p>0BDLsaQAAAABJGLZtQ55iRpMre1uw81TCUEhMMzBFREdFMDEwNwBFZGdl
2026-04-25T03:16:20.1956177Z Caching groovy-dsl with path '/home/runner/.gradle/caches/*/groovy-dsl/*/' and cache key: gradle-groovy-dsl-v1-43680091b3edad6a76d57c45a151865a
2026-04-25T03:16:20.2230710Z [command]/usr/bin/tar --posix -cf cache.tzst --exclude cache.tzst -P -C /home/runner/work/flashcard-app/flashcard-app --files-from manifest.txt --use-compress-program zstdmt
2026-04-25T03:16:20.2270468Z ##[warning]Failed to save cache entry with path '/home/runner/.gradle/caches/jars-*/*/' and key: gradle-instrumented-jars-v1-a28e35082f8b33a768a79c3127096ff5: Error: <h2>Our services aren't available right now</h2><p>We're working to restore all services as soon as possible. Please check back soon.</p>0BDLsaQAAAAANYSZY9VUoS67DW8LdGsxkUEhMMzBFREdFMDExNgBFZGdl
2026-04-25T03:16:20.2429762Z [command]/usr/bin/tar --posix -cf cache.tzst --exclude cache.tzst -P -C /home/runner/work/flashcard-app/flashcard-app --files-from manifest.txt --use-compress-program zstdmt
2026-04-25T03:16:20.3120514Z ##[warning]Failed to save cache entry with path '/home/runner/.gradle/caches/*/groovy-dsl/*/' and key: gradle-groovy-dsl-v1-43680091b3edad6a76d57c45a151865a: Error: <h2>Our services aren't available right now</h2><p>We're working to restore all services as soon as possible. Please check back soon.</p>0BDLsaQAAAADjfv4Gd42pSoJy1IbtKwGzUEhMMzBFREdFMDQxNABFZGdl
2026-04-25T03:16:20.3340416Z ##[warning]Failed to save cache entry with path '/home/runner/.gradle/caches/*/kotlin-dsl/accessors/*/
/home/runner/.gradle/caches/*/kotlin-dsl/scripts/*/' and key: gradle-kotlin-dsl-v1-aa941177173bb9844fedd2bfbbd3ee1d: Error: <h2>Our services aren't available right now</h2><p>We're working to restore all services as soon as possible. Please check back soon.</p>0BDLsaQAAAACwpDpwRx7qQo7QIt5fnDAnUEhMMzBFREdFMDExNgBFZGdl
2026-04-25T03:16:20.7193279Z [command]/usr/bin/tar --posix -cf cache.tzst --exclude cache.tzst -P -C /home/runner/work/flashcard-app/flashcard-app --files-from manifest.txt --use-compress-program zstdmt
2026-04-25T03:16:20.7850051Z Caching transforms with path '/home/runner/.gradle/caches/transforms-4/*/
2026-04-25T03:16:20.7857246Z /home/runner/.gradle/caches/*/transforms/*/' and cache key: gradle-transforms-v1-6c563bfb648d58e4cb21cdee43ee1ffb
2026-04-25T03:16:21.2852661Z [command]/usr/bin/tar --posix -cf cache.tzst --exclude cache.tzst -P -C /home/runner/work/flashcard-app/flashcard-app --files-from manifest.txt --use-compress-program zstdmt
2026-04-25T03:16:21.5298436Z ##[warning]Failed to save cache entry with path '/home/runner/.gradle/caches/modules-*/files-*/*/*/*/*' and key: gradle-dependencies-v1-d23ae0c7d721f46d5281246a004f6e3d: Error: <h2>Our services aren't available right now</h2><p>We're working to restore all services as soon as possible. Please check back soon.</p>0BTLsaQAAAADF14c8FnFJRZXmR9e6YD7XUEhMMzBFREdFMDExMABFZGdl
2026-04-25T03:16:22.9297524Z ##[warning]Failed to save cache entry with path '/home/runner/.gradle/caches/transforms-4/*/
/home/runner/.gradle/caches/*/transforms/*/' and key: gradle-transforms-v1-6c563bfb648d58e4cb21cdee43ee1ffb: Error: <h2>Our services aren't available right now</h2><p>We're working to restore all services as soon as possible. Please check back soon.</p>0BjLsaQAAAAAz+dUhc2VhTaxxLdMJGc9LUEhMMzBFREdFMDIxOABFZGdl
2026-04-25T03:16:23.5074759Z Caching Gradle User Home with cache key: gradle-home-v1|Linux|build[5df42585ae8f8da228c604b8b4e8707c]-3b5201f07601edd46f7a9a19be16f13487e89df7
2026-04-25T03:16:23.5160708Z [command]/usr/bin/tar --posix -cf cache.tzst --exclude cache.tzst -P -C /home/runner/work/flashcard-app/flashcard-app --files-from manifest.txt --use-compress-program zstdmt
2026-04-25T03:16:23.7235482Z ##[warning]Failed to save cache entry with path '/home/runner/.gradle/caches,/home/runner/.gradle/notifications,/home/runner/.gradle/.setup-gradle' and key: gradle-home-v1|Linux|build[5df42585ae8f8da228c604b8b4e8707c]-3b5201f07601edd46f7a9a19be16f13487e89df7: Error: <h2>Our services aren't available right now</h2><p>We're working to restore all services as soon as possible. Please check back soon.</p>0BzLsaQAAAAD6AP5bFQTaR7XTSEMBFcCXUEhMMzBFREdFMDIyMgBFZGdl
2026-04-25T03:16:23.7238318Z ##[endgroup]
2026-04-25T03:16:23.7239691Z Generating Job Summary
2026-04-25T03:16:23.7254156Z Completed post-action step
2026-04-25T03:16:23.7459444Z Post job cleanup.
2026-04-25T03:16:23.9230094Z Post job cleanup.
2026-04-25T03:16:24.0251080Z [command]/usr/bin/git version
2026-04-25T03:16:24.0302266Z git version 2.53.0
2026-04-25T03:16:24.0355616Z Temporarily overriding HOME='/home/runner/work/_temp/7e570427-215e-451c-874a-c914155a3ef6' before making global git config changes
2026-04-25T03:16:24.0356755Z Adding repository directory to the temporary git global config as a safe directory
2026-04-25T03:16:24.0371725Z [command]/usr/bin/git config --global --add safe.directory /home/runner/work/flashcard-app/flashcard-app
2026-04-25T03:16:24.0412439Z [command]/usr/bin/git config --local --name-only --get-regexp core\.sshCommand
2026-04-25T03:16:24.0447133Z [command]/usr/bin/git submodule foreach --recursive sh -c "git config --local --name-only --get-regexp 'core\.sshCommand' && git config --local --unset-all 'core.sshCommand' || :"
2026-04-25T03:16:24.0680388Z [command]/usr/bin/git config --local --name-only --get-regexp http\.https\:\/\/github\.com\/\.extraheader
2026-04-25T03:16:24.0702316Z http.https://github.com/.extraheader
2026-04-25T03:16:24.0714472Z [command]/usr/bin/git config --local --unset-all http.https://github.com/.extraheader
2026-04-25T03:16:24.0745099Z [command]/usr/bin/git submodule foreach --recursive sh -c "git config --local --name-only --get-regexp 'http\.https\:\/\/github\.com\/\.extraheader' && git config --local --unset-all 'http.https://github.com/.extraheader' || :"
2026-04-25T03:16:24.0972180Z [command]/usr/bin/git config --local --name-only --get-regexp ^includeIf\.gitdir:
2026-04-25T03:16:24.1004580Z [command]/usr/bin/git submodule foreach --recursive git config --local --show-origin --name-only --get-regexp remote.origin.url
2026-04-25T03:16:24.1346583Z Cleaning up orphan processes
2026-04-25T03:16:24.1622153Z ##[warning]Node.js 20 actions are deprecated. The following actions are running on Node.js 20 and may not work as expected: actions/checkout@v4, actions/setup-java@v4, gradle/actions/setup-gradle@v3. Actions will be forced to run with Node.js 24 by default starting June 2nd, 2026. Node.js 20 will be removed from the runner on September 16th, 2026. Please check if updated versions of these actions are available that support Node.js 24. To opt into Node.js 24 now, set the FORCE_JAVASCRIPT_ACTIONS_TO_NODE24=true environment variable on the runner or in your workflow file. Once Node.js 24 becomes the default, you can temporarily opt out by setting ACTIONS_ALLOW_USE_UNSECURE_NODE_VERSION=true. For more information see: https://github.blog/changelog/2025-09-19-deprecation-of-node-20-on-github-actions-runners/
